cursor-agent	Set up job	ï»¿2025-12-12T07:58:27.1112154Z Current runner version: '2.329.0'
cursor-agent	Set up job	2025-12-12T07:58:27.1135633Z ##[group]Runner Image Provisioner
cursor-agent	Set up job	2025-12-12T07:58:27.1136415Z Hosted Compute Agent
cursor-agent	Set up job	2025-12-12T07:58:27.1136991Z Version: 20251202.455
cursor-agent	Set up job	2025-12-12T07:58:27.1137497Z Commit: 6c10caca4910e198df60de23adf20ad317c474e3
cursor-agent	Set up job	2025-12-12T07:58:27.1138098Z Build Date: 2025-12-02T15:56:59Z
cursor-agent	Set up job	2025-12-12T07:58:27.1138744Z Worker ID: {cc942a8e-4f3b-400d-a4af-b4e7795e18a3}
cursor-agent	Set up job	2025-12-12T07:58:27.1139337Z ##[endgroup]
cursor-agent	Set up job	2025-12-12T07:58:27.1140001Z ##[group]Operating System
cursor-agent	Set up job	2025-12-12T07:58:27.1140520Z Ubuntu
cursor-agent	Set up job	2025-12-12T07:58:27.1140923Z 24.04.3
cursor-agent	Set up job	2025-12-12T07:58:27.1141351Z LTS
cursor-agent	Set up job	2025-12-12T07:58:27.1141802Z ##[endgroup]
cursor-agent	Set up job	2025-12-12T07:58:27.1142255Z ##[group]Runner Image
cursor-agent	Set up job	2025-12-12T07:58:27.1142771Z Image: ubuntu-24.04
cursor-agent	Set up job	2025-12-12T07:58:27.1143242Z Version: 20251208.163.1
cursor-agent	Set up job	2025-12-12T07:58:27.1144117Z Included Software: https://github.com/actions/runner-images/blob/ubuntu24/20251208.163/images/ubuntu/Ubuntu2404-Readme.md
cursor-agent	Set up job	2025-12-12T07:58:27.1145697Z Image Release: https://github.com/actions/runner-images/releases/tag/ubuntu24%2F20251208.163
cursor-agent	Set up job	2025-12-12T07:58:27.1146806Z ##[endgroup]
cursor-agent	Set up job	2025-12-12T07:58:27.1147893Z ##[group]GITHUB_TOKEN Permissions
cursor-agent	Set up job	2025-12-12T07:58:27.1150185Z Actions: read
cursor-agent	Set up job	2025-12-12T07:58:27.1150785Z Contents: write
cursor-agent	Set up job	2025-12-12T07:58:27.1151252Z Metadata: read
cursor-agent	Set up job	2025-12-12T07:58:27.1151734Z PullRequests: write
cursor-agent	Set up job	2025-12-12T07:58:27.1152214Z ##[endgroup]
cursor-agent	Set up job	2025-12-12T07:58:27.1154210Z Secret source: Actions
cursor-agent	Set up job	2025-12-12T07:58:27.1154887Z Prepare workflow directory
cursor-agent	Set up job	2025-12-12T07:58:27.1504698Z Prepare all required actions
cursor-agent	Set up job	2025-12-12T07:58:27.1543155Z Getting action download info
cursor-agent	Set up job	2025-12-12T07:58:27.5165317Z Download action repository 'actions/checkout@v4' (SHA:34e114876b0b11c390a56381ad16ebd13914f8d5)
cursor-agent	Set up job	2025-12-12T07:58:27.6027819Z Download action repository 'actions/setup-java@v4' (SHA:c1e323688fd81a25caa38c78aa6df2d33d3e20d9)
cursor-agent	Set up job	2025-12-12T07:58:28.6681010Z Download action repository 'actions/upload-artifact@v4' (SHA:ea165f8d65b6e75b540449e92b4886f43607fa02)
cursor-agent	Set up job	2025-12-12T07:58:29.3307591Z Complete job name: cursor-agent
cursor-agent	Checkout repository	ï»¿2025-12-12T07:58:29.4143240Z ##[group]Run actions/checkout@v4
cursor-agent	Checkout repository	2025-12-12T07:58:29.4143853Z with:
cursor-agent	Checkout repository	2025-12-12T07:58:29.4144098Z   repository: kidblendapp/autocoding
cursor-agent	Checkout repository	2025-12-12T07:58:29.4144628Z   token: ***
cursor-agent	Checkout repository	2025-12-12T07:58:29.4144854Z   ssh-strict: true
cursor-agent	Checkout repository	2025-12-12T07:58:29.4145094Z   ssh-user: git
cursor-agent	Checkout repository	2025-12-12T07:58:29.4145328Z   persist-credentials: true
cursor-agent	Checkout repository	2025-12-12T07:58:29.4145592Z   clean: true
cursor-agent	Checkout repository	2025-12-12T07:58:29.4145832Z   sparse-checkout-cone-mode: true
cursor-agent	Checkout repository	2025-12-12T07:58:29.4146111Z   fetch-depth: 1
cursor-agent	Checkout repository	2025-12-12T07:58:29.4146333Z   fetch-tags: false
cursor-agent	Checkout repository	2025-12-12T07:58:29.4146570Z   show-progress: true
cursor-agent	Checkout repository	2025-12-12T07:58:29.4146798Z   lfs: false
cursor-agent	Checkout repository	2025-12-12T07:58:29.4147029Z   submodules: false
cursor-agent	Checkout repository	2025-12-12T07:58:29.4147258Z   set-safe-directory: true
cursor-agent	Checkout repository	2025-12-12T07:58:29.4147693Z ##[endgroup]
cursor-agent	Checkout repository	2025-12-12T07:58:29.5156490Z Syncing repository: kidblendapp/autocoding
cursor-agent	Checkout repository	2025-12-12T07:58:29.5157948Z ##[group]Getting Git version info
cursor-agent	Checkout repository	2025-12-12T07:58:29.5158363Z Working directory is '/home/runner/work/autocoding/autocoding'
cursor-agent	Checkout repository	2025-12-12T07:58:29.5158951Z [command]/usr/bin/git version
cursor-agent	Checkout repository	2025-12-12T07:58:30.1007108Z git version 2.52.0
cursor-agent	Checkout repository	2025-12-12T07:58:30.1031601Z ##[endgroup]
cursor-agent	Checkout repository	2025-12-12T07:58:30.1045264Z Temporarily overriding HOME='/home/runner/work/_temp/a5fa557e-e250-4999-9a4a-ac8908f50578' before making global git config changes
cursor-agent	Checkout repository	2025-12-12T07:58:30.1046642Z Adding repository directory to the temporary git global config as a safe directory
cursor-agent	Checkout repository	2025-12-12T07:58:30.1050346Z [command]/usr/bin/git config --global --add safe.directory /home/runner/work/autocoding/autocoding
cursor-agent	Checkout repository	2025-12-12T07:58:30.1467840Z Deleting the contents of '/home/runner/work/autocoding/autocoding'
cursor-agent	Checkout repository	2025-12-12T07:58:30.1471527Z ##[group]Initializing the repository
cursor-agent	Checkout repository	2025-12-12T07:58:30.1475835Z [command]/usr/bin/git init /home/runner/work/autocoding/autocoding
cursor-agent	Checkout repository	2025-12-12T07:58:30.1583713Z hint: Using 'master' as the name for the initial branch. This default branch name
cursor-agent	Checkout repository	2025-12-12T07:58:30.1584650Z hint: will change to "main" in Git 3.0. To configure the initial branch name
cursor-agent	Checkout repository	2025-12-12T07:58:30.1585758Z hint: to use in all of your new repositories, which will suppress this warning,
cursor-agent	Checkout repository	2025-12-12T07:58:30.1586332Z hint: call:
cursor-agent	Checkout repository	2025-12-12T07:58:30.1586613Z hint:
cursor-agent	Checkout repository	2025-12-12T07:58:30.1587042Z hint: 	git config --global init.defaultBranch <name>
cursor-agent	Checkout repository	2025-12-12T07:58:30.1587533Z hint:
cursor-agent	Checkout repository	2025-12-12T07:58:30.1588034Z hint: Names commonly chosen instead of 'master' are 'main', 'trunk' and
cursor-agent	Checkout repository	2025-12-12T07:58:30.1588843Z hint: 'development'. The just-created branch can be renamed via this command:
cursor-agent	Checkout repository	2025-12-12T07:58:30.1589452Z hint:
cursor-agent	Checkout repository	2025-12-12T07:58:30.1589946Z hint: 	git branch -m <name>
cursor-agent	Checkout repository	2025-12-12T07:58:30.1590311Z hint:
cursor-agent	Checkout repository	2025-12-12T07:58:30.1590821Z hint: Disable this message with "git config set advice.defaultBranchName false"
cursor-agent	Checkout repository	2025-12-12T07:58:30.1596478Z Initialized empty Git repository in /home/runner/work/autocoding/autocoding/.git/
cursor-agent	Checkout repository	2025-12-12T07:58:30.1606120Z [command]/usr/bin/git remote add origin https://github.com/kidblendapp/autocoding
cursor-agent	Checkout repository	2025-12-12T07:58:30.1636944Z ##[endgroup]
cursor-agent	Checkout repository	2025-12-12T07:58:30.1637677Z ##[group]Disabling automatic garbage collection
cursor-agent	Checkout repository	2025-12-12T07:58:30.1641384Z [command]/usr/bin/git config --local gc.auto 0
cursor-agent	Checkout repository	2025-12-12T07:58:30.1666537Z ##[endgroup]
cursor-agent	Checkout repository	2025-12-12T07:58:30.1667154Z ##[group]Setting up auth
cursor-agent	Checkout repository	2025-12-12T07:58:30.1673735Z [command]/usr/bin/git config --local --name-only --get-regexp core\.sshCommand
cursor-agent	Checkout repository	2025-12-12T07:58:30.1699767Z [command]/usr/bin/git submodule foreach --recursive sh -c "git config --local --name-only --get-regexp 'core\.sshCommand' && git config --local --unset-all 'core.sshCommand' || :"
cursor-agent	Checkout repository	2025-12-12T07:58:30.1986645Z [command]/usr/bin/git config --local --name-only --get-regexp http\.https\:\/\/github\.com\/\.extraheader
cursor-agent	Checkout repository	2025-12-12T07:58:30.2015684Z [command]/usr/bin/git submodule foreach --recursive sh -c "git config --local --name-only --get-regexp 'http\.https\:\/\/github\.com\/\.extraheader' && git config --local --unset-all 'http.https://github.com/.extraheader' || :"
cursor-agent	Checkout repository	2025-12-12T07:58:30.2203702Z [command]/usr/bin/git config --local --name-only --get-regexp ^includeIf\.gitdir:
cursor-agent	Checkout repository	2025-12-12T07:58:30.2228686Z [command]/usr/bin/git submodule foreach --recursive git config --local --show-origin --name-only --get-regexp remote.origin.url
cursor-agent	Checkout repository	2025-12-12T07:58:30.2396757Z [command]/usr/bin/git config --local http.https://github.com/.extraheader AUTHORIZATION: basic ***
cursor-agent	Checkout repository	2025-12-12T07:58:30.2426922Z ##[endgroup]
cursor-agent	Checkout repository	2025-12-12T07:58:30.2427634Z ##[group]Fetching the repository
cursor-agent	Checkout repository	2025-12-12T07:58:30.2435953Z [command]/usr/bin/git -c protocol.version=2 fetch --no-tags --prune --no-recurse-submodules --depth=1 origin +ffec5676ba00a6763d382e098814d12496cf370f:refs/remotes/origin/main
cursor-agent	Checkout repository	2025-12-12T07:58:30.7070389Z From https://github.com/kidblendapp/autocoding
cursor-agent	Checkout repository	2025-12-12T07:58:30.7071315Z  * [new ref]         ffec5676ba00a6763d382e098814d12496cf370f -> origin/main
cursor-agent	Checkout repository	2025-12-12T07:58:30.7095557Z ##[endgroup]
cursor-agent	Checkout repository	2025-12-12T07:58:30.7096168Z ##[group]Determining the checkout info
cursor-agent	Checkout repository	2025-12-12T07:58:30.7098250Z ##[endgroup]
cursor-agent	Checkout repository	2025-12-12T07:58:30.7103521Z [command]/usr/bin/git sparse-checkout disable
cursor-agent	Checkout repository	2025-12-12T07:58:30.7135446Z [command]/usr/bin/git config --local --unset-all extensions.worktreeConfig
cursor-agent	Checkout repository	2025-12-12T07:58:30.7154963Z ##[group]Checking out the ref
cursor-agent	Checkout repository	2025-12-12T07:58:30.7159208Z [command]/usr/bin/git checkout --progress --force -B main refs/remotes/origin/main
cursor-agent	Checkout repository	2025-12-12T07:58:30.7241152Z Switched to a new branch 'main'
cursor-agent	Checkout repository	2025-12-12T07:58:30.7242925Z branch 'main' set up to track 'origin/main'.
cursor-agent	Checkout repository	2025-12-12T07:58:30.7247811Z ##[endgroup]
cursor-agent	Checkout repository	2025-12-12T07:58:30.7274015Z [command]/usr/bin/git log -1 --format=%H
cursor-agent	Checkout repository	2025-12-12T07:58:30.7291070Z ffec5676ba00a6763d382e098814d12496cf370f
cursor-agent	Map Event Type to Config	ï»¿2025-12-12T07:58:30.7461129Z ##[group]Run EVENT_TYPE=""
cursor-agent	Map Event Type to Config	2025-12-12T07:58:30.7461523Z [36;1mEVENT_TYPE=""[0m
cursor-agent	Map Event Type to Config	2025-12-12T07:58:30.7461762Z [36;1m[0m
cursor-agent	Map Event Type to Config	2025-12-12T07:58:30.7461958Z [36;1mcase "$EVENT_TYPE" in[0m
cursor-agent	Map Event Type to Config	2025-12-12T07:58:30.7462223Z [36;1m  "story-clarification")[0m
cursor-agent	Map Event Type to Config	2025-12-12T07:58:30.7462555Z [36;1m    CONFIG="agents/story_questions.json"[0m
cursor-agent	Map Event Type to Config	2025-12-12T07:58:30.7462948Z [36;1m    ;;[0m
cursor-agent	Map Event Type to Config	2025-12-12T07:58:30.7463147Z [36;1m  "story-development")[0m
cursor-agent	Map Event Type to Config	2025-12-12T07:58:30.7463412Z [36;1m    CONFIG="agents/story_development.json"[0m
cursor-agent	Map Event Type to Config	2025-12-12T07:58:30.7463667Z [36;1m    ;;[0m
cursor-agent	Map Event Type to Config	2025-12-12T07:58:30.7463847Z [36;1m  "story-description")[0m
cursor-agent	Map Event Type to Config	2025-12-12T07:58:30.7464103Z [36;1m    CONFIG="agents/story_description.json"[0m
cursor-agent	Map Event Type to Config	2025-12-12T07:58:30.7464353Z [36;1m    ;;[0m
cursor-agent	Map Event Type to Config	2025-12-12T07:58:30.7464537Z [36;1m  "solution-design")[0m
cursor-agent	Map Event Type to Config	2025-12-12T07:58:30.7464808Z [36;1m    CONFIG="agents/story_solution_design.json"[0m
cursor-agent	Map Event Type to Config	2025-12-12T07:58:30.7465065Z [36;1m    ;;[0m
cursor-agent	Map Event Type to Config	2025-12-12T07:58:30.7465253Z [36;1m  "sd-core-description")[0m
cursor-agent	Map Event Type to Config	2025-12-12T07:58:30.7465561Z [36;1m    CONFIG="agents/sd_core_description.json"[0m
cursor-agent	Map Event Type to Config	2025-12-12T07:58:30.7465811Z [36;1m    ;;[0m
cursor-agent	Map Event Type to Config	2025-12-12T07:58:30.7465996Z [36;1m  "sd-api-description")[0m
cursor-agent	Map Event Type to Config	2025-12-12T07:58:30.7466258Z [36;1m    CONFIG="agents/sd_api_description.json"[0m
cursor-agent	Map Event Type to Config	2025-12-12T07:58:30.7466506Z [36;1m    ;;[0m
cursor-agent	Map Event Type to Config	2025-12-12T07:58:30.7466689Z [36;1m  "api-development")[0m
cursor-agent	Map Event Type to Config	2025-12-12T07:58:30.7466934Z [36;1m    CONFIG="agents/api_development.json"[0m
cursor-agent	Map Event Type to Config	2025-12-12T07:58:30.7467179Z [36;1m    ;;[0m
cursor-agent	Map Event Type to Config	2025-12-12T07:58:30.7467356Z [36;1m  "core-description")[0m
cursor-agent	Map Event Type to Config	2025-12-12T07:58:30.7467609Z [36;1m    CONFIG="agents/core_description.json"[0m
cursor-agent	Map Event Type to Config	2025-12-12T07:58:30.7467856Z [36;1m    ;;[0m
cursor-agent	Map Event Type to Config	2025-12-12T07:58:30.7468037Z [36;1m  "code-review")[0m
cursor-agent	Map Event Type to Config	2025-12-12T07:58:30.7468261Z [36;1m    CONFIG="agents/code_review.json"[0m
cursor-agent	Map Event Type to Config	2025-12-12T07:58:30.7468499Z [36;1m    ;;[0m
cursor-agent	Map Event Type to Config	2025-12-12T07:58:30.7468671Z [36;1m  "test-generation")[0m
cursor-agent	Map Event Type to Config	2025-12-12T07:58:30.7468917Z [36;1m    CONFIG="agents/test_cases_generator.json"[0m
cursor-agent	Map Event Type to Config	2025-12-12T07:58:30.7469170Z [36;1m    ;;[0m
cursor-agent	Map Event Type to Config	2025-12-12T07:58:30.7469337Z [36;1m  *)[0m
cursor-agent	Map Event Type to Config	2025-12-12T07:58:30.7469721Z [36;1m    CONFIG=""[0m
cursor-agent	Map Event Type to Config	2025-12-12T07:58:30.7469989Z [36;1m    ;;[0m
cursor-agent	Map Event Type to Config	2025-12-12T07:58:30.7470151Z [36;1mesac[0m
cursor-agent	Map Event Type to Config	2025-12-12T07:58:30.7470316Z [36;1m[0m
cursor-agent	Map Event Type to Config	2025-12-12T07:58:30.7470533Z [36;1mecho "config_file=${CONFIG}" >> $GITHUB_OUTPUT[0m
cursor-agent	Map Event Type to Config	2025-12-12T07:58:30.7470891Z [36;1mecho "Mapped event type '${EVENT_TYPE}' to config: ${CONFIG}"[0m
cursor-agent	Map Event Type to Config	2025-12-12T07:58:30.7492591Z shell: /usr/bin/bash -e {0}
cursor-agent	Map Event Type to Config	2025-12-12T07:58:30.7492873Z ##[endgroup]
cursor-agent	Map Event Type to Config	2025-12-12T07:58:30.7546941Z Mapped event type '' to config: 
cursor-agent	Prepare Configuration	ï»¿2025-12-12T07:58:30.7591315Z ##[group]Run # Determine config file from either webhook or manual input
cursor-agent	Prepare Configuration	2025-12-12T07:58:30.7591811Z [36;1m# Determine config file from either webhook or manual input[0m
cursor-agent	Prepare Configuration	2025-12-12T07:58:30.7592202Z [36;1mif [ "workflow_dispatch" = "repository_dispatch" ]; then[0m
cursor-agent	Prepare Configuration	2025-12-12T07:58:30.7592581Z [36;1m  # Use mapped config if available, otherwise use client_payload[0m
cursor-agent	Prepare Configuration	2025-12-12T07:58:30.7593088Z [36;1m  CONFIG_FILE=""[0m
cursor-agent	Prepare Configuration	2025-12-12T07:58:30.7593367Z [36;1m  ENCODED_CONFIG=""[0m
cursor-agent	Prepare Configuration	2025-12-12T07:58:30.7593592Z [36;1m  TICKET_KEY=""[0m
cursor-agent	Prepare Configuration	2025-12-12T07:58:30.7593874Z [36;1m  JQL_QUERY=""[0m
cursor-agent	Prepare Configuration	2025-12-12T07:58:30.7594071Z [36;1melse[0m
cursor-agent	Prepare Configuration	2025-12-12T07:58:30.7594335Z [36;1m  # Use provided config_file or default to agents/test_agent.json[0m
cursor-agent	Prepare Configuration	2025-12-12T07:58:30.7594697Z [36;1m  CONFIG_FILE="agents/test_agent.json"[0m
cursor-agent	Prepare Configuration	2025-12-12T07:58:30.7594976Z [36;1m  if [ -z "${CONFIG_FILE}" ]; then[0m
cursor-agent	Prepare Configuration	2025-12-12T07:58:30.7595242Z [36;1m    CONFIG_FILE="agents/test_agent.json"[0m
cursor-agent	Prepare Configuration	2025-12-12T07:58:30.7595483Z [36;1m  fi[0m
cursor-agent	Prepare Configuration	2025-12-12T07:58:30.7595708Z [36;1m  ENCODED_CONFIG=""[0m
cursor-agent	Prepare Configuration	2025-12-12T07:58:30.7595910Z [36;1m  TICKET_KEY=""[0m
cursor-agent	Prepare Configuration	2025-12-12T07:58:30.7596109Z [36;1m  JQL_QUERY=""[0m
cursor-agent	Prepare Configuration	2025-12-12T07:58:30.7596296Z [36;1mfi[0m
cursor-agent	Prepare Configuration	2025-12-12T07:58:30.7596459Z [36;1m[0m
cursor-agent	Prepare Configuration	2025-12-12T07:58:30.7596683Z [36;1mecho "config_file=${CONFIG_FILE}" >> $GITHUB_OUTPUT[0m
cursor-agent	Prepare Configuration	2025-12-12T07:58:30.7597038Z [36;1mecho "encoded_config=${ENCODED_CONFIG}" >> $GITHUB_OUTPUT[0m
cursor-agent	Prepare Configuration	2025-12-12T07:58:30.7597373Z [36;1mecho "ticket_key=${TICKET_KEY}" >> $GITHUB_OUTPUT[0m
cursor-agent	Prepare Configuration	2025-12-12T07:58:30.7597687Z [36;1mecho "jql_query=${JQL_QUERY}" >> $GITHUB_OUTPUT[0m
cursor-agent	Prepare Configuration	2025-12-12T07:58:30.7597944Z [36;1m[0m
cursor-agent	Prepare Configuration	2025-12-12T07:58:30.7598140Z [36;1mecho "Configuration: ${CONFIG_FILE}"[0m
cursor-agent	Prepare Configuration	2025-12-12T07:58:30.7598512Z [36;1mecho "Ticket: ${TICKET_KEY}"[0m
cursor-agent	Prepare Configuration	2025-12-12T07:58:30.7598750Z [36;1mecho "JQL: ${JQL_QUERY}"[0m
cursor-agent	Prepare Configuration	2025-12-12T07:58:30.7615807Z shell: /usr/bin/bash -e {0}
cursor-agent	Prepare Configuration	2025-12-12T07:58:30.7616062Z ##[endgroup]
cursor-agent	Prepare Configuration	2025-12-12T07:58:30.7648901Z Configuration: agents/test_agent.json
cursor-agent	Prepare Configuration	2025-12-12T07:58:30.7649213Z Ticket: 
cursor-agent	Prepare Configuration	2025-12-12T07:58:30.7649385Z JQL: 
cursor-agent	Setup Java Environment	ï»¿2025-12-12T07:58:30.7747969Z ##[group]Run actions/setup-java@v4
cursor-agent	Setup Java Environment	2025-12-12T07:58:30.7748240Z with:
cursor-agent	Setup Java Environment	2025-12-12T07:58:30.7748426Z   distribution: temurin
cursor-agent	Setup Java Environment	2025-12-12T07:58:30.7748626Z   java-version: 23
cursor-agent	Setup Java Environment	2025-12-12T07:58:30.7748812Z   java-package: jdk
cursor-agent	Setup Java Environment	2025-12-12T07:58:30.7749000Z   check-latest: false
cursor-agent	Setup Java Environment	2025-12-12T07:58:30.7749180Z   server-id: github
cursor-agent	Setup Java Environment	2025-12-12T07:58:30.7749411Z   server-username: GITHUB_ACTOR
cursor-agent	Setup Java Environment	2025-12-12T07:58:30.7749990Z   server-password: GITHUB_TOKEN
cursor-agent	Setup Java Environment	2025-12-12T07:58:30.7750219Z   overwrite-settings: true
cursor-agent	Setup Java Environment	2025-12-12T07:58:30.7750431Z   job-status: success
cursor-agent	Setup Java Environment	2025-12-12T07:58:30.7750750Z   token: ***
cursor-agent	Setup Java Environment	2025-12-12T07:58:30.7750930Z ##[endgroup]
cursor-agent	Setup Java Environment	2025-12-12T07:58:30.9581147Z ##[group]Installed distributions
cursor-agent	Setup Java Environment	2025-12-12T07:58:30.9639957Z Trying to resolve the latest version from remote
cursor-agent	Setup Java Environment	2025-12-12T07:58:31.6027866Z Resolved latest version as 23.0.2+7
cursor-agent	Setup Java Environment	2025-12-12T07:58:31.6028523Z Trying to download...
cursor-agent	Setup Java Environment	2025-12-12T07:58:31.6029239Z Downloading Java 23.0.2+7 (Temurin-Hotspot) from https://github.com/adoptium/temurin23-binaries/releases/download/jdk-23.0.2%2B7/OpenJDK23U-jdk_x64_linux_hotspot_23.0.2_7.tar.gz ...
cursor-agent	Setup Java Environment	2025-12-12T07:58:32.8744008Z Extracting Java archive...
cursor-agent	Setup Java Environment	2025-12-12T07:58:32.8832000Z [command]/usr/bin/tar xz --warning=no-unknown-keyword --overwrite -C /home/runner/work/_temp/c6cc56e0-6685-4d29-b979-f6a5958a1582 -f /home/runner/work/_temp/6d3d69e9-03fc-405c-96bc-0514630acbcf
cursor-agent	Setup Java Environment	2025-12-12T07:58:35.5522217Z Java 23.0.2+7 was downloaded
cursor-agent	Setup Java Environment	2025-12-12T07:58:35.5522749Z Setting Java 23.0.2+7 as the default
cursor-agent	Setup Java Environment	2025-12-12T07:58:35.5531534Z Creating toolchains.xml for JDK version 23 from temurin
cursor-agent	Setup Java Environment	2025-12-12T07:58:35.5597035Z Writing to /home/runner/.m2/toolchains.xml
cursor-agent	Setup Java Environment	2025-12-12T07:58:35.5597627Z 
cursor-agent	Setup Java Environment	2025-12-12T07:58:35.5597997Z Java configuration:
cursor-agent	Setup Java Environment	2025-12-12T07:58:35.5598414Z   Distribution: temurin
cursor-agent	Setup Java Environment	2025-12-12T07:58:35.5598722Z   Version: 23.0.2+7
cursor-agent	Setup Java Environment	2025-12-12T07:58:35.5599132Z   Path: /opt/hostedtoolcache/Java_Temurin-Hotspot_jdk/23.0.2-7/x64
cursor-agent	Setup Java Environment	2025-12-12T07:58:35.5599631Z 
cursor-agent	Setup Java Environment	2025-12-12T07:58:35.5601178Z ##[endgroup]
cursor-agent	Setup Java Environment	2025-12-12T07:58:35.5615559Z Creating settings.xml with server-id: github
cursor-agent	Setup Java Environment	2025-12-12T07:58:35.5616091Z Writing to /home/runner/.m2/settings.xml
cursor-agent	Install Cursor CLI	ï»¿2025-12-12T07:58:35.5702376Z ##[group]Run echo "Installing Cursor CLI..."
cursor-agent	Install Cursor CLI	2025-12-12T07:58:35.5702740Z [36;1mecho "Installing Cursor CLI..."[0m
cursor-agent	Install Cursor CLI	2025-12-12T07:58:35.5703046Z [36;1mcurl https://cursor.com/install -fsS | bash[0m
cursor-agent	Install Cursor CLI	2025-12-12T07:58:35.5703308Z [36;1m[0m
cursor-agent	Install Cursor CLI	2025-12-12T07:58:35.5703519Z [36;1mecho "Checking installation locations..."[0m
cursor-agent	Install Cursor CLI	2025-12-12T07:58:35.5703838Z [36;1mls -la "$HOME/.cursor/" || echo "No .cursor directory"[0m
cursor-agent	Install Cursor CLI	2025-12-12T07:58:35.5704196Z [36;1mls -la "$HOME/.cursor/bin/" || echo "No .cursor/bin directory"[0m
cursor-agent	Install Cursor CLI	2025-12-12T07:58:35.5704584Z [36;1mls -la "$HOME/.local/bin/" || echo "No .local/bin directory"[0m
cursor-agent	Install Cursor CLI	2025-12-12T07:58:35.5704871Z [36;1m[0m
cursor-agent	Install Cursor CLI	2025-12-12T07:58:35.5705102Z [36;1m# Cursor CLI installs to ~/.local/bin, not ~/.cursor/bin[0m
cursor-agent	Install Cursor CLI	2025-12-12T07:58:35.5705418Z [36;1mecho "$HOME/.local/bin" >> $GITHUB_PATH[0m
cursor-agent	Install Cursor CLI	2025-12-12T07:58:35.5705673Z [36;1m[0m
cursor-agent	Install Cursor CLI	2025-12-12T07:58:35.5705850Z [36;1m# Test installation[0m
cursor-agent	Install Cursor CLI	2025-12-12T07:58:35.5706085Z [36;1mexport PATH="$HOME/.local/bin:$PATH"[0m
cursor-agent	Install Cursor CLI	2025-12-12T07:58:35.5706423Z [36;1mif command -v cursor-agent; then[0m
cursor-agent	Install Cursor CLI	2025-12-12T07:58:35.5706737Z [36;1m  echo "âœ… cursor-agent found at: $(command -v cursor-agent)"[0m
cursor-agent	Install Cursor CLI	2025-12-12T07:58:35.5707109Z [36;1m  cursor-agent --version 2>&1 || echo "Version check failed"[0m
cursor-agent	Install Cursor CLI	2025-12-12T07:58:35.5707399Z [36;1melse[0m
cursor-agent	Install Cursor CLI	2025-12-12T07:58:35.5707633Z [36;1m  echo "âŒ cursor-agent not found after installation"[0m
cursor-agent	Install Cursor CLI	2025-12-12T07:58:35.5707946Z [36;1m  echo "Available files in .local/bin:"[0m
cursor-agent	Install Cursor CLI	2025-12-12T07:58:35.5708423Z [36;1m  ls -la "$HOME/.local/bin/" 2>/dev/null || echo "Directory does not exist"[0m
cursor-agent	Install Cursor CLI	2025-12-12T07:58:35.5708744Z [36;1mfi[0m
cursor-agent	Install Cursor CLI	2025-12-12T07:58:35.5729856Z shell: /usr/bin/bash -e {0}
cursor-agent	Install Cursor CLI	2025-12-12T07:58:35.5730239Z env:
cursor-agent	Install Cursor CLI	2025-12-12T07:58:35.5730683Z   JAVA_HOME: /opt/hostedtoolcache/Java_Temurin-Hotspot_jdk/23.0.2-7/x64
cursor-agent	Install Cursor CLI	2025-12-12T07:58:35.5731356Z   JAVA_HOME_23_X64: /opt/hostedtoolcache/Java_Temurin-Hotspot_jdk/23.0.2-7/x64
cursor-agent	Install Cursor CLI	2025-12-12T07:58:35.5731880Z ##[endgroup]
cursor-agent	Install Cursor CLI	2025-12-12T07:58:35.5770611Z Installing Cursor CLI...
cursor-agent	Install Cursor CLI	2025-12-12T07:58:35.9501346Z 
cursor-agent	Install Cursor CLI	2025-12-12T07:58:35.9502402Z [1mCursor Agent Installer[0m
cursor-agent	Install Cursor CLI	2025-12-12T07:58:35.9502960Z 
cursor-agent	Install Cursor CLI	2025-12-12T07:58:35.9503663Z [0;34mâ–¸[0m Detecting system architecture...
cursor-agent	Install Cursor CLI	2025-12-12T07:58:35.9528099Z [1A[2K[0;32mâœ“[0m Detected linux/x64
cursor-agent	Install Cursor CLI	2025-12-12T07:58:35.9528828Z [0;34mâ–¸[0m Creating installation directory...
cursor-agent	Install Cursor CLI	2025-12-12T07:58:35.9548584Z [1A[2K[0;32mâœ“[0m Directory created
cursor-agent	Install Cursor CLI	2025-12-12T07:58:35.9549295Z [0;34mâ–¸[0m Downloading Cursor Agent package...
cursor-agent	Install Cursor CLI	2025-12-12T07:58:36.3576334Z #=#=#                                                                          
cursor-agent	Install Cursor CLI	2025-12-12T07:58:36.3577659Z [2m  Download URL: https://downloads.cursor.com/lab/2025.11.25-d5b3271/linux/x64/agent-cli-package.tar.gz[0m
cursor-agent	Install Cursor CLI	2025-12-12T07:58:36.3578270Z 
cursor-agent	Install Cursor CLI	2025-12-12T07:58:36.5521774Z ##############                                                            20.5%
cursor-agent	Install Cursor CLI	2025-12-12T07:58:36.7539432Z ###########################                                               38.3%
cursor-agent	Install Cursor CLI	2025-12-12T07:58:36.9477619Z ########################################                                  56.1%
cursor-agent	Install Cursor CLI	2025-12-12T07:58:37.1873461Z #####################################################                     73.6%
cursor-agent	Install Cursor CLI	2025-12-12T07:58:37.3146362Z #################################################################         91.1%
cursor-agent	Install Cursor CLI	2025-12-12T07:58:37.3147011Z ######################################################################## 100.0%
cursor-agent	Install Cursor CLI	2025-12-12T07:58:37.3199905Z [1A[2K[1A[2K[1A[2K[1A[2K[0;32mâœ“[0m Package downloaded and extracted
cursor-agent	Install Cursor CLI	2025-12-12T07:58:37.3200629Z [0;34mâ–¸[0m Finalizing installation...
cursor-agent	Install Cursor CLI	2025-12-12T07:58:37.3224353Z [1A[2K[0;32mâœ“[0m Package installed successfully
cursor-agent	Install Cursor CLI	2025-12-12T07:58:37.3224976Z [0;34mâ–¸[0m Creating bin directory...
cursor-agent	Install Cursor CLI	2025-12-12T07:58:37.3235943Z [1A[2K[0;32mâœ“[0m Bin directory ready
cursor-agent	Install Cursor CLI	2025-12-12T07:58:37.3236621Z [0;34mâ–¸[0m Creating symlink to cursor-agent executable...
cursor-agent	Install Cursor CLI	2025-12-12T07:58:37.3255075Z [1A[2K[0;32mâœ“[0m Symlink created
cursor-agent	Install Cursor CLI	2025-12-12T07:58:37.3255398Z 
cursor-agent	Install Cursor CLI	2025-12-12T07:58:37.3255659Z [1m[0;32mâœ¨ Installation Complete! [0m
cursor-agent	Install Cursor CLI	2025-12-12T07:58:37.3256236Z 
cursor-agent	Install Cursor CLI	2025-12-12T07:58:37.3256245Z 
cursor-agent	Install Cursor CLI	2025-12-12T07:58:37.3269497Z [1mNext Steps[0m
cursor-agent	Install Cursor CLI	2025-12-12T07:58:37.3269859Z 
cursor-agent	Install Cursor CLI	2025-12-12T07:58:37.3270106Z [1m1.[0m Add ~/.local/bin to your PATH:
cursor-agent	Install Cursor CLI	2025-12-12T07:58:37.3270757Z    [2mFor bash:[0m
cursor-agent	Install Cursor CLI	2025-12-12T07:58:37.3271616Z    [1m[0;34mecho 'export PATH="$HOME/.local/bin:$PATH"' >> ~/.bashrc[0m
cursor-agent	Install Cursor CLI	2025-12-12T07:58:37.3272241Z    [1m[0;34msource ~/.bashrc[0m
cursor-agent	Install Cursor CLI	2025-12-12T07:58:37.3272540Z 
cursor-agent	Install Cursor CLI	2025-12-12T07:58:37.3274781Z [1m2.[0m Start using Cursor Agent:
cursor-agent	Install Cursor CLI	2025-12-12T07:58:37.3275217Z    [1mcursor-agent[0m
cursor-agent	Install Cursor CLI	2025-12-12T07:58:37.3275344Z 
cursor-agent	Install Cursor CLI	2025-12-12T07:58:37.3275350Z 
cursor-agent	Install Cursor CLI	2025-12-12T07:58:37.3275490Z [1m[0;36mHappy coding! ðŸš€[0m
cursor-agent	Install Cursor CLI	2025-12-12T07:58:37.3275631Z 
cursor-agent	Install Cursor CLI	2025-12-12T07:58:37.3285460Z Checking installation locations...
cursor-agent	Install Cursor CLI	2025-12-12T07:58:37.3293575Z ls: cannot access '/home/runner/.cursor/': No such file or directory
cursor-agent	Install Cursor CLI	2025-12-12T07:58:37.3295104Z No .cursor directory
cursor-agent	Install Cursor CLI	2025-12-12T07:58:37.3302557Z ls: cannot access '/home/runner/.cursor/bin/': No such file or directory
cursor-agent	Install Cursor CLI	2025-12-12T07:58:37.3303993Z No .cursor/bin directory
cursor-agent	Install Cursor CLI	2025-12-12T07:58:37.3313409Z total 12
cursor-agent	Install Cursor CLI	2025-12-12T07:58:37.3313826Z drwxr-xr-x 2 runner runner 4096 Dec 12 07:58 .
cursor-agent	Install Cursor CLI	2025-12-12T07:58:37.3314186Z drwxr-xr-x 4 runner runner 4096 Dec 12 07:58 ..
cursor-agent	Install Cursor CLI	2025-12-12T07:58:37.3314730Z lrwxrwxrwx 1 runner runner   79 Dec 12 07:58 cursor-agent -> /home/runner/.local/share/cursor-agent/versions/2025.11.25-d5b3271/cursor-agent
cursor-agent	Install Cursor CLI	2025-12-12T07:58:37.3315720Z /home/runner/.local/bin/cursor-agent
cursor-agent	Install Cursor CLI	2025-12-12T07:58:37.3320473Z âœ… cursor-agent found at: /home/runner/.local/bin/cursor-agent
cursor-agent	Install Cursor CLI	2025-12-12T07:58:37.6754046Z 2025.11.25-d5b3271
cursor-agent	Install DMTools CLI	ï»¿2025-12-12T07:58:37.6841991Z ##[group]Run curl -fsSL https://github.com/IstiN/dmtools/releases/latest/download/install.sh | bash
cursor-agent	Install DMTools CLI	2025-12-12T07:58:37.6842637Z [36;1mcurl -fsSL https://github.com/IstiN/dmtools/releases/latest/download/install.sh | bash[0m
cursor-agent	Install DMTools CLI	2025-12-12T07:58:37.6843075Z [36;1mecho "$HOME/.dmtools/bin" >> $GITHUB_PATH[0m
cursor-agent	Install DMTools CLI	2025-12-12T07:58:37.6861950Z shell: /usr/bin/bash -e {0}
cursor-agent	Install DMTools CLI	2025-12-12T07:58:37.6862187Z env:
cursor-agent	Install DMTools CLI	2025-12-12T07:58:37.6862468Z   JAVA_HOME: /opt/hostedtoolcache/Java_Temurin-Hotspot_jdk/23.0.2-7/x64
cursor-agent	Install DMTools CLI	2025-12-12T07:58:37.6862899Z   JAVA_HOME_23_X64: /opt/hostedtoolcache/Java_Temurin-Hotspot_jdk/23.0.2-7/x64
cursor-agent	Install DMTools CLI	2025-12-12T07:58:37.6863226Z ##[endgroup]
cursor-agent	Install DMTools CLI	2025-12-12T07:58:38.1396681Z [0;32mðŸš€ Installing DMTools CLI...[0m
cursor-agent	Install DMTools CLI	2025-12-12T07:58:38.1397089Z [0;34mChecking Java installation...[0m
cursor-agent	Install DMTools CLI	2025-12-12T07:58:38.1698813Z [0;32mJava version detected: 23.0.2[0m
cursor-agent	Install DMTools CLI	2025-12-12T07:58:38.1701290Z [0;34mFetching latest release information...[0m
cursor-agent	Install DMTools CLI	2025-12-12T07:58:38.4037047Z [0;32mLatest version: v1.7.100[0m
cursor-agent	Install DMTools CLI	2025-12-12T07:58:38.4037620Z [0;34mCreating installation directory...[0m
cursor-agent	Install DMTools CLI	2025-12-12T07:58:38.4056956Z [0;34mDownloading DMTools JAR...[0m
cursor-agent	Install DMTools CLI	2025-12-12T07:58:39.8681696Z [0;34mDownloading DMTools shell script...[0m
cursor-agent	Install DMTools CLI	2025-12-12T07:58:40.3339863Z [0;34mUpdating shell configuration...[0m
cursor-agent	Install DMTools CLI	2025-12-12T07:58:40.3352734Z [0;32mUpdated /home/runner/.bashrc[0m
cursor-agent	Install DMTools CLI	2025-12-12T07:58:40.3418928Z [0;32mUpdated /home/runner/.bash_profile[0m
cursor-agent	Install DMTools CLI	2025-12-12T07:58:40.3434622Z [0;32mUpdated /home/runner/.profile[0m
cursor-agent	Install DMTools CLI	2025-12-12T07:58:40.3434972Z [0;34mVerifying installation...[0m
cursor-agent	Install DMTools CLI	2025-12-12T07:58:41.1089102Z [0;32mDMTools CLI installed successfully![0m
cursor-agent	Install DMTools CLI	2025-12-12T07:58:41.1089639Z 
cursor-agent	Install DMTools CLI	2025-12-12T07:58:41.1089941Z [0;32mðŸŽ‰ DMTools CLI installation completed![0m
cursor-agent	Install DMTools CLI	2025-12-12T07:58:41.1090212Z 
cursor-agent	Install DMTools CLI	2025-12-12T07:58:41.1090360Z To get started:
cursor-agent	Install DMTools CLI	2025-12-12T07:58:41.1090727Z   1. Restart your shell or run: source ~/.zshrc (or ~/.bashrc)
cursor-agent	Install DMTools CLI	2025-12-12T07:58:41.1091164Z   2. Run: dmtools list
cursor-agent	Install DMTools CLI	2025-12-12T07:58:41.1091510Z   3. Set up your integrations with environment variables:
cursor-agent	Install DMTools CLI	2025-12-12T07:58:41.1092001Z      export DMTOOLS_INTEGRATIONS=jira,confluence,figma
cursor-agent	Install DMTools CLI	2025-12-12T07:58:41.1092435Z      export JIRA_EMAIL=your-email@domain.com
cursor-agent	Install DMTools CLI	2025-12-12T07:58:41.1092851Z      export JIRA_API_TOKEN=your-jira-api-token
cursor-agent	Install DMTools CLI	2025-12-12T07:58:41.1093339Z      export JIRA_BASE_PATH=https://your-domain.atlassian.net
cursor-agent	Install DMTools CLI	2025-12-12T07:58:41.1093672Z 
cursor-agent	Install DMTools CLI	2025-12-12T07:58:41.1093803Z System Requirements:
cursor-agent	Install DMTools CLI	2025-12-12T07:58:41.1389194Z   âœ“ Java 23.0.2 detected
cursor-agent	Install DMTools CLI	2025-12-12T07:58:41.1389616Z 
cursor-agent	Install DMTools CLI	2025-12-12T07:58:41.1389911Z For more information, visit: https://github.com/IstiN/dmtools
cursor-agent	Verify DMTools and Cursor Installation	ï»¿2025-12-12T07:58:41.1415727Z ##[group]Run echo "Verifying installations..."
cursor-agent	Verify DMTools and Cursor Installation	2025-12-12T07:58:41.1416162Z [36;1mecho "Verifying installations..."[0m
cursor-agent	Verify DMTools and Cursor Installation	2025-12-12T07:58:41.1416581Z [36;1mexport PATH="$HOME/.local/bin:$HOME/.dmtools/bin:$PATH"[0m
cursor-agent	Verify DMTools and Cursor Installation	2025-12-12T07:58:41.1416989Z [36;1m[0m
cursor-agent	Verify DMTools and Cursor Installation	2025-12-12T07:58:41.1417242Z [36;1mecho "DMTools version:"[0m
cursor-agent	Verify DMTools and Cursor Installation	2025-12-12T07:58:41.1417554Z [36;1mdmtools --version || echo "âš ï¸ dmtools not found"[0m
cursor-agent	Verify DMTools and Cursor Installation	2025-12-12T07:58:41.1417935Z [36;1m[0m
cursor-agent	Verify DMTools and Cursor Installation	2025-12-12T07:58:41.1418187Z [36;1mecho "Cursor Agent version:"[0m
cursor-agent	Verify DMTools and Cursor Installation	2025-12-12T07:58:41.1418607Z [36;1mcursor-agent --version || echo "âš ï¸ cursor-agent not found"[0m
cursor-agent	Verify DMTools and Cursor Installation	2025-12-12T07:58:41.1418989Z [36;1m[0m
cursor-agent	Verify DMTools and Cursor Installation	2025-12-12T07:58:41.1419237Z [36;1mecho "PATH: $PATH"[0m
cursor-agent	Verify DMTools and Cursor Installation	2025-12-12T07:58:41.1438522Z shell: /usr/bin/bash -e {0}
cursor-agent	Verify DMTools and Cursor Installation	2025-12-12T07:58:41.1438813Z env:
cursor-agent	Verify DMTools and Cursor Installation	2025-12-12T07:58:41.1439234Z   JAVA_HOME: /opt/hostedtoolcache/Java_Temurin-Hotspot_jdk/23.0.2-7/x64
cursor-agent	Verify DMTools and Cursor Installation	2025-12-12T07:58:41.1440038Z   JAVA_HOME_23_X64: /opt/hostedtoolcache/Java_Temurin-Hotspot_jdk/23.0.2-7/x64
cursor-agent	Verify DMTools and Cursor Installation	2025-12-12T07:58:41.1440589Z ##[endgroup]
cursor-agent	Verify DMTools and Cursor Installation	2025-12-12T07:58:41.1476941Z Verifying installations...
cursor-agent	Verify DMTools and Cursor Installation	2025-12-12T07:58:41.1477295Z DMTools version:
cursor-agent	Verify DMTools and Cursor Installation	2025-12-12T07:58:41.6313889Z DMTools 1.7.100
cursor-agent	Verify DMTools and Cursor Installation	2025-12-12T07:58:41.6314654Z A comprehensive development management toolkit
cursor-agent	Verify DMTools and Cursor Installation	2025-12-12T07:58:41.6370149Z Cursor Agent version:
cursor-agent	Verify DMTools and Cursor Installation	2025-12-12T07:58:41.9785781Z 2025.11.25-d5b3271
cursor-agent	Verify DMTools and Cursor Installation	2025-12-12T07:58:41.9844719Z PATH: /home/runner/.local/bin:/home/runner/.dmtools/bin:/home/runner/.dmtools/bin:/home/runner/.local/bin:/opt/hostedtoolcache/Java_Temurin-Hotspot_jdk/23.0.2-7/x64/bin:/snap/bin:/home/runner/.local/bin:/opt/pipx_bin:/home/runner/.cargo/bin:/home/runner/.config/composer/vendor/bin:/usr/local/.ghcup/bin:/home/runner/.dotnet/tools:/usr/local/sbin:/usr/local/bin:/usr/sbin:/usr/bin:/sbin:/bin:/usr/games:/usr/local/games:/snap/bin
cursor-agent	Prepare Environment Variables	ï»¿2025-12-12T07:58:41.9870716Z ##[group]Run CONFIG_FILE="agents/test_agent.json"
cursor-agent	Prepare Environment Variables	2025-12-12T07:58:41.9871184Z [36;1mCONFIG_FILE="agents/test_agent.json"[0m
cursor-agent	Prepare Environment Variables	2025-12-12T07:58:41.9871496Z [36;1m[0m
cursor-agent	Prepare Environment Variables	2025-12-12T07:58:41.9871747Z [36;1m# Check if this is test_agent[0m
cursor-agent	Prepare Environment Variables	2025-12-12T07:58:41.9872153Z [36;1mif [[ "${CONFIG_FILE}" == *"test_agent.json"* ]]; then[0m
cursor-agent	Prepare Environment Variables	2025-12-12T07:58:41.9872585Z [36;1m  echo "is_test_agent=true" >> $GITHUB_OUTPUT[0m
cursor-agent	Prepare Environment Variables	2025-12-12T07:58:41.9873002Z [36;1m  echo "dmtools_integrations=cli,file" >> $GITHUB_OUTPUT[0m
cursor-agent	Prepare Environment Variables	2025-12-12T07:58:41.9873449Z [36;1m  echo "Test agent detected - will disable Jira/Confluence integrations"[0m
cursor-agent	Prepare Environment Variables	2025-12-12T07:58:41.9873846Z [36;1melse[0m
cursor-agent	Prepare Environment Variables	2025-12-12T07:58:41.9874143Z [36;1m  echo "is_test_agent=false" >> $GITHUB_OUTPUT[0m
cursor-agent	Prepare Environment Variables	2025-12-12T07:58:41.9874622Z [36;1m  echo "dmtools_integrations=jira,confluence,figma,ai,cli,file" >> $GITHUB_OUTPUT[0m
cursor-agent	Prepare Environment Variables	2025-12-12T07:58:41.9875074Z [36;1mfi[0m
cursor-agent	Prepare Environment Variables	2025-12-12T07:58:41.9894688Z shell: /usr/bin/bash -e {0}
cursor-agent	Prepare Environment Variables	2025-12-12T07:58:41.9894956Z env:
cursor-agent	Prepare Environment Variables	2025-12-12T07:58:41.9895524Z   JAVA_HOME: /opt/hostedtoolcache/Java_Temurin-Hotspot_jdk/23.0.2-7/x64
cursor-agent	Prepare Environment Variables	2025-12-12T07:58:41.9895998Z   JAVA_HOME_23_X64: /opt/hostedtoolcache/Java_Temurin-Hotspot_jdk/23.0.2-7/x64
cursor-agent	Prepare Environment Variables	2025-12-12T07:58:41.9896452Z ##[endgroup]
cursor-agent	Prepare Environment Variables	2025-12-12T07:58:41.9935275Z Test agent detected - will disable Jira/Confluence integrations
cursor-agent	Run AI Teammate	ï»¿2025-12-12T07:58:42.0067175Z ##[group]Run CONFIG_FILE="agents/test_agent.json"
cursor-agent	Run AI Teammate	2025-12-12T07:58:42.0068012Z [36;1mCONFIG_FILE="agents/test_agent.json"[0m
cursor-agent	Run AI Teammate	2025-12-12T07:58:42.0068278Z [36;1mENCODED_CONFIG=""[0m
cursor-agent	Run AI Teammate	2025-12-12T07:58:42.0068484Z [36;1m[0m
cursor-agent	Run AI Teammate	2025-12-12T07:58:42.0068729Z [36;1m# âœ… CRITICAL: Export PATH to ensure dmtools is available[0m
cursor-agent	Run AI Teammate	2025-12-12T07:58:42.0069107Z [36;1mexport PATH="$HOME/.local/bin:$HOME/.dmtools/bin:$PATH"[0m
cursor-agent	Run AI Teammate	2025-12-12T07:58:42.0069397Z [36;1m[0m
cursor-agent	Run AI Teammate	2025-12-12T07:58:42.0069899Z [36;1m# âœ… CRITICAL: Explicitly export DMTOOLS_INTEGRATIONS to ensure it's available to dmtools[0m
cursor-agent	Run AI Teammate	2025-12-12T07:58:42.0070323Z [36;1mexport DMTOOLS_INTEGRATIONS="cli,file"[0m
cursor-agent	Run AI Teammate	2025-12-12T07:58:42.0070578Z [36;1m[0m
cursor-agent	Run AI Teammate	2025-12-12T07:58:42.0070785Z [36;1mecho "Using configuration: ${CONFIG_FILE}"[0m
cursor-agent	Run AI Teammate	2025-12-12T07:58:42.0071042Z [36;1m[0m
cursor-agent	Run AI Teammate	2025-12-12T07:58:42.0071251Z [36;1m# âœ… Verify dmtools is available before proceeding[0m
cursor-agent	Run AI Teammate	2025-12-12T07:58:42.0071568Z [36;1mecho "=== Verifying dmtools installation ==="[0m
cursor-agent	Run AI Teammate	2025-12-12T07:58:42.0071930Z [36;1mif ! command -v dmtools >/dev/null 2>&1; then[0m
cursor-agent	Run AI Teammate	2025-12-12T07:58:42.0072228Z [36;1m  echo "âŒ dmtools command not found in PATH"[0m
cursor-agent	Run AI Teammate	2025-12-12T07:58:42.0072504Z [36;1m  echo "Current PATH: $PATH"[0m
cursor-agent	Run AI Teammate	2025-12-12T07:58:42.0072764Z [36;1m  echo "Checking installation locations:"[0m
cursor-agent	Run AI Teammate	2025-12-12T07:58:42.0073153Z [36;1m  ls -la "$HOME/.dmtools/bin/" 2>/dev/null || echo "  $HOME/.dmtools/bin/ does not exist"[0m
cursor-agent	Run AI Teammate	2025-12-12T07:58:42.0073617Z [36;1m  ls -la "$HOME/.local/bin/" 2>/dev/null || echo "  $HOME/.local/bin/ does not exist"[0m
cursor-agent	Run AI Teammate	2025-12-12T07:58:42.0073981Z [36;1m  echo "Trying to find dmtools:"[0m
cursor-agent	Run AI Teammate	2025-12-12T07:58:42.0074375Z [36;1m  find "$HOME" -name "dmtools" -type f 2>/dev/null | head -5 || echo "  dmtools not found in $HOME"[0m
cursor-agent	Run AI Teammate	2025-12-12T07:58:42.0074737Z [36;1m  exit 1[0m
cursor-agent	Run AI Teammate	2025-12-12T07:58:42.0074902Z [36;1mfi[0m
cursor-agent	Run AI Teammate	2025-12-12T07:58:42.0075125Z [36;1mecho "âœ… dmtools found at: $(command -v dmtools)"[0m
cursor-agent	Run AI Teammate	2025-12-12T07:58:42.0075677Z [36;1mdmtools --version || echo "âš ï¸ Version check failed, but continuing..."[0m
cursor-agent	Run AI Teammate	2025-12-12T07:58:42.0076053Z [36;1mecho "======================================"[0m
cursor-agent	Run AI Teammate	2025-12-12T07:58:42.0076307Z [36;1mecho ""[0m
cursor-agent	Run AI Teammate	2025-12-12T07:58:42.0076484Z [36;1m[0m
cursor-agent	Run AI Teammate	2025-12-12T07:58:42.0076665Z [36;1m# âœ… Check config file exists[0m
cursor-agent	Run AI Teammate	2025-12-12T07:58:42.0076903Z [36;1mif [ ! -f "${CONFIG_FILE}" ]; then[0m
cursor-agent	Run AI Teammate	2025-12-12T07:58:42.0077185Z [36;1m  echo "âŒ Config file not found: ${CONFIG_FILE}"[0m
cursor-agent	Run AI Teammate	2025-12-12T07:58:42.0077475Z [36;1m  echo "Available files in agents/:"[0m
cursor-agent	Run AI Teammate	2025-12-12T07:58:42.0077774Z [36;1m  ls -la agents/ || echo "agents/ directory not found"[0m
cursor-agent	Run AI Teammate	2025-12-12T07:58:42.0078044Z [36;1m  exit 1[0m
cursor-agent	Run AI Teammate	2025-12-12T07:58:42.0078208Z [36;1mfi[0m
cursor-agent	Run AI Teammate	2025-12-12T07:58:42.0078362Z [36;1m[0m
cursor-agent	Run AI Teammate	2025-12-12T07:58:42.0078592Z [36;1m# âœ… Ensure config file is writable (fix permission issues)[0m
cursor-agent	Run AI Teammate	2025-12-12T07:58:42.0079048Z [36;1mchmod 644 "${CONFIG_FILE}" || echo "âš ï¸ Could not change config file permissions (may be read-only)"[0m
cursor-agent	Run AI Teammate	2025-12-12T07:58:42.0079428Z [36;1m[0m
cursor-agent	Run AI Teammate	2025-12-12T07:58:42.0079815Z [36;1m# For test_agent, unset Jira/Confluence env vars to prevent initialization[0m
cursor-agent	Run AI Teammate	2025-12-12T07:58:42.0080172Z [36;1mif [[ "true" == "true" ]]; then[0m
cursor-agent	Run AI Teammate	2025-12-12T07:58:42.0080481Z [36;1m  echo "Test agent detected - unsetting Jira/Confluence env vars"[0m
cursor-agent	Run AI Teammate	2025-12-12T07:58:42.0080858Z [36;1m  # Unset Jira/Confluence env vars to prevent initialization[0m
cursor-agent	Run AI Teammate	2025-12-12T07:58:42.0081242Z [36;1m  unset JIRA_EMAIL JIRA_API_TOKEN JIRA_BASE_PATH JIRA_AUTH_TYPE[0m
cursor-agent	Run AI Teammate	2025-12-12T07:58:42.0081629Z [36;1m  unset JIRA_CLEAR_CACHE JIRA_EXTRA_FIELDS JIRA_EXTRA_FIELDS_PROJECT[0m
cursor-agent	Run AI Teammate	2025-12-12T07:58:42.0081996Z [36;1m  unset JIRA_LOGGING_ENABLED JIRA_WAIT_BEFORE_PERFORM[0m
cursor-agent	Run AI Teammate	2025-12-12T07:58:42.0082364Z [36;1m  unset CONFLUENCE_EMAIL CONFLUENCE_API_TOKEN CONFLUENCE_BASE_PATH[0m
cursor-agent	Run AI Teammate	2025-12-12T07:58:42.0082752Z [36;1m  unset CONFLUENCE_DEFAULT_SPACE CONFLUENCE_GRAPHQL_PATH[0m
cursor-agent	Run AI Teammate	2025-12-12T07:58:42.0083103Z [36;1m  echo "DMTOOLS_INTEGRATIONS: ${DMTOOLS_INTEGRATIONS}"[0m
cursor-agent	Run AI Teammate	2025-12-12T07:58:42.0083546Z [36;1m  echo "Jira/Confluence env vars unset"[0m
cursor-agent	Run AI Teammate	2025-12-12T07:58:42.0083782Z [36;1mfi[0m
cursor-agent	Run AI Teammate	2025-12-12T07:58:42.0083942Z [36;1m[0m
cursor-agent	Run AI Teammate	2025-12-12T07:58:42.0084225Z [36;1m# âœ… Ensure outputs directory exists and is writable with proper permissions[0m
cursor-agent	Run AI Teammate	2025-12-12T07:58:42.0084586Z [36;1mmkdir -p outputs inputs[0m
cursor-agent	Run AI Teammate	2025-12-12T07:58:42.0084829Z [36;1mchmod 755 outputs inputs || true[0m
cursor-agent	Run AI Teammate	2025-12-12T07:58:42.0085091Z [36;1m# Ensure current directory is writable[0m
cursor-agent	Run AI Teammate	2025-12-12T07:58:42.0085334Z [36;1mchmod 755 . || true[0m
cursor-agent	Run AI Teammate	2025-12-12T07:58:42.0085589Z [36;1mecho "Created outputs and inputs directories"[0m
cursor-agent	Run AI Teammate	2025-12-12T07:58:42.0085874Z [36;1mecho "Directory permissions:"[0m
cursor-agent	Run AI Teammate	2025-12-12T07:58:42.0086123Z [36;1mls -ld outputs inputs . || true[0m
cursor-agent	Run AI Teammate	2025-12-12T07:58:42.0086349Z [36;1m[0m
cursor-agent	Run AI Teammate	2025-12-12T07:58:42.0086607Z [36;1m# For test_agent, ensure inputJql exists but won't cause Jira queries[0m
cursor-agent	Run AI Teammate	2025-12-12T07:58:42.0087019Z [36;1m# dmtools may require inputJql to be present even if it's not used[0m
cursor-agent	Run AI Teammate	2025-12-12T07:58:42.0087355Z [36;1mif [[ "true" == "true" ]]; then[0m
cursor-agent	Run AI Teammate	2025-12-12T07:58:42.0087646Z [36;1m  echo "Ensuring test agent config has required fields"[0m
cursor-agent	Run AI Teammate	2025-12-12T07:58:42.0087956Z [36;1m  TEMP_CONFIG="${CONFIG_FILE}.tmp"[0m
cursor-agent	Run AI Teammate	2025-12-12T07:58:42.0088191Z [36;1m  [0m
cursor-agent	Run AI Teammate	2025-12-12T07:58:42.0088407Z [36;1m  # Check if inputJql exists, if not add a dummy one[0m
cursor-agent	Run AI Teammate	2025-12-12T07:58:42.0088762Z [36;1m  if ! jq -e '.params.inputJql' "${CONFIG_FILE}" > /dev/null 2>&1; then[0m
cursor-agent	Run AI Teammate	2025-12-12T07:58:42.0089122Z [36;1m    echo "Adding dummy inputJql to test agent config"[0m
cursor-agent	Run AI Teammate	2025-12-12T07:58:42.0089683Z [36;1m    if jq '.params.inputJql = "key = TEST-NEVER-MATCHES-99999"' "${CONFIG_FILE}" > "${TEMP_CONFIG}" 2>/dev/null; then[0m
cursor-agent	Run AI Teammate	2025-12-12T07:58:42.0090166Z [36;1m      if mv "${TEMP_CONFIG}" "${CONFIG_FILE}" 2>/dev/null; then[0m
cursor-agent	Run AI Teammate	2025-12-12T07:58:42.0090474Z [36;1m        chmod 644 "${CONFIG_FILE}" || true[0m
cursor-agent	Run AI Teammate	2025-12-12T07:58:42.0090753Z [36;1m        echo "âœ… Added dummy inputJql to config"[0m
cursor-agent	Run AI Teammate	2025-12-12T07:58:42.0091089Z [36;1m      else[0m
cursor-agent	Run AI Teammate	2025-12-12T07:58:42.0091393Z [36;1m        CONFIG_FILE="$(realpath "${TEMP_CONFIG}" 2>/dev/null || echo "${TEMP_CONFIG}")"[0m
cursor-agent	Run AI Teammate	2025-12-12T07:58:42.0091752Z [36;1m        chmod 644 "${CONFIG_FILE}" || true[0m
cursor-agent	Run AI Teammate	2025-12-12T07:58:42.0092035Z [36;1m        echo "Using temp config file: ${CONFIG_FILE}"[0m
cursor-agent	Run AI Teammate	2025-12-12T07:58:42.0092291Z [36;1m      fi[0m
cursor-agent	Run AI Teammate	2025-12-12T07:58:42.0092461Z [36;1m    else[0m
cursor-agent	Run AI Teammate	2025-12-12T07:58:42.0092673Z [36;1m      echo "âš ï¸ Failed to add inputJql (jq error)"[0m
cursor-agent	Run AI Teammate	2025-12-12T07:58:42.0092948Z [36;1m      rm -f "${TEMP_CONFIG}"[0m
cursor-agent	Run AI Teammate	2025-12-12T07:58:42.0093167Z [36;1m    fi[0m
cursor-agent	Run AI Teammate	2025-12-12T07:58:42.0093337Z [36;1m  else[0m
cursor-agent	Run AI Teammate	2025-12-12T07:58:42.0093534Z [36;1m    echo "inputJql already exists in config"[0m
cursor-agent	Run AI Teammate	2025-12-12T07:58:42.0093779Z [36;1m  fi[0m
cursor-agent	Run AI Teammate	2025-12-12T07:58:42.0093944Z [36;1m  [0m
cursor-agent	Run AI Teammate	2025-12-12T07:58:42.0094216Z [36;1m  # Ensure ticketContextDepth is set (default to 0 for test agents)[0m
cursor-agent	Run AI Teammate	2025-12-12T07:58:42.0094665Z [36;1m  if ! jq -e '.params.ticketContextDepth' "${CONFIG_FILE}" > /dev/null 2>&1; then[0m
cursor-agent	Run AI Teammate	2025-12-12T07:58:42.0095085Z [36;1m    echo "Adding ticketContextDepth to test agent config"[0m
cursor-agent	Run AI Teammate	2025-12-12T07:58:42.0095392Z [36;1m    TEMP_CONFIG="${CONFIG_FILE}.tmp"[0m
cursor-agent	Run AI Teammate	2025-12-12T07:58:42.0095777Z [36;1m    if jq '.params.ticketContextDepth = 0' "${CONFIG_FILE}" > "${TEMP_CONFIG}" 2>/dev/null; then[0m
cursor-agent	Run AI Teammate	2025-12-12T07:58:42.0096206Z [36;1m      if mv "${TEMP_CONFIG}" "${CONFIG_FILE}" 2>/dev/null; then[0m
cursor-agent	Run AI Teammate	2025-12-12T07:58:42.0096503Z [36;1m        chmod 644 "${CONFIG_FILE}" || true[0m
cursor-agent	Run AI Teammate	2025-12-12T07:58:42.0096794Z [36;1m        echo "âœ… Added ticketContextDepth to config"[0m
cursor-agent	Run AI Teammate	2025-12-12T07:58:42.0097057Z [36;1m      else[0m
cursor-agent	Run AI Teammate	2025-12-12T07:58:42.0097359Z [36;1m        CONFIG_FILE="$(realpath "${TEMP_CONFIG}" 2>/dev/null || echo "${TEMP_CONFIG}")"[0m
cursor-agent	Run AI Teammate	2025-12-12T07:58:42.0097720Z [36;1m        chmod 644 "${CONFIG_FILE}" || true[0m
cursor-agent	Run AI Teammate	2025-12-12T07:58:42.0097950Z [36;1m      fi[0m
cursor-agent	Run AI Teammate	2025-12-12T07:58:42.0098131Z [36;1m    else[0m
cursor-agent	Run AI Teammate	2025-12-12T07:58:42.0098393Z [36;1m      rm -f "${TEMP_CONFIG}"[0m
cursor-agent	Run AI Teammate	2025-12-12T07:58:42.0098615Z [36;1m    fi[0m
cursor-agent	Run AI Teammate	2025-12-12T07:58:42.0098784Z [36;1m  fi[0m
cursor-agent	Run AI Teammate	2025-12-12T07:58:42.0098942Z [36;1m  [0m
cursor-agent	Run AI Teammate	2025-12-12T07:58:42.0099119Z [36;1m  echo "Final test agent config:"[0m
cursor-agent	Run AI Teammate	2025-12-12T07:58:42.0099418Z [36;1m  cat "${CONFIG_FILE}" | jq '.' || cat "${CONFIG_FILE}"[0m
cursor-agent	Run AI Teammate	2025-12-12T07:58:42.0099957Z [36;1m  [0m
cursor-agent	Run AI Teammate	2025-12-12T07:58:42.0100314Z [36;1m  # Ensure GEMINI_API_KEY is set (even if empty) for test agent to prevent validation errors[0m
cursor-agent	Run AI Teammate	2025-12-12T07:58:42.0100838Z [36;1m  export GEMINI_API_KEY="${GEMINI_API_KEY:-}"[0m
cursor-agent	Run AI Teammate	2025-12-12T07:58:42.0101204Z [36;1m  echo "GEMINI_API_KEY is set (may be empty for test agent)"[0m
cursor-agent	Run AI Teammate	2025-12-12T07:58:42.0101500Z [36;1mfi[0m
cursor-agent	Run AI Teammate	2025-12-12T07:58:42.0101667Z [36;1m[0m
cursor-agent	Run AI Teammate	2025-12-12T07:58:42.0101898Z [36;1m# âœ… Ensure CONFIG_FILE is absolute path for dmtools[0m
cursor-agent	Run AI Teammate	2025-12-12T07:58:42.0102296Z [36;1mCONFIG_FILE="$(realpath "${CONFIG_FILE}" 2>/dev/null || echo "${CONFIG_FILE}")"[0m
cursor-agent	Run AI Teammate	2025-12-12T07:58:42.0102697Z [36;1mecho "Final config file path: ${CONFIG_FILE}"[0m
cursor-agent	Run AI Teammate	2025-12-12T07:58:42.0102939Z [36;1m[0m
cursor-agent	Run AI Teammate	2025-12-12T07:58:42.0103208Z [36;1m# âœ… Final permission and accessibility checks before running dmtools[0m
cursor-agent	Run AI Teammate	2025-12-12T07:58:42.0103530Z [36;1mecho ""[0m
cursor-agent	Run AI Teammate	2025-12-12T07:58:42.0103726Z [36;1mecho "=== Pre-flight checks ==="[0m
cursor-agent	Run AI Teammate	2025-12-12T07:58:42.0103977Z [36;1mif [ ! -f "${CONFIG_FILE}" ]; then[0m
cursor-agent	Run AI Teammate	2025-12-12T07:58:42.0104259Z [36;1m  echo "âŒ Config file does not exist: ${CONFIG_FILE}"[0m
cursor-agent	Run AI Teammate	2025-12-12T07:58:42.0104520Z [36;1m  exit 1[0m
cursor-agent	Run AI Teammate	2025-12-12T07:58:42.0104687Z [36;1mfi[0m
cursor-agent	Run AI Teammate	2025-12-12T07:58:42.0104878Z [36;1mif [ ! -r "${CONFIG_FILE}" ]; then[0m
cursor-agent	Run AI Teammate	2025-12-12T07:58:42.0105169Z [36;1m  echo "âŒ Config file is not readable: ${CONFIG_FILE}"[0m
cursor-agent	Run AI Teammate	2025-12-12T07:58:42.0105439Z [36;1m  exit 1[0m
cursor-agent	Run AI Teammate	2025-12-12T07:58:42.0105604Z [36;1mfi[0m
cursor-agent	Run AI Teammate	2025-12-12T07:58:42.0105801Z [36;1mecho "âœ… Config file exists and is readable"[0m
cursor-agent	Run AI Teammate	2025-12-12T07:58:42.0106161Z [36;1m[0m
cursor-agent	Run AI Teammate	2025-12-12T07:58:42.0106362Z [36;1mif [ ! -d "outputs" ]; then[0m
cursor-agent	Run AI Teammate	2025-12-12T07:58:42.0106636Z [36;1m  echo "âŒ Outputs directory does not exist"[0m
cursor-agent	Run AI Teammate	2025-12-12T07:58:42.0106894Z [36;1m  exit 1[0m
cursor-agent	Run AI Teammate	2025-12-12T07:58:42.0107057Z [36;1mfi[0m
cursor-agent	Run AI Teammate	2025-12-12T07:58:42.0107236Z [36;1mif [ ! -w "outputs" ]; then[0m
cursor-agent	Run AI Teammate	2025-12-12T07:58:42.0107502Z [36;1m  echo "âŒ Outputs directory is not writable"[0m
cursor-agent	Run AI Teammate	2025-12-12T07:58:42.0107766Z [36;1m  chmod 755 outputs || exit 1[0m
cursor-agent	Run AI Teammate	2025-12-12T07:58:42.0107988Z [36;1mfi[0m
cursor-agent	Run AI Teammate	2025-12-12T07:58:42.0108208Z [36;1mecho "âœ… Outputs directory exists and is writable"[0m
cursor-agent	Run AI Teammate	2025-12-12T07:58:42.0108486Z [36;1mecho "=========================="[0m
cursor-agent	Run AI Teammate	2025-12-12T07:58:42.0108709Z [36;1mecho ""[0m
cursor-agent	Run AI Teammate	2025-12-12T07:58:42.0108874Z [36;1m[0m
cursor-agent	Run AI Teammate	2025-12-12T07:58:42.0109084Z [36;1m# Validate config file JSON syntax before running[0m
cursor-agent	Run AI Teammate	2025-12-12T07:58:42.0109394Z [36;1mecho "Validating config file JSON syntax..."[0m
cursor-agent	Run AI Teammate	2025-12-12T07:58:42.0109819Z [36;1mif ! jq empty "${CONFIG_FILE}" 2>/dev/null; then[0m
cursor-agent	Run AI Teammate	2025-12-12T07:58:42.0110131Z [36;1m  echo "âŒ Config file has invalid JSON syntax"[0m
cursor-agent	Run AI Teammate	2025-12-12T07:58:42.0110406Z [36;1m  echo "Config file content:"[0m
cursor-agent	Run AI Teammate	2025-12-12T07:58:42.0110645Z [36;1m  cat "${CONFIG_FILE}"[0m
cursor-agent	Run AI Teammate	2025-12-12T07:58:42.0110859Z [36;1m  exit 1[0m
cursor-agent	Run AI Teammate	2025-12-12T07:58:42.0111024Z [36;1mfi[0m
cursor-agent	Run AI Teammate	2025-12-12T07:58:42.0111210Z [36;1mecho "âœ… Config file JSON is valid"[0m
cursor-agent	Run AI Teammate	2025-12-12T07:58:42.0111434Z [36;1m[0m
cursor-agent	Run AI Teammate	2025-12-12T07:58:42.0111651Z [36;1m# Debug: Show environment before running[0m
cursor-agent	Run AI Teammate	2025-12-12T07:58:42.0111920Z [36;1mecho "=== Environment Debug ==="[0m
cursor-agent	Run AI Teammate	2025-12-12T07:58:42.0112217Z [36;1mecho "DMTOOLS_INTEGRATIONS: ${DMTOOLS_INTEGRATIONS}"[0m
cursor-agent	Run AI Teammate	2025-12-12T07:58:42.0112538Z [36;1mecho "JIRA_EMAIL: ${JIRA_EMAIL:-<not set>}"[0m
cursor-agent	Run AI Teammate	2025-12-12T07:58:42.0112850Z [36;1mecho "JIRA_BASE_PATH: ${JIRA_BASE_PATH:-<not set>}"[0m
cursor-agent	Run AI Teammate	2025-12-12T07:58:42.0113141Z [36;1mecho "PATH: $PATH"[0m
cursor-agent	Run AI Teammate	2025-12-12T07:58:42.0113350Z [36;1mecho "========================="[0m
cursor-agent	Run AI Teammate	2025-12-12T07:58:42.0113578Z [36;1m[0m
cursor-agent	Run AI Teammate	2025-12-12T07:58:42.0113849Z [36;1m# Run dmtools with improved error handling[0m
cursor-agent	Run AI Teammate	2025-12-12T07:58:42.0114096Z [36;1mecho ""[0m
cursor-agent	Run AI Teammate	2025-12-12T07:58:42.0114281Z [36;1mecho "=== Running dmtools ==="[0m
cursor-agent	Run AI Teammate	2025-12-12T07:58:42.0114528Z [36;1mecho "Config file: ${CONFIG_FILE}"[0m
cursor-agent	Run AI Teammate	2025-12-12T07:58:42.0114824Z [36;1mecho "DMTOOLS_INTEGRATIONS: ${DMTOOLS_INTEGRATIONS}"[0m
cursor-agent	Run AI Teammate	2025-12-12T07:58:42.0115216Z [36;1mecho "GEMINI_API_KEY: ${GEMINI_API_KEY:+<set>}${GEMINI_API_KEY:-<not set>}"[0m
cursor-agent	Run AI Teammate	2025-12-12T07:58:42.0115568Z [36;1mecho "Working directory: $(pwd)"[0m
cursor-agent	Run AI Teammate	2025-12-12T07:58:42.0115823Z [36;1mecho "Directory permissions:"[0m
cursor-agent	Run AI Teammate	2025-12-12T07:58:42.0116094Z [36;1mls -ld . outputs inputs 2>/dev/null || true[0m
cursor-agent	Run AI Teammate	2025-12-12T07:58:42.0116340Z [36;1m[0m
cursor-agent	Run AI Teammate	2025-12-12T07:58:42.0116571Z [36;1m# âœ… Ensure we have write permissions in current directory[0m
cursor-agent	Run AI Teammate	2025-12-12T07:58:42.0117136Z [36;1mtouch .write-test 2>/dev/null && rm -f .write-test && echo "âœ… Current directory is writable" || echo "âš ï¸ Current directory may not be writable"[0m
cursor-agent	Run AI Teammate	2025-12-12T07:58:42.0117620Z [36;1m[0m
cursor-agent	Run AI Teammate	2025-12-12T07:58:42.0117885Z [36;1m# Run with explicit environment variables to ensure dmtools sees them[0m
cursor-agent	Run AI Teammate	2025-12-12T07:58:42.0118282Z [36;1m# Capture both stdout and stderr, and also save exit code[0m
cursor-agent	Run AI Teammate	2025-12-12T07:58:42.0118693Z [36;1m# Use a reliable method: run command, capture output to file, then display it[0m
cursor-agent	Run AI Teammate	2025-12-12T07:58:42.0119091Z [36;1mset +e  # Don't exit on error, we'll handle it manually[0m
cursor-agent	Run AI Teammate	2025-12-12T07:58:42.0119358Z [36;1m[0m
cursor-agent	Run AI Teammate	2025-12-12T07:58:42.0119724Z [36;1m# Add Java debugging - enable verbose logging for better error visibility[0m
cursor-agent	Run AI Teammate	2025-12-12T07:58:42.0120102Z [36;1m# This helps diagnose dmtools execution issues[0m
cursor-agent	Run AI Teammate	2025-12-12T07:58:42.0120516Z [36;1mexport JAVA_OPTS="${JAVA_OPTS:-} -Djava.util.logging.ConsoleHandler.level=INFO"[0m
cursor-agent	Run AI Teammate	2025-12-12T07:58:42.0120882Z [36;1m[0m
cursor-agent	Run AI Teammate	2025-12-12T07:58:42.0121096Z [36;1m# For test agents, enable even more verbose logging[0m
cursor-agent	Run AI Teammate	2025-12-12T07:58:42.0121455Z [36;1mif [[ "true" == "true" ]]; then[0m
cursor-agent	Run AI Teammate	2025-12-12T07:58:42.0121820Z [36;1m  export JAVA_OPTS="${JAVA_OPTS} -Djava.util.logging.ConsoleHandler.level=FINE"[0m
cursor-agent	Run AI Teammate	2025-12-12T07:58:42.0122214Z [36;1m  echo "Verbose logging enabled for test agent"[0m
cursor-agent	Run AI Teammate	2025-12-12T07:58:42.0122457Z [36;1mfi[0m
cursor-agent	Run AI Teammate	2025-12-12T07:58:42.0122616Z [36;1m[0m
cursor-agent	Run AI Teammate	2025-12-12T07:58:42.0122802Z [36;1mif [ -n "${ENCODED_CONFIG}" ]; then[0m
cursor-agent	Run AI Teammate	2025-12-12T07:58:42.0123057Z [36;1m  echo "Encoded config provided"[0m
cursor-agent	Run AI Teammate	2025-12-12T07:58:42.0123320Z [36;1m  # Run dmtools and capture all output[0m
cursor-agent	Run AI Teammate	2025-12-12T07:58:42.0123632Z [36;1m  env DMTOOLS_INTEGRATIONS="${DMTOOLS_INTEGRATIONS}" \[0m
cursor-agent	Run AI Teammate	2025-12-12T07:58:42.0123939Z [36;1m      GEMINI_API_KEY="${GEMINI_API_KEY:-}" \[0m
cursor-agent	Run AI Teammate	2025-12-12T07:58:42.0124202Z [36;1m      JAVA_OPTS="${JAVA_OPTS}" \[0m
cursor-agent	Run AI Teammate	2025-12-12T07:58:42.0124551Z [36;1m    dmtools run "${CONFIG_FILE}" "${ENCODED_CONFIG}" > /tmp/dmtools-output.log 2>&1[0m
cursor-agent	Run AI Teammate	2025-12-12T07:58:42.0124890Z [36;1m  EXIT_CODE=$?[0m
cursor-agent	Run AI Teammate	2025-12-12T07:58:42.0125085Z [36;1melse[0m
cursor-agent	Run AI Teammate	2025-12-12T07:58:42.0125270Z [36;1m  echo "No encoded config"[0m
cursor-agent	Run AI Teammate	2025-12-12T07:58:42.0125515Z [36;1m  # Run dmtools and capture all output[0m
cursor-agent	Run AI Teammate	2025-12-12T07:58:42.0125817Z [36;1m  env DMTOOLS_INTEGRATIONS="${DMTOOLS_INTEGRATIONS}" \[0m
cursor-agent	Run AI Teammate	2025-12-12T07:58:42.0126130Z [36;1m      GEMINI_API_KEY="${GEMINI_API_KEY:-}" \[0m
cursor-agent	Run AI Teammate	2025-12-12T07:58:42.0126393Z [36;1m      JAVA_OPTS="${JAVA_OPTS}" \[0m
cursor-agent	Run AI Teammate	2025-12-12T07:58:42.0126703Z [36;1m    dmtools run "${CONFIG_FILE}" > /tmp/dmtools-output.log 2>&1[0m
cursor-agent	Run AI Teammate	2025-12-12T07:58:42.0127004Z [36;1m  EXIT_CODE=$?[0m
cursor-agent	Run AI Teammate	2025-12-12T07:58:42.0127194Z [36;1mfi[0m
cursor-agent	Run AI Teammate	2025-12-12T07:58:42.0127357Z [36;1m[0m
cursor-agent	Run AI Teammate	2025-12-12T07:58:42.0127514Z [36;1m# Display the output[0m
cursor-agent	Run AI Teammate	2025-12-12T07:58:42.0127739Z [36;1mcat /tmp/dmtools-output.log[0m
cursor-agent	Run AI Teammate	2025-12-12T07:58:42.0127956Z [36;1m[0m
cursor-agent	Run AI Teammate	2025-12-12T07:58:42.0128163Z [36;1m# Check for common error patterns in the output[0m
cursor-agent	Run AI Teammate	2025-12-12T07:58:42.0128437Z [36;1mif [ $EXIT_CODE -ne 0 ]; then[0m
cursor-agent	Run AI Teammate	2025-12-12T07:58:42.0128666Z [36;1m  echo ""[0m
cursor-agent	Run AI Teammate	2025-12-12T07:58:42.0128995Z [36;1m  echo "=== Analyzing dmtools output for errors ==="[0m
cursor-agent	Run AI Teammate	2025-12-12T07:58:42.0129254Z [36;1m  [0m
cursor-agent	Run AI Teammate	2025-12-12T07:58:42.0129445Z [36;1m  # Check for specific error patterns[0m
cursor-agent	Run AI Teammate	2025-12-12T07:58:42.0129937Z [36;1m  if grep -i "exception\|error\|failed\|cannot\|unable" /tmp/dmtools-output.log 2>/dev/null; then[0m
cursor-agent	Run AI Teammate	2025-12-12T07:58:42.0130381Z [36;1m    echo "Found error patterns in output (see above)"[0m
cursor-agent	Run AI Teammate	2025-12-12T07:58:42.0130657Z [36;1m  else[0m
cursor-agent	Run AI Teammate	2025-12-12T07:58:42.0130922Z [36;1m    echo "No obvious error patterns found, but exit code is $EXIT_CODE"[0m
cursor-agent	Run AI Teammate	2025-12-12T07:58:42.0131237Z [36;1m  fi[0m
cursor-agent	Run AI Teammate	2025-12-12T07:58:42.0131414Z [36;1m  [0m
cursor-agent	Run AI Teammate	2025-12-12T07:58:42.0131618Z [36;1m  # Show last 50 lines for better context[0m
cursor-agent	Run AI Teammate	2025-12-12T07:58:42.0131872Z [36;1m  echo ""[0m
cursor-agent	Run AI Teammate	2025-12-12T07:58:42.0132089Z [36;1m  echo "Last 50 lines of dmtools output:"[0m
cursor-agent	Run AI Teammate	2025-12-12T07:58:42.0132477Z [36;1m  tail -50 /tmp/dmtools-output.log 2>/dev/null || echo "Could not read output log"[0m
cursor-agent	Run AI Teammate	2025-12-12T07:58:42.0132827Z [36;1m  [0m
cursor-agent	Run AI Teammate	2025-12-12T07:58:42.0133080Z [36;1m  # Check if cliCommands were executed by looking for their output[0m
cursor-agent	Run AI Teammate	2025-12-12T07:58:42.0133384Z [36;1m  echo ""[0m
cursor-agent	Run AI Teammate	2025-12-12T07:58:42.0133604Z [36;1m  echo "=== Checking if cliCommands executed ==="[0m
cursor-agent	Run AI Teammate	2025-12-12T07:58:42.0134102Z [36;1m  if grep -i "Hello from AI Teammate\|Test Result\|Agent executed successfully" /tmp/dmtools-output.log 2>/dev/null; then[0m
cursor-agent	Run AI Teammate	2025-12-12T07:58:42.0134660Z [36;1m    echo "âœ… cliCommands appear to have executed (found expected output)"[0m
cursor-agent	Run AI Teammate	2025-12-12T07:58:42.0134978Z [36;1m  else[0m
cursor-agent	Run AI Teammate	2025-12-12T07:58:42.0135248Z [36;1m    echo "âŒ cliCommands may not have executed (expected output not found)"[0m
cursor-agent	Run AI Teammate	2025-12-12T07:58:42.0135567Z [36;1m  fi[0m
cursor-agent	Run AI Teammate	2025-12-12T07:58:42.0135728Z [36;1m  [0m
cursor-agent	Run AI Teammate	2025-12-12T07:58:42.0135914Z [36;1m  # Check for ticket processing issues[0m
cursor-agent	Run AI Teammate	2025-12-12T07:58:42.0136318Z [36;1m  if grep -i "no tickets\|ticket not found\|empty result" /tmp/dmtools-output.log 2>/dev/null; then[0m
cursor-agent	Run AI Teammate	2025-12-12T07:58:42.0136906Z [36;1m    echo "âš ï¸ Ticket processing issue detected (this may be expected for test agents)"[0m
cursor-agent	Run AI Teammate	2025-12-12T07:58:42.0137261Z [36;1m  fi[0m
cursor-agent	Run AI Teammate	2025-12-12T07:58:42.0137414Z [36;1m  [0m
cursor-agent	Run AI Teammate	2025-12-12T07:58:42.0137610Z [36;1m  echo "=========================================="[0m
cursor-agent	Run AI Teammate	2025-12-12T07:58:42.0137856Z [36;1mfi[0m
cursor-agent	Run AI Teammate	2025-12-12T07:58:42.0138010Z [36;1m[0m
cursor-agent	Run AI Teammate	2025-12-12T07:58:42.0138184Z [36;1mset -e  # Re-enable exit on error[0m
cursor-agent	Run AI Teammate	2025-12-12T07:58:42.0138410Z [36;1m[0m
cursor-agent	Run AI Teammate	2025-12-12T07:58:42.0138560Z [36;1mecho ""[0m
cursor-agent	Run AI Teammate	2025-12-12T07:58:42.0138804Z [36;1mecho "=== dmtools finished with exit code: $EXIT_CODE ==="[0m
cursor-agent	Run AI Teammate	2025-12-12T07:58:42.0139088Z [36;1m[0m
cursor-agent	Run AI Teammate	2025-12-12T07:58:42.0139300Z [36;1m# Check exit code and provide helpful error message[0m
cursor-agent	Run AI Teammate	2025-12-12T07:58:42.0139769Z [36;1mif [ $EXIT_CODE -ne 0 ]; then[0m
cursor-agent	Run AI Teammate	2025-12-12T07:58:42.0140105Z [36;1m  echo ""[0m
cursor-agent	Run AI Teammate	2025-12-12T07:58:42.0140316Z [36;1m  echo "âŒ dmtools exited with code: $EXIT_CODE"[0m
cursor-agent	Run AI Teammate	2025-12-12T07:58:42.0140587Z [36;1m  echo ""[0m
cursor-agent	Run AI Teammate	2025-12-12T07:58:42.0140793Z [36;1m  echo "=== Full dmtools output ==="[0m
cursor-agent	Run AI Teammate	2025-12-12T07:58:42.0141154Z [36;1m  cat /tmp/dmtools-output.log 2>/dev/null || echo "Could not read output log"[0m
cursor-agent	Run AI Teammate	2025-12-12T07:58:42.0141516Z [36;1m  echo "=========================="[0m
cursor-agent	Run AI Teammate	2025-12-12T07:58:42.0141743Z [36;1m  echo ""[0m
cursor-agent	Run AI Teammate	2025-12-12T07:58:42.0141942Z [36;1m  echo "=== Permission Checks ==="[0m
cursor-agent	Run AI Teammate	2025-12-12T07:58:42.0142194Z [36;1m  echo "Current directory: $(pwd)"[0m
cursor-agent	Run AI Teammate	2025-12-12T07:58:42.0142466Z [36;1m  echo "Current directory permissions:"[0m
cursor-agent	Run AI Teammate	2025-12-12T07:58:42.0142791Z [36;1m  ls -ld . 2>/dev/null || echo "Could not check current directory"[0m
cursor-agent	Run AI Teammate	2025-12-12T07:58:42.0143085Z [36;1m  echo ""[0m
cursor-agent	Run AI Teammate	2025-12-12T07:58:42.0143287Z [36;1m  echo "Config file permissions:"[0m
cursor-agent	Run AI Teammate	2025-12-12T07:58:42.0143611Z [36;1m  ls -l "${CONFIG_FILE}" 2>/dev/null || echo "Could not check config file"[0m
cursor-agent	Run AI Teammate	2025-12-12T07:58:42.0143919Z [36;1m  echo ""[0m
cursor-agent	Run AI Teammate	2025-12-12T07:58:42.0144130Z [36;1m  echo "Outputs directory permissions:"[0m
cursor-agent	Run AI Teammate	2025-12-12T07:58:42.0144551Z [36;1m  ls -ld outputs 2>/dev/null || echo "Outputs directory does not exist"[0m
cursor-agent	Run AI Teammate	2025-12-12T07:58:42.0144861Z [36;1m  echo ""[0m
cursor-agent	Run AI Teammate	2025-12-12T07:58:42.0145062Z [36;1m  echo "Testing write permissions:"[0m
cursor-agent	Run AI Teammate	2025-12-12T07:58:42.0145571Z [36;1m  touch outputs/.write-test 2>/dev/null && rm -f outputs/.write-test && echo "âœ… outputs/ is writable" || echo "âŒ outputs/ is NOT writable"[0m
cursor-agent	Run AI Teammate	2025-12-12T07:58:42.0146297Z [36;1m  touch .write-test 2>/dev/null && rm -f .write-test && echo "âœ… Current directory is writable" || echo "âŒ Current directory is NOT writable"[0m
cursor-agent	Run AI Teammate	2025-12-12T07:58:42.0146791Z [36;1m  echo "=========================="[0m
cursor-agent	Run AI Teammate	2025-12-12T07:58:42.0147013Z [36;1m  echo ""[0m
cursor-agent	Run AI Teammate	2025-12-12T07:58:42.0147214Z [36;1m  echo "=== Additional Debug Info ==="[0m
cursor-agent	Run AI Teammate	2025-12-12T07:58:42.0147545Z [36;1m  echo "DMTOOLS_INTEGRATIONS value: '${DMTOOLS_INTEGRATIONS}'"[0m
cursor-agent	Run AI Teammate	2025-12-12T07:58:42.0147960Z [36;1m  echo "GEMINI_API_KEY: ${GEMINI_API_KEY:+<set>}${GEMINI_API_KEY:-<not set>}"[0m
cursor-agent	Run AI Teammate	2025-12-12T07:58:42.0148333Z [36;1m  echo "Config file path: ${CONFIG_FILE}"[0m
cursor-agent	Run AI Teammate	2025-12-12T07:58:42.0148694Z [36;1m  echo "Config file exists: $([ -f "${CONFIG_FILE}" ] && echo 'yes' || echo 'no')"[0m
cursor-agent	Run AI Teammate	2025-12-12T07:58:42.0149137Z [36;1m  echo "Config file readable: $([ -r "${CONFIG_FILE}" ] && echo 'yes' || echo 'no')"[0m
cursor-agent	Run AI Teammate	2025-12-12T07:58:42.0149693Z [36;1m  echo "Config file writable: $([ -w "${CONFIG_FILE}" ] && echo 'yes' || echo 'no')"[0m
cursor-agent	Run AI Teammate	2025-12-12T07:58:42.0150017Z [36;1m  echo ""[0m
cursor-agent	Run AI Teammate	2025-12-12T07:58:42.0150223Z [36;1m  echo "Checking for output files..."[0m
cursor-agent	Run AI Teammate	2025-12-12T07:58:42.0150537Z [36;1m  ls -la outputs/ 2>/dev/null || echo "No outputs/ directory"[0m
cursor-agent	Run AI Teammate	2025-12-12T07:58:42.0150889Z [36;1m  ls -la inputs/ 2>/dev/null || echo "No inputs/ directory"[0m
cursor-agent	Run AI Teammate	2025-12-12T07:58:42.0151171Z [36;1m  echo ""[0m
cursor-agent	Run AI Teammate	2025-12-12T07:58:42.0151396Z [36;1m  echo "Checking if cliCommands were executed..."[0m
cursor-agent	Run AI Teammate	2025-12-12T07:58:42.0151755Z [36;1m  if [ -f "outputs/response.md" ]; then[0m
cursor-agent	Run AI Teammate	2025-12-12T07:58:42.0152029Z [36;1m    echo "âœ… outputs/response.md exists:"[0m
cursor-agent	Run AI Teammate	2025-12-12T07:58:42.0152366Z [36;1m    cat outputs/response.md || echo "Could not read response.md"[0m
cursor-agent	Run AI Teammate	2025-12-12T07:58:42.0152665Z [36;1m  else[0m
cursor-agent	Run AI Teammate	2025-12-12T07:58:42.0152974Z [36;1m    echo "âŒ outputs/response.md does not exist - cliCommands may not have executed"[0m
cursor-agent	Run AI Teammate	2025-12-12T07:58:42.0153320Z [36;1m  fi[0m
cursor-agent	Run AI Teammate	2025-12-12T07:58:42.0153482Z [36;1m  echo ""[0m
cursor-agent	Run AI Teammate	2025-12-12T07:58:42.0153675Z [36;1m  echo "Config file content:"[0m
cursor-agent	Run AI Teammate	2025-12-12T07:58:42.0153959Z [36;1m  cat "${CONFIG_FILE}" || echo "Could not read config file"[0m
cursor-agent	Run AI Teammate	2025-12-12T07:58:42.0154253Z [36;1m  echo "======================"[0m
cursor-agent	Run AI Teammate	2025-12-12T07:58:42.0154465Z [36;1m  [0m
cursor-agent	Run AI Teammate	2025-12-12T07:58:42.0154682Z [36;1m  # Check for permission-related errors in output[0m
cursor-agent	Run AI Teammate	2025-12-12T07:58:42.0154943Z [36;1m  echo ""[0m
cursor-agent	Run AI Teammate	2025-12-12T07:58:42.0155161Z [36;1m  echo "=== Checking for permission errors ==="[0m
cursor-agent	Run AI Teammate	2025-12-12T07:58:42.0155662Z [36;1m  if grep -i "permission\|denied\|access\|read-only\|cannot write\|cannot create" /tmp/dmtools-output.log 2>/dev/null; then[0m
cursor-agent	Run AI Teammate	2025-12-12T07:58:42.0156234Z [36;1m    echo "âš ï¸ Permission-related errors detected in dmtools output"[0m
cursor-agent	Run AI Teammate	2025-12-12T07:58:42.0156550Z [36;1m  else[0m
cursor-agent	Run AI Teammate	2025-12-12T07:58:42.0156784Z [36;1m    echo "No obvious permission errors found in output"[0m
cursor-agent	Run AI Teammate	2025-12-12T07:58:42.0157052Z [36;1m  fi[0m
cursor-agent	Run AI Teammate	2025-12-12T07:58:42.0157251Z [36;1m  echo "===================================="[0m
cursor-agent	Run AI Teammate	2025-12-12T07:58:42.0157488Z [36;1m  [0m
cursor-agent	Run AI Teammate	2025-12-12T07:58:42.0157686Z [36;1m  # Try to get more verbose output if available[0m
cursor-agent	Run AI Teammate	2025-12-12T07:58:42.0157944Z [36;1m  echo ""[0m
cursor-agent	Run AI Teammate	2025-12-12T07:58:42.0158195Z [36;1m  echo "=== Checking dmtools help/version for clues ==="[0m
cursor-agent	Run AI Teammate	2025-12-12T07:58:42.0158499Z [36;1m  dmtools --version 2>&1 || true[0m
cursor-agent	Run AI Teammate	2025-12-12T07:58:42.0158770Z [36;1m  echo "=============================================="[0m
cursor-agent	Run AI Teammate	2025-12-12T07:58:42.0159017Z [36;1m  [0m
cursor-agent	Run AI Teammate	2025-12-12T07:58:42.0159197Z [36;1m  exit $EXIT_CODE[0m
cursor-agent	Run AI Teammate	2025-12-12T07:58:42.0159453Z [36;1melse[0m
cursor-agent	Run AI Teammate	2025-12-12T07:58:42.0159761Z [36;1m  echo "âœ… dmtools completed successfully"[0m
cursor-agent	Run AI Teammate	2025-12-12T07:58:42.0160030Z [36;1m  echo "Output files:"[0m
cursor-agent	Run AI Teammate	2025-12-12T07:58:42.0160315Z [36;1m  ls -la outputs/ 2>/dev/null || echo "No outputs created"[0m
cursor-agent	Run AI Teammate	2025-12-12T07:58:42.0160593Z [36;1mfi[0m
cursor-agent	Run AI Teammate	2025-12-12T07:58:42.0178880Z shell: /usr/bin/bash -e {0}
cursor-agent	Run AI Teammate	2025-12-12T07:58:42.0179111Z env:
cursor-agent	Run AI Teammate	2025-12-12T07:58:42.0179398Z   JAVA_HOME: /opt/hostedtoolcache/Java_Temurin-Hotspot_jdk/23.0.2-7/x64
cursor-agent	Run AI Teammate	2025-12-12T07:58:42.0180149Z   JAVA_HOME_23_X64: /opt/hostedtoolcache/Java_Temurin-Hotspot_jdk/23.0.2-7/x64
cursor-agent	Run AI Teammate	2025-12-12T07:58:42.0180930Z   CURSOR_API_KEY: ***
cursor-agent	Run AI Teammate	2025-12-12T07:58:42.0181128Z   MODEL: sonnet-4
cursor-agent	Run AI Teammate	2025-12-12T07:58:42.0181321Z   AGENT_DISABLE_WATCHDOG: 1
cursor-agent	Run AI Teammate	2025-12-12T07:58:42.0181634Z   PATH: /home/runner/.local/bin:/home/runner/.dmtools/bin:/bin:/usr/bin:$PATH
cursor-agent	Run AI Teammate	2025-12-12T07:58:42.0181993Z   JIRA_EMAIL: ***
cursor-agent	Run AI Teammate	2025-12-12T07:58:42.0182814Z   JIRA_API_TOKEN: ***
cursor-agent	Run AI Teammate	2025-12-12T07:58:42.0183093Z   JIRA_BASE_PATH: https://kidblendapp.atlassian.net/jira
cursor-agent	Run AI Teammate	2025-12-12T07:58:42.0183385Z   JIRA_AUTH_TYPE: Basic
cursor-agent	Run AI Teammate	2025-12-12T07:58:42.0183578Z   JIRA_CLEAR_CACHE: 
cursor-agent	Run AI Teammate	2025-12-12T07:58:42.0183879Z   JIRA_EXTRA_FIELDS: Diagrams, "Story point estimate","Target start", "Target end"
cursor-agent	Run AI Teammate	2025-12-12T07:58:42.0184227Z   JIRA_EXTRA_FIELDS_PROJECT: AP
cursor-agent	Run AI Teammate	2025-12-12T07:58:42.0184438Z   JIRA_LOGGING_ENABLED: 
cursor-agent	Run AI Teammate	2025-12-12T07:58:42.0184637Z   JIRA_WAIT_BEFORE_PERFORM: 
cursor-agent	Run AI Teammate	2025-12-12T07:58:42.0184877Z   CONFLUENCE_EMAIL: ***
cursor-agent	Run AI Teammate	2025-12-12T07:58:42.0185724Z   CONFLUENCE_API_TOKEN: ***
cursor-agent	Run AI Teammate	2025-12-12T07:58:42.0186013Z   CONFLUENCE_BASE_PATH: https://kidblendapp.atlassian.net/wiki
cursor-agent	Run AI Teammate	2025-12-12T07:58:42.0186332Z   CONFLUENCE_DEFAULT_SPACE: AC
cursor-agent	Run AI Teammate	2025-12-12T07:58:42.0186551Z   CONFLUENCE_GRAPHQL_PATH: 
cursor-agent	Run AI Teammate	2025-12-12T07:58:42.0186764Z   DMTOOLS_INTEGRATIONS: cli,file
cursor-agent	Run AI Teammate	2025-12-12T07:58:42.0186972Z   GEMINI_API_KEY: 
cursor-agent	Run AI Teammate	2025-12-12T07:58:42.0187153Z   GEMINI_DEFAULT_MODEL: 
cursor-agent	Run AI Teammate	2025-12-12T07:58:42.0187482Z   PROMPT_CHUNK_TOKEN_LIMIT: 
cursor-agent	Run AI Teammate	2025-12-12T07:58:42.0187690Z   FIGMA_TOKEN: 
cursor-agent	Run AI Teammate	2025-12-12T07:58:42.0187865Z   FIGMA_BASE_PATH: 
cursor-agent	Run AI Teammate	2025-12-12T07:58:42.0188330Z   PAT_TOKEN: ***
cursor-agent	Run AI Teammate	2025-12-12T07:58:42.0188750Z   GH_TOKEN: ***
cursor-agent	Run AI Teammate	2025-12-12T07:58:42.0188923Z ##[endgroup]
cursor-agent	Run AI Teammate	2025-12-12T07:58:42.0224529Z Using configuration: agents/test_agent.json
cursor-agent	Run AI Teammate	2025-12-12T07:58:42.0224892Z === Verifying dmtools installation ===
cursor-agent	Run AI Teammate	2025-12-12T07:58:42.0230375Z âœ… dmtools found at: /home/runner/.dmtools/bin/dmtools
cursor-agent	Run AI Teammate	2025-12-12T07:58:42.5445988Z DMTools 1.7.100
cursor-agent	Run AI Teammate	2025-12-12T07:58:42.5447644Z A comprehensive development management toolkit
cursor-agent	Run AI Teammate	2025-12-12T07:58:42.5508313Z ======================================
cursor-agent	Run AI Teammate	2025-12-12T07:58:42.5508694Z 
cursor-agent	Run AI Teammate	2025-12-12T07:58:42.5519214Z Test agent detected - unsetting Jira/Confluence env vars
cursor-agent	Run AI Teammate	2025-12-12T07:58:42.5520060Z DMTOOLS_INTEGRATIONS: cli,file
cursor-agent	Run AI Teammate	2025-12-12T07:58:42.5520448Z Jira/Confluence env vars unset
cursor-agent	Run AI Teammate	2025-12-12T07:58:42.5546687Z Created outputs and inputs directories
cursor-agent	Run AI Teammate	2025-12-12T07:58:42.5547666Z Directory permissions:
cursor-agent	Run AI Teammate	2025-12-12T07:58:42.5557614Z drwxr-xr-x 14 runner runner 4096 Dec 12 07:58 .
cursor-agent	Run AI Teammate	2025-12-12T07:58:42.5558339Z drwxr-xr-x  2 runner runner 4096 Dec 12 07:58 inputs
cursor-agent	Run AI Teammate	2025-12-12T07:58:42.5558962Z drwxr-xr-x  2 runner runner 4096 Dec 12 07:58 outputs
cursor-agent	Run AI Teammate	2025-12-12T07:58:42.5560687Z Ensuring test agent config has required fields
cursor-agent	Run AI Teammate	2025-12-12T07:58:42.5582474Z inputJql already exists in config
cursor-agent	Run AI Teammate	2025-12-12T07:58:42.5603982Z Final test agent config:
cursor-agent	Run AI Teammate	2025-12-12T07:58:42.5624295Z {
cursor-agent	Run AI Teammate	2025-12-12T07:58:42.5624655Z   "name": "Teammate",
cursor-agent	Run AI Teammate	2025-12-12T07:58:42.5625001Z   "params": {
cursor-agent	Run AI Teammate	2025-12-12T07:58:42.5625295Z     "agentParams": {
cursor-agent	Run AI Teammate	2025-12-12T07:58:42.5625621Z       "aiRole": "Test Assistant",
cursor-agent	Run AI Teammate	2025-12-12T07:58:42.5625988Z       "instructions": [
cursor-agent	Run AI Teammate	2025-12-12T07:58:42.5626343Z         "This is a test agent",
cursor-agent	Run AI Teammate	2025-12-12T07:58:42.5626725Z         "Just print hello world"
cursor-agent	Run AI Teammate	2025-12-12T07:58:42.5627089Z       ],
cursor-agent	Run AI Teammate	2025-12-12T07:58:42.5627401Z       "formattingRules": "Use markdown"
cursor-agent	Run AI Teammate	2025-12-12T07:58:42.5627794Z     },
cursor-agent	Run AI Teammate	2025-12-12T07:58:42.5628053Z     "cliCommands": [
cursor-agent	Run AI Teammate	2025-12-12T07:58:42.5628656Z       "echo 'Hello from AI Teammate!'",
cursor-agent	Run AI Teammate	2025-12-12T07:58:42.5628904Z       "mkdir -p outputs",
cursor-agent	Run AI Teammate	2025-12-12T07:58:42.5629143Z       "echo '# Test Result' > outputs/response.md",
cursor-agent	Run AI Teammate	2025-12-12T07:58:42.5629466Z       "echo 'Agent executed successfully' >> outputs/response.md"
cursor-agent	Run AI Teammate	2025-12-12T07:58:42.5629931Z     ],
cursor-agent	Run AI Teammate	2025-12-12T07:58:42.5630097Z     "outputType": "none",
cursor-agent	Run AI Teammate	2025-12-12T07:58:42.5630312Z     "skipAIProcessing": true,
cursor-agent	Run AI Teammate	2025-12-12T07:58:42.5630567Z     "inputJql": "key = TEST-NEVER-MATCHES-99999",
cursor-agent	Run AI Teammate	2025-12-12T07:58:42.5630843Z     "ticketContextDepth": 0
cursor-agent	Run AI Teammate	2025-12-12T07:58:42.5631052Z   }
cursor-agent	Run AI Teammate	2025-12-12T07:58:42.5631210Z }
cursor-agent	Run AI Teammate	2025-12-12T07:58:42.5631499Z GEMINI_API_KEY is set (may be empty for test agent)
cursor-agent	Run AI Teammate	2025-12-12T07:58:42.5642387Z Final config file path: /home/runner/work/autocoding/autocoding/agents/test_agent.json
cursor-agent	Run AI Teammate	2025-12-12T07:58:42.5643129Z 
cursor-agent	Run AI Teammate	2025-12-12T07:58:42.5643289Z === Pre-flight checks ===
cursor-agent	Run AI Teammate	2025-12-12T07:58:42.5643950Z âœ… Config file exists and is readable
cursor-agent	Run AI Teammate	2025-12-12T07:58:42.5644486Z âœ… Outputs directory exists and is writable
cursor-agent	Run AI Teammate	2025-12-12T07:58:42.5644917Z ==========================
cursor-agent	Run AI Teammate	2025-12-12T07:58:42.5645133Z 
cursor-agent	Run AI Teammate	2025-12-12T07:58:42.5645293Z Validating config file JSON syntax...
cursor-agent	Run AI Teammate	2025-12-12T07:58:42.5666274Z âœ… Config file JSON is valid
cursor-agent	Run AI Teammate	2025-12-12T07:58:42.5666732Z === Environment Debug ===
cursor-agent	Run AI Teammate	2025-12-12T07:58:42.5667110Z DMTOOLS_INTEGRATIONS: cli,file
cursor-agent	Run AI Teammate	2025-12-12T07:58:42.5667477Z JIRA_EMAIL: <not set>
cursor-agent	Run AI Teammate	2025-12-12T07:58:42.5667696Z JIRA_BASE_PATH: <not set>
cursor-agent	Run AI Teammate	2025-12-12T07:58:42.5668517Z PATH: /home/runner/.local/bin:/home/runner/.dmtools/bin:/home/runner/.dmtools/bin:/home/runner/.local/bin:/opt/hostedtoolcache/Java_Temurin-Hotspot_jdk/23.0.2-7/x64/bin:/home/runner/.local/bin:/home/runner/.dmtools/bin:/bin:/usr/bin:$PATH
cursor-agent	Run AI Teammate	2025-12-12T07:58:42.5669422Z =========================
cursor-agent	Run AI Teammate	2025-12-12T07:58:42.5669704Z 
cursor-agent	Run AI Teammate	2025-12-12T07:58:42.5669817Z === Running dmtools ===
cursor-agent	Run AI Teammate	2025-12-12T07:58:42.5670148Z Config file: /home/runner/work/autocoding/autocoding/agents/test_agent.json
cursor-agent	Run AI Teammate	2025-12-12T07:58:42.5670868Z DMTOOLS_INTEGRATIONS: cli,file
cursor-agent	Run AI Teammate	2025-12-12T07:58:42.5671253Z GEMINI_API_KEY: <not set>
cursor-agent	Run AI Teammate	2025-12-12T07:58:42.5671726Z Working directory: /home/runner/work/autocoding/autocoding
cursor-agent	Run AI Teammate	2025-12-12T07:58:42.5672271Z Directory permissions:
cursor-agent	Run AI Teammate	2025-12-12T07:58:42.5682464Z drwxr-xr-x 14 runner runner 4096 Dec 12 07:58 .
cursor-agent	Run AI Teammate	2025-12-12T07:58:42.5682837Z drwxr-xr-x  2 runner runner 4096 Dec 12 07:58 inputs
cursor-agent	Run AI Teammate	2025-12-12T07:58:42.5683308Z drwxr-xr-x  2 runner runner 4096 Dec 12 07:58 outputs
cursor-agent	Run AI Teammate	2025-12-12T07:58:42.5700343Z âœ… Current directory is writable
cursor-agent	Run AI Teammate	2025-12-12T07:58:42.5700817Z Verbose logging enabled for test agent
cursor-agent	Run AI Teammate	2025-12-12T07:58:42.5701249Z No encoded config
cursor-agent	Run AI Teammate	2025-12-12T07:58:43.1646573Z [0;32mInfo: Executing job with file: /home/runner/work/autocoding/autocoding/agents/test_agent.json[0m
cursor-agent	Run AI Teammate	2025-12-12T07:58:43.1648281Z 07:58:43.083 [main] INFO  com.github.istin.dmtools.job.RunCommandProcessor - Processing run command: file=/home/runner/work/autocoding/autocoding/agents/test_agent.json, hasEncodedConfig=false
cursor-agent	Run AI Teammate	2025-12-12T07:58:43.1650152Z 07:58:43.087 [main] INFO  com.github.istin.dmtools.job.RunCommandProcessor - Successfully loaded JSON configuration from file: /home/runner/work/autocoding/autocoding/agents/test_agent.json
cursor-agent	Run AI Teammate	2025-12-12T07:58:43.1651028Z 07:58:43.088 [main] INFO  com.github.istin.dmtools.job.RunCommandProcessor - Using file configuration only
cursor-agent	Run AI Teammate	2025-12-12T07:58:43.1651690Z 07:58:43.091 [main] INFO  com.github.istin.dmtools.job.RunCommandProcessor - JobParams created successfully for job: Teammate
cursor-agent	Run AI Teammate	2025-12-12T07:58:43.1652411Z 07:58:43.092 [main] INFO  com.github.istin.dmtools.job.JobRunner - Executing job: Teammate in mode: STANDALONE with 0 integrations
cursor-agent	Run AI Teammate	2025-12-12T07:58:43.1653038Z 07:58:43.092 [main] INFO  com.github.istin.dmtools.job.JobRunner - Created fresh job instance: Teammate
cursor-agent	Run AI Teammate	2025-12-12T07:58:43.1653618Z 07:58:43.127 [main] INFO  com.github.istin.dmtools.job.JobRunner - Calling initializeForMode with mode: STANDALONE
cursor-agent	Run AI Teammate	2025-12-12T07:58:43.1654341Z 07:58:43.127 [main] INFO  com.github.istin.dmtools.teammate.Teammate - Initializing Teammate in STANDALONE mode using TeammateComponent with BasicGeminiAI
cursor-agent	Run AI Teammate	2025-12-12T07:58:43.1655349Z 07:58:43.127 [main] INFO  com.github.istin.dmtools.teammate.Teammate - Creating new DaggerTeammateComponent for standalone mode
cursor-agent	Run AI Teammate	2025-12-12T07:58:43.1656016Z 07:58:43.134 [main] INFO  com.github.istin.dmtools.teammate.Teammate - Injecting dependencies using TeammateComponent
cursor-agent	Run AI Teammate	2025-12-12T07:58:43.1656862Z 07:58:43.135 [main] DEBUG com.github.istin.dmtools.common.utils.PropertyReader - No Gradle project markers found, using user.dir as project root: /home/runner/work/autocoding/autocoding
cursor-agent	Run AI Teammate	2025-12-12T07:58:43.1658012Z 07:58:43.135 [main] DEBUG com.github.istin.dmtools.common.utils.PropertyReader - dmtools.env not found in project root (/home/runner/work/autocoding/autocoding) or working directory (/home/runner/work/autocoding/autocoding)
cursor-agent	Run AI Teammate	2025-12-12T07:58:43.1659024Z 07:58:43.135 [main] INFO  com.github.istin.dmtools.di.TrackerModule - DEFAULT_TRACKER value from config: 'null'
cursor-agent	Run AI Teammate	2025-12-12T07:58:43.1660227Z 07:58:43.135 [main] INFO  com.github.istin.dmtools.di.TrackerModule - Auto-detecting available tracker configuration...
cursor-agent	Run AI Teammate	2025-12-12T07:58:43.1661328Z 07:58:43.135 [main] DEBUG com.github.istin.dmtools.di.TrackerModule - Attempting to auto-detect BasicJiraClient...
cursor-agent	Run AI Teammate	2025-12-12T07:58:43.1662138Z 07:58:43.143 [main] DEBUG com.github.istin.dmtools.di.TrackerModule - Attempting to auto-detect BasicAzureDevOpsClient...
cursor-agent	Run AI Teammate	2025-12-12T07:58:43.1662971Z 07:58:43.145 [main] DEBUG com.github.istin.dmtools.microsoft.ado.BasicAzureDevOpsClient - ADO configuration not found. Set ADO_ORGANIZATION, ADO_PROJECT, and ADO_PAT_TOKEN.
cursor-agent	Run AI Teammate	2025-12-12T07:58:43.1663788Z 07:58:43.145 [main] DEBUG com.github.istin.dmtools.di.TrackerModule - Attempting to auto-detect BasicRallyClient...
cursor-agent	Run AI Teammate	2025-12-12T07:58:43.1664519Z 07:58:43.146 [main] DEBUG com.github.istin.dmtools.broadcom.rally.BasicRallyClient - Rally configuration not found. Set RALLY_PATH and RALLY_TOKEN.
cursor-agent	Run AI Teammate	2025-12-12T07:58:43.1665306Z 07:58:43.146 [main] DEBUG com.github.istin.dmtools.di.TrackerModule - Detected CI environment (CI=true), allowing null TrackerClient
cursor-agent	Run AI Teammate	2025-12-12T07:58:43.1666463Z 07:58:43.146 [main] WARN  com.github.istin.dmtools.di.TrackerModule - No tracker configuration found in test environment. Returning null TrackerClient. Tests that require TrackerClient should mock it or provide test configuration.
cursor-agent	Run AI Teammate	2025-12-12T07:58:43.1667158Z 
cursor-agent	Run AI Teammate	2025-12-12T07:58:43.1667263Z === Analyzing dmtools output for errors ===
cursor-agent	Run AI Teammate	2025-12-12T07:58:43.1667566Z No obvious error patterns found, but exit code is 1
cursor-agent	Run AI Teammate	2025-12-12T07:58:43.1667827Z 
cursor-agent	Run AI Teammate	2025-12-12T07:58:43.1667958Z Last 50 lines of dmtools output:
cursor-agent	Run AI Teammate	2025-12-12T07:58:43.1668824Z [0;32mInfo: Executing job with file: /home/runner/work/autocoding/autocoding/agents/test_agent.json[0m
cursor-agent	Run AI Teammate	2025-12-12T07:58:43.1670331Z 07:58:43.083 [main] INFO  com.github.istin.dmtools.job.RunCommandProcessor - Processing run command: file=/home/runner/work/autocoding/autocoding/agents/test_agent.json, hasEncodedConfig=false
cursor-agent	Run AI Teammate	2025-12-12T07:58:43.1671477Z 07:58:43.087 [main] INFO  com.github.istin.dmtools.job.RunCommandProcessor - Successfully loaded JSON configuration from file: /home/runner/work/autocoding/autocoding/agents/test_agent.json
cursor-agent	Run AI Teammate	2025-12-12T07:58:43.1672317Z 07:58:43.088 [main] INFO  com.github.istin.dmtools.job.RunCommandProcessor - Using file configuration only
cursor-agent	Run AI Teammate	2025-12-12T07:58:43.1672962Z 07:58:43.091 [main] INFO  com.github.istin.dmtools.job.RunCommandProcessor - JobParams created successfully for job: Teammate
cursor-agent	Run AI Teammate	2025-12-12T07:58:43.1673663Z 07:58:43.092 [main] INFO  com.github.istin.dmtools.job.JobRunner - Executing job: Teammate in mode: STANDALONE with 0 integrations
cursor-agent	Run AI Teammate	2025-12-12T07:58:43.1674287Z 07:58:43.092 [main] INFO  com.github.istin.dmtools.job.JobRunner - Created fresh job instance: Teammate
cursor-agent	Run AI Teammate	2025-12-12T07:58:43.1674866Z 07:58:43.127 [main] INFO  com.github.istin.dmtools.job.JobRunner - Calling initializeForMode with mode: STANDALONE
cursor-agent	Run AI Teammate	2025-12-12T07:58:43.1675590Z 07:58:43.127 [main] INFO  com.github.istin.dmtools.teammate.Teammate - Initializing Teammate in STANDALONE mode using TeammateComponent with BasicGeminiAI
cursor-agent	Run AI Teammate	2025-12-12T07:58:43.1676509Z 07:58:43.127 [main] INFO  com.github.istin.dmtools.teammate.Teammate - Creating new DaggerTeammateComponent for standalone mode
cursor-agent	Run AI Teammate	2025-12-12T07:58:43.1677177Z 07:58:43.134 [main] INFO  com.github.istin.dmtools.teammate.Teammate - Injecting dependencies using TeammateComponent
cursor-agent	Run AI Teammate	2025-12-12T07:58:43.1678009Z 07:58:43.135 [main] DEBUG com.github.istin.dmtools.common.utils.PropertyReader - No Gradle project markers found, using user.dir as project root: /home/runner/work/autocoding/autocoding
cursor-agent	Run AI Teammate	2025-12-12T07:58:43.1679164Z 07:58:43.135 [main] DEBUG com.github.istin.dmtools.common.utils.PropertyReader - dmtools.env not found in project root (/home/runner/work/autocoding/autocoding) or working directory (/home/runner/work/autocoding/autocoding)
cursor-agent	Run AI Teammate	2025-12-12T07:58:43.1680573Z 07:58:43.135 [main] INFO  com.github.istin.dmtools.di.TrackerModule - DEFAULT_TRACKER value from config: 'null'
cursor-agent	Run AI Teammate	2025-12-12T07:58:43.1681331Z 07:58:43.135 [main] INFO  com.github.istin.dmtools.di.TrackerModule - Auto-detecting available tracker configuration...
cursor-agent	Run AI Teammate	2025-12-12T07:58:43.1681974Z 07:58:43.135 [main] DEBUG com.github.istin.dmtools.di.TrackerModule - Attempting to auto-detect BasicJiraClient...
cursor-agent	Run AI Teammate	2025-12-12T07:58:43.1682621Z 07:58:43.143 [main] DEBUG com.github.istin.dmtools.di.TrackerModule - Attempting to auto-detect BasicAzureDevOpsClient...
cursor-agent	Run AI Teammate	2025-12-12T07:58:43.1683463Z 07:58:43.145 [main] DEBUG com.github.istin.dmtools.microsoft.ado.BasicAzureDevOpsClient - ADO configuration not found. Set ADO_ORGANIZATION, ADO_PROJECT, and ADO_PAT_TOKEN.
cursor-agent	Run AI Teammate	2025-12-12T07:58:43.1684274Z 07:58:43.145 [main] DEBUG com.github.istin.dmtools.di.TrackerModule - Attempting to auto-detect BasicRallyClient...
cursor-agent	Run AI Teammate	2025-12-12T07:58:43.1685003Z 07:58:43.146 [main] DEBUG com.github.istin.dmtools.broadcom.rally.BasicRallyClient - Rally configuration not found. Set RALLY_PATH and RALLY_TOKEN.
cursor-agent	Run AI Teammate	2025-12-12T07:58:43.1685787Z 07:58:43.146 [main] DEBUG com.github.istin.dmtools.di.TrackerModule - Detected CI environment (CI=true), allowing null TrackerClient
cursor-agent	Run AI Teammate	2025-12-12T07:58:43.1686875Z 07:58:43.146 [main] WARN  com.github.istin.dmtools.di.TrackerModule - No tracker configuration found in test environment. Returning null TrackerClient. Tests that require TrackerClient should mock it or provide test configuration.
cursor-agent	Run AI Teammate	2025-12-12T07:58:43.1687580Z 
cursor-agent	Run AI Teammate	2025-12-12T07:58:43.1687681Z === Checking if cliCommands executed ===
cursor-agent	Run AI Teammate	2025-12-12T07:58:43.1688144Z âŒ cliCommands may not have executed (expected output not found)
cursor-agent	Run AI Teammate	2025-12-12T07:58:43.1690965Z ==========================================
cursor-agent	Run AI Teammate	2025-12-12T07:58:43.1691269Z 
cursor-agent	Run AI Teammate	2025-12-12T07:58:43.1691384Z === dmtools finished with exit code: 1 ===
cursor-agent	Run AI Teammate	2025-12-12T07:58:43.1692653Z 
cursor-agent	Run AI Teammate	2025-12-12T07:58:43.1692965Z âŒ dmtools exited with code: 1
cursor-agent	Run AI Teammate	2025-12-12T07:58:43.1693124Z 
cursor-agent	Run AI Teammate	2025-12-12T07:58:43.1693253Z === Full dmtools output ===
cursor-agent	Run AI Teammate	2025-12-12T07:58:43.1701354Z [0;32mInfo: Executing job with file: /home/runner/work/autocoding/autocoding/agents/test_agent.json[0m
cursor-agent	Run AI Teammate	2025-12-12T07:58:43.1702920Z 07:58:43.083 [main] INFO  com.github.istin.dmtools.job.RunCommandProcessor - Processing run command: file=/home/runner/work/autocoding/autocoding/agents/test_agent.json, hasEncodedConfig=false
cursor-agent	Run AI Teammate	2025-12-12T07:58:43.1704438Z 07:58:43.087 [main] INFO  com.github.istin.dmtools.job.RunCommandProcessor - Successfully loaded JSON configuration from file: /home/runner/work/autocoding/autocoding/agents/test_agent.json
cursor-agent	Run AI Teammate	2025-12-12T07:58:43.1705351Z 07:58:43.088 [main] INFO  com.github.istin.dmtools.job.RunCommandProcessor - Using file configuration only
cursor-agent	Run AI Teammate	2025-12-12T07:58:43.1706280Z 07:58:43.091 [main] INFO  com.github.istin.dmtools.job.RunCommandProcessor - JobParams created successfully for job: Teammate
cursor-agent	Run AI Teammate	2025-12-12T07:58:43.1706967Z 07:58:43.092 [main] INFO  com.github.istin.dmtools.job.JobRunner - Executing job: Teammate in mode: STANDALONE with 0 integrations
cursor-agent	Run AI Teammate	2025-12-12T07:58:43.1707582Z 07:58:43.092 [main] INFO  com.github.istin.dmtools.job.JobRunner - Created fresh job instance: Teammate
cursor-agent	Run AI Teammate	2025-12-12T07:58:43.1708159Z 07:58:43.127 [main] INFO  com.github.istin.dmtools.job.JobRunner - Calling initializeForMode with mode: STANDALONE
cursor-agent	Run AI Teammate	2025-12-12T07:58:43.1709043Z 07:58:43.127 [main] INFO  com.github.istin.dmtools.teammate.Teammate - Initializing Teammate in STANDALONE mode using TeammateComponent with BasicGeminiAI
cursor-agent	Run AI Teammate	2025-12-12T07:58:43.1710025Z 07:58:43.127 [main] INFO  com.github.istin.dmtools.teammate.Teammate - Creating new DaggerTeammateComponent for standalone mode
cursor-agent	Run AI Teammate	2025-12-12T07:58:43.1710690Z 07:58:43.134 [main] INFO  com.github.istin.dmtools.teammate.Teammate - Injecting dependencies using TeammateComponent
cursor-agent	Run AI Teammate	2025-12-12T07:58:43.1711521Z 07:58:43.135 [main] DEBUG com.github.istin.dmtools.common.utils.PropertyReader - No Gradle project markers found, using user.dir as project root: /home/runner/work/autocoding/autocoding
cursor-agent	Run AI Teammate	2025-12-12T07:58:43.1712668Z 07:58:43.135 [main] DEBUG com.github.istin.dmtools.common.utils.PropertyReader - dmtools.env not found in project root (/home/runner/work/autocoding/autocoding) or working directory (/home/runner/work/autocoding/autocoding)
cursor-agent	Run AI Teammate	2025-12-12T07:58:43.1713617Z 07:58:43.135 [main] INFO  com.github.istin.dmtools.di.TrackerModule - DEFAULT_TRACKER value from config: 'null'
cursor-agent	Run AI Teammate	2025-12-12T07:58:43.1714233Z 07:58:43.135 [main] INFO  com.github.istin.dmtools.di.TrackerModule - Auto-detecting available tracker configuration...
cursor-agent	Run AI Teammate	2025-12-12T07:58:43.1714862Z 07:58:43.135 [main] DEBUG com.github.istin.dmtools.di.TrackerModule - Attempting to auto-detect BasicJiraClient...
cursor-agent	Run AI Teammate	2025-12-12T07:58:43.1715502Z 07:58:43.143 [main] DEBUG com.github.istin.dmtools.di.TrackerModule - Attempting to auto-detect BasicAzureDevOpsClient...
cursor-agent	Run AI Teammate	2025-12-12T07:58:43.1716683Z 07:58:43.145 [main] DEBUG com.github.istin.dmtools.microsoft.ado.BasicAzureDevOpsClient - ADO configuration not found. Set ADO_ORGANIZATION, ADO_PROJECT, and ADO_PAT_TOKEN.
cursor-agent	Run AI Teammate	2025-12-12T07:58:43.1717824Z 07:58:43.145 [main] DEBUG com.github.istin.dmtools.di.TrackerModule - Attempting to auto-detect BasicRallyClient...
cursor-agent	Run AI Teammate	2025-12-12T07:58:43.1718554Z 07:58:43.146 [main] DEBUG com.github.istin.dmtools.broadcom.rally.BasicRallyClient - Rally configuration not found. Set RALLY_PATH and RALLY_TOKEN.
cursor-agent	Run AI Teammate	2025-12-12T07:58:43.1719430Z 07:58:43.146 [main] DEBUG com.github.istin.dmtools.di.TrackerModule - Detected CI environment (CI=true), allowing null TrackerClient
cursor-agent	Run AI Teammate	2025-12-12T07:58:43.1720593Z 07:58:43.146 [main] WARN  com.github.istin.dmtools.di.TrackerModule - No tracker configuration found in test environment. Returning null TrackerClient. Tests that require TrackerClient should mock it or provide test configuration.
cursor-agent	Run AI Teammate	2025-12-12T07:58:43.1721349Z ==========================
cursor-agent	Run AI Teammate	2025-12-12T07:58:43.1721482Z 
cursor-agent	Run AI Teammate	2025-12-12T07:58:43.1721577Z === Permission Checks ===
cursor-agent	Run AI Teammate	2025-12-12T07:58:43.1721855Z Current directory: /home/runner/work/autocoding/autocoding
cursor-agent	Run AI Teammate	2025-12-12T07:58:43.1722156Z Current directory permissions:
cursor-agent	Run AI Teammate	2025-12-12T07:58:43.1722411Z drwxr-xr-x 14 runner runner 4096 Dec 12 07:58 .
cursor-agent	Run AI Teammate	2025-12-12T07:58:43.1722600Z 
cursor-agent	Run AI Teammate	2025-12-12T07:58:43.1722681Z Config file permissions:
cursor-agent	Run AI Teammate	2025-12-12T07:58:43.1728648Z -rw-r--r-- 1 runner runner 655 Dec 12 07:58 /home/runner/work/autocoding/autocoding/agents/test_agent.json
cursor-agent	Run AI Teammate	2025-12-12T07:58:43.1729336Z 
cursor-agent	Run AI Teammate	2025-12-12T07:58:43.1729725Z Outputs directory permissions:
cursor-agent	Run AI Teammate	2025-12-12T07:58:43.1738804Z drwxr-xr-x 2 runner runner 4096 Dec 12 07:58 outputs
cursor-agent	Run AI Teammate	2025-12-12T07:58:43.1740313Z 
cursor-agent	Run AI Teammate	2025-12-12T07:58:43.1740491Z Testing write permissions:
cursor-agent	Run AI Teammate	2025-12-12T07:58:43.1756207Z âœ… outputs/ is writable
cursor-agent	Run AI Teammate	2025-12-12T07:58:43.1771605Z âœ… Current directory is writable
cursor-agent	Run AI Teammate	2025-12-12T07:58:43.1771989Z ==========================
cursor-agent	Run AI Teammate	2025-12-12T07:58:43.1772139Z 
cursor-agent	Run AI Teammate	2025-12-12T07:58:43.1772224Z === Additional Debug Info ===
cursor-agent	Run AI Teammate	2025-12-12T07:58:43.1772456Z DMTOOLS_INTEGRATIONS value: 'cli,file'
cursor-agent	Run AI Teammate	2025-12-12T07:58:43.1772708Z GEMINI_API_KEY: <not set>
cursor-agent	Run AI Teammate	2025-12-12T07:58:43.1773048Z Config file path: /home/runner/work/autocoding/autocoding/agents/test_agent.json
cursor-agent	Run AI Teammate	2025-12-12T07:58:43.1775523Z Config file exists: yes
cursor-agent	Run AI Teammate	2025-12-12T07:58:43.1780062Z Config file readable: yes
cursor-agent	Run AI Teammate	2025-12-12T07:58:43.1784058Z Config file writable: yes
cursor-agent	Run AI Teammate	2025-12-12T07:58:43.1784351Z 
cursor-agent	Run AI Teammate	2025-12-12T07:58:43.1784704Z Checking for output files...
cursor-agent	Run AI Teammate	2025-12-12T07:58:43.1794410Z total 8
cursor-agent	Run AI Teammate	2025-12-12T07:58:43.1794822Z drwxr-xr-x  2 runner runner 4096 Dec 12 07:58 .
cursor-agent	Run AI Teammate	2025-12-12T07:58:43.1795190Z drwxr-xr-x 14 runner runner 4096 Dec 12 07:58 ..
cursor-agent	Run AI Teammate	2025-12-12T07:58:43.1804417Z total 8
cursor-agent	Run AI Teammate	2025-12-12T07:58:43.1804649Z drwxr-xr-x  2 runner runner 4096 Dec 12 07:58 .
cursor-agent	Run AI Teammate	2025-12-12T07:58:43.1805003Z drwxr-xr-x 14 runner runner 4096 Dec 12 07:58 ..
cursor-agent	Run AI Teammate	2025-12-12T07:58:43.1805604Z 
cursor-agent	Run AI Teammate	2025-12-12T07:58:43.1805762Z Checking if cliCommands were executed...
cursor-agent	Run AI Teammate	2025-12-12T07:58:43.1806351Z âŒ outputs/response.md does not exist - cliCommands may not have executed
cursor-agent	Run AI Teammate	2025-12-12T07:58:43.1806607Z 
cursor-agent	Run AI Teammate	2025-12-12T07:58:43.1806692Z Config file content:
cursor-agent	Run AI Teammate	2025-12-12T07:58:43.1812548Z {
cursor-agent	Run AI Teammate	2025-12-12T07:58:43.1812848Z     "name": "Teammate",
cursor-agent	Run AI Teammate	2025-12-12T07:58:43.1813050Z     "params": {
cursor-agent	Run AI Teammate	2025-12-12T07:58:43.1813345Z       "agentParams": {
cursor-agent	Run AI Teammate	2025-12-12T07:58:43.1813677Z         "aiRole": "Test Assistant",
cursor-agent	Run AI Teammate	2025-12-12T07:58:43.1814101Z         "instructions": [
cursor-agent	Run AI Teammate	2025-12-12T07:58:43.1814466Z           "This is a test agent",
cursor-agent	Run AI Teammate	2025-12-12T07:58:43.1814849Z           "Just print hello world"
cursor-agent	Run AI Teammate	2025-12-12T07:58:43.1815196Z         ],
cursor-agent	Run AI Teammate	2025-12-12T07:58:43.1815456Z         "formattingRules": "Use markdown"
cursor-agent	Run AI Teammate	2025-12-12T07:58:43.1815683Z       },
cursor-agent	Run AI Teammate	2025-12-12T07:58:43.1815840Z       "cliCommands": [
cursor-agent	Run AI Teammate	2025-12-12T07:58:43.1816042Z         "echo 'Hello from AI Teammate!'",
cursor-agent	Run AI Teammate	2025-12-12T07:58:43.1816286Z         "mkdir -p outputs",
cursor-agent	Run AI Teammate	2025-12-12T07:58:43.1816529Z         "echo '# Test Result' > outputs/response.md",
cursor-agent	Run AI Teammate	2025-12-12T07:58:43.1816855Z         "echo 'Agent executed successfully' >> outputs/response.md"
cursor-agent	Run AI Teammate	2025-12-12T07:58:43.1817138Z       ],
cursor-agent	Run AI Teammate	2025-12-12T07:58:43.1817312Z       "outputType": "none",
cursor-agent	Run AI Teammate	2025-12-12T07:58:43.1817533Z       "skipAIProcessing": true,
cursor-agent	Run AI Teammate	2025-12-12T07:58:43.1817788Z       "inputJql": "key = TEST-NEVER-MATCHES-99999",
cursor-agent	Run AI Teammate	2025-12-12T07:58:43.1818059Z       "ticketContextDepth": 0
cursor-agent	Run AI Teammate	2025-12-12T07:58:43.1818264Z     }
cursor-agent	Run AI Teammate	2025-12-12T07:58:43.1818588Z   }======================
cursor-agent	Run AI Teammate	2025-12-12T07:58:43.1818717Z 
cursor-agent	Run AI Teammate	2025-12-12T07:58:43.1818823Z === Checking for permission errors ===
cursor-agent	Run AI Teammate	2025-12-12T07:58:43.1826079Z No obvious permission errors found in output
cursor-agent	Run AI Teammate	2025-12-12T07:58:43.1826569Z ====================================
cursor-agent	Run AI Teammate	2025-12-12T07:58:43.1826896Z 
cursor-agent	Run AI Teammate	2025-12-12T07:58:43.1827015Z === Checking dmtools help/version for clues ===
cursor-agent	Run AI Teammate	2025-12-12T07:58:43.6672972Z DMTools 1.7.100
cursor-agent	Run AI Teammate	2025-12-12T07:58:43.6673515Z A comprehensive development management toolkit
cursor-agent	Run AI Teammate	2025-12-12T07:58:43.6734856Z ==============================================
cursor-agent	Run AI Teammate	2025-12-12T07:58:43.6748248Z ##[error]Process completed with exit code 1.
cursor-agent	Upload artifacts	ï»¿2025-12-12T07:58:43.6809905Z ##[group]Run actions/upload-artifact@v4
cursor-agent	Upload artifacts	2025-12-12T07:58:43.6810167Z with:
cursor-agent	Upload artifacts	2025-12-12T07:58:43.6810342Z   name: ai-teammate-results-24
cursor-agent	Upload artifacts	2025-12-12T07:58:43.6810565Z   path: outputs/
cursor-agent	Upload artifacts	inputs/
cursor-agent	Upload artifacts	
cursor-agent	Upload artifacts	2025-12-12T07:58:43.6810770Z   retention-days: 30
cursor-agent	Upload artifacts	2025-12-12T07:58:43.6810966Z   if-no-files-found: warn
cursor-agent	Upload artifacts	2025-12-12T07:58:43.6811167Z   compression-level: 6
cursor-agent	Upload artifacts	2025-12-12T07:58:43.6811367Z   overwrite: false
cursor-agent	Upload artifacts	2025-12-12T07:58:43.6811548Z   include-hidden-files: false
cursor-agent	Upload artifacts	2025-12-12T07:58:43.6811750Z env:
cursor-agent	Upload artifacts	2025-12-12T07:58:43.6812011Z   JAVA_HOME: /opt/hostedtoolcache/Java_Temurin-Hotspot_jdk/23.0.2-7/x64
cursor-agent	Upload artifacts	2025-12-12T07:58:43.6812439Z   JAVA_HOME_23_X64: /opt/hostedtoolcache/Java_Temurin-Hotspot_jdk/23.0.2-7/x64
cursor-agent	Upload artifacts	2025-12-12T07:58:43.6812762Z ##[endgroup]
cursor-agent	Upload artifacts	2025-12-12T07:58:43.8769091Z Multiple search paths detected. Calculating the least common ancestor of all paths
cursor-agent	Upload artifacts	2025-12-12T07:58:43.8772464Z The least common ancestor is /home/runner/work/autocoding/autocoding. This will be the root directory of the artifact
cursor-agent	Upload artifacts	2025-12-12T07:58:43.8790147Z ##[warning]No files were found with the provided path: outputs/
cursor-agent	Upload artifacts	inputs/. No artifacts will be uploaded.
cursor-agent	Post Setup Java Environment	ï»¿2025-12-12T07:58:43.8882199Z Post job cleanup.
cursor-agent	Post Checkout repository	ï»¿2025-12-12T07:58:44.0492900Z Post job cleanup.
cursor-agent	Post Checkout repository	2025-12-12T07:58:44.1362289Z [command]/usr/bin/git version
cursor-agent	Post Checkout repository	2025-12-12T07:58:44.1393485Z git version 2.52.0
cursor-agent	Post Checkout repository	2025-12-12T07:58:44.1430800Z Temporarily overriding HOME='/home/runner/work/_temp/cc9c3b7e-fa69-46e7-bf21-0ff897fdfa8d' before making global git config changes
cursor-agent	Post Checkout repository	2025-12-12T07:58:44.1431831Z Adding repository directory to the temporary git global config as a safe directory
cursor-agent	Post Checkout repository	2025-12-12T07:58:44.1435856Z [command]/usr/bin/git config --global --add safe.directory /home/runner/work/autocoding/autocoding
cursor-agent	Post Checkout repository	2025-12-12T07:58:44.1466675Z [command]/usr/bin/git config --local --name-only --get-regexp core\.sshCommand
cursor-agent	Post Checkout repository	2025-12-12T07:58:44.1493624Z [command]/usr/bin/git submodule foreach --recursive sh -c "git config --local --name-only --get-regexp 'core\.sshCommand' && git config --local --unset-all 'core.sshCommand' || :"
cursor-agent	Post Checkout repository	2025-12-12T07:58:44.1670928Z [command]/usr/bin/git config --local --name-only --get-regexp http\.https\:\/\/github\.com\/\.extraheader
cursor-agent	Post Checkout repository	2025-12-12T07:58:44.1688231Z http.https://github.com/.extraheader
cursor-agent	Post Checkout repository	2025-12-12T07:58:44.1699253Z [command]/usr/bin/git config --local --unset-all http.https://github.com/.extraheader
cursor-agent	Post Checkout repository	2025-12-12T07:58:44.1725140Z [command]/usr/bin/git submodule foreach --recursive sh -c "git config --local --name-only --get-regexp 'http\.https\:\/\/github\.com\/\.extraheader' && git config --local --unset-all 'http.https://github.com/.extraheader' || :"
cursor-agent	Post Checkout repository	2025-12-12T07:58:44.1895886Z [command]/usr/bin/git config --local --name-only --get-regexp ^includeIf\.gitdir:
cursor-agent	Post Checkout repository	2025-12-12T07:58:44.1921238Z [command]/usr/bin/git submodule foreach --recursive git config --local --show-origin --name-only --get-regexp remote.origin.url
cursor-agent	Complete job	ï»¿2025-12-12T07:58:44.2174347Z Cleaning up orphan processes
