cursor-agent	Set up job	ï»¿2025-12-12T08:04:11.7507075Z Current runner version: '2.329.0'
cursor-agent	Set up job	2025-12-12T08:04:11.7531786Z ##[group]Runner Image Provisioner
cursor-agent	Set up job	2025-12-12T08:04:11.7532678Z Hosted Compute Agent
cursor-agent	Set up job	2025-12-12T08:04:11.7533370Z Version: 20251202.455
cursor-agent	Set up job	2025-12-12T08:04:11.7534332Z Commit: 6c10caca4910e198df60de23adf20ad317c474e3
cursor-agent	Set up job	2025-12-12T08:04:11.7535023Z Build Date: 2025-12-02T15:56:59Z
cursor-agent	Set up job	2025-12-12T08:04:11.7536139Z Worker ID: {b9f6fae9-0128-4f93-a7d5-a43f1eaf5da8}
cursor-agent	Set up job	2025-12-12T08:04:11.7536867Z ##[endgroup]
cursor-agent	Set up job	2025-12-12T08:04:11.7537388Z ##[group]Operating System
cursor-agent	Set up job	2025-12-12T08:04:11.7538050Z Ubuntu
cursor-agent	Set up job	2025-12-12T08:04:11.7538538Z 24.04.3
cursor-agent	Set up job	2025-12-12T08:04:11.7539253Z LTS
cursor-agent	Set up job	2025-12-12T08:04:11.7539846Z ##[endgroup]
cursor-agent	Set up job	2025-12-12T08:04:11.7540365Z ##[group]Runner Image
cursor-agent	Set up job	2025-12-12T08:04:11.7541402Z Image: ubuntu-24.04
cursor-agent	Set up job	2025-12-12T08:04:11.7542001Z Version: 20251208.163.1
cursor-agent	Set up job	2025-12-12T08:04:11.7543051Z Included Software: https://github.com/actions/runner-images/blob/ubuntu24/20251208.163/images/ubuntu/Ubuntu2404-Readme.md
cursor-agent	Set up job	2025-12-12T08:04:11.7545033Z Image Release: https://github.com/actions/runner-images/releases/tag/ubuntu24%2F20251208.163
cursor-agent	Set up job	2025-12-12T08:04:11.7546271Z ##[endgroup]
cursor-agent	Set up job	2025-12-12T08:04:11.7547603Z ##[group]GITHUB_TOKEN Permissions
cursor-agent	Set up job	2025-12-12T08:04:11.7549882Z Actions: read
cursor-agent	Set up job	2025-12-12T08:04:11.7550606Z Contents: write
cursor-agent	Set up job	2025-12-12T08:04:11.7551152Z Metadata: read
cursor-agent	Set up job	2025-12-12T08:04:11.7551667Z PullRequests: write
cursor-agent	Set up job	2025-12-12T08:04:11.7552288Z ##[endgroup]
cursor-agent	Set up job	2025-12-12T08:04:11.7554870Z Secret source: Actions
cursor-agent	Set up job	2025-12-12T08:04:11.7555749Z Prepare workflow directory
cursor-agent	Set up job	2025-12-12T08:04:11.7885051Z Prepare all required actions
cursor-agent	Set up job	2025-12-12T08:04:11.7925125Z Getting action download info
cursor-agent	Set up job	2025-12-12T08:04:12.2089429Z Download action repository 'actions/checkout@v4' (SHA:34e114876b0b11c390a56381ad16ebd13914f8d5)
cursor-agent	Set up job	2025-12-12T08:04:12.3279700Z Download action repository 'actions/setup-java@v4' (SHA:c1e323688fd81a25caa38c78aa6df2d33d3e20d9)
cursor-agent	Set up job	2025-12-12T08:04:13.1476778Z Download action repository 'actions/upload-artifact@v4' (SHA:ea165f8d65b6e75b540449e92b4886f43607fa02)
cursor-agent	Set up job	2025-12-12T08:04:13.3814134Z Complete job name: cursor-agent
cursor-agent	Checkout repository	ï»¿2025-12-12T08:04:13.4665077Z ##[group]Run actions/checkout@v4
cursor-agent	Checkout repository	2025-12-12T08:04:13.4666473Z with:
cursor-agent	Checkout repository	2025-12-12T08:04:13.4667347Z   repository: kidblendapp/autocoding
cursor-agent	Checkout repository	2025-12-12T08:04:13.4668691Z   token: ***
cursor-agent	Checkout repository	2025-12-12T08:04:13.4669518Z   ssh-strict: true
cursor-agent	Checkout repository	2025-12-12T08:04:13.4670363Z   ssh-user: git
cursor-agent	Checkout repository	2025-12-12T08:04:13.4671235Z   persist-credentials: true
cursor-agent	Checkout repository	2025-12-12T08:04:13.4672200Z   clean: true
cursor-agent	Checkout repository	2025-12-12T08:04:13.4673078Z   sparse-checkout-cone-mode: true
cursor-agent	Checkout repository	2025-12-12T08:04:13.4674387Z   fetch-depth: 1
cursor-agent	Checkout repository	2025-12-12T08:04:13.4675268Z   fetch-tags: false
cursor-agent	Checkout repository	2025-12-12T08:04:13.4676141Z   show-progress: true
cursor-agent	Checkout repository	2025-12-12T08:04:13.4677009Z   lfs: false
cursor-agent	Checkout repository	2025-12-12T08:04:13.4677816Z   submodules: false
cursor-agent	Checkout repository	2025-12-12T08:04:13.4678688Z   set-safe-directory: true
cursor-agent	Checkout repository	2025-12-12T08:04:13.4679933Z ##[endgroup]
cursor-agent	Checkout repository	2025-12-12T08:04:13.5778363Z Syncing repository: kidblendapp/autocoding
cursor-agent	Checkout repository	2025-12-12T08:04:13.5781276Z ##[group]Getting Git version info
cursor-agent	Checkout repository	2025-12-12T08:04:13.5782717Z Working directory is '/home/runner/work/autocoding/autocoding'
cursor-agent	Checkout repository	2025-12-12T08:04:13.5785146Z [command]/usr/bin/git version
cursor-agent	Checkout repository	2025-12-12T08:04:13.5854004Z git version 2.52.0
cursor-agent	Checkout repository	2025-12-12T08:04:13.5881341Z ##[endgroup]
cursor-agent	Checkout repository	2025-12-12T08:04:13.5896861Z Temporarily overriding HOME='/home/runner/work/_temp/0290b771-3464-429d-af67-a94e4b35eb9b' before making global git config changes
cursor-agent	Checkout repository	2025-12-12T08:04:13.5900254Z Adding repository directory to the temporary git global config as a safe directory
cursor-agent	Checkout repository	2025-12-12T08:04:13.5909997Z [command]/usr/bin/git config --global --add safe.directory /home/runner/work/autocoding/autocoding
cursor-agent	Checkout repository	2025-12-12T08:04:13.5950224Z Deleting the contents of '/home/runner/work/autocoding/autocoding'
cursor-agent	Checkout repository	2025-12-12T08:04:13.5954270Z ##[group]Initializing the repository
cursor-agent	Checkout repository	2025-12-12T08:04:13.5959491Z [command]/usr/bin/git init /home/runner/work/autocoding/autocoding
cursor-agent	Checkout repository	2025-12-12T08:04:13.6064042Z hint: Using 'master' as the name for the initial branch. This default branch name
cursor-agent	Checkout repository	2025-12-12T08:04:13.6066762Z hint: will change to "main" in Git 3.0. To configure the initial branch name
cursor-agent	Checkout repository	2025-12-12T08:04:13.6070196Z hint: to use in all of your new repositories, which will suppress this warning,
cursor-agent	Checkout repository	2025-12-12T08:04:13.6072841Z hint: call:
cursor-agent	Checkout repository	2025-12-12T08:04:13.6074401Z hint:
cursor-agent	Checkout repository	2025-12-12T08:04:13.6076013Z hint: 	git config --global init.defaultBranch <name>
cursor-agent	Checkout repository	2025-12-12T08:04:13.6078052Z hint:
cursor-agent	Checkout repository	2025-12-12T08:04:13.6080076Z hint: Names commonly chosen instead of 'master' are 'main', 'trunk' and
cursor-agent	Checkout repository	2025-12-12T08:04:13.6083332Z hint: 'development'. The just-created branch can be renamed via this command:
cursor-agent	Checkout repository	2025-12-12T08:04:13.6086027Z hint:
cursor-agent	Checkout repository	2025-12-12T08:04:13.6087277Z hint: 	git branch -m <name>
cursor-agent	Checkout repository	2025-12-12T08:04:13.6088246Z hint:
cursor-agent	Checkout repository	2025-12-12T08:04:13.6089505Z hint: Disable this message with "git config set advice.defaultBranchName false"
cursor-agent	Checkout repository	2025-12-12T08:04:13.6091751Z Initialized empty Git repository in /home/runner/work/autocoding/autocoding/.git/
cursor-agent	Checkout repository	2025-12-12T08:04:13.6097299Z [command]/usr/bin/git remote add origin https://github.com/kidblendapp/autocoding
cursor-agent	Checkout repository	2025-12-12T08:04:13.6117138Z ##[endgroup]
cursor-agent	Checkout repository	2025-12-12T08:04:13.6119743Z ##[group]Disabling automatic garbage collection
cursor-agent	Checkout repository	2025-12-12T08:04:13.6122114Z [command]/usr/bin/git config --local gc.auto 0
cursor-agent	Checkout repository	2025-12-12T08:04:13.6151651Z ##[endgroup]
cursor-agent	Checkout repository	2025-12-12T08:04:13.6154284Z ##[group]Setting up auth
cursor-agent	Checkout repository	2025-12-12T08:04:13.6159488Z [command]/usr/bin/git config --local --name-only --get-regexp core\.sshCommand
cursor-agent	Checkout repository	2025-12-12T08:04:13.6192737Z [command]/usr/bin/git submodule foreach --recursive sh -c "git config --local --name-only --get-regexp 'core\.sshCommand' && git config --local --unset-all 'core.sshCommand' || :"
cursor-agent	Checkout repository	2025-12-12T08:04:13.6552998Z [command]/usr/bin/git config --local --name-only --get-regexp http\.https\:\/\/github\.com\/\.extraheader
cursor-agent	Checkout repository	2025-12-12T08:04:13.6588794Z [command]/usr/bin/git submodule foreach --recursive sh -c "git config --local --name-only --get-regexp 'http\.https\:\/\/github\.com\/\.extraheader' && git config --local --unset-all 'http.https://github.com/.extraheader' || :"
cursor-agent	Checkout repository	2025-12-12T08:04:13.6819766Z [command]/usr/bin/git config --local --name-only --get-regexp ^includeIf\.gitdir:
cursor-agent	Checkout repository	2025-12-12T08:04:13.6854319Z [command]/usr/bin/git submodule foreach --recursive git config --local --show-origin --name-only --get-regexp remote.origin.url
cursor-agent	Checkout repository	2025-12-12T08:04:13.7089998Z [command]/usr/bin/git config --local http.https://github.com/.extraheader AUTHORIZATION: basic ***
cursor-agent	Checkout repository	2025-12-12T08:04:13.7125675Z ##[endgroup]
cursor-agent	Checkout repository	2025-12-12T08:04:13.7127234Z ##[group]Fetching the repository
cursor-agent	Checkout repository	2025-12-12T08:04:13.7134699Z [command]/usr/bin/git -c protocol.version=2 fetch --no-tags --prune --no-recurse-submodules --depth=1 origin +8b4279216f7a3d37a76caf9300214aaf95196806:refs/remotes/origin/main
cursor-agent	Checkout repository	2025-12-12T08:04:14.0534866Z From https://github.com/kidblendapp/autocoding
cursor-agent	Checkout repository	2025-12-12T08:04:14.0538076Z  * [new ref]         8b4279216f7a3d37a76caf9300214aaf95196806 -> origin/main
cursor-agent	Checkout repository	2025-12-12T08:04:14.0571293Z ##[endgroup]
cursor-agent	Checkout repository	2025-12-12T08:04:14.0573712Z ##[group]Determining the checkout info
cursor-agent	Checkout repository	2025-12-12T08:04:14.0576532Z ##[endgroup]
cursor-agent	Checkout repository	2025-12-12T08:04:14.0579061Z [command]/usr/bin/git sparse-checkout disable
cursor-agent	Checkout repository	2025-12-12T08:04:14.0624549Z [command]/usr/bin/git config --local --unset-all extensions.worktreeConfig
cursor-agent	Checkout repository	2025-12-12T08:04:14.0652341Z ##[group]Checking out the ref
cursor-agent	Checkout repository	2025-12-12T08:04:14.0654897Z [command]/usr/bin/git checkout --progress --force -B main refs/remotes/origin/main
cursor-agent	Checkout repository	2025-12-12T08:04:14.0778236Z Switched to a new branch 'main'
cursor-agent	Checkout repository	2025-12-12T08:04:14.0780451Z branch 'main' set up to track 'origin/main'.
cursor-agent	Checkout repository	2025-12-12T08:04:14.0789198Z ##[endgroup]
cursor-agent	Checkout repository	2025-12-12T08:04:14.0826493Z [command]/usr/bin/git log -1 --format=%H
cursor-agent	Checkout repository	2025-12-12T08:04:14.0850001Z 8b4279216f7a3d37a76caf9300214aaf95196806
cursor-agent	Map Event Type to Config	ï»¿2025-12-12T08:04:14.1085186Z ##[group]Run EVENT_TYPE=""
cursor-agent	Map Event Type to Config	2025-12-12T08:04:14.1086431Z [36;1mEVENT_TYPE=""[0m
cursor-agent	Map Event Type to Config	2025-12-12T08:04:14.1087477Z [36;1m[0m
cursor-agent	Map Event Type to Config	2025-12-12T08:04:14.1088394Z [36;1mcase "$EVENT_TYPE" in[0m
cursor-agent	Map Event Type to Config	2025-12-12T08:04:14.1089504Z [36;1m  "story-clarification")[0m
cursor-agent	Map Event Type to Config	2025-12-12T08:04:14.1090807Z [36;1m    CONFIG="agents/story_questions.json"[0m
cursor-agent	Map Event Type to Config	2025-12-12T08:04:14.1092244Z [36;1m    ;;[0m
cursor-agent	Map Event Type to Config	2025-12-12T08:04:14.1093165Z [36;1m  "story-development")[0m
cursor-agent	Map Event Type to Config	2025-12-12T08:04:14.1094678Z [36;1m    CONFIG="agents/story_development.json"[0m
cursor-agent	Map Event Type to Config	2025-12-12T08:04:14.1095869Z [36;1m    ;;[0m
cursor-agent	Map Event Type to Config	2025-12-12T08:04:14.1096822Z [36;1m  "story-description")[0m
cursor-agent	Map Event Type to Config	2025-12-12T08:04:14.1098101Z [36;1m    CONFIG="agents/story_description.json"[0m
cursor-agent	Map Event Type to Config	2025-12-12T08:04:14.1099298Z [36;1m    ;;[0m
cursor-agent	Map Event Type to Config	2025-12-12T08:04:14.1100272Z [36;1m  "solution-design")[0m
cursor-agent	Map Event Type to Config	2025-12-12T08:04:14.1101471Z [36;1m    CONFIG="agents/story_solution_design.json"[0m
cursor-agent	Map Event Type to Config	2025-12-12T08:04:14.1102805Z [36;1m    ;;[0m
cursor-agent	Map Event Type to Config	2025-12-12T08:04:14.1104060Z [36;1m  "sd-core-description")[0m
cursor-agent	Map Event Type to Config	2025-12-12T08:04:14.1105485Z [36;1m    CONFIG="agents/sd_core_description.json"[0m
cursor-agent	Map Event Type to Config	2025-12-12T08:04:14.1106755Z [36;1m    ;;[0m
cursor-agent	Map Event Type to Config	2025-12-12T08:04:14.1107719Z [36;1m  "sd-api-description")[0m
cursor-agent	Map Event Type to Config	2025-12-12T08:04:14.1108933Z [36;1m    CONFIG="agents/sd_api_description.json"[0m
cursor-agent	Map Event Type to Config	2025-12-12T08:04:14.1110185Z [36;1m    ;;[0m
cursor-agent	Map Event Type to Config	2025-12-12T08:04:14.1111128Z [36;1m  "api-development")[0m
cursor-agent	Map Event Type to Config	2025-12-12T08:04:14.1112277Z [36;1m    CONFIG="agents/api_development.json"[0m
cursor-agent	Map Event Type to Config	2025-12-12T08:04:14.1113757Z [36;1m    ;;[0m
cursor-agent	Map Event Type to Config	2025-12-12T08:04:14.1114777Z [36;1m  "core-description")[0m
cursor-agent	Map Event Type to Config	2025-12-12T08:04:14.1115946Z [36;1m    CONFIG="agents/core_description.json"[0m
cursor-agent	Map Event Type to Config	2025-12-12T08:04:14.1117210Z [36;1m    ;;[0m
cursor-agent	Map Event Type to Config	2025-12-12T08:04:14.1118122Z [36;1m  "code-review")[0m
cursor-agent	Map Event Type to Config	2025-12-12T08:04:14.1119183Z [36;1m    CONFIG="agents/code_review.json"[0m
cursor-agent	Map Event Type to Config	2025-12-12T08:04:14.1120418Z [36;1m    ;;[0m
cursor-agent	Map Event Type to Config	2025-12-12T08:04:14.1121376Z [36;1m  "test-generation")[0m
cursor-agent	Map Event Type to Config	2025-12-12T08:04:14.1122589Z [36;1m    CONFIG="agents/test_cases_generator.json"[0m
cursor-agent	Map Event Type to Config	2025-12-12T08:04:14.1123916Z [36;1m    ;;[0m
cursor-agent	Map Event Type to Config	2025-12-12T08:04:14.1124789Z [36;1m  *)[0m
cursor-agent	Map Event Type to Config	2025-12-12T08:04:14.1125709Z [36;1m    CONFIG=""[0m
cursor-agent	Map Event Type to Config	2025-12-12T08:04:14.1126704Z [36;1m    ;;[0m
cursor-agent	Map Event Type to Config	2025-12-12T08:04:14.1127570Z [36;1mesac[0m
cursor-agent	Map Event Type to Config	2025-12-12T08:04:14.1128481Z [36;1m[0m
cursor-agent	Map Event Type to Config	2025-12-12T08:04:14.1129461Z [36;1mecho "config_file=${CONFIG}" >> $GITHUB_OUTPUT[0m
cursor-agent	Map Event Type to Config	2025-12-12T08:04:14.1131044Z [36;1mecho "Mapped event type '${EVENT_TYPE}' to config: ${CONFIG}"[0m
cursor-agent	Map Event Type to Config	2025-12-12T08:04:14.1171084Z shell: /usr/bin/bash -e {0}
cursor-agent	Map Event Type to Config	2025-12-12T08:04:14.1172226Z ##[endgroup]
cursor-agent	Map Event Type to Config	2025-12-12T08:04:14.1260055Z Mapped event type '' to config: 
cursor-agent	Prepare Configuration	ï»¿2025-12-12T08:04:14.1345457Z ##[group]Run # Determine config file from either webhook or manual input
cursor-agent	Prepare Configuration	2025-12-12T08:04:14.1347360Z [36;1m# Determine config file from either webhook or manual input[0m
cursor-agent	Prepare Configuration	2025-12-12T08:04:14.1349007Z [36;1mif [ "workflow_dispatch" = "repository_dispatch" ]; then[0m
cursor-agent	Prepare Configuration	2025-12-12T08:04:14.1350780Z [36;1m  # Use mapped config if available, otherwise use client_payload[0m
cursor-agent	Prepare Configuration	2025-12-12T08:04:14.1352227Z [36;1m  CONFIG_FILE=""[0m
cursor-agent	Prepare Configuration	2025-12-12T08:04:14.1353243Z [36;1m  ENCODED_CONFIG=""[0m
cursor-agent	Prepare Configuration	2025-12-12T08:04:14.1354709Z [36;1m  TICKET_KEY=""[0m
cursor-agent	Prepare Configuration	2025-12-12T08:04:14.1355822Z [36;1m  JQL_QUERY=""[0m
cursor-agent	Prepare Configuration	2025-12-12T08:04:14.1421297Z [36;1melse[0m
cursor-agent	Prepare Configuration	2025-12-12T08:04:14.1422753Z [36;1m  # Use provided config_file or default to agents/test_agent.json[0m
cursor-agent	Prepare Configuration	2025-12-12T08:04:14.1424495Z [36;1m  CONFIG_FILE="agents/test_agent.json"[0m
cursor-agent	Prepare Configuration	2025-12-12T08:04:14.1425692Z [36;1m  if [ -z "${CONFIG_FILE}" ]; then[0m
cursor-agent	Prepare Configuration	2025-12-12T08:04:14.1426882Z [36;1m    CONFIG_FILE="agents/test_agent.json"[0m
cursor-agent	Prepare Configuration	2025-12-12T08:04:14.1427971Z [36;1m  fi[0m
cursor-agent	Prepare Configuration	2025-12-12T08:04:14.1428842Z [36;1m  ENCODED_CONFIG=""[0m
cursor-agent	Prepare Configuration	2025-12-12T08:04:14.1429815Z [36;1m  TICKET_KEY=""[0m
cursor-agent	Prepare Configuration	2025-12-12T08:04:14.1430730Z [36;1m  JQL_QUERY=""[0m
cursor-agent	Prepare Configuration	2025-12-12T08:04:14.1431607Z [36;1mfi[0m
cursor-agent	Prepare Configuration	2025-12-12T08:04:14.1432364Z [36;1m[0m
cursor-agent	Prepare Configuration	2025-12-12T08:04:14.1433346Z [36;1mecho "config_file=${CONFIG_FILE}" >> $GITHUB_OUTPUT[0m
cursor-agent	Prepare Configuration	2025-12-12T08:04:14.1435070Z [36;1mecho "encoded_config=${ENCODED_CONFIG}" >> $GITHUB_OUTPUT[0m
cursor-agent	Prepare Configuration	2025-12-12T08:04:14.1436582Z [36;1mecho "ticket_key=${TICKET_KEY}" >> $GITHUB_OUTPUT[0m
cursor-agent	Prepare Configuration	2025-12-12T08:04:14.1437968Z [36;1mecho "jql_query=${JQL_QUERY}" >> $GITHUB_OUTPUT[0m
cursor-agent	Prepare Configuration	2025-12-12T08:04:14.1439113Z [36;1m[0m
cursor-agent	Prepare Configuration	2025-12-12T08:04:14.1439969Z [36;1mecho "Configuration: ${CONFIG_FILE}"[0m
cursor-agent	Prepare Configuration	2025-12-12T08:04:14.1441354Z [36;1mecho "Ticket: ${TICKET_KEY}"[0m
cursor-agent	Prepare Configuration	2025-12-12T08:04:14.1442404Z [36;1mecho "JQL: ${JQL_QUERY}"[0m
cursor-agent	Prepare Configuration	2025-12-12T08:04:14.1478213Z shell: /usr/bin/bash -e {0}
cursor-agent	Prepare Configuration	2025-12-12T08:04:14.1479177Z ##[endgroup]
cursor-agent	Prepare Configuration	2025-12-12T08:04:14.1545440Z Configuration: agents/test_agent.json
cursor-agent	Prepare Configuration	2025-12-12T08:04:14.1546863Z Ticket: 
cursor-agent	Prepare Configuration	2025-12-12T08:04:14.1548109Z JQL: 
cursor-agent	Setup Java Environment	ï»¿2025-12-12T08:04:14.1756128Z ##[group]Run actions/setup-java@v4
cursor-agent	Setup Java Environment	2025-12-12T08:04:14.1757180Z with:
cursor-agent	Setup Java Environment	2025-12-12T08:04:14.1757946Z   distribution: temurin
cursor-agent	Setup Java Environment	2025-12-12T08:04:14.1758799Z   java-version: 23
cursor-agent	Setup Java Environment	2025-12-12T08:04:14.1759609Z   java-package: jdk
cursor-agent	Setup Java Environment	2025-12-12T08:04:14.1760431Z   check-latest: false
cursor-agent	Setup Java Environment	2025-12-12T08:04:14.1761263Z   server-id: github
cursor-agent	Setup Java Environment	2025-12-12T08:04:14.1762104Z   server-username: GITHUB_ACTOR
cursor-agent	Setup Java Environment	2025-12-12T08:04:14.1763078Z   server-password: GITHUB_TOKEN
cursor-agent	Setup Java Environment	2025-12-12T08:04:14.1764266Z   overwrite-settings: true
cursor-agent	Setup Java Environment	2025-12-12T08:04:14.1765177Z   job-status: success
cursor-agent	Setup Java Environment	2025-12-12T08:04:14.1766271Z   token: ***
cursor-agent	Setup Java Environment	2025-12-12T08:04:14.1767059Z ##[endgroup]
cursor-agent	Setup Java Environment	2025-12-12T08:04:14.3777721Z ##[group]Installed distributions
cursor-agent	Setup Java Environment	2025-12-12T08:04:14.3842452Z Trying to resolve the latest version from remote
cursor-agent	Setup Java Environment	2025-12-12T08:04:14.9447441Z Resolved latest version as 23.0.2+7
cursor-agent	Setup Java Environment	2025-12-12T08:04:14.9449218Z Trying to download...
cursor-agent	Setup Java Environment	2025-12-12T08:04:14.9452260Z Downloading Java 23.0.2+7 (Temurin-Hotspot) from https://github.com/adoptium/temurin23-binaries/releases/download/jdk-23.0.2%2B7/OpenJDK23U-jdk_x64_linux_hotspot_23.0.2_7.tar.gz ...
cursor-agent	Setup Java Environment	2025-12-12T08:04:16.4083294Z Extracting Java archive...
cursor-agent	Setup Java Environment	2025-12-12T08:04:16.4233011Z [command]/usr/bin/tar xz --warning=no-unknown-keyword --overwrite -C /home/runner/work/_temp/ec7e9cfc-bbca-4e01-803d-f939effa1cff -f /home/runner/work/_temp/87decac7-e97d-4524-93fe-0a676bf18b84
cursor-agent	Setup Java Environment	2025-12-12T08:04:21.1089764Z Java 23.0.2+7 was downloaded
cursor-agent	Setup Java Environment	2025-12-12T08:04:21.1090348Z Setting Java 23.0.2+7 as the default
cursor-agent	Setup Java Environment	2025-12-12T08:04:21.1101918Z Creating toolchains.xml for JDK version 23 from temurin
cursor-agent	Setup Java Environment	2025-12-12T08:04:21.1178494Z Writing to /home/runner/.m2/toolchains.xml
cursor-agent	Setup Java Environment	2025-12-12T08:04:21.1179634Z 
cursor-agent	Setup Java Environment	2025-12-12T08:04:21.1179882Z Java configuration:
cursor-agent	Setup Java Environment	2025-12-12T08:04:21.1180273Z   Distribution: temurin
cursor-agent	Setup Java Environment	2025-12-12T08:04:21.1180647Z   Version: 23.0.2+7
cursor-agent	Setup Java Environment	2025-12-12T08:04:21.1181137Z   Path: /opt/hostedtoolcache/Java_Temurin-Hotspot_jdk/23.0.2-7/x64
cursor-agent	Setup Java Environment	2025-12-12T08:04:21.1181598Z 
cursor-agent	Setup Java Environment	2025-12-12T08:04:21.1181993Z ##[endgroup]
cursor-agent	Setup Java Environment	2025-12-12T08:04:21.1199982Z Creating settings.xml with server-id: github
cursor-agent	Setup Java Environment	2025-12-12T08:04:21.1200609Z Writing to /home/runner/.m2/settings.xml
cursor-agent	Install Cursor CLI	ï»¿2025-12-12T08:04:21.1334775Z ##[group]Run echo "Installing Cursor CLI..."
cursor-agent	Install Cursor CLI	2025-12-12T08:04:21.1335189Z [36;1mecho "Installing Cursor CLI..."[0m
cursor-agent	Install Cursor CLI	2025-12-12T08:04:21.1335551Z [36;1mcurl https://cursor.com/install -fsS | bash[0m
cursor-agent	Install Cursor CLI	2025-12-12T08:04:21.1335849Z [36;1m[0m
cursor-agent	Install Cursor CLI	2025-12-12T08:04:21.1336078Z [36;1mecho "Checking installation locations..."[0m
cursor-agent	Install Cursor CLI	2025-12-12T08:04:21.1336425Z [36;1mls -la "$HOME/.cursor/" || echo "No .cursor directory"[0m
cursor-agent	Install Cursor CLI	2025-12-12T08:04:21.1336813Z [36;1mls -la "$HOME/.cursor/bin/" || echo "No .cursor/bin directory"[0m
cursor-agent	Install Cursor CLI	2025-12-12T08:04:21.1337235Z [36;1mls -la "$HOME/.local/bin/" || echo "No .local/bin directory"[0m
cursor-agent	Install Cursor CLI	2025-12-12T08:04:21.1337572Z [36;1m[0m
cursor-agent	Install Cursor CLI	2025-12-12T08:04:21.1337836Z [36;1m# Cursor CLI installs to ~/.local/bin, not ~/.cursor/bin[0m
cursor-agent	Install Cursor CLI	2025-12-12T08:04:21.1338174Z [36;1mecho "$HOME/.local/bin" >> $GITHUB_PATH[0m
cursor-agent	Install Cursor CLI	2025-12-12T08:04:21.1338440Z [36;1m[0m
cursor-agent	Install Cursor CLI	2025-12-12T08:04:21.1338631Z [36;1m# Test installation[0m
cursor-agent	Install Cursor CLI	2025-12-12T08:04:21.1338915Z [36;1mexport PATH="$HOME/.local/bin:$PATH"[0m
cursor-agent	Install Cursor CLI	2025-12-12T08:04:21.1339266Z [36;1mif command -v cursor-agent; then[0m
cursor-agent	Install Cursor CLI	2025-12-12T08:04:21.1339609Z [36;1m  echo "âœ… cursor-agent found at: $(command -v cursor-agent)"[0m
cursor-agent	Install Cursor CLI	2025-12-12T08:04:21.1340024Z [36;1m  cursor-agent --version 2>&1 || echo "Version check failed"[0m
cursor-agent	Install Cursor CLI	2025-12-12T08:04:21.1340364Z [36;1melse[0m
cursor-agent	Install Cursor CLI	2025-12-12T08:04:21.1340616Z [36;1m  echo "âŒ cursor-agent not found after installation"[0m
cursor-agent	Install Cursor CLI	2025-12-12T08:04:21.1340948Z [36;1m  echo "Available files in .local/bin:"[0m
cursor-agent	Install Cursor CLI	2025-12-12T08:04:21.1341534Z [36;1m  ls -la "$HOME/.local/bin/" 2>/dev/null || echo "Directory does not exist"[0m
cursor-agent	Install Cursor CLI	2025-12-12T08:04:21.1341874Z [36;1mfi[0m
cursor-agent	Install Cursor CLI	2025-12-12T08:04:21.1377163Z shell: /usr/bin/bash -e {0}
cursor-agent	Install Cursor CLI	2025-12-12T08:04:21.1377428Z env:
cursor-agent	Install Cursor CLI	2025-12-12T08:04:21.1377731Z   JAVA_HOME: /opt/hostedtoolcache/Java_Temurin-Hotspot_jdk/23.0.2-7/x64
cursor-agent	Install Cursor CLI	2025-12-12T08:04:21.1378217Z   JAVA_HOME_23_X64: /opt/hostedtoolcache/Java_Temurin-Hotspot_jdk/23.0.2-7/x64
cursor-agent	Install Cursor CLI	2025-12-12T08:04:21.1378573Z ##[endgroup]
cursor-agent	Install Cursor CLI	2025-12-12T08:04:21.1434250Z Installing Cursor CLI...
cursor-agent	Install Cursor CLI	2025-12-12T08:04:21.4160168Z 
cursor-agent	Install Cursor CLI	2025-12-12T08:04:21.4161386Z [1mCursor Agent Installer[0m
cursor-agent	Install Cursor CLI	2025-12-12T08:04:21.4162140Z 
cursor-agent	Install Cursor CLI	2025-12-12T08:04:21.4163139Z [0;34mâ–¸[0m Detecting system architecture...
cursor-agent	Install Cursor CLI	2025-12-12T08:04:21.4196909Z [1A[2K[0;32mâœ“[0m Detected linux/x64
cursor-agent	Install Cursor CLI	2025-12-12T08:04:21.4197563Z [0;34mâ–¸[0m Creating installation directory...
cursor-agent	Install Cursor CLI	2025-12-12T08:04:21.4228001Z [1A[2K[0;32mâœ“[0m Directory created
cursor-agent	Install Cursor CLI	2025-12-12T08:04:21.4228687Z [0;34mâ–¸[0m Downloading Cursor Agent package...
cursor-agent	Install Cursor CLI	2025-12-12T08:04:21.4229993Z [2m  Download URL: https://downloads.cursor.com/lab/2025.11.25-d5b3271/linux/x64/agent-cli-package.tar.gz[0m
cursor-agent	Install Cursor CLI	2025-12-12T08:04:21.8141579Z #=#=#                                                                          
cursor-agent	Install Cursor CLI	2025-12-12T08:04:21.8142921Z 
cursor-agent	Install Cursor CLI	2025-12-12T08:04:22.0246170Z ##############                                                            20.1%
cursor-agent	Install Cursor CLI	2025-12-12T08:04:22.2330989Z ###########################                                               37.9%
cursor-agent	Install Cursor CLI	2025-12-12T08:04:22.4382329Z ########################################                                  55.9%
cursor-agent	Install Cursor CLI	2025-12-12T08:04:22.7076313Z #####################################################                     73.9%
cursor-agent	Install Cursor CLI	2025-12-12T08:04:22.8163430Z ##################################################################        91.8%
cursor-agent	Install Cursor CLI	2025-12-12T08:04:22.8164312Z ######################################################################## 100.0%
cursor-agent	Install Cursor CLI	2025-12-12T08:04:22.8222848Z [1A[2K[1A[2K[1A[2K[1A[2K[0;32mâœ“[0m Package downloaded and extracted
cursor-agent	Install Cursor CLI	2025-12-12T08:04:22.8224238Z [0;34mâ–¸[0m Finalizing installation...
cursor-agent	Install Cursor CLI	2025-12-12T08:04:22.8253165Z [1A[2K[0;32mâœ“[0m Package installed successfully
cursor-agent	Install Cursor CLI	2025-12-12T08:04:22.8254063Z [0;34mâ–¸[0m Creating bin directory...
cursor-agent	Install Cursor CLI	2025-12-12T08:04:22.8267157Z [1A[2K[0;32mâœ“[0m Bin directory ready
cursor-agent	Install Cursor CLI	2025-12-12T08:04:22.8267816Z [0;34mâ–¸[0m Creating symlink to cursor-agent executable...
cursor-agent	Install Cursor CLI	2025-12-12T08:04:22.8290676Z [1A[2K[0;32mâœ“[0m Symlink created
cursor-agent	Install Cursor CLI	2025-12-12T08:04:22.8291035Z 
cursor-agent	Install Cursor CLI	2025-12-12T08:04:22.8291303Z [1m[0;32mâœ¨ Installation Complete! [0m
cursor-agent	Install Cursor CLI	2025-12-12T08:04:22.8292027Z 
cursor-agent	Install Cursor CLI	2025-12-12T08:04:22.8292040Z 
cursor-agent	Install Cursor CLI	2025-12-12T08:04:22.8307573Z [1mNext Steps[0m
cursor-agent	Install Cursor CLI	2025-12-12T08:04:22.8307814Z 
cursor-agent	Install Cursor CLI	2025-12-12T08:04:22.8308068Z [1m1.[0m Add ~/.local/bin to your PATH:
cursor-agent	Install Cursor CLI	2025-12-12T08:04:22.8309247Z    [2mFor bash:[0m
cursor-agent	Install Cursor CLI	2025-12-12T08:04:22.8309853Z    [1m[0;34mecho 'export PATH="$HOME/.local/bin:$PATH"' >> ~/.bashrc[0m
cursor-agent	Install Cursor CLI	2025-12-12T08:04:22.8310380Z    [1m[0;34msource ~/.bashrc[0m
cursor-agent	Install Cursor CLI	2025-12-12T08:04:22.8310593Z 
cursor-agent	Install Cursor CLI	2025-12-12T08:04:22.8314509Z [1m2.[0m Start using Cursor Agent:
cursor-agent	Install Cursor CLI	2025-12-12T08:04:22.8315006Z    [1mcursor-agent[0m
cursor-agent	Install Cursor CLI	2025-12-12T08:04:22.8315245Z 
cursor-agent	Install Cursor CLI	2025-12-12T08:04:22.8315277Z 
cursor-agent	Install Cursor CLI	2025-12-12T08:04:22.8315506Z [1m[0;36mHappy coding! ðŸš€[0m
cursor-agent	Install Cursor CLI	2025-12-12T08:04:22.8315765Z 
cursor-agent	Install Cursor CLI	2025-12-12T08:04:22.8328574Z Checking installation locations...
cursor-agent	Install Cursor CLI	2025-12-12T08:04:22.8340650Z ls: cannot access '/home/runner/.cursor/': No such file or directory
cursor-agent	Install Cursor CLI	2025-12-12T08:04:22.8342820Z No .cursor directory
cursor-agent	Install Cursor CLI	2025-12-12T08:04:22.8353111Z ls: cannot access '/home/runner/.cursor/bin/': No such file or directory
cursor-agent	Install Cursor CLI	2025-12-12T08:04:22.8355423Z No .cursor/bin directory
cursor-agent	Install Cursor CLI	2025-12-12T08:04:22.8367932Z total 12
cursor-agent	Install Cursor CLI	2025-12-12T08:04:22.8368350Z drwxr-xr-x 2 runner runner 4096 Dec 12 08:04 .
cursor-agent	Install Cursor CLI	2025-12-12T08:04:22.8368871Z drwxr-xr-x 4 runner runner 4096 Dec 12 08:04 ..
cursor-agent	Install Cursor CLI	2025-12-12T08:04:22.8369938Z lrwxrwxrwx 1 runner runner   79 Dec 12 08:04 cursor-agent -> /home/runner/.local/share/cursor-agent/versions/2025.11.25-d5b3271/cursor-agent
cursor-agent	Install Cursor CLI	2025-12-12T08:04:22.8371492Z /home/runner/.local/bin/cursor-agent
cursor-agent	Install Cursor CLI	2025-12-12T08:04:22.8377630Z âœ… cursor-agent found at: /home/runner/.local/bin/cursor-agent
cursor-agent	Install Cursor CLI	2025-12-12T08:04:23.2010359Z 2025.11.25-d5b3271
cursor-agent	Install DMTools CLI	ï»¿2025-12-12T08:04:23.2133745Z ##[group]Run curl -fsSL https://github.com/IstiN/dmtools/releases/latest/download/install.sh | bash
cursor-agent	Install DMTools CLI	2025-12-12T08:04:23.2134526Z [36;1mcurl -fsSL https://github.com/IstiN/dmtools/releases/latest/download/install.sh | bash[0m
cursor-agent	Install DMTools CLI	2025-12-12T08:04:23.2135002Z [36;1mecho "$HOME/.dmtools/bin" >> $GITHUB_PATH[0m
cursor-agent	Install DMTools CLI	2025-12-12T08:04:23.2169849Z shell: /usr/bin/bash -e {0}
cursor-agent	Install DMTools CLI	2025-12-12T08:04:23.2170106Z env:
cursor-agent	Install DMTools CLI	2025-12-12T08:04:23.2170410Z   JAVA_HOME: /opt/hostedtoolcache/Java_Temurin-Hotspot_jdk/23.0.2-7/x64
cursor-agent	Install DMTools CLI	2025-12-12T08:04:23.2170889Z   JAVA_HOME_23_X64: /opt/hostedtoolcache/Java_Temurin-Hotspot_jdk/23.0.2-7/x64
cursor-agent	Install DMTools CLI	2025-12-12T08:04:23.2171260Z ##[endgroup]
cursor-agent	Install DMTools CLI	2025-12-12T08:04:23.5296672Z [0;32mðŸš€ Installing DMTools CLI...[0m
cursor-agent	Install DMTools CLI	2025-12-12T08:04:23.5297378Z [0;34mChecking Java installation...[0m
cursor-agent	Install DMTools CLI	2025-12-12T08:04:23.5622431Z [0;32mJava version detected: 23.0.2[0m
cursor-agent	Install DMTools CLI	2025-12-12T08:04:23.5625208Z [0;34mFetching latest release information...[0m
cursor-agent	Install DMTools CLI	2025-12-12T08:04:23.7490743Z [0;32mLatest version: v1.7.100[0m
cursor-agent	Install DMTools CLI	2025-12-12T08:04:23.7491401Z [0;34mCreating installation directory...[0m
cursor-agent	Install DMTools CLI	2025-12-12T08:04:23.7517070Z [0;34mDownloading DMTools JAR...[0m
cursor-agent	Install DMTools CLI	2025-12-12T08:04:24.7638779Z [0;34mDownloading DMTools shell script...[0m
cursor-agent	Install DMTools CLI	2025-12-12T08:04:25.1439851Z [0;34mUpdating shell configuration...[0m
cursor-agent	Install DMTools CLI	2025-12-12T08:04:25.2254510Z [0;32mUpdated /home/runner/.bashrc[0m
cursor-agent	Install DMTools CLI	2025-12-12T08:04:25.2695023Z [0;32mUpdated /home/runner/.bash_profile[0m
cursor-agent	Install DMTools CLI	2025-12-12T08:04:25.2715915Z [0;32mUpdated /home/runner/.profile[0m
cursor-agent	Install DMTools CLI	2025-12-12T08:04:25.2716570Z [0;34mVerifying installation...[0m
cursor-agent	Install DMTools CLI	2025-12-12T08:04:26.1240542Z [0;32mDMTools CLI installed successfully![0m
cursor-agent	Install DMTools CLI	2025-12-12T08:04:26.1241024Z 
cursor-agent	Install DMTools CLI	2025-12-12T08:04:26.1241399Z [0;32mðŸŽ‰ DMTools CLI installation completed![0m
cursor-agent	Install DMTools CLI	2025-12-12T08:04:26.1241775Z 
cursor-agent	Install DMTools CLI	2025-12-12T08:04:26.1241951Z To get started:
cursor-agent	Install DMTools CLI	2025-12-12T08:04:26.1242409Z   1. Restart your shell or run: source ~/.zshrc (or ~/.bashrc)
cursor-agent	Install DMTools CLI	2025-12-12T08:04:26.1242930Z   2. Run: dmtools list
cursor-agent	Install DMTools CLI	2025-12-12T08:04:26.1243368Z   3. Set up your integrations with environment variables:
cursor-agent	Install DMTools CLI	2025-12-12T08:04:26.1244182Z      export DMTOOLS_INTEGRATIONS=jira,confluence,figma
cursor-agent	Install DMTools CLI	2025-12-12T08:04:26.1244708Z      export JIRA_EMAIL=your-email@domain.com
cursor-agent	Install DMTools CLI	2025-12-12T08:04:26.1245182Z      export JIRA_API_TOKEN=your-jira-api-token
cursor-agent	Install DMTools CLI	2025-12-12T08:04:26.1245806Z      export JIRA_BASE_PATH=https://your-domain.atlassian.net
cursor-agent	Install DMTools CLI	2025-12-12T08:04:26.1246210Z 
cursor-agent	Install DMTools CLI	2025-12-12T08:04:26.1246349Z System Requirements:
cursor-agent	Install DMTools CLI	2025-12-12T08:04:26.1546617Z   âœ“ Java 23.0.2 detected
cursor-agent	Install DMTools CLI	2025-12-12T08:04:26.1547076Z 
cursor-agent	Install DMTools CLI	2025-12-12T08:04:26.1547302Z For more information, visit: https://github.com/IstiN/dmtools
cursor-agent	Verify DMTools and Cursor Installation	ï»¿2025-12-12T08:04:26.1588084Z ##[group]Run echo "Verifying installations..."
cursor-agent	Verify DMTools and Cursor Installation	2025-12-12T08:04:26.1588738Z [36;1mecho "Verifying installations..."[0m
cursor-agent	Verify DMTools and Cursor Installation	2025-12-12T08:04:26.1589379Z [36;1mexport PATH="$HOME/.local/bin:$HOME/.dmtools/bin:$PATH"[0m
cursor-agent	Verify DMTools and Cursor Installation	2025-12-12T08:04:26.1589990Z [36;1m[0m
cursor-agent	Verify DMTools and Cursor Installation	2025-12-12T08:04:26.1590343Z [36;1mecho "DMTools version:"[0m
cursor-agent	Verify DMTools and Cursor Installation	2025-12-12T08:04:26.1590879Z [36;1mdmtools --version || echo "âš ï¸ dmtools not found"[0m
cursor-agent	Verify DMTools and Cursor Installation	2025-12-12T08:04:26.1591407Z [36;1m[0m
cursor-agent	Verify DMTools and Cursor Installation	2025-12-12T08:04:26.1591744Z [36;1mecho "Cursor Agent version:"[0m
cursor-agent	Verify DMTools and Cursor Installation	2025-12-12T08:04:26.1592338Z [36;1mcursor-agent --version || echo "âš ï¸ cursor-agent not found"[0m
cursor-agent	Verify DMTools and Cursor Installation	2025-12-12T08:04:26.1592927Z [36;1m[0m
cursor-agent	Verify DMTools and Cursor Installation	2025-12-12T08:04:26.1593250Z [36;1mecho "PATH: $PATH"[0m
cursor-agent	Verify DMTools and Cursor Installation	2025-12-12T08:04:26.1641463Z shell: /usr/bin/bash -e {0}
cursor-agent	Verify DMTools and Cursor Installation	2025-12-12T08:04:26.1641940Z env:
cursor-agent	Verify DMTools and Cursor Installation	2025-12-12T08:04:26.1642452Z   JAVA_HOME: /opt/hostedtoolcache/Java_Temurin-Hotspot_jdk/23.0.2-7/x64
cursor-agent	Verify DMTools and Cursor Installation	2025-12-12T08:04:26.1643248Z   JAVA_HOME_23_X64: /opt/hostedtoolcache/Java_Temurin-Hotspot_jdk/23.0.2-7/x64
cursor-agent	Verify DMTools and Cursor Installation	2025-12-12T08:04:26.1644147Z ##[endgroup]
cursor-agent	Verify DMTools and Cursor Installation	2025-12-12T08:04:26.1719160Z Verifying installations...
cursor-agent	Verify DMTools and Cursor Installation	2025-12-12T08:04:26.1719699Z DMTools version:
cursor-agent	Verify DMTools and Cursor Installation	2025-12-12T08:04:26.7339329Z DMTools 1.7.100
cursor-agent	Verify DMTools and Cursor Installation	2025-12-12T08:04:26.7340670Z A comprehensive development management toolkit
cursor-agent	Verify DMTools and Cursor Installation	2025-12-12T08:04:26.7424739Z Cursor Agent version:
cursor-agent	Verify DMTools and Cursor Installation	2025-12-12T08:04:27.1127197Z 2025.11.25-d5b3271
cursor-agent	Verify DMTools and Cursor Installation	2025-12-12T08:04:27.1229945Z PATH: /home/runner/.local/bin:/home/runner/.dmtools/bin:/home/runner/.dmtools/bin:/home/runner/.local/bin:/opt/hostedtoolcache/Java_Temurin-Hotspot_jdk/23.0.2-7/x64/bin:/snap/bin:/home/runner/.local/bin:/opt/pipx_bin:/home/runner/.cargo/bin:/home/runner/.config/composer/vendor/bin:/usr/local/.ghcup/bin:/home/runner/.dotnet/tools:/usr/local/sbin:/usr/local/bin:/usr/sbin:/usr/bin:/sbin:/bin:/usr/games:/usr/local/games:/snap/bin
cursor-agent	Prepare Environment Variables	ï»¿2025-12-12T08:04:27.1259411Z ##[group]Run CONFIG_FILE="agents/test_agent.json"
cursor-agent	Prepare Environment Variables	2025-12-12T08:04:27.1259821Z [36;1mCONFIG_FILE="agents/test_agent.json"[0m
cursor-agent	Prepare Environment Variables	2025-12-12T08:04:27.1260087Z [36;1m[0m
cursor-agent	Prepare Environment Variables	2025-12-12T08:04:27.1260276Z [36;1m# Check if this is test_agent[0m
cursor-agent	Prepare Environment Variables	2025-12-12T08:04:27.1260582Z [36;1mif [[ "${CONFIG_FILE}" == *"test_agent.json"* ]]; then[0m
cursor-agent	Prepare Environment Variables	2025-12-12T08:04:27.1260935Z [36;1m  echo "is_test_agent=true" >> $GITHUB_OUTPUT[0m
cursor-agent	Prepare Environment Variables	2025-12-12T08:04:27.1261282Z [36;1m  echo "dmtools_integrations=cli,file" >> $GITHUB_OUTPUT[0m
cursor-agent	Prepare Environment Variables	2025-12-12T08:04:27.1261704Z [36;1m  echo "Test agent detected - will disable Jira/Confluence integrations"[0m
cursor-agent	Prepare Environment Variables	2025-12-12T08:04:27.1262059Z [36;1melse[0m
cursor-agent	Prepare Environment Variables	2025-12-12T08:04:27.1262290Z [36;1m  echo "is_test_agent=false" >> $GITHUB_OUTPUT[0m
cursor-agent	Prepare Environment Variables	2025-12-12T08:04:27.1262718Z [36;1m  echo "dmtools_integrations=jira,confluence,figma,ai,cli,file" >> $GITHUB_OUTPUT[0m
cursor-agent	Prepare Environment Variables	2025-12-12T08:04:27.1263112Z [36;1mfi[0m
cursor-agent	Prepare Environment Variables	2025-12-12T08:04:27.1295981Z shell: /usr/bin/bash -e {0}
cursor-agent	Prepare Environment Variables	2025-12-12T08:04:27.1296235Z env:
cursor-agent	Prepare Environment Variables	2025-12-12T08:04:27.1296585Z   JAVA_HOME: /opt/hostedtoolcache/Java_Temurin-Hotspot_jdk/23.0.2-7/x64
cursor-agent	Prepare Environment Variables	2025-12-12T08:04:27.1297059Z   JAVA_HOME_23_X64: /opt/hostedtoolcache/Java_Temurin-Hotspot_jdk/23.0.2-7/x64
cursor-agent	Prepare Environment Variables	2025-12-12T08:04:27.1297420Z ##[endgroup]
cursor-agent	Prepare Environment Variables	2025-12-12T08:04:27.1352737Z Test agent detected - will disable Jira/Confluence integrations
cursor-agent	Run AI Teammate	ï»¿2025-12-12T08:04:27.1425087Z ##[group]Run CONFIG_FILE="agents/test_agent.json"
cursor-agent	Run AI Teammate	2025-12-12T08:04:27.1426102Z [36;1mCONFIG_FILE="agents/test_agent.json"[0m
cursor-agent	Run AI Teammate	2025-12-12T08:04:27.1426394Z [36;1mENCODED_CONFIG=""[0m
cursor-agent	Run AI Teammate	2025-12-12T08:04:27.1426617Z [36;1m[0m
cursor-agent	Run AI Teammate	2025-12-12T08:04:27.1426877Z [36;1m# âœ… CRITICAL: Export PATH to ensure dmtools is available[0m
cursor-agent	Run AI Teammate	2025-12-12T08:04:27.1427285Z [36;1mexport PATH="$HOME/.local/bin:$HOME/.dmtools/bin:$PATH"[0m
cursor-agent	Run AI Teammate	2025-12-12T08:04:27.1427601Z [36;1m[0m
cursor-agent	Run AI Teammate	2025-12-12T08:04:27.1427954Z [36;1m# âœ… CRITICAL: Explicitly export DMTOOLS_INTEGRATIONS to ensure it's available to dmtools[0m
cursor-agent	Run AI Teammate	2025-12-12T08:04:27.1428415Z [36;1mexport DMTOOLS_INTEGRATIONS="cli,file"[0m
cursor-agent	Run AI Teammate	2025-12-12T08:04:27.1428681Z [36;1m[0m
cursor-agent	Run AI Teammate	2025-12-12T08:04:27.1428898Z [36;1mecho "Using configuration: ${CONFIG_FILE}"[0m
cursor-agent	Run AI Teammate	2025-12-12T08:04:27.1429167Z [36;1m[0m
cursor-agent	Run AI Teammate	2025-12-12T08:04:27.1429392Z [36;1m# âœ… Verify dmtools is available before proceeding[0m
cursor-agent	Run AI Teammate	2025-12-12T08:04:27.1429733Z [36;1mecho "=== Verifying dmtools installation ==="[0m
cursor-agent	Run AI Teammate	2025-12-12T08:04:27.1430112Z [36;1mif ! command -v dmtools >/dev/null 2>&1; then[0m
cursor-agent	Run AI Teammate	2025-12-12T08:04:27.1430425Z [36;1m  echo "âŒ dmtools command not found in PATH"[0m
cursor-agent	Run AI Teammate	2025-12-12T08:04:27.1430722Z [36;1m  echo "Current PATH: $PATH"[0m
cursor-agent	Run AI Teammate	2025-12-12T08:04:27.1431010Z [36;1m  echo "Checking installation locations:"[0m
cursor-agent	Run AI Teammate	2025-12-12T08:04:27.1431421Z [36;1m  ls -la "$HOME/.dmtools/bin/" 2>/dev/null || echo "  $HOME/.dmtools/bin/ does not exist"[0m
cursor-agent	Run AI Teammate	2025-12-12T08:04:27.1431913Z [36;1m  ls -la "$HOME/.local/bin/" 2>/dev/null || echo "  $HOME/.local/bin/ does not exist"[0m
cursor-agent	Run AI Teammate	2025-12-12T08:04:27.1432294Z [36;1m  echo "Trying to find dmtools:"[0m
cursor-agent	Run AI Teammate	2025-12-12T08:04:27.1432706Z [36;1m  find "$HOME" -name "dmtools" -type f 2>/dev/null | head -5 || echo "  dmtools not found in $HOME"[0m
cursor-agent	Run AI Teammate	2025-12-12T08:04:27.1433101Z [36;1m  exit 1[0m
cursor-agent	Run AI Teammate	2025-12-12T08:04:27.1433282Z [36;1mfi[0m
cursor-agent	Run AI Teammate	2025-12-12T08:04:27.1433661Z [36;1mecho "âœ… dmtools found at: $(command -v dmtools)"[0m
cursor-agent	Run AI Teammate	2025-12-12T08:04:27.1434264Z [36;1mdmtools --version || echo "âš ï¸ Version check failed, but continuing..."[0m
cursor-agent	Run AI Teammate	2025-12-12T08:04:27.1434651Z [36;1mecho "======================================"[0m
cursor-agent	Run AI Teammate	2025-12-12T08:04:27.1434925Z [36;1mecho ""[0m
cursor-agent	Run AI Teammate	2025-12-12T08:04:27.1435115Z [36;1m[0m
cursor-agent	Run AI Teammate	2025-12-12T08:04:27.1435300Z [36;1m# âœ… Check config file exists[0m
cursor-agent	Run AI Teammate	2025-12-12T08:04:27.1435567Z [36;1mif [ ! -f "${CONFIG_FILE}" ]; then[0m
cursor-agent	Run AI Teammate	2025-12-12T08:04:27.1435868Z [36;1m  echo "âŒ Config file not found: ${CONFIG_FILE}"[0m
cursor-agent	Run AI Teammate	2025-12-12T08:04:27.1436177Z [36;1m  echo "Available files in agents/:"[0m
cursor-agent	Run AI Teammate	2025-12-12T08:04:27.1436497Z [36;1m  ls -la agents/ || echo "agents/ directory not found"[0m
cursor-agent	Run AI Teammate	2025-12-12T08:04:27.1436787Z [36;1m  exit 1[0m
cursor-agent	Run AI Teammate	2025-12-12T08:04:27.1436972Z [36;1mfi[0m
cursor-agent	Run AI Teammate	2025-12-12T08:04:27.1437141Z [36;1m[0m
cursor-agent	Run AI Teammate	2025-12-12T08:04:27.1437395Z [36;1m# âœ… Ensure config file is writable (fix permission issues)[0m
cursor-agent	Run AI Teammate	2025-12-12T08:04:27.1437886Z [36;1mchmod 644 "${CONFIG_FILE}" || echo "âš ï¸ Could not change config file permissions (may be read-only)"[0m
cursor-agent	Run AI Teammate	2025-12-12T08:04:27.1438313Z [36;1m[0m
cursor-agent	Run AI Teammate	2025-12-12T08:04:27.1438617Z [36;1m# For test_agent, unset Jira/Confluence env vars to prevent initialization[0m
cursor-agent	Run AI Teammate	2025-12-12T08:04:27.1438993Z [36;1mif [[ "true" == "true" ]]; then[0m
cursor-agent	Run AI Teammate	2025-12-12T08:04:27.1439326Z [36;1m  echo "Test agent detected - unsetting Jira/Confluence env vars"[0m
cursor-agent	Run AI Teammate	2025-12-12T08:04:27.1439744Z [36;1m  # Unset Jira/Confluence env vars to prevent initialization[0m
cursor-agent	Run AI Teammate	2025-12-12T08:04:27.1440153Z [36;1m  unset JIRA_EMAIL JIRA_API_TOKEN JIRA_BASE_PATH JIRA_AUTH_TYPE[0m
cursor-agent	Run AI Teammate	2025-12-12T08:04:27.1440575Z [36;1m  unset JIRA_CLEAR_CACHE JIRA_EXTRA_FIELDS JIRA_EXTRA_FIELDS_PROJECT[0m
cursor-agent	Run AI Teammate	2025-12-12T08:04:27.1440977Z [36;1m  unset JIRA_LOGGING_ENABLED JIRA_WAIT_BEFORE_PERFORM[0m
cursor-agent	Run AI Teammate	2025-12-12T08:04:27.1441382Z [36;1m  unset CONFLUENCE_EMAIL CONFLUENCE_API_TOKEN CONFLUENCE_BASE_PATH[0m
cursor-agent	Run AI Teammate	2025-12-12T08:04:27.1441800Z [36;1m  unset CONFLUENCE_DEFAULT_SPACE CONFLUENCE_GRAPHQL_PATH[0m
cursor-agent	Run AI Teammate	2025-12-12T08:04:27.1442185Z [36;1m  echo "DMTOOLS_INTEGRATIONS: ${DMTOOLS_INTEGRATIONS}"[0m
cursor-agent	Run AI Teammate	2025-12-12T08:04:27.1442690Z [36;1m  echo "Jira/Confluence env vars unset"[0m
cursor-agent	Run AI Teammate	2025-12-12T08:04:27.1442953Z [36;1mfi[0m
cursor-agent	Run AI Teammate	2025-12-12T08:04:27.1443130Z [36;1m[0m
cursor-agent	Run AI Teammate	2025-12-12T08:04:27.1443438Z [36;1m# âœ… Ensure outputs directory exists and is writable with proper permissions[0m
cursor-agent	Run AI Teammate	2025-12-12T08:04:27.1443943Z [36;1mmkdir -p outputs inputs[0m
cursor-agent	Run AI Teammate	2025-12-12T08:04:27.1444201Z [36;1mchmod 755 outputs inputs || true[0m
cursor-agent	Run AI Teammate	2025-12-12T08:04:27.1444486Z [36;1m# Ensure current directory is writable[0m
cursor-agent	Run AI Teammate	2025-12-12T08:04:27.1444761Z [36;1mchmod 755 . || true[0m
cursor-agent	Run AI Teammate	2025-12-12T08:04:27.1445028Z [36;1mecho "Created outputs and inputs directories"[0m
cursor-agent	Run AI Teammate	2025-12-12T08:04:27.1445329Z [36;1mecho "Directory permissions:"[0m
cursor-agent	Run AI Teammate	2025-12-12T08:04:27.1445598Z [36;1mls -ld outputs inputs . || true[0m
cursor-agent	Run AI Teammate	2025-12-12T08:04:27.1445838Z [36;1m[0m
cursor-agent	Run AI Teammate	2025-12-12T08:04:27.1446159Z [36;1m# For test_agent, remove inputJql to prevent dmtools from trying to process tickets[0m
cursor-agent	Run AI Teammate	2025-12-12T08:04:27.1446682Z [36;1m# when integrations are disabled. This allows dmtools to skip ticket processing[0m
cursor-agent	Run AI Teammate	2025-12-12T08:04:27.1447130Z [36;1m# and proceed directly to executing cliCommands.[0m
cursor-agent	Run AI Teammate	2025-12-12T08:04:27.1447437Z [36;1mif [[ "true" == "true" ]]; then[0m
cursor-agent	Run AI Teammate	2025-12-12T08:04:27.1447815Z [36;1m  echo "Test agent detected - removing inputJql to skip ticket processing"[0m
cursor-agent	Run AI Teammate	2025-12-12T08:04:27.1448216Z [36;1m  TEMP_CONFIG="${CONFIG_FILE}.tmp"[0m
cursor-agent	Run AI Teammate	2025-12-12T08:04:27.1448472Z [36;1m  [0m
cursor-agent	Run AI Teammate	2025-12-12T08:04:27.1448749Z [36;1m  # Remove inputJql to prevent dmtools from trying to query tickets[0m
cursor-agent	Run AI Teammate	2025-12-12T08:04:27.1449261Z [36;1m  # Also ensure no ticket-related fields are present that might trigger ticket processing[0m
cursor-agent	Run AI Teammate	2025-12-12T08:04:27.1449928Z [36;1m  if jq 'del(.params.inputJql) | del(.params.ticketKey) | del(.params.jqlQuery)' "${CONFIG_FILE}" > "${TEMP_CONFIG}" 2>/dev/null; then[0m
cursor-agent	Run AI Teammate	2025-12-12T08:04:27.1450490Z [36;1m    if mv "${TEMP_CONFIG}" "${CONFIG_FILE}" 2>/dev/null; then[0m
cursor-agent	Run AI Teammate	2025-12-12T08:04:27.1450823Z [36;1m      chmod 644 "${CONFIG_FILE}" || true[0m
cursor-agent	Run AI Teammate	2025-12-12T08:04:27.1451404Z [36;1m      echo "âœ… Removed inputJql and ticket-related fields from config to skip ticket processing"[0m
cursor-agent	Run AI Teammate	2025-12-12T08:04:27.1451848Z [36;1m      # Verify removal was successful[0m
cursor-agent	Run AI Teammate	2025-12-12T08:04:27.1452206Z [36;1m      if jq -e '.params.inputJql' "${CONFIG_FILE}" > /dev/null 2>&1; then[0m
cursor-agent	Run AI Teammate	2025-12-12T08:04:27.1452666Z [36;1m        echo "âš ï¸ Warning: inputJql still exists in config after removal attempt"[0m
cursor-agent	Run AI Teammate	2025-12-12T08:04:27.1453025Z [36;1m      fi[0m
cursor-agent	Run AI Teammate	2025-12-12T08:04:27.1453208Z [36;1m    else[0m
cursor-agent	Run AI Teammate	2025-12-12T08:04:27.1453625Z [36;1m      CONFIG_FILE="$(realpath "${TEMP_CONFIG}" 2>/dev/null || echo "${TEMP_CONFIG}")"[0m
cursor-agent	Run AI Teammate	2025-12-12T08:04:27.1454017Z [36;1m      chmod 644 "${CONFIG_FILE}" || true[0m
cursor-agent	Run AI Teammate	2025-12-12T08:04:27.1454326Z [36;1m      echo "Using temp config file: ${CONFIG_FILE}"[0m
cursor-agent	Run AI Teammate	2025-12-12T08:04:27.1454613Z [36;1m    fi[0m
cursor-agent	Run AI Teammate	2025-12-12T08:04:27.1454795Z [36;1m  else[0m
cursor-agent	Run AI Teammate	2025-12-12T08:04:27.1455066Z [36;1m    echo "âš ï¸ Failed to remove inputJql (may not exist or jq error)"[0m
cursor-agent	Run AI Teammate	2025-12-12T08:04:27.1455417Z [36;1m    rm -f "${TEMP_CONFIG}"[0m
cursor-agent	Run AI Teammate	2025-12-12T08:04:27.1455654Z [36;1m  fi[0m
cursor-agent	Run AI Teammate	2025-12-12T08:04:27.1455833Z [36;1m  [0m
cursor-agent	Run AI Teammate	2025-12-12T08:04:27.1456124Z [36;1m  # Ensure ticketContextDepth is set (default to 0 for test agents)[0m
cursor-agent	Run AI Teammate	2025-12-12T08:04:27.1456600Z [36;1m  if ! jq -e '.params.ticketContextDepth' "${CONFIG_FILE}" > /dev/null 2>&1; then[0m
cursor-agent	Run AI Teammate	2025-12-12T08:04:27.1457039Z [36;1m    echo "Adding ticketContextDepth to test agent config"[0m
cursor-agent	Run AI Teammate	2025-12-12T08:04:27.1457372Z [36;1m    TEMP_CONFIG="${CONFIG_FILE}.tmp"[0m
cursor-agent	Run AI Teammate	2025-12-12T08:04:27.1457787Z [36;1m    if jq '.params.ticketContextDepth = 0' "${CONFIG_FILE}" > "${TEMP_CONFIG}" 2>/dev/null; then[0m
cursor-agent	Run AI Teammate	2025-12-12T08:04:27.1458245Z [36;1m      if mv "${TEMP_CONFIG}" "${CONFIG_FILE}" 2>/dev/null; then[0m
cursor-agent	Run AI Teammate	2025-12-12T08:04:27.1458571Z [36;1m        chmod 644 "${CONFIG_FILE}" || true[0m
cursor-agent	Run AI Teammate	2025-12-12T08:04:27.1458879Z [36;1m        echo "âœ… Added ticketContextDepth to config"[0m
cursor-agent	Run AI Teammate	2025-12-12T08:04:27.1459314Z [36;1m      else[0m
cursor-agent	Run AI Teammate	2025-12-12T08:04:27.1459634Z [36;1m        CONFIG_FILE="$(realpath "${TEMP_CONFIG}" 2>/dev/null || echo "${TEMP_CONFIG}")"[0m
cursor-agent	Run AI Teammate	2025-12-12T08:04:27.1460031Z [36;1m        chmod 644 "${CONFIG_FILE}" || true[0m
cursor-agent	Run AI Teammate	2025-12-12T08:04:27.1460288Z [36;1m      fi[0m
cursor-agent	Run AI Teammate	2025-12-12T08:04:27.1460466Z [36;1m    else[0m
cursor-agent	Run AI Teammate	2025-12-12T08:04:27.1460668Z [36;1m      rm -f "${TEMP_CONFIG}"[0m
cursor-agent	Run AI Teammate	2025-12-12T08:04:27.1460904Z [36;1m    fi[0m
cursor-agent	Run AI Teammate	2025-12-12T08:04:27.1461088Z [36;1m  fi[0m
cursor-agent	Run AI Teammate	2025-12-12T08:04:27.1461263Z [36;1m  [0m
cursor-agent	Run AI Teammate	2025-12-12T08:04:27.1461571Z [36;1m  # For test agents with disabled integrations, create empty inputs directory[0m
cursor-agent	Run AI Teammate	2025-12-12T08:04:27.1461998Z [36;1m  # to prevent dmtools from trying to process tickets[0m
cursor-agent	Run AI Teammate	2025-12-12T08:04:27.1462309Z [36;1m  mkdir -p inputs[0m
cursor-agent	Run AI Teammate	2025-12-12T08:04:27.1462641Z [36;1m  touch inputs/.gitkeep || true[0m
cursor-agent	Run AI Teammate	2025-12-12T08:04:27.1462981Z [36;1m  echo "Created empty inputs directory for test agent"[0m
cursor-agent	Run AI Teammate	2025-12-12T08:04:27.1463278Z [36;1m  [0m
cursor-agent	Run AI Teammate	2025-12-12T08:04:27.1463680Z [36;1m  echo "Final test agent config:"[0m
cursor-agent	Run AI Teammate	2025-12-12T08:04:27.1464036Z [36;1m  cat "${CONFIG_FILE}" | jq '.' || cat "${CONFIG_FILE}"[0m
cursor-agent	Run AI Teammate	2025-12-12T08:04:27.1464324Z [36;1m  [0m
cursor-agent	Run AI Teammate	2025-12-12T08:04:27.1464561Z [36;1m  # Validate that inputJql was successfully removed[0m
cursor-agent	Run AI Teammate	2025-12-12T08:04:27.1464942Z [36;1m  if jq -e '.params.inputJql' "${CONFIG_FILE}" > /dev/null 2>&1; then[0m
cursor-agent	Run AI Teammate	2025-12-12T08:04:27.1465430Z [36;1m    echo "âš ï¸ Warning: inputJql still exists in config, attempting to set to empty string"[0m
cursor-agent	Run AI Teammate	2025-12-12T08:04:27.1465845Z [36;1m    TEMP_CONFIG="${CONFIG_FILE}.tmp"[0m
cursor-agent	Run AI Teammate	2025-12-12T08:04:27.1466221Z [36;1m    if jq '.params.inputJql = ""' "${CONFIG_FILE}" > "${TEMP_CONFIG}" 2>/dev/null; then[0m
cursor-agent	Run AI Teammate	2025-12-12T08:04:27.1466696Z [36;1m      mv "${TEMP_CONFIG}" "${CONFIG_FILE}" 2>/dev/null || CONFIG_FILE="${TEMP_CONFIG}"[0m
cursor-agent	Run AI Teammate	2025-12-12T08:04:27.1467074Z [36;1m      chmod 644 "${CONFIG_FILE}" || true[0m
cursor-agent	Run AI Teammate	2025-12-12T08:04:27.1467488Z [36;1m    fi[0m
cursor-agent	Run AI Teammate	2025-12-12T08:04:27.1467677Z [36;1m  fi[0m
cursor-agent	Run AI Teammate	2025-12-12T08:04:27.1467857Z [36;1m  [0m
cursor-agent	Run AI Teammate	2025-12-12T08:04:27.1468182Z [36;1m  # Ensure GEMINI_API_KEY is set (even if empty) for test agent to prevent validation errors[0m
cursor-agent	Run AI Teammate	2025-12-12T08:04:27.1468677Z [36;1m  # dmtools may require GEMINI_API_KEY even when skipAIProcessing=true[0m
cursor-agent	Run AI Teammate	2025-12-12T08:04:27.1469050Z [36;1m  if [ -z "${GEMINI_API_KEY}" ]; then[0m
cursor-agent	Run AI Teammate	2025-12-12T08:04:27.1469388Z [36;1m    export GEMINI_API_KEY="test-dummy-key-for-test-agent"[0m
cursor-agent	Run AI Teammate	2025-12-12T08:04:27.1469788Z [36;1m    echo "âš ï¸ GEMINI_API_KEY not set, using dummy value for test agent"[0m
cursor-agent	Run AI Teammate	2025-12-12T08:04:27.1470113Z [36;1m  else[0m
cursor-agent	Run AI Teammate	2025-12-12T08:04:27.1470342Z [36;1m    export GEMINI_API_KEY="${GEMINI_API_KEY}"[0m
cursor-agent	Run AI Teammate	2025-12-12T08:04:27.1470632Z [36;1m    echo "GEMINI_API_KEY is set"[0m
cursor-agent	Run AI Teammate	2025-12-12T08:04:27.1470882Z [36;1m  fi[0m
cursor-agent	Run AI Teammate	2025-12-12T08:04:27.1471057Z [36;1mfi[0m
cursor-agent	Run AI Teammate	2025-12-12T08:04:27.1471230Z [36;1m[0m
cursor-agent	Run AI Teammate	2025-12-12T08:04:27.1471459Z [36;1m# âœ… Ensure CONFIG_FILE is absolute path for dmtools[0m
cursor-agent	Run AI Teammate	2025-12-12T08:04:27.1471894Z [36;1mCONFIG_FILE="$(realpath "${CONFIG_FILE}" 2>/dev/null || echo "${CONFIG_FILE}")"[0m
cursor-agent	Run AI Teammate	2025-12-12T08:04:27.1472301Z [36;1mecho "Final config file path: ${CONFIG_FILE}"[0m
cursor-agent	Run AI Teammate	2025-12-12T08:04:27.1472575Z [36;1m[0m
cursor-agent	Run AI Teammate	2025-12-12T08:04:27.1472855Z [36;1m# âœ… Final permission and accessibility checks before running dmtools[0m
cursor-agent	Run AI Teammate	2025-12-12T08:04:27.1473200Z [36;1mecho ""[0m
cursor-agent	Run AI Teammate	2025-12-12T08:04:27.1473413Z [36;1mecho "=== Pre-flight checks ==="[0m
cursor-agent	Run AI Teammate	2025-12-12T08:04:27.1473795Z [36;1mif [ ! -f "${CONFIG_FILE}" ]; then[0m
cursor-agent	Run AI Teammate	2025-12-12T08:04:27.1474107Z [36;1m  echo "âŒ Config file does not exist: ${CONFIG_FILE}"[0m
cursor-agent	Run AI Teammate	2025-12-12T08:04:27.1474396Z [36;1m  exit 1[0m
cursor-agent	Run AI Teammate	2025-12-12T08:04:27.1474585Z [36;1mfi[0m
cursor-agent	Run AI Teammate	2025-12-12T08:04:27.1474779Z [36;1mif [ ! -r "${CONFIG_FILE}" ]; then[0m
cursor-agent	Run AI Teammate	2025-12-12T08:04:27.1475098Z [36;1m  echo "âŒ Config file is not readable: ${CONFIG_FILE}"[0m
cursor-agent	Run AI Teammate	2025-12-12T08:04:27.1475394Z [36;1m  exit 1[0m
cursor-agent	Run AI Teammate	2025-12-12T08:04:27.1475592Z [36;1mfi[0m
cursor-agent	Run AI Teammate	2025-12-12T08:04:27.1475941Z [36;1mecho "âœ… Config file exists and is readable"[0m
cursor-agent	Run AI Teammate	2025-12-12T08:04:27.1476212Z [36;1m[0m
cursor-agent	Run AI Teammate	2025-12-12T08:04:27.1476400Z [36;1mif [ ! -d "outputs" ]; then[0m
cursor-agent	Run AI Teammate	2025-12-12T08:04:27.1476682Z [36;1m  echo "âŒ Outputs directory does not exist"[0m
cursor-agent	Run AI Teammate	2025-12-12T08:04:27.1476951Z [36;1m  exit 1[0m
cursor-agent	Run AI Teammate	2025-12-12T08:04:27.1477129Z [36;1mfi[0m
cursor-agent	Run AI Teammate	2025-12-12T08:04:27.1477311Z [36;1mif [ ! -w "outputs" ]; then[0m
cursor-agent	Run AI Teammate	2025-12-12T08:04:27.1477587Z [36;1m  echo "âŒ Outputs directory is not writable"[0m
cursor-agent	Run AI Teammate	2025-12-12T08:04:27.1477878Z [36;1m  chmod 755 outputs || exit 1[0m
cursor-agent	Run AI Teammate	2025-12-12T08:04:27.1478114Z [36;1mfi[0m
cursor-agent	Run AI Teammate	2025-12-12T08:04:27.1478346Z [36;1mecho "âœ… Outputs directory exists and is writable"[0m
cursor-agent	Run AI Teammate	2025-12-12T08:04:27.1478647Z [36;1mecho "=========================="[0m
cursor-agent	Run AI Teammate	2025-12-12T08:04:27.1478886Z [36;1mecho ""[0m
cursor-agent	Run AI Teammate	2025-12-12T08:04:27.1479071Z [36;1m[0m
cursor-agent	Run AI Teammate	2025-12-12T08:04:27.1479298Z [36;1m# Validate config file JSON syntax before running[0m
cursor-agent	Run AI Teammate	2025-12-12T08:04:27.1479638Z [36;1mecho "Validating config file JSON syntax..."[0m
cursor-agent	Run AI Teammate	2025-12-12T08:04:27.1479970Z [36;1mif ! jq empty "${CONFIG_FILE}" 2>/dev/null; then[0m
cursor-agent	Run AI Teammate	2025-12-12T08:04:27.1480292Z [36;1m  echo "âŒ Config file has invalid JSON syntax"[0m
cursor-agent	Run AI Teammate	2025-12-12T08:04:27.1480583Z [36;1m  echo "Config file content:"[0m
cursor-agent	Run AI Teammate	2025-12-12T08:04:27.1480836Z [36;1m  cat "${CONFIG_FILE}"[0m
cursor-agent	Run AI Teammate	2025-12-12T08:04:27.1481067Z [36;1m  exit 1[0m
cursor-agent	Run AI Teammate	2025-12-12T08:04:27.1481250Z [36;1mfi[0m
cursor-agent	Run AI Teammate	2025-12-12T08:04:27.1481451Z [36;1mecho "âœ… Config file JSON is valid"[0m
cursor-agent	Run AI Teammate	2025-12-12T08:04:27.1481700Z [36;1m[0m
cursor-agent	Run AI Teammate	2025-12-12T08:04:27.1481902Z [36;1m# Debug: Show environment before running[0m
cursor-agent	Run AI Teammate	2025-12-12T08:04:27.1482183Z [36;1mecho "=== Environment Debug ==="[0m
cursor-agent	Run AI Teammate	2025-12-12T08:04:27.1482501Z [36;1mecho "DMTOOLS_INTEGRATIONS: ${DMTOOLS_INTEGRATIONS}"[0m
cursor-agent	Run AI Teammate	2025-12-12T08:04:27.1482843Z [36;1mecho "JIRA_EMAIL: ${JIRA_EMAIL:-<not set>}"[0m
cursor-agent	Run AI Teammate	2025-12-12T08:04:27.1483172Z [36;1mecho "JIRA_BASE_PATH: ${JIRA_BASE_PATH:-<not set>}"[0m
cursor-agent	Run AI Teammate	2025-12-12T08:04:27.1483704Z [36;1mecho "PATH: $PATH"[0m
cursor-agent	Run AI Teammate	2025-12-12T08:04:27.1483946Z [36;1mecho "========================="[0m
cursor-agent	Run AI Teammate	2025-12-12T08:04:27.1484174Z [36;1m[0m
cursor-agent	Run AI Teammate	2025-12-12T08:04:27.1484390Z [36;1m# Run dmtools with improved error handling[0m
cursor-agent	Run AI Teammate	2025-12-12T08:04:27.1484660Z [36;1mecho ""[0m
cursor-agent	Run AI Teammate	2025-12-12T08:04:27.1484875Z [36;1mecho "=== Running dmtools ==="[0m
cursor-agent	Run AI Teammate	2025-12-12T08:04:27.1485144Z [36;1mecho "Config file: ${CONFIG_FILE}"[0m
cursor-agent	Run AI Teammate	2025-12-12T08:04:27.1485461Z [36;1mecho "DMTOOLS_INTEGRATIONS: ${DMTOOLS_INTEGRATIONS}"[0m
cursor-agent	Run AI Teammate	2025-12-12T08:04:27.1485873Z [36;1mecho "GEMINI_API_KEY: ${GEMINI_API_KEY:+<set>}${GEMINI_API_KEY:-<not set>}"[0m
cursor-agent	Run AI Teammate	2025-12-12T08:04:27.1486244Z [36;1mecho "Working directory: $(pwd)"[0m
cursor-agent	Run AI Teammate	2025-12-12T08:04:27.1486515Z [36;1mecho "Directory permissions:"[0m
cursor-agent	Run AI Teammate	2025-12-12T08:04:27.1486806Z [36;1mls -ld . outputs inputs 2>/dev/null || true[0m
cursor-agent	Run AI Teammate	2025-12-12T08:04:27.1487076Z [36;1m[0m
cursor-agent	Run AI Teammate	2025-12-12T08:04:27.1487324Z [36;1m# âœ… Ensure we have write permissions in current directory[0m
cursor-agent	Run AI Teammate	2025-12-12T08:04:27.1487935Z [36;1mtouch .write-test 2>/dev/null && rm -f .write-test && echo "âœ… Current directory is writable" || echo "âš ï¸ Current directory may not be writable"[0m
cursor-agent	Run AI Teammate	2025-12-12T08:04:27.1488457Z [36;1m[0m
cursor-agent	Run AI Teammate	2025-12-12T08:04:27.1488728Z [36;1m# Run with explicit environment variables to ensure dmtools sees them[0m
cursor-agent	Run AI Teammate	2025-12-12T08:04:27.1489153Z [36;1m# Capture both stdout and stderr, and also save exit code[0m
cursor-agent	Run AI Teammate	2025-12-12T08:04:27.1489586Z [36;1m# Use a reliable method: run command, capture output to file, then display it[0m
cursor-agent	Run AI Teammate	2025-12-12T08:04:27.1490015Z [36;1mset +e  # Don't exit on error, we'll handle it manually[0m
cursor-agent	Run AI Teammate	2025-12-12T08:04:27.1490308Z [36;1m[0m
cursor-agent	Run AI Teammate	2025-12-12T08:04:27.1490595Z [36;1m# Add Java debugging - enable verbose logging for better error visibility[0m
cursor-agent	Run AI Teammate	2025-12-12T08:04:27.1490994Z [36;1m# This helps diagnose dmtools execution issues[0m
cursor-agent	Run AI Teammate	2025-12-12T08:04:27.1491408Z [36;1mexport JAVA_OPTS="${JAVA_OPTS:-} -Djava.util.logging.ConsoleHandler.level=INFO"[0m
cursor-agent	Run AI Teammate	2025-12-12T08:04:27.1491783Z [36;1m[0m
cursor-agent	Run AI Teammate	2025-12-12T08:04:27.1492053Z [36;1m# For test agents, enable even more verbose logging[0m
cursor-agent	Run AI Teammate	2025-12-12T08:04:27.1492507Z [36;1mif [[ "true" == "true" ]]; then[0m
cursor-agent	Run AI Teammate	2025-12-12T08:04:27.1492878Z [36;1m  export JAVA_OPTS="${JAVA_OPTS} -Djava.util.logging.ConsoleHandler.level=FINE"[0m
cursor-agent	Run AI Teammate	2025-12-12T08:04:27.1493292Z [36;1m  echo "Verbose logging enabled for test agent"[0m
cursor-agent	Run AI Teammate	2025-12-12T08:04:27.1493654Z [36;1mfi[0m
cursor-agent	Run AI Teammate	2025-12-12T08:04:27.1493821Z [36;1m[0m
cursor-agent	Run AI Teammate	2025-12-12T08:04:27.1494139Z [36;1m# For test agents, ensure CI environment is properly set to allow null TrackerClient[0m
cursor-agent	Run AI Teammate	2025-12-12T08:04:27.1494537Z [36;1mif [[ "true" == "true" ]]; then[0m
cursor-agent	Run AI Teammate	2025-12-12T08:04:27.1494783Z [36;1m  export CI=true[0m
cursor-agent	Run AI Teammate	2025-12-12T08:04:27.1495079Z [36;1m  echo "Set CI=true for test agent to allow null TrackerClient"[0m
cursor-agent	Run AI Teammate	2025-12-12T08:04:27.1495392Z [36;1mfi[0m
cursor-agent	Run AI Teammate	2025-12-12T08:04:27.1495562Z [36;1m[0m
cursor-agent	Run AI Teammate	2025-12-12T08:04:27.1495792Z [36;1m# Ensure GEMINI_API_KEY is set before running dmtools[0m
cursor-agent	Run AI Teammate	2025-12-12T08:04:27.1496174Z [36;1m# dmtools may require this even when skipAIProcessing=true[0m
cursor-agent	Run AI Teammate	2025-12-12T08:04:27.1496561Z [36;1mif [ -z "${GEMINI_API_KEY}" ] && [[ "true" == "true" ]]; then[0m
cursor-agent	Run AI Teammate	2025-12-12T08:04:27.1496939Z [36;1m  export GEMINI_API_KEY="test-dummy-key-for-test-agent"[0m
cursor-agent	Run AI Teammate	2025-12-12T08:04:27.1497341Z [36;1m  echo "âš ï¸ GEMINI_API_KEY not set, using dummy value for test agent"[0m
cursor-agent	Run AI Teammate	2025-12-12T08:04:27.1497665Z [36;1mfi[0m
cursor-agent	Run AI Teammate	2025-12-12T08:04:27.1497834Z [36;1m[0m
cursor-agent	Run AI Teammate	2025-12-12T08:04:27.1498022Z [36;1mif [ -n "${ENCODED_CONFIG}" ]; then[0m
cursor-agent	Run AI Teammate	2025-12-12T08:04:27.1498296Z [36;1m  echo "Encoded config provided"[0m
cursor-agent	Run AI Teammate	2025-12-12T08:04:27.1498577Z [36;1m  # Run dmtools and capture all output[0m
cursor-agent	Run AI Teammate	2025-12-12T08:04:27.1498945Z [36;1m  # Use explicit environment to ensure dmtools sees all required vars[0m
cursor-agent	Run AI Teammate	2025-12-12T08:04:27.1499352Z [36;1m  env DMTOOLS_INTEGRATIONS="${DMTOOLS_INTEGRATIONS}" \[0m
cursor-agent	Run AI Teammate	2025-12-12T08:04:27.1499690Z [36;1m      GEMINI_API_KEY="${GEMINI_API_KEY:-}" \[0m
cursor-agent	Run AI Teammate	2025-12-12T08:04:27.1499970Z [36;1m      JAVA_OPTS="${JAVA_OPTS}" \[0m
cursor-agent	Run AI Teammate	2025-12-12T08:04:27.1500353Z [36;1m      CI="${CI:-false}" \[0m
cursor-agent	Run AI Teammate	2025-12-12T08:04:27.1500712Z [36;1m    dmtools run "${CONFIG_FILE}" "${ENCODED_CONFIG}" > /tmp/dmtools-output.log 2>&1[0m
cursor-agent	Run AI Teammate	2025-12-12T08:04:27.1501083Z [36;1m  EXIT_CODE=$?[0m
cursor-agent	Run AI Teammate	2025-12-12T08:04:27.1501287Z [36;1melse[0m
cursor-agent	Run AI Teammate	2025-12-12T08:04:27.1501489Z [36;1m  echo "No encoded config"[0m
cursor-agent	Run AI Teammate	2025-12-12T08:04:27.1501755Z [36;1m  # Run dmtools and capture all output[0m
cursor-agent	Run AI Teammate	2025-12-12T08:04:27.1502113Z [36;1m  # Use explicit environment to ensure dmtools sees all required vars[0m
cursor-agent	Run AI Teammate	2025-12-12T08:04:27.1502523Z [36;1m  env DMTOOLS_INTEGRATIONS="${DMTOOLS_INTEGRATIONS}" \[0m
cursor-agent	Run AI Teammate	2025-12-12T08:04:27.1502856Z [36;1m      GEMINI_API_KEY="${GEMINI_API_KEY:-}" \[0m
cursor-agent	Run AI Teammate	2025-12-12T08:04:27.1503137Z [36;1m      JAVA_OPTS="${JAVA_OPTS}" \[0m
cursor-agent	Run AI Teammate	2025-12-12T08:04:27.1503392Z [36;1m      CI="${CI:-false}" \[0m
cursor-agent	Run AI Teammate	2025-12-12T08:04:27.1503937Z [36;1m    dmtools run "${CONFIG_FILE}" > /tmp/dmtools-output.log 2>&1[0m
cursor-agent	Run AI Teammate	2025-12-12T08:04:27.1504270Z [36;1m  EXIT_CODE=$?[0m
cursor-agent	Run AI Teammate	2025-12-12T08:04:27.1504470Z [36;1mfi[0m
cursor-agent	Run AI Teammate	2025-12-12T08:04:27.1504644Z [36;1m[0m
cursor-agent	Run AI Teammate	2025-12-12T08:04:27.1504828Z [36;1m# Display the output[0m
cursor-agent	Run AI Teammate	2025-12-12T08:04:27.1505073Z [36;1mcat /tmp/dmtools-output.log[0m
cursor-agent	Run AI Teammate	2025-12-12T08:04:27.1505308Z [36;1m[0m
cursor-agent	Run AI Teammate	2025-12-12T08:04:27.1505528Z [36;1m# Check for common error patterns in the output[0m
cursor-agent	Run AI Teammate	2025-12-12T08:04:27.1505813Z [36;1mif [ $EXIT_CODE -ne 0 ]; then[0m
cursor-agent	Run AI Teammate	2025-12-12T08:04:27.1506054Z [36;1m  echo ""[0m
cursor-agent	Run AI Teammate	2025-12-12T08:04:27.1506298Z [36;1m  echo "=== Analyzing dmtools output for errors ==="[0m
cursor-agent	Run AI Teammate	2025-12-12T08:04:27.1506579Z [36;1m  [0m
cursor-agent	Run AI Teammate	2025-12-12T08:04:27.1506852Z [36;1m  # Check for specific error patterns including permission errors[0m
cursor-agent	Run AI Teammate	2025-12-12T08:04:27.1507657Z [36;1m  if grep -iE "exception|error|failed|cannot|unable|permission|denied|access|read-only|cannot write|cannot create|authentication|authorization" /tmp/dmtools-output.log 2>/dev/null; then[0m
cursor-agent	Run AI Teammate	2025-12-12T08:04:27.1508409Z [36;1m    echo "Found error patterns in output (see above)"[0m
cursor-agent	Run AI Teammate	2025-12-12T08:04:27.1508840Z [36;1m    echo ""[0m
cursor-agent	Run AI Teammate	2025-12-12T08:04:27.1509069Z [36;1m    echo "=== Extracted error messages ==="[0m
cursor-agent	Run AI Teammate	2025-12-12T08:04:27.1509597Z [36;1m    grep -iE "exception|error|failed|cannot|unable|permission|denied|access" /tmp/dmtools-output.log 2>/dev/null | head -20[0m
cursor-agent	Run AI Teammate	2025-12-12T08:04:27.1510119Z [36;1m    echo "================================="[0m
cursor-agent	Run AI Teammate	2025-12-12T08:04:27.1510370Z [36;1m  else[0m
cursor-agent	Run AI Teammate	2025-12-12T08:04:27.1510661Z [36;1m    echo "No obvious error patterns found, but exit code is $EXIT_CODE"[0m
cursor-agent	Run AI Teammate	2025-12-12T08:04:27.1511015Z [36;1m  fi[0m
cursor-agent	Run AI Teammate	2025-12-12T08:04:27.1511187Z [36;1m  [0m
cursor-agent	Run AI Teammate	2025-12-12T08:04:27.1511482Z [36;1m  # Check if dmtools completed initialization but failed during execution[0m
cursor-agent	Run AI Teammate	2025-12-12T08:04:27.1512141Z [36;1m  if grep -i "Initializing Teammate\|Created fresh job instance\|Injecting dependencies" /tmp/dmtools-output.log 2>/dev/null; then[0m
cursor-agent	Run AI Teammate	2025-12-12T08:04:27.1512673Z [36;1m    echo ""[0m
cursor-agent	Run AI Teammate	2025-12-12T08:04:27.1512990Z [36;1m    echo "âš ï¸ dmtools initialized successfully but failed during execution"[0m
cursor-agent	Run AI Teammate	2025-12-12T08:04:27.1513767Z [36;1m    echo "This suggests the failure occurred after initialization, possibly during ticket processing or cliCommands execution"[0m
cursor-agent	Run AI Teammate	2025-12-12T08:04:27.1514285Z [36;1m  fi[0m
cursor-agent	Run AI Teammate	2025-12-12T08:04:27.1514462Z [36;1m  [0m
cursor-agent	Run AI Teammate	2025-12-12T08:04:27.1514665Z [36;1m  # Show last 50 lines for better context[0m
cursor-agent	Run AI Teammate	2025-12-12T08:04:27.1514928Z [36;1m  echo ""[0m
cursor-agent	Run AI Teammate	2025-12-12T08:04:27.1515155Z [36;1m  echo "Last 50 lines of dmtools output:"[0m
cursor-agent	Run AI Teammate	2025-12-12T08:04:27.1515564Z [36;1m  tail -50 /tmp/dmtools-output.log 2>/dev/null || echo "Could not read output log"[0m
cursor-agent	Run AI Teammate	2025-12-12T08:04:27.1515941Z [36;1m  [0m
cursor-agent	Run AI Teammate	2025-12-12T08:04:27.1516218Z [36;1m  # Check if cliCommands were executed by looking for their output[0m
cursor-agent	Run AI Teammate	2025-12-12T08:04:27.1516559Z [36;1m  echo ""[0m
cursor-agent	Run AI Teammate	2025-12-12T08:04:27.1516801Z [36;1m  echo "=== Checking if cliCommands executed ==="[0m
cursor-agent	Run AI Teammate	2025-12-12T08:04:27.1517341Z [36;1m  if grep -i "Hello from AI Teammate\|Test Result\|Agent executed successfully" /tmp/dmtools-output.log 2>/dev/null; then[0m
cursor-agent	Run AI Teammate	2025-12-12T08:04:27.1518070Z [36;1m    echo "âœ… cliCommands appear to have executed (found expected output)"[0m
cursor-agent	Run AI Teammate	2025-12-12T08:04:27.1518421Z [36;1m  else[0m
cursor-agent	Run AI Teammate	2025-12-12T08:04:27.1518714Z [36;1m    echo "âŒ cliCommands may not have executed (expected output not found)"[0m
cursor-agent	Run AI Teammate	2025-12-12T08:04:27.1519060Z [36;1m  fi[0m
cursor-agent	Run AI Teammate	2025-12-12T08:04:27.1519238Z [36;1m  [0m
cursor-agent	Run AI Teammate	2025-12-12T08:04:27.1519442Z [36;1m  # Check for ticket processing issues[0m
cursor-agent	Run AI Teammate	2025-12-12T08:04:27.1519875Z [36;1m  if grep -i "no tickets\|ticket not found\|empty result" /tmp/dmtools-output.log 2>/dev/null; then[0m
cursor-agent	Run AI Teammate	2025-12-12T08:04:27.1520435Z [36;1m    echo "âš ï¸ Ticket processing issue detected (this may be expected for test agents)"[0m
cursor-agent	Run AI Teammate	2025-12-12T08:04:27.1520814Z [36;1m  fi[0m
cursor-agent	Run AI Teammate	2025-12-12T08:04:27.1520989Z [36;1m  [0m
cursor-agent	Run AI Teammate	2025-12-12T08:04:27.1521197Z [36;1m  echo "=========================================="[0m
cursor-agent	Run AI Teammate	2025-12-12T08:04:27.1521471Z [36;1mfi[0m
cursor-agent	Run AI Teammate	2025-12-12T08:04:27.1521635Z [36;1m[0m
cursor-agent	Run AI Teammate	2025-12-12T08:04:27.1521839Z [36;1mset -e  # Re-enable exit on error[0m
cursor-agent	Run AI Teammate	2025-12-12T08:04:27.1522089Z [36;1m[0m
cursor-agent	Run AI Teammate	2025-12-12T08:04:27.1522264Z [36;1mecho ""[0m
cursor-agent	Run AI Teammate	2025-12-12T08:04:27.1522530Z [36;1mecho "=== dmtools finished with exit code: $EXIT_CODE ==="[0m
cursor-agent	Run AI Teammate	2025-12-12T08:04:27.1522836Z [36;1m[0m
cursor-agent	Run AI Teammate	2025-12-12T08:04:27.1523060Z [36;1m# Check exit code and provide helpful error message[0m
cursor-agent	Run AI Teammate	2025-12-12T08:04:27.1523371Z [36;1mif [ $EXIT_CODE -ne 0 ]; then[0m
cursor-agent	Run AI Teammate	2025-12-12T08:04:27.1523716Z [36;1m  echo ""[0m
cursor-agent	Run AI Teammate	2025-12-12T08:04:27.1523951Z [36;1m  echo "âŒ dmtools exited with code: $EXIT_CODE"[0m
cursor-agent	Run AI Teammate	2025-12-12T08:04:27.1524224Z [36;1m  echo ""[0m
cursor-agent	Run AI Teammate	2025-12-12T08:04:27.1524408Z [36;1m  [0m
cursor-agent	Run AI Teammate	2025-12-12T08:04:27.1524691Z [36;1m  # For test agents, check if cliCommands were executed despite the error[0m
cursor-agent	Run AI Teammate	2025-12-12T08:04:27.1525160Z [36;1m  # Sometimes dmtools exits with error code even when cliCommands succeed[0m
cursor-agent	Run AI Teammate	2025-12-12T08:04:27.1525531Z [36;1m  if [[ "true" == "true" ]]; then[0m
cursor-agent	Run AI Teammate	2025-12-12T08:04:27.1526018Z [36;1m    echo "=== Checking if cliCommands executed despite error ==="[0m
cursor-agent	Run AI Teammate	2025-12-12T08:04:27.1526370Z [36;1m    if [ -f "outputs/response.md" ]; then[0m
cursor-agent	Run AI Teammate	2025-12-12T08:04:27.1526760Z [36;1m      echo "âœ… outputs/response.md exists - cliCommands appear to have executed"[0m
cursor-agent	Run AI Teammate	2025-12-12T08:04:27.1527166Z [36;1m      echo "Content of outputs/response.md:"[0m
cursor-agent	Run AI Teammate	2025-12-12T08:04:27.1527516Z [36;1m      cat outputs/response.md || echo "Could not read response.md"[0m
cursor-agent	Run AI Teammate	2025-12-12T08:04:27.1527851Z [36;1m      echo ""[0m
cursor-agent	Run AI Teammate	2025-12-12T08:04:27.1528171Z [36;1m      echo "âš ï¸ dmtools exited with error but cliCommands executed successfully"[0m
cursor-agent	Run AI Teammate	2025-12-12T08:04:27.1528615Z [36;1m      echo "This may be expected for test agents - treating as success"[0m
cursor-agent	Run AI Teammate	2025-12-12T08:04:27.1528954Z [36;1m      EXIT_CODE=0[0m
cursor-agent	Run AI Teammate	2025-12-12T08:04:27.1529169Z [36;1m    else[0m
cursor-agent	Run AI Teammate	2025-12-12T08:04:27.1529479Z [36;1m      echo "âŒ outputs/response.md does not exist - cliCommands did not execute"[0m
cursor-agent	Run AI Teammate	2025-12-12T08:04:27.1529847Z [36;1m    fi[0m
cursor-agent	Run AI Teammate	2025-12-12T08:04:27.1530070Z [36;1m    echo "====================================================="[0m
cursor-agent	Run AI Teammate	2025-12-12T08:04:27.1530354Z [36;1m    echo ""[0m
cursor-agent	Run AI Teammate	2025-12-12T08:04:27.1530551Z [36;1m  fi[0m
cursor-agent	Run AI Teammate	2025-12-12T08:04:27.1530729Z [36;1m  [0m
cursor-agent	Run AI Teammate	2025-12-12T08:04:27.1530977Z [36;1m  # Only show detailed error info if we're still failing[0m
cursor-agent	Run AI Teammate	2025-12-12T08:04:27.1531294Z [36;1m  if [ $EXIT_CODE -ne 0 ]; then[0m
cursor-agent	Run AI Teammate	2025-12-12T08:04:27.1531559Z [36;1m    echo "=== Full dmtools output ==="[0m
cursor-agent	Run AI Teammate	2025-12-12T08:04:27.1531947Z [36;1m    cat /tmp/dmtools-output.log 2>/dev/null || echo "Could not read output log"[0m
cursor-agent	Run AI Teammate	2025-12-12T08:04:27.1532332Z [36;1m    echo "=========================="[0m
cursor-agent	Run AI Teammate	2025-12-12T08:04:27.1532581Z [36;1m    echo ""[0m
cursor-agent	Run AI Teammate	2025-12-12T08:04:27.1532802Z [36;1m    echo "=== Permission Checks ==="[0m
cursor-agent	Run AI Teammate	2025-12-12T08:04:27.1533087Z [36;1m    echo "Current directory: $(pwd)"[0m
cursor-agent	Run AI Teammate	2025-12-12T08:04:27.1533375Z [36;1m    echo "Current directory permissions:"[0m
cursor-agent	Run AI Teammate	2025-12-12T08:04:27.1534096Z [36;1m    ls -ld . 2>/dev/null || echo "Could not check current directory"[0m
cursor-agent	Run AI Teammate	2025-12-12T08:04:27.1534421Z [36;1m    echo ""[0m
cursor-agent	Run AI Teammate	2025-12-12T08:04:27.1534644Z [36;1m    echo "Config file permissions:"[0m
cursor-agent	Run AI Teammate	2025-12-12T08:04:27.1535001Z [36;1m    ls -l "${CONFIG_FILE}" 2>/dev/null || echo "Could not check config file"[0m
cursor-agent	Run AI Teammate	2025-12-12T08:04:27.1535334Z [36;1m    echo ""[0m
cursor-agent	Run AI Teammate	2025-12-12T08:04:27.1535560Z [36;1m    echo "Outputs directory permissions:"[0m
cursor-agent	Run AI Teammate	2025-12-12T08:04:27.1535913Z [36;1m    ls -ld outputs 2>/dev/null || echo "Outputs directory does not exist"[0m
cursor-agent	Run AI Teammate	2025-12-12T08:04:27.1536247Z [36;1m    echo ""[0m
cursor-agent	Run AI Teammate	2025-12-12T08:04:27.1536468Z [36;1m    echo "Testing write permissions:"[0m
cursor-agent	Run AI Teammate	2025-12-12T08:04:27.1537007Z [36;1m    touch outputs/.write-test 2>/dev/null && rm -f outputs/.write-test && echo "âœ… outputs/ is writable" || echo "âŒ outputs/ is NOT writable"[0m
cursor-agent	Run AI Teammate	2025-12-12T08:04:27.1537782Z [36;1m    touch .write-test 2>/dev/null && rm -f .write-test && echo "âœ… Current directory is writable" || echo "âŒ Current directory is NOT writable"[0m
cursor-agent	Run AI Teammate	2025-12-12T08:04:27.1538315Z [36;1m    echo "=========================="[0m
cursor-agent	Run AI Teammate	2025-12-12T08:04:27.1538561Z [36;1m    echo ""[0m
cursor-agent	Run AI Teammate	2025-12-12T08:04:27.1538782Z [36;1m    echo "=== Additional Debug Info ==="[0m
cursor-agent	Run AI Teammate	2025-12-12T08:04:27.1539128Z [36;1m    echo "DMTOOLS_INTEGRATIONS value: '${DMTOOLS_INTEGRATIONS}'"[0m
cursor-agent	Run AI Teammate	2025-12-12T08:04:27.1539562Z [36;1m    echo "GEMINI_API_KEY: ${GEMINI_API_KEY:+<set>}${GEMINI_API_KEY:-<not set>}"[0m
cursor-agent	Run AI Teammate	2025-12-12T08:04:27.1539944Z [36;1m    echo "Config file path: ${CONFIG_FILE}"[0m
cursor-agent	Run AI Teammate	2025-12-12T08:04:27.1540326Z [36;1m    echo "Config file exists: $([ -f "${CONFIG_FILE}" ] && echo 'yes' || echo 'no')"[0m
cursor-agent	Run AI Teammate	2025-12-12T08:04:27.1540801Z [36;1m    echo "Config file readable: $([ -r "${CONFIG_FILE}" ] && echo 'yes' || echo 'no')"[0m
cursor-agent	Run AI Teammate	2025-12-12T08:04:27.1541278Z [36;1m    echo "Config file writable: $([ -w "${CONFIG_FILE}" ] && echo 'yes' || echo 'no')"[0m
cursor-agent	Run AI Teammate	2025-12-12T08:04:27.1541629Z [36;1m    echo ""[0m
cursor-agent	Run AI Teammate	2025-12-12T08:04:27.1541993Z [36;1m    echo "Checking for output files..."[0m
cursor-agent	Run AI Teammate	2025-12-12T08:04:27.1542330Z [36;1m    ls -la outputs/ 2>/dev/null || echo "No outputs/ directory"[0m
cursor-agent	Run AI Teammate	2025-12-12T08:04:27.1542712Z [36;1m    ls -la inputs/ 2>/dev/null || echo "No inputs/ directory"[0m
cursor-agent	Run AI Teammate	2025-12-12T08:04:27.1543018Z [36;1m    echo ""[0m
cursor-agent	Run AI Teammate	2025-12-12T08:04:27.1543268Z [36;1m    echo "Checking if cliCommands were executed..."[0m
cursor-agent	Run AI Teammate	2025-12-12T08:04:27.1543815Z [36;1m    if [ -f "outputs/response.md" ]; then[0m
cursor-agent	Run AI Teammate	2025-12-12T08:04:27.1544132Z [36;1m      echo "âœ… outputs/response.md exists:"[0m
cursor-agent	Run AI Teammate	2025-12-12T08:04:27.1544496Z [36;1m      cat outputs/response.md || echo "Could not read response.md"[0m
cursor-agent	Run AI Teammate	2025-12-12T08:04:27.1544817Z [36;1m    else[0m
cursor-agent	Run AI Teammate	2025-12-12T08:04:27.1545144Z [36;1m      echo "âŒ outputs/response.md does not exist - cliCommands may not have executed"[0m
cursor-agent	Run AI Teammate	2025-12-12T08:04:27.1545514Z [36;1m    fi[0m
cursor-agent	Run AI Teammate	2025-12-12T08:04:27.1545735Z [36;1m    echo ""[0m
cursor-agent	Run AI Teammate	2025-12-12T08:04:27.1545961Z [36;1m    echo "Config file content:"[0m
cursor-agent	Run AI Teammate	2025-12-12T08:04:27.1546283Z [36;1m    cat "${CONFIG_FILE}" || echo "Could not read config file"[0m
cursor-agent	Run AI Teammate	2025-12-12T08:04:27.1546607Z [36;1m    echo "======================"[0m
cursor-agent	Run AI Teammate	2025-12-12T08:04:27.1546844Z [36;1m    [0m
cursor-agent	Run AI Teammate	2025-12-12T08:04:27.1547083Z [36;1m    # Check for permission-related errors in output[0m
cursor-agent	Run AI Teammate	2025-12-12T08:04:27.1547375Z [36;1m    echo ""[0m
cursor-agent	Run AI Teammate	2025-12-12T08:04:27.1547618Z [36;1m    echo "=== Checking for permission errors ==="[0m
cursor-agent	Run AI Teammate	2025-12-12T08:04:27.1548157Z [36;1m    if grep -i "permission\|denied\|access\|read-only\|cannot write\|cannot create" /tmp/dmtools-output.log 2>/dev/null; then[0m
cursor-agent	Run AI Teammate	2025-12-12T08:04:27.1548745Z [36;1m      echo "âš ï¸ Permission-related errors detected in dmtools output"[0m
cursor-agent	Run AI Teammate	2025-12-12T08:04:27.1549078Z [36;1m    else[0m
cursor-agent	Run AI Teammate	2025-12-12T08:04:27.1549322Z [36;1m      echo "No obvious permission errors found in output"[0m
cursor-agent	Run AI Teammate	2025-12-12T08:04:27.1549614Z [36;1m    fi[0m
cursor-agent	Run AI Teammate	2025-12-12T08:04:27.1549827Z [36;1m    echo "===================================="[0m
cursor-agent	Run AI Teammate	2025-12-12T08:04:27.1550227Z [36;1m    [0m
cursor-agent	Run AI Teammate	2025-12-12T08:04:27.1550457Z [36;1m    # Try to get more verbose output if available[0m
cursor-agent	Run AI Teammate	2025-12-12T08:04:27.1550736Z [36;1m    echo ""[0m
cursor-agent	Run AI Teammate	2025-12-12T08:04:27.1551004Z [36;1m    echo "=== Checking dmtools help/version for clues ==="[0m
cursor-agent	Run AI Teammate	2025-12-12T08:04:27.1551322Z [36;1m    dmtools --version 2>&1 || true[0m
cursor-agent	Run AI Teammate	2025-12-12T08:04:27.1551604Z [36;1m    echo "=============================================="[0m
cursor-agent	Run AI Teammate	2025-12-12T08:04:27.1551873Z [36;1m    [0m
cursor-agent	Run AI Teammate	2025-12-12T08:04:27.1552062Z [36;1m    exit $EXIT_CODE[0m
cursor-agent	Run AI Teammate	2025-12-12T08:04:27.1552277Z [36;1m  fi[0m
cursor-agent	Run AI Teammate	2025-12-12T08:04:27.1552450Z [36;1melse[0m
cursor-agent	Run AI Teammate	2025-12-12T08:04:27.1552663Z [36;1m  echo "âœ… dmtools completed successfully"[0m
cursor-agent	Run AI Teammate	2025-12-12T08:04:27.1552948Z [36;1m  echo "Output files:"[0m
cursor-agent	Run AI Teammate	2025-12-12T08:04:27.1553244Z [36;1m  ls -la outputs/ 2>/dev/null || echo "No outputs created"[0m
cursor-agent	Run AI Teammate	2025-12-12T08:04:27.1553665Z [36;1mfi[0m
cursor-agent	Run AI Teammate	2025-12-12T08:04:27.1585669Z shell: /usr/bin/bash -e {0}
cursor-agent	Run AI Teammate	2025-12-12T08:04:27.1585923Z env:
cursor-agent	Run AI Teammate	2025-12-12T08:04:27.1586226Z   JAVA_HOME: /opt/hostedtoolcache/Java_Temurin-Hotspot_jdk/23.0.2-7/x64
cursor-agent	Run AI Teammate	2025-12-12T08:04:27.1586704Z   JAVA_HOME_23_X64: /opt/hostedtoolcache/Java_Temurin-Hotspot_jdk/23.0.2-7/x64
cursor-agent	Run AI Teammate	2025-12-12T08:04:27.1587566Z   CURSOR_API_KEY: ***
cursor-agent	Run AI Teammate	2025-12-12T08:04:27.1587797Z   MODEL: sonnet-4
cursor-agent	Run AI Teammate	2025-12-12T08:04:27.1588004Z   AGENT_DISABLE_WATCHDOG: 1
cursor-agent	Run AI Teammate	2025-12-12T08:04:27.1588354Z   PATH: /home/runner/.local/bin:/home/runner/.dmtools/bin:/bin:/usr/bin:$PATH
cursor-agent	Run AI Teammate	2025-12-12T08:04:27.1588747Z   JIRA_EMAIL: ***
cursor-agent	Run AI Teammate	2025-12-12T08:04:27.1589609Z   JIRA_API_TOKEN: ***
cursor-agent	Run AI Teammate	2025-12-12T08:04:27.1589882Z   JIRA_BASE_PATH: https://kidblendapp.atlassian.net/jira
cursor-agent	Run AI Teammate	2025-12-12T08:04:27.1590194Z   JIRA_AUTH_TYPE: Basic
cursor-agent	Run AI Teammate	2025-12-12T08:04:27.1590403Z   JIRA_CLEAR_CACHE: 
cursor-agent	Run AI Teammate	2025-12-12T08:04:27.1590726Z   JIRA_EXTRA_FIELDS: Diagrams, "Story point estimate","Target start", "Target end"
cursor-agent	Run AI Teammate	2025-12-12T08:04:27.1591108Z   JIRA_EXTRA_FIELDS_PROJECT: AP
cursor-agent	Run AI Teammate	2025-12-12T08:04:27.1591349Z   JIRA_LOGGING_ENABLED: 
cursor-agent	Run AI Teammate	2025-12-12T08:04:27.1591567Z   JIRA_WAIT_BEFORE_PERFORM: 
cursor-agent	Run AI Teammate	2025-12-12T08:04:27.1592088Z   CONFLUENCE_EMAIL: ***
cursor-agent	Run AI Teammate	2025-12-12T08:04:27.1592977Z   CONFLUENCE_API_TOKEN: ***
cursor-agent	Run AI Teammate	2025-12-12T08:04:27.1593281Z   CONFLUENCE_BASE_PATH: https://kidblendapp.atlassian.net/wiki
cursor-agent	Run AI Teammate	2025-12-12T08:04:27.1593754Z   CONFLUENCE_DEFAULT_SPACE: AC
cursor-agent	Run AI Teammate	2025-12-12T08:04:27.1593995Z   CONFLUENCE_GRAPHQL_PATH: 
cursor-agent	Run AI Teammate	2025-12-12T08:04:27.1594228Z   DMTOOLS_INTEGRATIONS: cli,file
cursor-agent	Run AI Teammate	2025-12-12T08:04:27.1594458Z   GEMINI_API_KEY: 
cursor-agent	Run AI Teammate	2025-12-12T08:04:27.1594649Z   GEMINI_DEFAULT_MODEL: 
cursor-agent	Run AI Teammate	2025-12-12T08:04:27.1594865Z   PROMPT_CHUNK_TOKEN_LIMIT: 
cursor-agent	Run AI Teammate	2025-12-12T08:04:27.1595080Z   FIGMA_TOKEN: 
cursor-agent	Run AI Teammate	2025-12-12T08:04:27.1595272Z   FIGMA_BASE_PATH: 
cursor-agent	Run AI Teammate	2025-12-12T08:04:27.1595793Z   PAT_TOKEN: ***
cursor-agent	Run AI Teammate	2025-12-12T08:04:27.1596236Z   GH_TOKEN: ***
cursor-agent	Run AI Teammate	2025-12-12T08:04:27.1596427Z ##[endgroup]
cursor-agent	Run AI Teammate	2025-12-12T08:04:27.1651986Z Using configuration: agents/test_agent.json
cursor-agent	Run AI Teammate	2025-12-12T08:04:27.1652522Z === Verifying dmtools installation ===
cursor-agent	Run AI Teammate	2025-12-12T08:04:27.1659113Z âœ… dmtools found at: /home/runner/.dmtools/bin/dmtools
cursor-agent	Run AI Teammate	2025-12-12T08:04:27.7131870Z DMTools 1.7.100
cursor-agent	Run AI Teammate	2025-12-12T08:04:27.7133992Z A comprehensive development management toolkit
cursor-agent	Run AI Teammate	2025-12-12T08:04:27.7218641Z ======================================
cursor-agent	Run AI Teammate	2025-12-12T08:04:27.7218998Z 
cursor-agent	Run AI Teammate	2025-12-12T08:04:27.7232086Z Test agent detected - unsetting Jira/Confluence env vars
cursor-agent	Run AI Teammate	2025-12-12T08:04:27.7232664Z DMTOOLS_INTEGRATIONS: cli,file
cursor-agent	Run AI Teammate	2025-12-12T08:04:27.7233106Z Jira/Confluence env vars unset
cursor-agent	Run AI Teammate	2025-12-12T08:04:27.7266827Z Created outputs and inputs directories
cursor-agent	Run AI Teammate	2025-12-12T08:04:27.7267337Z Directory permissions:
cursor-agent	Run AI Teammate	2025-12-12T08:04:27.7279726Z drwxr-xr-x 14 runner runner 4096 Dec 12 08:04 .
cursor-agent	Run AI Teammate	2025-12-12T08:04:27.7280341Z drwxr-xr-x  2 runner runner 4096 Dec 12 08:04 inputs
cursor-agent	Run AI Teammate	2025-12-12T08:04:27.7283748Z drwxr-xr-x  2 runner runner 4096 Dec 12 08:04 outputs
cursor-agent	Run AI Teammate	2025-12-12T08:04:27.7284524Z Test agent detected - removing inputJql to skip ticket processing
cursor-agent	Run AI Teammate	2025-12-12T08:04:27.7337128Z âœ… Removed inputJql and ticket-related fields from config to skip ticket processing
cursor-agent	Run AI Teammate	2025-12-12T08:04:27.7410283Z Created empty inputs directory for test agent
cursor-agent	Run AI Teammate	2025-12-12T08:04:27.7410790Z Final test agent config:
cursor-agent	Run AI Teammate	2025-12-12T08:04:27.7434876Z {
cursor-agent	Run AI Teammate	2025-12-12T08:04:27.7435208Z   "name": "Teammate",
cursor-agent	Run AI Teammate	2025-12-12T08:04:27.7435559Z   "params": {
cursor-agent	Run AI Teammate	2025-12-12T08:04:27.7435880Z     "agentParams": {
cursor-agent	Run AI Teammate	2025-12-12T08:04:27.7436214Z       "aiRole": "Test Assistant",
cursor-agent	Run AI Teammate	2025-12-12T08:04:27.7436473Z       "instructions": [
cursor-agent	Run AI Teammate	2025-12-12T08:04:27.7436697Z         "This is a test agent",
cursor-agent	Run AI Teammate	2025-12-12T08:04:27.7436936Z         "Just print hello world"
cursor-agent	Run AI Teammate	2025-12-12T08:04:27.7437156Z       ],
cursor-agent	Run AI Teammate	2025-12-12T08:04:27.7437353Z       "formattingRules": "Use markdown"
cursor-agent	Run AI Teammate	2025-12-12T08:04:27.7437598Z     },
cursor-agent	Run AI Teammate	2025-12-12T08:04:27.7437775Z     "cliCommands": [
cursor-agent	Run AI Teammate	2025-12-12T08:04:27.7437990Z       "echo 'Hello from AI Teammate!'",
cursor-agent	Run AI Teammate	2025-12-12T08:04:27.7438249Z       "mkdir -p outputs",
cursor-agent	Run AI Teammate	2025-12-12T08:04:27.7438497Z       "echo '# Test Result' > outputs/response.md",
cursor-agent	Run AI Teammate	2025-12-12T08:04:27.7438840Z       "echo 'Agent executed successfully' >> outputs/response.md"
cursor-agent	Run AI Teammate	2025-12-12T08:04:27.7439151Z     ],
cursor-agent	Run AI Teammate	2025-12-12T08:04:27.7439341Z     "outputType": "none",
cursor-agent	Run AI Teammate	2025-12-12T08:04:27.7439562Z     "skipAIProcessing": true,
cursor-agent	Run AI Teammate	2025-12-12T08:04:27.7439810Z     "ticketContextDepth": 0
cursor-agent	Run AI Teammate	2025-12-12T08:04:27.7440019Z   }
cursor-agent	Run AI Teammate	2025-12-12T08:04:27.7440182Z }
cursor-agent	Run AI Teammate	2025-12-12T08:04:27.7462769Z âš ï¸ GEMINI_API_KEY not set, using dummy value for test agent
cursor-agent	Run AI Teammate	2025-12-12T08:04:27.7479736Z Final config file path: /home/runner/work/autocoding/autocoding/agents/test_agent.json
cursor-agent	Run AI Teammate	2025-12-12T08:04:27.7480408Z 
cursor-agent	Run AI Teammate	2025-12-12T08:04:27.7480554Z === Pre-flight checks ===
cursor-agent	Run AI Teammate	2025-12-12T08:04:27.7480918Z âœ… Config file exists and is readable
cursor-agent	Run AI Teammate	2025-12-12T08:04:27.7481253Z âœ… Outputs directory exists and is writable
cursor-agent	Run AI Teammate	2025-12-12T08:04:27.7481522Z ==========================
cursor-agent	Run AI Teammate	2025-12-12T08:04:27.7481795Z 
cursor-agent	Run AI Teammate	2025-12-12T08:04:27.7481966Z Validating config file JSON syntax...
cursor-agent	Run AI Teammate	2025-12-12T08:04:27.7507080Z âœ… Config file JSON is valid
cursor-agent	Run AI Teammate	2025-12-12T08:04:27.7507526Z === Environment Debug ===
cursor-agent	Run AI Teammate	2025-12-12T08:04:27.7507865Z DMTOOLS_INTEGRATIONS: cli,file
cursor-agent	Run AI Teammate	2025-12-12T08:04:27.7508136Z JIRA_EMAIL: <not set>
cursor-agent	Run AI Teammate	2025-12-12T08:04:27.7508594Z JIRA_BASE_PATH: <not set>
cursor-agent	Run AI Teammate	2025-12-12T08:04:27.7509967Z PATH: /home/runner/.local/bin:/home/runner/.dmtools/bin:/home/runner/.dmtools/bin:/home/runner/.local/bin:/opt/hostedtoolcache/Java_Temurin-Hotspot_jdk/23.0.2-7/x64/bin:/home/runner/.local/bin:/home/runner/.dmtools/bin:/bin:/usr/bin:$PATH
cursor-agent	Run AI Teammate	2025-12-12T08:04:27.7511499Z =========================
cursor-agent	Run AI Teammate	2025-12-12T08:04:27.7511735Z 
cursor-agent	Run AI Teammate	2025-12-12T08:04:27.7511873Z === Running dmtools ===
cursor-agent	Run AI Teammate	2025-12-12T08:04:27.7512420Z Config file: /home/runner/work/autocoding/autocoding/agents/test_agent.json
cursor-agent	Run AI Teammate	2025-12-12T08:04:27.7513003Z DMTOOLS_INTEGRATIONS: cli,file
cursor-agent	Run AI Teammate	2025-12-12T08:04:27.7513670Z GEMINI_API_KEY: <set>test-dummy-key-for-test-agent
cursor-agent	Run AI Teammate	2025-12-12T08:04:27.7514139Z Working directory: /home/runner/work/autocoding/autocoding
cursor-agent	Run AI Teammate	2025-12-12T08:04:27.7514705Z Directory permissions:
cursor-agent	Run AI Teammate	2025-12-12T08:04:27.7526879Z drwxr-xr-x 14 runner runner 4096 Dec 12 08:04 .
cursor-agent	Run AI Teammate	2025-12-12T08:04:27.7527463Z drwxr-xr-x  2 runner runner 4096 Dec 12 08:04 inputs
cursor-agent	Run AI Teammate	2025-12-12T08:04:27.7528045Z drwxr-xr-x  2 runner runner 4096 Dec 12 08:04 outputs
cursor-agent	Run AI Teammate	2025-12-12T08:04:27.7550075Z âœ… Current directory is writable
cursor-agent	Run AI Teammate	2025-12-12T08:04:27.7550635Z Verbose logging enabled for test agent
cursor-agent	Run AI Teammate	2025-12-12T08:04:27.7550980Z Set CI=true for test agent to allow null TrackerClient
cursor-agent	Run AI Teammate	2025-12-12T08:04:27.7551522Z No encoded config
cursor-agent	Run AI Teammate	2025-12-12T08:04:28.4208963Z [0;32mInfo: Executing job with file: /home/runner/work/autocoding/autocoding/agents/test_agent.json[0m
cursor-agent	Run AI Teammate	2025-12-12T08:04:28.4210438Z 08:04:28.334 [main] INFO  com.github.istin.dmtools.job.RunCommandProcessor - Processing run command: file=/home/runner/work/autocoding/autocoding/agents/test_agent.json, hasEncodedConfig=false
cursor-agent	Run AI Teammate	2025-12-12T08:04:28.4212269Z 08:04:28.340 [main] INFO  com.github.istin.dmtools.job.RunCommandProcessor - Successfully loaded JSON configuration from file: /home/runner/work/autocoding/autocoding/agents/test_agent.json
cursor-agent	Run AI Teammate	2025-12-12T08:04:28.4213434Z 08:04:28.340 [main] INFO  com.github.istin.dmtools.job.RunCommandProcessor - Using file configuration only
cursor-agent	Run AI Teammate	2025-12-12T08:04:28.4214858Z 08:04:28.345 [main] INFO  com.github.istin.dmtools.job.RunCommandProcessor - JobParams created successfully for job: Teammate
cursor-agent	Run AI Teammate	2025-12-12T08:04:28.4215812Z 08:04:28.345 [main] INFO  com.github.istin.dmtools.job.JobRunner - Executing job: Teammate in mode: STANDALONE with 0 integrations
cursor-agent	Run AI Teammate	2025-12-12T08:04:28.4216658Z 08:04:28.345 [main] INFO  com.github.istin.dmtools.job.JobRunner - Created fresh job instance: Teammate
cursor-agent	Run AI Teammate	2025-12-12T08:04:28.4217443Z 08:04:28.388 [main] INFO  com.github.istin.dmtools.job.JobRunner - Calling initializeForMode with mode: STANDALONE
cursor-agent	Run AI Teammate	2025-12-12T08:04:28.4218433Z 08:04:28.388 [main] INFO  com.github.istin.dmtools.teammate.Teammate - Initializing Teammate in STANDALONE mode using TeammateComponent with BasicGeminiAI
cursor-agent	Run AI Teammate	2025-12-12T08:04:28.4219435Z 08:04:28.388 [main] INFO  com.github.istin.dmtools.teammate.Teammate - Creating new DaggerTeammateComponent for standalone mode
cursor-agent	Run AI Teammate	2025-12-12T08:04:28.4220183Z 08:04:28.397 [main] INFO  com.github.istin.dmtools.teammate.Teammate - Injecting dependencies using TeammateComponent
cursor-agent	Run AI Teammate	2025-12-12T08:04:28.4221113Z 08:04:28.397 [main] DEBUG com.github.istin.dmtools.common.utils.PropertyReader - No Gradle project markers found, using user.dir as project root: /home/runner/work/autocoding/autocoding
cursor-agent	Run AI Teammate	2025-12-12T08:04:28.4222390Z 08:04:28.397 [main] DEBUG com.github.istin.dmtools.common.utils.PropertyReader - dmtools.env not found in project root (/home/runner/work/autocoding/autocoding) or working directory (/home/runner/work/autocoding/autocoding)
cursor-agent	Run AI Teammate	2025-12-12T08:04:28.4223423Z 08:04:28.397 [main] INFO  com.github.istin.dmtools.di.TrackerModule - DEFAULT_TRACKER value from config: 'null'
cursor-agent	Run AI Teammate	2025-12-12T08:04:28.4224331Z 08:04:28.397 [main] INFO  com.github.istin.dmtools.di.TrackerModule - Auto-detecting available tracker configuration...
cursor-agent	Run AI Teammate	2025-12-12T08:04:28.4225026Z 08:04:28.398 [main] DEBUG com.github.istin.dmtools.di.TrackerModule - Attempting to auto-detect BasicJiraClient...
cursor-agent	Run AI Teammate	2025-12-12T08:04:28.4225739Z 08:04:28.406 [main] DEBUG com.github.istin.dmtools.di.TrackerModule - Attempting to auto-detect BasicAzureDevOpsClient...
cursor-agent	Run AI Teammate	2025-12-12T08:04:28.4226812Z 08:04:28.408 [main] DEBUG com.github.istin.dmtools.microsoft.ado.BasicAzureDevOpsClient - ADO configuration not found. Set ADO_ORGANIZATION, ADO_PROJECT, and ADO_PAT_TOKEN.
cursor-agent	Run AI Teammate	2025-12-12T08:04:28.4227701Z 08:04:28.408 [main] DEBUG com.github.istin.dmtools.di.TrackerModule - Attempting to auto-detect BasicRallyClient...
cursor-agent	Run AI Teammate	2025-12-12T08:04:28.4228505Z 08:04:28.409 [main] DEBUG com.github.istin.dmtools.broadcom.rally.BasicRallyClient - Rally configuration not found. Set RALLY_PATH and RALLY_TOKEN.
cursor-agent	Run AI Teammate	2025-12-12T08:04:28.4229686Z 08:04:28.409 [main] DEBUG com.github.istin.dmtools.di.TrackerModule - Detected CI environment (CI=true), allowing null TrackerClient
cursor-agent	Run AI Teammate	2025-12-12T08:04:28.4230964Z 08:04:28.409 [main] WARN  com.github.istin.dmtools.di.TrackerModule - No tracker configuration found in test environment. Returning null TrackerClient. Tests that require TrackerClient should mock it or provide test configuration.
cursor-agent	Run AI Teammate	2025-12-12T08:04:28.4231734Z 
cursor-agent	Run AI Teammate	2025-12-12T08:04:28.4231845Z === Analyzing dmtools output for errors ===
cursor-agent	Run AI Teammate	2025-12-12T08:04:28.4232159Z No obvious error patterns found, but exit code is 1
cursor-agent	Run AI Teammate	2025-12-12T08:04:28.4244644Z 08:04:28.345 [main] INFO  com.github.istin.dmtools.job.JobRunner - Created fresh job instance: Teammate
cursor-agent	Run AI Teammate	2025-12-12T08:04:28.4245654Z 08:04:28.388 [main] INFO  com.github.istin.dmtools.teammate.Teammate - Initializing Teammate in STANDALONE mode using TeammateComponent with BasicGeminiAI
cursor-agent	Run AI Teammate	2025-12-12T08:04:28.4246764Z 08:04:28.397 [main] INFO  com.github.istin.dmtools.teammate.Teammate - Injecting dependencies using TeammateComponent
cursor-agent	Run AI Teammate	2025-12-12T08:04:28.4247442Z 
cursor-agent	Run AI Teammate	2025-12-12T08:04:28.4247911Z âš ï¸ dmtools initialized successfully but failed during execution
cursor-agent	Run AI Teammate	2025-12-12T08:04:28.4248881Z This suggests the failure occurred after initialization, possibly during ticket processing or cliCommands execution
cursor-agent	Run AI Teammate	2025-12-12T08:04:28.4249691Z 
cursor-agent	Run AI Teammate	2025-12-12T08:04:28.4249789Z Last 50 lines of dmtools output:
cursor-agent	Run AI Teammate	2025-12-12T08:04:28.4257458Z [0;32mInfo: Executing job with file: /home/runner/work/autocoding/autocoding/agents/test_agent.json[0m
cursor-agent	Run AI Teammate	2025-12-12T08:04:28.4259075Z 08:04:28.334 [main] INFO  com.github.istin.dmtools.job.RunCommandProcessor - Processing run command: file=/home/runner/work/autocoding/autocoding/agents/test_agent.json, hasEncodedConfig=false
cursor-agent	Run AI Teammate	2025-12-12T08:04:28.4261130Z 08:04:28.340 [main] INFO  com.github.istin.dmtools.job.RunCommandProcessor - Successfully loaded JSON configuration from file: /home/runner/work/autocoding/autocoding/agents/test_agent.json
cursor-agent	Run AI Teammate	2025-12-12T08:04:28.4262655Z 08:04:28.340 [main] INFO  com.github.istin.dmtools.job.RunCommandProcessor - Using file configuration only
cursor-agent	Run AI Teammate	2025-12-12T08:04:28.4263924Z 08:04:28.345 [main] INFO  com.github.istin.dmtools.job.RunCommandProcessor - JobParams created successfully for job: Teammate
cursor-agent	Run AI Teammate	2025-12-12T08:04:28.4264684Z 08:04:28.345 [main] INFO  com.github.istin.dmtools.job.JobRunner - Executing job: Teammate in mode: STANDALONE with 0 integrations
cursor-agent	Run AI Teammate	2025-12-12T08:04:28.4265372Z 08:04:28.345 [main] INFO  com.github.istin.dmtools.job.JobRunner - Created fresh job instance: Teammate
cursor-agent	Run AI Teammate	2025-12-12T08:04:28.4266006Z 08:04:28.388 [main] INFO  com.github.istin.dmtools.job.JobRunner - Calling initializeForMode with mode: STANDALONE
cursor-agent	Run AI Teammate	2025-12-12T08:04:28.4266805Z 08:04:28.388 [main] INFO  com.github.istin.dmtools.teammate.Teammate - Initializing Teammate in STANDALONE mode using TeammateComponent with BasicGeminiAI
cursor-agent	Run AI Teammate	2025-12-12T08:04:28.4267645Z 08:04:28.388 [main] INFO  com.github.istin.dmtools.teammate.Teammate - Creating new DaggerTeammateComponent for standalone mode
cursor-agent	Run AI Teammate	2025-12-12T08:04:28.4268365Z 08:04:28.397 [main] INFO  com.github.istin.dmtools.teammate.Teammate - Injecting dependencies using TeammateComponent
cursor-agent	Run AI Teammate	2025-12-12T08:04:28.4269262Z 08:04:28.397 [main] DEBUG com.github.istin.dmtools.common.utils.PropertyReader - No Gradle project markers found, using user.dir as project root: /home/runner/work/autocoding/autocoding
cursor-agent	Run AI Teammate	2025-12-12T08:04:28.4270711Z 08:04:28.397 [main] DEBUG com.github.istin.dmtools.common.utils.PropertyReader - dmtools.env not found in project root (/home/runner/work/autocoding/autocoding) or working directory (/home/runner/work/autocoding/autocoding)
cursor-agent	Run AI Teammate	2025-12-12T08:04:28.4271717Z 08:04:28.397 [main] INFO  com.github.istin.dmtools.di.TrackerModule - DEFAULT_TRACKER value from config: 'null'
cursor-agent	Run AI Teammate	2025-12-12T08:04:28.4272384Z 08:04:28.397 [main] INFO  com.github.istin.dmtools.di.TrackerModule - Auto-detecting available tracker configuration...
cursor-agent	Run AI Teammate	2025-12-12T08:04:28.4273059Z 08:04:28.398 [main] DEBUG com.github.istin.dmtools.di.TrackerModule - Attempting to auto-detect BasicJiraClient...
cursor-agent	Run AI Teammate	2025-12-12T08:04:28.4274062Z 08:04:28.406 [main] DEBUG com.github.istin.dmtools.di.TrackerModule - Attempting to auto-detect BasicAzureDevOpsClient...
cursor-agent	Run AI Teammate	2025-12-12T08:04:28.4275347Z 08:04:28.408 [main] DEBUG com.github.istin.dmtools.microsoft.ado.BasicAzureDevOpsClient - ADO configuration not found. Set ADO_ORGANIZATION, ADO_PROJECT, and ADO_PAT_TOKEN.
cursor-agent	Run AI Teammate	2025-12-12T08:04:28.4276365Z 08:04:28.408 [main] DEBUG com.github.istin.dmtools.di.TrackerModule - Attempting to auto-detect BasicRallyClient...
cursor-agent	Run AI Teammate	2025-12-12T08:04:28.4277150Z 08:04:28.409 [main] DEBUG com.github.istin.dmtools.broadcom.rally.BasicRallyClient - Rally configuration not found. Set RALLY_PATH and RALLY_TOKEN.
cursor-agent	Run AI Teammate	2025-12-12T08:04:28.4277980Z 08:04:28.409 [main] DEBUG com.github.istin.dmtools.di.TrackerModule - Detected CI environment (CI=true), allowing null TrackerClient
cursor-agent	Run AI Teammate	2025-12-12T08:04:28.4279052Z 08:04:28.409 [main] WARN  com.github.istin.dmtools.di.TrackerModule - No tracker configuration found in test environment. Returning null TrackerClient. Tests that require TrackerClient should mock it or provide test configuration.
cursor-agent	Run AI Teammate	2025-12-12T08:04:28.4279789Z 
cursor-agent	Run AI Teammate	2025-12-12T08:04:28.4279892Z === Checking if cliCommands executed ===
cursor-agent	Run AI Teammate	2025-12-12T08:04:28.4280357Z âŒ cliCommands may not have executed (expected output not found)
cursor-agent	Run AI Teammate	2025-12-12T08:04:28.4289832Z ==========================================
cursor-agent	Run AI Teammate	2025-12-12T08:04:28.4290385Z 
cursor-agent	Run AI Teammate	2025-12-12T08:04:28.4290556Z === dmtools finished with exit code: 1 ===
cursor-agent	Run AI Teammate	2025-12-12T08:04:28.4291853Z 
cursor-agent	Run AI Teammate	2025-12-12T08:04:28.4292256Z âŒ dmtools exited with code: 1
cursor-agent	Run AI Teammate	2025-12-12T08:04:28.4292529Z 
cursor-agent	Run AI Teammate	2025-12-12T08:04:28.4292755Z === Checking if cliCommands executed despite error ===
cursor-agent	Run AI Teammate	2025-12-12T08:04:28.4293669Z âŒ outputs/response.md does not exist - cliCommands did not execute
cursor-agent	Run AI Teammate	2025-12-12T08:04:28.4294260Z =====================================================
cursor-agent	Run AI Teammate	2025-12-12T08:04:28.4294555Z 
cursor-agent	Run AI Teammate	2025-12-12T08:04:28.4294705Z === Full dmtools output ===
cursor-agent	Run AI Teammate	2025-12-12T08:04:28.4303281Z [0;32mInfo: Executing job with file: /home/runner/work/autocoding/autocoding/agents/test_agent.json[0m
cursor-agent	Run AI Teammate	2025-12-12T08:04:28.4304939Z 08:04:28.334 [main] INFO  com.github.istin.dmtools.job.RunCommandProcessor - Processing run command: file=/home/runner/work/autocoding/autocoding/agents/test_agent.json, hasEncodedConfig=false
cursor-agent	Run AI Teammate	2025-12-12T08:04:28.4306429Z 08:04:28.340 [main] INFO  com.github.istin.dmtools.job.RunCommandProcessor - Successfully loaded JSON configuration from file: /home/runner/work/autocoding/autocoding/agents/test_agent.json
cursor-agent	Run AI Teammate	2025-12-12T08:04:28.4307340Z 08:04:28.340 [main] INFO  com.github.istin.dmtools.job.RunCommandProcessor - Using file configuration only
cursor-agent	Run AI Teammate	2025-12-12T08:04:28.4308023Z 08:04:28.345 [main] INFO  com.github.istin.dmtools.job.RunCommandProcessor - JobParams created successfully for job: Teammate
cursor-agent	Run AI Teammate	2025-12-12T08:04:28.4308775Z 08:04:28.345 [main] INFO  com.github.istin.dmtools.job.JobRunner - Executing job: Teammate in mode: STANDALONE with 0 integrations
cursor-agent	Run AI Teammate	2025-12-12T08:04:28.4309638Z 08:04:28.345 [main] INFO  com.github.istin.dmtools.job.JobRunner - Created fresh job instance: Teammate
cursor-agent	Run AI Teammate	2025-12-12T08:04:28.4310462Z 08:04:28.388 [main] INFO  com.github.istin.dmtools.job.JobRunner - Calling initializeForMode with mode: STANDALONE
cursor-agent	Run AI Teammate	2025-12-12T08:04:28.4311844Z 08:04:28.388 [main] INFO  com.github.istin.dmtools.teammate.Teammate - Initializing Teammate in STANDALONE mode using TeammateComponent with BasicGeminiAI
cursor-agent	Run AI Teammate	2025-12-12T08:04:28.4313142Z 08:04:28.388 [main] INFO  com.github.istin.dmtools.teammate.Teammate - Creating new DaggerTeammateComponent for standalone mode
cursor-agent	Run AI Teammate	2025-12-12T08:04:28.4314142Z 08:04:28.397 [main] INFO  com.github.istin.dmtools.teammate.Teammate - Injecting dependencies using TeammateComponent
cursor-agent	Run AI Teammate	2025-12-12T08:04:28.4315039Z 08:04:28.397 [main] DEBUG com.github.istin.dmtools.common.utils.PropertyReader - No Gradle project markers found, using user.dir as project root: /home/runner/work/autocoding/autocoding
cursor-agent	Run AI Teammate	2025-12-12T08:04:28.4316271Z 08:04:28.397 [main] DEBUG com.github.istin.dmtools.common.utils.PropertyReader - dmtools.env not found in project root (/home/runner/work/autocoding/autocoding) or working directory (/home/runner/work/autocoding/autocoding)
cursor-agent	Run AI Teammate	2025-12-12T08:04:28.4317261Z 08:04:28.397 [main] INFO  com.github.istin.dmtools.di.TrackerModule - DEFAULT_TRACKER value from config: 'null'
cursor-agent	Run AI Teammate	2025-12-12T08:04:28.4317928Z 08:04:28.397 [main] INFO  com.github.istin.dmtools.di.TrackerModule - Auto-detecting available tracker configuration...
cursor-agent	Run AI Teammate	2025-12-12T08:04:28.4318624Z 08:04:28.398 [main] DEBUG com.github.istin.dmtools.di.TrackerModule - Attempting to auto-detect BasicJiraClient...
cursor-agent	Run AI Teammate	2025-12-12T08:04:28.4319320Z 08:04:28.406 [main] DEBUG com.github.istin.dmtools.di.TrackerModule - Attempting to auto-detect BasicAzureDevOpsClient...
cursor-agent	Run AI Teammate	2025-12-12T08:04:28.4320201Z 08:04:28.408 [main] DEBUG com.github.istin.dmtools.microsoft.ado.BasicAzureDevOpsClient - ADO configuration not found. Set ADO_ORGANIZATION, ADO_PROJECT, and ADO_PAT_TOKEN.
cursor-agent	Run AI Teammate	2025-12-12T08:04:28.4321063Z 08:04:28.408 [main] DEBUG com.github.istin.dmtools.di.TrackerModule - Attempting to auto-detect BasicRallyClient...
cursor-agent	Run AI Teammate	2025-12-12T08:04:28.4322091Z 08:04:28.409 [main] DEBUG com.github.istin.dmtools.broadcom.rally.BasicRallyClient - Rally configuration not found. Set RALLY_PATH and RALLY_TOKEN.
cursor-agent	Run AI Teammate	2025-12-12T08:04:28.4323362Z 08:04:28.409 [main] DEBUG com.github.istin.dmtools.di.TrackerModule - Detected CI environment (CI=true), allowing null TrackerClient
cursor-agent	Run AI Teammate	2025-12-12T08:04:28.4325309Z 08:04:28.409 [main] WARN  com.github.istin.dmtools.di.TrackerModule - No tracker configuration found in test environment. Returning null TrackerClient. Tests that require TrackerClient should mock it or provide test configuration.
cursor-agent	Run AI Teammate	2025-12-12T08:04:28.4326992Z ==========================
cursor-agent	Run AI Teammate	2025-12-12T08:04:28.4327316Z 
cursor-agent	Run AI Teammate	2025-12-12T08:04:28.4327445Z === Permission Checks ===
cursor-agent	Run AI Teammate	2025-12-12T08:04:28.4327866Z Current directory: /home/runner/work/autocoding/autocoding
cursor-agent	Run AI Teammate	2025-12-12T08:04:28.4328382Z Current directory permissions:
cursor-agent	Run AI Teammate	2025-12-12T08:04:28.4328769Z drwxr-xr-x 14 runner runner 4096 Dec 12 08:04 .
cursor-agent	Run AI Teammate	2025-12-12T08:04:28.4328992Z 
cursor-agent	Run AI Teammate	2025-12-12T08:04:28.4329099Z Config file permissions:
cursor-agent	Run AI Teammate	2025-12-12T08:04:28.4338695Z -rw-r--r-- 1 runner runner 540 Dec 12 08:04 /home/runner/work/autocoding/autocoding/agents/test_agent.json
cursor-agent	Run AI Teammate	2025-12-12T08:04:28.4339988Z 
cursor-agent	Run AI Teammate	2025-12-12T08:04:28.4390665Z Outputs directory permissions:
cursor-agent	Run AI Teammate	2025-12-12T08:04:28.4391244Z drwxr-xr-x 2 runner runner 4096 Dec 12 08:04 outputs
cursor-agent	Run AI Teammate	2025-12-12T08:04:28.4391602Z 
cursor-agent	Run AI Teammate	2025-12-12T08:04:28.4391764Z Testing write permissions:
cursor-agent	Run AI Teammate	2025-12-12T08:04:28.4392151Z âœ… outputs/ is writable
cursor-agent	Run AI Teammate	2025-12-12T08:04:28.4399924Z âœ… Current directory is writable
cursor-agent	Run AI Teammate	2025-12-12T08:04:28.4400201Z ==========================
cursor-agent	Run AI Teammate	2025-12-12T08:04:28.4400341Z 
cursor-agent	Run AI Teammate	2025-12-12T08:04:28.4400436Z === Additional Debug Info ===
cursor-agent	Run AI Teammate	2025-12-12T08:04:28.4400691Z DMTOOLS_INTEGRATIONS value: 'cli,file'
cursor-agent	Run AI Teammate	2025-12-12T08:04:28.4401002Z GEMINI_API_KEY: <set>test-dummy-key-for-test-agent
cursor-agent	Run AI Teammate	2025-12-12T08:04:28.4401447Z Config file path: /home/runner/work/autocoding/autocoding/agents/test_agent.json
cursor-agent	Run AI Teammate	2025-12-12T08:04:28.4405705Z Config file exists: yes
cursor-agent	Run AI Teammate	2025-12-12T08:04:28.4411198Z Config file readable: yes
cursor-agent	Run AI Teammate	2025-12-12T08:04:28.4416431Z Config file writable: yes
cursor-agent	Run AI Teammate	2025-12-12T08:04:28.4416701Z 
cursor-agent	Run AI Teammate	2025-12-12T08:04:28.4416869Z Checking for output files...
cursor-agent	Run AI Teammate	2025-12-12T08:04:28.4429461Z total 8
cursor-agent	Run AI Teammate	2025-12-12T08:04:28.4429851Z drwxr-xr-x  2 runner runner 4096 Dec 12 08:04 .
cursor-agent	Run AI Teammate	2025-12-12T08:04:28.4430347Z drwxr-xr-x 14 runner runner 4096 Dec 12 08:04 ..
cursor-agent	Run AI Teammate	2025-12-12T08:04:28.4443965Z total 8
cursor-agent	Run AI Teammate	2025-12-12T08:04:28.4444358Z drwxr-xr-x  2 runner runner 4096 Dec 12 08:04 .
cursor-agent	Run AI Teammate	2025-12-12T08:04:28.4444849Z drwxr-xr-x 14 runner runner 4096 Dec 12 08:04 ..
cursor-agent	Run AI Teammate	2025-12-12T08:04:28.4445398Z -rw-r--r--  1 runner runner    0 Dec 12 08:04 .gitkeep
cursor-agent	Run AI Teammate	2025-12-12T08:04:28.4445795Z 
cursor-agent	Run AI Teammate	2025-12-12T08:04:28.4446002Z Checking if cliCommands were executed...
cursor-agent	Run AI Teammate	2025-12-12T08:04:28.4446850Z âŒ outputs/response.md does not exist - cliCommands may not have executed
cursor-agent	Run AI Teammate	2025-12-12T08:04:28.4447357Z 
cursor-agent	Run AI Teammate	2025-12-12T08:04:28.4447510Z Config file content:
cursor-agent	Run AI Teammate	2025-12-12T08:04:28.4455333Z {
cursor-agent	Run AI Teammate	2025-12-12T08:04:28.4455640Z   "name": "Teammate",
cursor-agent	Run AI Teammate	2025-12-12T08:04:28.4455991Z   "params": {
cursor-agent	Run AI Teammate	2025-12-12T08:04:28.4456265Z     "agentParams": {
cursor-agent	Run AI Teammate	2025-12-12T08:04:28.4456494Z       "aiRole": "Test Assistant",
cursor-agent	Run AI Teammate	2025-12-12T08:04:28.4456897Z       "instructions": [
cursor-agent	Run AI Teammate	2025-12-12T08:04:28.4457119Z         "This is a test agent",
cursor-agent	Run AI Teammate	2025-12-12T08:04:28.4457357Z         "Just print hello world"
cursor-agent	Run AI Teammate	2025-12-12T08:04:28.4457595Z       ],
cursor-agent	Run AI Teammate	2025-12-12T08:04:28.4457799Z       "formattingRules": "Use markdown"
cursor-agent	Run AI Teammate	2025-12-12T08:04:28.4458056Z     },
cursor-agent	Run AI Teammate	2025-12-12T08:04:28.4458232Z     "cliCommands": [
cursor-agent	Run AI Teammate	2025-12-12T08:04:28.4458450Z       "echo 'Hello from AI Teammate!'",
cursor-agent	Run AI Teammate	2025-12-12T08:04:28.4458714Z       "mkdir -p outputs",
cursor-agent	Run AI Teammate	2025-12-12T08:04:28.4458976Z       "echo '# Test Result' > outputs/response.md",
cursor-agent	Run AI Teammate	2025-12-12T08:04:28.4459336Z       "echo 'Agent executed successfully' >> outputs/response.md"
cursor-agent	Run AI Teammate	2025-12-12T08:04:28.4459643Z     ],
cursor-agent	Run AI Teammate	2025-12-12T08:04:28.4459828Z     "outputType": "none",
cursor-agent	Run AI Teammate	2025-12-12T08:04:28.4460062Z     "skipAIProcessing": true,
cursor-agent	Run AI Teammate	2025-12-12T08:04:28.4460301Z     "ticketContextDepth": 0
cursor-agent	Run AI Teammate	2025-12-12T08:04:28.4460518Z   }
cursor-agent	Run AI Teammate	2025-12-12T08:04:28.4460685Z }
cursor-agent	Run AI Teammate	2025-12-12T08:04:28.4460847Z ======================
cursor-agent	Run AI Teammate	2025-12-12T08:04:28.4460983Z 
cursor-agent	Run AI Teammate	2025-12-12T08:04:28.4461089Z === Checking for permission errors ===
cursor-agent	Run AI Teammate	2025-12-12T08:04:28.4472897Z No obvious permission errors found in output
cursor-agent	Run AI Teammate	2025-12-12T08:04:28.4473242Z ====================================
cursor-agent	Run AI Teammate	2025-12-12T08:04:28.4473946Z 
cursor-agent	Run AI Teammate	2025-12-12T08:04:28.4474144Z === Checking dmtools help/version for clues ===
cursor-agent	Run AI Teammate	2025-12-12T08:04:29.0052243Z DMTools 1.7.100
cursor-agent	Run AI Teammate	2025-12-12T08:04:29.0052832Z A comprehensive development management toolkit
cursor-agent	Run AI Teammate	2025-12-12T08:04:29.0139835Z ==============================================
cursor-agent	Run AI Teammate	2025-12-12T08:04:29.0154269Z ##[error]Process completed with exit code 1.
cursor-agent	Upload artifacts	ï»¿2025-12-12T08:04:29.0219552Z ##[group]Run actions/upload-artifact@v4
cursor-agent	Upload artifacts	2025-12-12T08:04:29.0219852Z with:
cursor-agent	Upload artifacts	2025-12-12T08:04:29.0220052Z   name: ai-teammate-results-26
cursor-agent	Upload artifacts	2025-12-12T08:04:29.0220306Z   path: outputs/
cursor-agent	Upload artifacts	inputs/
cursor-agent	Upload artifacts	
cursor-agent	Upload artifacts	2025-12-12T08:04:29.0220535Z   retention-days: 30
cursor-agent	Upload artifacts	2025-12-12T08:04:29.0220748Z   if-no-files-found: warn
cursor-agent	Upload artifacts	2025-12-12T08:04:29.0220967Z   compression-level: 6
cursor-agent	Upload artifacts	2025-12-12T08:04:29.0221180Z   overwrite: false
cursor-agent	Upload artifacts	2025-12-12T08:04:29.0221386Z   include-hidden-files: false
cursor-agent	Upload artifacts	2025-12-12T08:04:29.0221611Z env:
cursor-agent	Upload artifacts	2025-12-12T08:04:29.0221896Z   JAVA_HOME: /opt/hostedtoolcache/Java_Temurin-Hotspot_jdk/23.0.2-7/x64
cursor-agent	Upload artifacts	2025-12-12T08:04:29.0222368Z   JAVA_HOME_23_X64: /opt/hostedtoolcache/Java_Temurin-Hotspot_jdk/23.0.2-7/x64
cursor-agent	Upload artifacts	2025-12-12T08:04:29.0222721Z ##[endgroup]
cursor-agent	Upload artifacts	2025-12-12T08:04:29.2408720Z Multiple search paths detected. Calculating the least common ancestor of all paths
cursor-agent	Upload artifacts	2025-12-12T08:04:29.2411525Z The least common ancestor is /home/runner/work/autocoding/autocoding. This will be the root directory of the artifact
cursor-agent	Upload artifacts	2025-12-12T08:04:29.2424634Z ##[warning]No files were found with the provided path: outputs/
cursor-agent	Upload artifacts	inputs/. No artifacts will be uploaded.
cursor-agent	Post Setup Java Environment	ï»¿2025-12-12T08:04:29.2552251Z Post job cleanup.
cursor-agent	Post Checkout repository	ï»¿2025-12-12T08:04:29.4339943Z Post job cleanup.
cursor-agent	Post Checkout repository	2025-12-12T08:04:29.5306272Z [command]/usr/bin/git version
cursor-agent	Post Checkout repository	2025-12-12T08:04:29.5347864Z git version 2.52.0
cursor-agent	Post Checkout repository	2025-12-12T08:04:29.5392799Z Temporarily overriding HOME='/home/runner/work/_temp/d8e1ee4b-5016-4332-90b6-7b9b67e8e9fb' before making global git config changes
cursor-agent	Post Checkout repository	2025-12-12T08:04:29.5394482Z Adding repository directory to the temporary git global config as a safe directory
cursor-agent	Post Checkout repository	2025-12-12T08:04:29.5408064Z [command]/usr/bin/git config --global --add safe.directory /home/runner/work/autocoding/autocoding
cursor-agent	Post Checkout repository	2025-12-12T08:04:29.5446334Z [command]/usr/bin/git config --local --name-only --get-regexp core\.sshCommand
cursor-agent	Post Checkout repository	2025-12-12T08:04:29.5481223Z [command]/usr/bin/git submodule foreach --recursive sh -c "git config --local --name-only --get-regexp 'core\.sshCommand' && git config --local --unset-all 'core.sshCommand' || :"
cursor-agent	Post Checkout repository	2025-12-12T08:04:29.5747327Z [command]/usr/bin/git config --local --name-only --get-regexp http\.https\:\/\/github\.com\/\.extraheader
cursor-agent	Post Checkout repository	2025-12-12T08:04:29.5774813Z http.https://github.com/.extraheader
cursor-agent	Post Checkout repository	2025-12-12T08:04:29.5793894Z [command]/usr/bin/git config --local --unset-all http.https://github.com/.extraheader
cursor-agent	Post Checkout repository	2025-12-12T08:04:29.5832511Z [command]/usr/bin/git submodule foreach --recursive sh -c "git config --local --name-only --get-regexp 'http\.https\:\/\/github\.com\/\.extraheader' && git config --local --unset-all 'http.https://github.com/.extraheader' || :"
cursor-agent	Post Checkout repository	2025-12-12T08:04:29.6088092Z [command]/usr/bin/git config --local --name-only --get-regexp ^includeIf\.gitdir:
cursor-agent	Post Checkout repository	2025-12-12T08:04:29.6129296Z [command]/usr/bin/git submodule foreach --recursive git config --local --show-origin --name-only --get-regexp remote.origin.url
cursor-agent	Complete job	ï»¿2025-12-12T08:04:29.6486147Z Cleaning up orphan processes
