cursor-agent	Set up job	Ôªø2025-12-12T08:06:47.0175208Z Current runner version: '2.329.0'
cursor-agent	Set up job	2025-12-12T08:06:47.0200039Z ##[group]Runner Image Provisioner
cursor-agent	Set up job	2025-12-12T08:06:47.0201088Z Hosted Compute Agent
cursor-agent	Set up job	2025-12-12T08:06:47.0201741Z Version: 20251202.455
cursor-agent	Set up job	2025-12-12T08:06:47.0202344Z Commit: 6c10caca4910e198df60de23adf20ad317c474e3
cursor-agent	Set up job	2025-12-12T08:06:47.0203175Z Build Date: 2025-12-02T15:56:59Z
cursor-agent	Set up job	2025-12-12T08:06:47.0203871Z Worker ID: {8d3aea58-62fe-43e4-b73e-bb36cfc8a506}
cursor-agent	Set up job	2025-12-12T08:06:47.0204507Z ##[endgroup]
cursor-agent	Set up job	2025-12-12T08:06:47.0205296Z ##[group]Operating System
cursor-agent	Set up job	2025-12-12T08:06:47.0205873Z Ubuntu
cursor-agent	Set up job	2025-12-12T08:06:47.0206332Z 24.04.3
cursor-agent	Set up job	2025-12-12T08:06:47.0206925Z LTS
cursor-agent	Set up job	2025-12-12T08:06:47.0207432Z ##[endgroup]
cursor-agent	Set up job	2025-12-12T08:06:47.0207886Z ##[group]Runner Image
cursor-agent	Set up job	2025-12-12T08:06:47.0208572Z Image: ubuntu-24.04
cursor-agent	Set up job	2025-12-12T08:06:47.0209097Z Version: 20251208.163.1
cursor-agent	Set up job	2025-12-12T08:06:47.0210578Z Included Software: https://github.com/actions/runner-images/blob/ubuntu24/20251208.163/images/ubuntu/Ubuntu2404-Readme.md
cursor-agent	Set up job	2025-12-12T08:06:47.0212017Z Image Release: https://github.com/actions/runner-images/releases/tag/ubuntu24%2F20251208.163
cursor-agent	Set up job	2025-12-12T08:06:47.0213275Z ##[endgroup]
cursor-agent	Set up job	2025-12-12T08:06:47.0214524Z ##[group]GITHUB_TOKEN Permissions
cursor-agent	Set up job	2025-12-12T08:06:47.0217104Z Actions: read
cursor-agent	Set up job	2025-12-12T08:06:47.0217697Z Contents: write
cursor-agent	Set up job	2025-12-12T08:06:47.0218191Z Metadata: read
cursor-agent	Set up job	2025-12-12T08:06:47.0218819Z PullRequests: write
cursor-agent	Set up job	2025-12-12T08:06:47.0219365Z ##[endgroup]
cursor-agent	Set up job	2025-12-12T08:06:47.0221675Z Secret source: Actions
cursor-agent	Set up job	2025-12-12T08:06:47.0222892Z Prepare workflow directory
cursor-agent	Set up job	2025-12-12T08:06:47.0544376Z Prepare all required actions
cursor-agent	Set up job	2025-12-12T08:06:47.0583063Z Getting action download info
cursor-agent	Set up job	2025-12-12T08:06:47.4223535Z Download action repository 'actions/checkout@v4' (SHA:34e114876b0b11c390a56381ad16ebd13914f8d5)
cursor-agent	Set up job	2025-12-12T08:06:47.5294296Z Download action repository 'actions/setup-java@v4' (SHA:c1e323688fd81a25caa38c78aa6df2d33d3e20d9)
cursor-agent	Set up job	2025-12-12T08:06:48.1348384Z Download action repository 'actions/upload-artifact@v4' (SHA:ea165f8d65b6e75b540449e92b4886f43607fa02)
cursor-agent	Set up job	2025-12-12T08:06:48.3537891Z Complete job name: cursor-agent
cursor-agent	Checkout repository	Ôªø2025-12-12T08:06:48.4374138Z ##[group]Run actions/checkout@v4
cursor-agent	Checkout repository	2025-12-12T08:06:48.4375782Z with:
cursor-agent	Checkout repository	2025-12-12T08:06:48.4376670Z   repository: kidblendapp/autocoding
cursor-agent	Checkout repository	2025-12-12T08:06:48.4378040Z   token: ***
cursor-agent	Checkout repository	2025-12-12T08:06:48.4378857Z   ssh-strict: true
cursor-agent	Checkout repository	2025-12-12T08:06:48.4379719Z   ssh-user: git
cursor-agent	Checkout repository	2025-12-12T08:06:48.4380605Z   persist-credentials: true
cursor-agent	Checkout repository	2025-12-12T08:06:48.4381619Z   clean: true
cursor-agent	Checkout repository	2025-12-12T08:06:48.4382499Z   sparse-checkout-cone-mode: true
cursor-agent	Checkout repository	2025-12-12T08:06:48.4383561Z   fetch-depth: 1
cursor-agent	Checkout repository	2025-12-12T08:06:48.4384409Z   fetch-tags: false
cursor-agent	Checkout repository	2025-12-12T08:06:48.4385503Z   show-progress: true
cursor-agent	Checkout repository	2025-12-12T08:06:48.4386414Z   lfs: false
cursor-agent	Checkout repository	2025-12-12T08:06:48.4387224Z   submodules: false
cursor-agent	Checkout repository	2025-12-12T08:06:48.4388104Z   set-safe-directory: true
cursor-agent	Checkout repository	2025-12-12T08:06:48.4389351Z ##[endgroup]
cursor-agent	Checkout repository	2025-12-12T08:06:48.5465614Z Syncing repository: kidblendapp/autocoding
cursor-agent	Checkout repository	2025-12-12T08:06:48.5468385Z ##[group]Getting Git version info
cursor-agent	Checkout repository	2025-12-12T08:06:48.5469954Z Working directory is '/home/runner/work/autocoding/autocoding'
cursor-agent	Checkout repository	2025-12-12T08:06:48.5472003Z [command]/usr/bin/git version
cursor-agent	Checkout repository	2025-12-12T08:06:48.5556824Z git version 2.52.0
cursor-agent	Checkout repository	2025-12-12T08:06:48.5583032Z ##[endgroup]
cursor-agent	Checkout repository	2025-12-12T08:06:48.5598123Z Temporarily overriding HOME='/home/runner/work/_temp/0bdd1dd2-251e-4268-9dc3-52885f7f5606' before making global git config changes
cursor-agent	Checkout repository	2025-12-12T08:06:48.5603191Z Adding repository directory to the temporary git global config as a safe directory
cursor-agent	Checkout repository	2025-12-12T08:06:48.5607413Z [command]/usr/bin/git config --global --add safe.directory /home/runner/work/autocoding/autocoding
cursor-agent	Checkout repository	2025-12-12T08:06:48.5644704Z Deleting the contents of '/home/runner/work/autocoding/autocoding'
cursor-agent	Checkout repository	2025-12-12T08:06:48.5648720Z ##[group]Initializing the repository
cursor-agent	Checkout repository	2025-12-12T08:06:48.5653562Z [command]/usr/bin/git init /home/runner/work/autocoding/autocoding
cursor-agent	Checkout repository	2025-12-12T08:06:48.5757899Z hint: Using 'master' as the name for the initial branch. This default branch name
cursor-agent	Checkout repository	2025-12-12T08:06:48.5760675Z hint: will change to "main" in Git 3.0. To configure the initial branch name
cursor-agent	Checkout repository	2025-12-12T08:06:48.5763872Z hint: to use in all of your new repositories, which will suppress this warning,
cursor-agent	Checkout repository	2025-12-12T08:06:48.5766770Z hint: call:
cursor-agent	Checkout repository	2025-12-12T08:06:48.5768176Z hint:
cursor-agent	Checkout repository	2025-12-12T08:06:48.5769828Z hint: 	git config --global init.defaultBranch <name>
cursor-agent	Checkout repository	2025-12-12T08:06:48.5771953Z hint:
cursor-agent	Checkout repository	2025-12-12T08:06:48.5774025Z hint: Names commonly chosen instead of 'master' are 'main', 'trunk' and
cursor-agent	Checkout repository	2025-12-12T08:06:48.5777514Z hint: 'development'. The just-created branch can be renamed via this command:
cursor-agent	Checkout repository	2025-12-12T08:06:48.5780024Z hint:
cursor-agent	Checkout repository	2025-12-12T08:06:48.5781074Z hint: 	git branch -m <name>
cursor-agent	Checkout repository	2025-12-12T08:06:48.5782011Z hint:
cursor-agent	Checkout repository	2025-12-12T08:06:48.5783264Z hint: Disable this message with "git config set advice.defaultBranchName false"
cursor-agent	Checkout repository	2025-12-12T08:06:48.5785816Z Initialized empty Git repository in /home/runner/work/autocoding/autocoding/.git/
cursor-agent	Checkout repository	2025-12-12T08:06:48.5791054Z [command]/usr/bin/git remote add origin https://github.com/kidblendapp/autocoding
cursor-agent	Checkout repository	2025-12-12T08:06:48.5812633Z ##[endgroup]
cursor-agent	Checkout repository	2025-12-12T08:06:48.5815509Z ##[group]Disabling automatic garbage collection
cursor-agent	Checkout repository	2025-12-12T08:06:48.5817887Z [command]/usr/bin/git config --local gc.auto 0
cursor-agent	Checkout repository	2025-12-12T08:06:48.5846961Z ##[endgroup]
cursor-agent	Checkout repository	2025-12-12T08:06:48.5849396Z ##[group]Setting up auth
cursor-agent	Checkout repository	2025-12-12T08:06:48.5854326Z [command]/usr/bin/git config --local --name-only --get-regexp core\.sshCommand
cursor-agent	Checkout repository	2025-12-12T08:06:48.5887148Z [command]/usr/bin/git submodule foreach --recursive sh -c "git config --local --name-only --get-regexp 'core\.sshCommand' && git config --local --unset-all 'core.sshCommand' || :"
cursor-agent	Checkout repository	2025-12-12T08:06:48.6233180Z [command]/usr/bin/git config --local --name-only --get-regexp http\.https\:\/\/github\.com\/\.extraheader
cursor-agent	Checkout repository	2025-12-12T08:06:48.6263189Z [command]/usr/bin/git submodule foreach --recursive sh -c "git config --local --name-only --get-regexp 'http\.https\:\/\/github\.com\/\.extraheader' && git config --local --unset-all 'http.https://github.com/.extraheader' || :"
cursor-agent	Checkout repository	2025-12-12T08:06:48.6478345Z [command]/usr/bin/git config --local --name-only --get-regexp ^includeIf\.gitdir:
cursor-agent	Checkout repository	2025-12-12T08:06:48.6509084Z [command]/usr/bin/git submodule foreach --recursive git config --local --show-origin --name-only --get-regexp remote.origin.url
cursor-agent	Checkout repository	2025-12-12T08:06:48.6721839Z [command]/usr/bin/git config --local http.https://github.com/.extraheader AUTHORIZATION: basic ***
cursor-agent	Checkout repository	2025-12-12T08:06:48.6755727Z ##[endgroup]
cursor-agent	Checkout repository	2025-12-12T08:06:48.6758339Z ##[group]Fetching the repository
cursor-agent	Checkout repository	2025-12-12T08:06:48.6768011Z [command]/usr/bin/git -c protocol.version=2 fetch --no-tags --prune --no-recurse-submodules --depth=1 origin +d44ccd01ff011eb851ec7fcf6d02249cb4568941:refs/remotes/origin/main
cursor-agent	Checkout repository	2025-12-12T08:06:49.0405246Z From https://github.com/kidblendapp/autocoding
cursor-agent	Checkout repository	2025-12-12T08:06:49.0407823Z  * [new ref]         d44ccd01ff011eb851ec7fcf6d02249cb4568941 -> origin/main
cursor-agent	Checkout repository	2025-12-12T08:06:49.0442363Z ##[endgroup]
cursor-agent	Checkout repository	2025-12-12T08:06:49.0445289Z ##[group]Determining the checkout info
cursor-agent	Checkout repository	2025-12-12T08:06:49.0448495Z ##[endgroup]
cursor-agent	Checkout repository	2025-12-12T08:06:49.0450329Z [command]/usr/bin/git sparse-checkout disable
cursor-agent	Checkout repository	2025-12-12T08:06:49.0490887Z [command]/usr/bin/git config --local --unset-all extensions.worktreeConfig
cursor-agent	Checkout repository	2025-12-12T08:06:49.0519406Z ##[group]Checking out the ref
cursor-agent	Checkout repository	2025-12-12T08:06:49.0522474Z [command]/usr/bin/git checkout --progress --force -B main refs/remotes/origin/main
cursor-agent	Checkout repository	2025-12-12T08:06:49.0646320Z Switched to a new branch 'main'
cursor-agent	Checkout repository	2025-12-12T08:06:49.0650460Z branch 'main' set up to track 'origin/main'.
cursor-agent	Checkout repository	2025-12-12T08:06:49.0658846Z ##[endgroup]
cursor-agent	Checkout repository	2025-12-12T08:06:49.0694130Z [command]/usr/bin/git log -1 --format=%H
cursor-agent	Checkout repository	2025-12-12T08:06:49.0717903Z d44ccd01ff011eb851ec7fcf6d02249cb4568941
cursor-agent	Map Event Type to Config	Ôªø2025-12-12T08:06:49.1022056Z ##[group]Run EVENT_TYPE=""
cursor-agent	Map Event Type to Config	2025-12-12T08:06:49.1023268Z [36;1mEVENT_TYPE=""[0m
cursor-agent	Map Event Type to Config	2025-12-12T08:06:49.1024201Z [36;1m[0m
cursor-agent	Map Event Type to Config	2025-12-12T08:06:49.1025429Z [36;1mcase "$EVENT_TYPE" in[0m
cursor-agent	Map Event Type to Config	2025-12-12T08:06:49.1026479Z [36;1m  "story-clarification")[0m
cursor-agent	Map Event Type to Config	2025-12-12T08:06:49.1027689Z [36;1m    CONFIG="agents/story_questions.json"[0m
cursor-agent	Map Event Type to Config	2025-12-12T08:06:49.1029197Z [36;1m    ;;[0m
cursor-agent	Map Event Type to Config	2025-12-12T08:06:49.1030091Z [36;1m  "story-development")[0m
cursor-agent	Map Event Type to Config	2025-12-12T08:06:49.1031308Z [36;1m    CONFIG="agents/story_development.json"[0m
cursor-agent	Map Event Type to Config	2025-12-12T08:06:49.1032543Z [36;1m    ;;[0m
cursor-agent	Map Event Type to Config	2025-12-12T08:06:49.1033401Z [36;1m  "story-description")[0m
cursor-agent	Map Event Type to Config	2025-12-12T08:06:49.1034596Z [36;1m    CONFIG="agents/story_description.json"[0m
cursor-agent	Map Event Type to Config	2025-12-12T08:06:49.1035909Z [36;1m    ;;[0m
cursor-agent	Map Event Type to Config	2025-12-12T08:06:49.1036785Z [36;1m  "solution-design")[0m
cursor-agent	Map Event Type to Config	2025-12-12T08:06:49.1038015Z [36;1m    CONFIG="agents/story_solution_design.json"[0m
cursor-agent	Map Event Type to Config	2025-12-12T08:06:49.1039236Z [36;1m    ;;[0m
cursor-agent	Map Event Type to Config	2025-12-12T08:06:49.1040115Z [36;1m  "sd-core-description")[0m
cursor-agent	Map Event Type to Config	2025-12-12T08:06:49.1041473Z [36;1m    CONFIG="agents/sd_core_description.json"[0m
cursor-agent	Map Event Type to Config	2025-12-12T08:06:49.1042660Z [36;1m    ;;[0m
cursor-agent	Map Event Type to Config	2025-12-12T08:06:49.1043605Z [36;1m  "sd-api-description")[0m
cursor-agent	Map Event Type to Config	2025-12-12T08:06:49.1044785Z [36;1m    CONFIG="agents/sd_api_description.json"[0m
cursor-agent	Map Event Type to Config	2025-12-12T08:06:49.1046107Z [36;1m    ;;[0m
cursor-agent	Map Event Type to Config	2025-12-12T08:06:49.1047065Z [36;1m  "api-development")[0m
cursor-agent	Map Event Type to Config	2025-12-12T08:06:49.1048179Z [36;1m    CONFIG="agents/api_development.json"[0m
cursor-agent	Map Event Type to Config	2025-12-12T08:06:49.1049302Z [36;1m    ;;[0m
cursor-agent	Map Event Type to Config	2025-12-12T08:06:49.1050300Z [36;1m  "core-description")[0m
cursor-agent	Map Event Type to Config	2025-12-12T08:06:49.1051420Z [36;1m    CONFIG="agents/core_description.json"[0m
cursor-agent	Map Event Type to Config	2025-12-12T08:06:49.1052641Z [36;1m    ;;[0m
cursor-agent	Map Event Type to Config	2025-12-12T08:06:49.1053526Z [36;1m  "code-review")[0m
cursor-agent	Map Event Type to Config	2025-12-12T08:06:49.1054525Z [36;1m    CONFIG="agents/code_review.json"[0m
cursor-agent	Map Event Type to Config	2025-12-12T08:06:49.1055887Z [36;1m    ;;[0m
cursor-agent	Map Event Type to Config	2025-12-12T08:06:49.1056823Z [36;1m  "test-generation")[0m
cursor-agent	Map Event Type to Config	2025-12-12T08:06:49.1057942Z [36;1m    CONFIG="agents/test_cases_generator.json"[0m
cursor-agent	Map Event Type to Config	2025-12-12T08:06:49.1059194Z [36;1m    ;;[0m
cursor-agent	Map Event Type to Config	2025-12-12T08:06:49.1060021Z [36;1m  *)[0m
cursor-agent	Map Event Type to Config	2025-12-12T08:06:49.1060815Z [36;1m    CONFIG=""[0m
cursor-agent	Map Event Type to Config	2025-12-12T08:06:49.1061818Z [36;1m    ;;[0m
cursor-agent	Map Event Type to Config	2025-12-12T08:06:49.1062645Z [36;1mesac[0m
cursor-agent	Map Event Type to Config	2025-12-12T08:06:49.1063449Z [36;1m[0m
cursor-agent	Map Event Type to Config	2025-12-12T08:06:49.1064491Z [36;1mecho "config_file=${CONFIG}" >> $GITHUB_OUTPUT[0m
cursor-agent	Map Event Type to Config	2025-12-12T08:06:49.1066147Z [36;1mecho "Mapped event type '${EVENT_TYPE}' to config: ${CONFIG}"[0m
cursor-agent	Map Event Type to Config	2025-12-12T08:06:49.1102940Z shell: /usr/bin/bash -e {0}
cursor-agent	Map Event Type to Config	2025-12-12T08:06:49.1103987Z ##[endgroup]
cursor-agent	Map Event Type to Config	2025-12-12T08:06:49.1184532Z Mapped event type '' to config: 
cursor-agent	Prepare Configuration	Ôªø2025-12-12T08:06:49.1262892Z ##[group]Run # Determine config file from either webhook or manual input
cursor-agent	Prepare Configuration	2025-12-12T08:06:49.1264732Z [36;1m# Determine config file from either webhook or manual input[0m
cursor-agent	Prepare Configuration	2025-12-12T08:06:49.1266682Z [36;1mif [ "workflow_dispatch" = "repository_dispatch" ]; then[0m
cursor-agent	Prepare Configuration	2025-12-12T08:06:49.1268381Z [36;1m  # Use mapped config if available, otherwise use client_payload[0m
cursor-agent	Prepare Configuration	2025-12-12T08:06:49.1269787Z [36;1m  CONFIG_FILE=""[0m
cursor-agent	Prepare Configuration	2025-12-12T08:06:49.1270800Z [36;1m  ENCODED_CONFIG=""[0m
cursor-agent	Prepare Configuration	2025-12-12T08:06:49.1271820Z [36;1m  TICKET_KEY=""[0m
cursor-agent	Prepare Configuration	2025-12-12T08:06:49.1273506Z [36;1m  JQL_QUERY=""[0m
cursor-agent	Prepare Configuration	2025-12-12T08:06:49.1275398Z [36;1melse[0m
cursor-agent	Prepare Configuration	2025-12-12T08:06:49.1277393Z [36;1m  # Use provided config_file or default to agents/test_agent.json[0m
cursor-agent	Prepare Configuration	2025-12-12T08:06:49.1279238Z [36;1m  CONFIG_FILE="agents/test_agent.json"[0m
cursor-agent	Prepare Configuration	2025-12-12T08:06:49.1341810Z [36;1m  if [ -z "${CONFIG_FILE}" ]; then[0m
cursor-agent	Prepare Configuration	2025-12-12T08:06:49.1343952Z [36;1m    CONFIG_FILE="agents/test_agent.json"[0m
cursor-agent	Prepare Configuration	2025-12-12T08:06:49.1345581Z [36;1m  fi[0m
cursor-agent	Prepare Configuration	2025-12-12T08:06:49.1346466Z [36;1m  ENCODED_CONFIG=""[0m
cursor-agent	Prepare Configuration	2025-12-12T08:06:49.1347391Z [36;1m  TICKET_KEY=""[0m
cursor-agent	Prepare Configuration	2025-12-12T08:06:49.1348259Z [36;1m  JQL_QUERY=""[0m
cursor-agent	Prepare Configuration	2025-12-12T08:06:49.1349102Z [36;1mfi[0m
cursor-agent	Prepare Configuration	2025-12-12T08:06:49.1349834Z [36;1m[0m
cursor-agent	Prepare Configuration	2025-12-12T08:06:49.1350764Z [36;1mecho "config_file=${CONFIG_FILE}" >> $GITHUB_OUTPUT[0m
cursor-agent	Prepare Configuration	2025-12-12T08:06:49.1352246Z [36;1mecho "encoded_config=${ENCODED_CONFIG}" >> $GITHUB_OUTPUT[0m
cursor-agent	Prepare Configuration	2025-12-12T08:06:49.1353716Z [36;1mecho "ticket_key=${TICKET_KEY}" >> $GITHUB_OUTPUT[0m
cursor-agent	Prepare Configuration	2025-12-12T08:06:49.1355375Z [36;1mecho "jql_query=${JQL_QUERY}" >> $GITHUB_OUTPUT[0m
cursor-agent	Prepare Configuration	2025-12-12T08:06:49.1356532Z [36;1m[0m
cursor-agent	Prepare Configuration	2025-12-12T08:06:49.1357347Z [36;1mecho "Configuration: ${CONFIG_FILE}"[0m
cursor-agent	Prepare Configuration	2025-12-12T08:06:49.1358667Z [36;1mecho "Ticket: ${TICKET_KEY}"[0m
cursor-agent	Prepare Configuration	2025-12-12T08:06:49.1359687Z [36;1mecho "JQL: ${JQL_QUERY}"[0m
cursor-agent	Prepare Configuration	2025-12-12T08:06:49.1391541Z shell: /usr/bin/bash -e {0}
cursor-agent	Prepare Configuration	2025-12-12T08:06:49.1392464Z ##[endgroup]
cursor-agent	Prepare Configuration	2025-12-12T08:06:49.1450752Z Configuration: agents/test_agent.json
cursor-agent	Prepare Configuration	2025-12-12T08:06:49.1452634Z Ticket: 
cursor-agent	Prepare Configuration	2025-12-12T08:06:49.1453900Z JQL: 
cursor-agent	Setup Java Environment	Ôªø2025-12-12T08:06:49.1654882Z ##[group]Run actions/setup-java@v4
cursor-agent	Setup Java Environment	2025-12-12T08:06:49.1656041Z with:
cursor-agent	Setup Java Environment	2025-12-12T08:06:49.1656776Z   distribution: temurin
cursor-agent	Setup Java Environment	2025-12-12T08:06:49.1657601Z   java-version: 23
cursor-agent	Setup Java Environment	2025-12-12T08:06:49.1658373Z   java-package: jdk
cursor-agent	Setup Java Environment	2025-12-12T08:06:49.1659159Z   check-latest: false
cursor-agent	Setup Java Environment	2025-12-12T08:06:49.1659957Z   server-id: github
cursor-agent	Setup Java Environment	2025-12-12T08:06:49.1660760Z   server-username: GITHUB_ACTOR
cursor-agent	Setup Java Environment	2025-12-12T08:06:49.1661711Z   server-password: GITHUB_TOKEN
cursor-agent	Setup Java Environment	2025-12-12T08:06:49.1662654Z   overwrite-settings: true
cursor-agent	Setup Java Environment	2025-12-12T08:06:49.1663518Z   job-status: success
cursor-agent	Setup Java Environment	2025-12-12T08:06:49.1664546Z   token: ***
cursor-agent	Setup Java Environment	2025-12-12T08:06:49.1665463Z ##[endgroup]
cursor-agent	Setup Java Environment	2025-12-12T08:06:49.3646121Z ##[group]Installed distributions
cursor-agent	Setup Java Environment	2025-12-12T08:06:49.3705132Z Trying to resolve the latest version from remote
cursor-agent	Setup Java Environment	2025-12-12T08:06:49.9041421Z Resolved latest version as 23.0.2+7
cursor-agent	Setup Java Environment	2025-12-12T08:06:49.9042812Z Trying to download...
cursor-agent	Setup Java Environment	2025-12-12T08:06:49.9045703Z Downloading Java 23.0.2+7 (Temurin-Hotspot) from https://github.com/adoptium/temurin23-binaries/releases/download/jdk-23.0.2%2B7/OpenJDK23U-jdk_x64_linux_hotspot_23.0.2_7.tar.gz ...
cursor-agent	Setup Java Environment	2025-12-12T08:06:51.1306883Z Extracting Java archive...
cursor-agent	Setup Java Environment	2025-12-12T08:06:51.1415197Z [command]/usr/bin/tar xz --warning=no-unknown-keyword --overwrite -C /home/runner/work/_temp/d3ace0ba-be30-4451-bcfa-0914f519cd50 -f /home/runner/work/_temp/5e85a342-bdbf-4fc1-a7aa-4af69eac456a
cursor-agent	Setup Java Environment	2025-12-12T08:06:53.9562633Z Java 23.0.2+7 was downloaded
cursor-agent	Setup Java Environment	2025-12-12T08:06:53.9563689Z Setting Java 23.0.2+7 as the default
cursor-agent	Setup Java Environment	2025-12-12T08:06:53.9574723Z Creating toolchains.xml for JDK version 23 from temurin
cursor-agent	Setup Java Environment	2025-12-12T08:06:53.9672971Z Writing to /home/runner/.m2/toolchains.xml
cursor-agent	Setup Java Environment	2025-12-12T08:06:53.9674091Z 
cursor-agent	Setup Java Environment	2025-12-12T08:06:53.9674344Z Java configuration:
cursor-agent	Setup Java Environment	2025-12-12T08:06:53.9674787Z   Distribution: temurin
cursor-agent	Setup Java Environment	2025-12-12T08:06:53.9675438Z   Version: 23.0.2+7
cursor-agent	Setup Java Environment	2025-12-12T08:06:53.9676022Z   Path: /opt/hostedtoolcache/Java_Temurin-Hotspot_jdk/23.0.2-7/x64
cursor-agent	Setup Java Environment	2025-12-12T08:06:53.9676513Z 
cursor-agent	Setup Java Environment	2025-12-12T08:06:53.9677123Z ##[endgroup]
cursor-agent	Setup Java Environment	2025-12-12T08:06:53.9696410Z Creating settings.xml with server-id: github
cursor-agent	Setup Java Environment	2025-12-12T08:06:53.9697943Z Writing to /home/runner/.m2/settings.xml
cursor-agent	Install Cursor CLI	Ôªø2025-12-12T08:06:53.9829862Z ##[group]Run echo "Installing Cursor CLI..."
cursor-agent	Install Cursor CLI	2025-12-12T08:06:53.9830275Z [36;1mecho "Installing Cursor CLI..."[0m
cursor-agent	Install Cursor CLI	2025-12-12T08:06:53.9830620Z [36;1mcurl https://cursor.com/install -fsS | bash[0m
cursor-agent	Install Cursor CLI	2025-12-12T08:06:53.9830904Z [36;1m[0m
cursor-agent	Install Cursor CLI	2025-12-12T08:06:53.9831134Z [36;1mecho "Checking installation locations..."[0m
cursor-agent	Install Cursor CLI	2025-12-12T08:06:53.9831483Z [36;1mls -la "$HOME/.cursor/" || echo "No .cursor directory"[0m
cursor-agent	Install Cursor CLI	2025-12-12T08:06:53.9831871Z [36;1mls -la "$HOME/.cursor/bin/" || echo "No .cursor/bin directory"[0m
cursor-agent	Install Cursor CLI	2025-12-12T08:06:53.9832286Z [36;1mls -la "$HOME/.local/bin/" || echo "No .local/bin directory"[0m
cursor-agent	Install Cursor CLI	2025-12-12T08:06:53.9832609Z [36;1m[0m
cursor-agent	Install Cursor CLI	2025-12-12T08:06:53.9832863Z [36;1m# Cursor CLI installs to ~/.local/bin, not ~/.cursor/bin[0m
cursor-agent	Install Cursor CLI	2025-12-12T08:06:53.9833199Z [36;1mecho "$HOME/.local/bin" >> $GITHUB_PATH[0m
cursor-agent	Install Cursor CLI	2025-12-12T08:06:53.9833466Z [36;1m[0m
cursor-agent	Install Cursor CLI	2025-12-12T08:06:53.9833658Z [36;1m# Test installation[0m
cursor-agent	Install Cursor CLI	2025-12-12T08:06:53.9833934Z [36;1mexport PATH="$HOME/.local/bin:$PATH"[0m
cursor-agent	Install Cursor CLI	2025-12-12T08:06:53.9834291Z [36;1mif command -v cursor-agent; then[0m
cursor-agent	Install Cursor CLI	2025-12-12T08:06:53.9834640Z [36;1m  echo "‚úÖ cursor-agent found at: $(command -v cursor-agent)"[0m
cursor-agent	Install Cursor CLI	2025-12-12T08:06:53.9835348Z [36;1m  cursor-agent --version 2>&1 || echo "Version check failed"[0m
cursor-agent	Install Cursor CLI	2025-12-12T08:06:53.9835731Z [36;1melse[0m
cursor-agent	Install Cursor CLI	2025-12-12T08:06:53.9835991Z [36;1m  echo "‚ùå cursor-agent not found after installation"[0m
cursor-agent	Install Cursor CLI	2025-12-12T08:06:53.9836321Z [36;1m  echo "Available files in .local/bin:"[0m
cursor-agent	Install Cursor CLI	2025-12-12T08:06:53.9836913Z [36;1m  ls -la "$HOME/.local/bin/" 2>/dev/null || echo "Directory does not exist"[0m
cursor-agent	Install Cursor CLI	2025-12-12T08:06:53.9837257Z [36;1mfi[0m
cursor-agent	Install Cursor CLI	2025-12-12T08:06:53.9873391Z shell: /usr/bin/bash -e {0}
cursor-agent	Install Cursor CLI	2025-12-12T08:06:53.9873661Z env:
cursor-agent	Install Cursor CLI	2025-12-12T08:06:53.9873983Z   JAVA_HOME: /opt/hostedtoolcache/Java_Temurin-Hotspot_jdk/23.0.2-7/x64
cursor-agent	Install Cursor CLI	2025-12-12T08:06:53.9874455Z   JAVA_HOME_23_X64: /opt/hostedtoolcache/Java_Temurin-Hotspot_jdk/23.0.2-7/x64
cursor-agent	Install Cursor CLI	2025-12-12T08:06:53.9874804Z ##[endgroup]
cursor-agent	Install Cursor CLI	2025-12-12T08:06:53.9929478Z Installing Cursor CLI...
cursor-agent	Install Cursor CLI	2025-12-12T08:06:54.2247294Z 
cursor-agent	Install Cursor CLI	2025-12-12T08:06:54.2247928Z [1mCursor Agent Installer[0m
cursor-agent	Install Cursor CLI	2025-12-12T08:06:54.2248285Z 
cursor-agent	Install Cursor CLI	2025-12-12T08:06:54.2250760Z [0;34m‚ñ∏[0m Detecting system architecture...
cursor-agent	Install Cursor CLI	2025-12-12T08:06:54.2279753Z [1A[2K[0;32m‚úì[0m Detected linux/x64
cursor-agent	Install Cursor CLI	2025-12-12T08:06:54.2280404Z [0;34m‚ñ∏[0m Creating installation directory...
cursor-agent	Install Cursor CLI	2025-12-12T08:06:54.2307892Z [1A[2K[0;32m‚úì[0m Directory created
cursor-agent	Install Cursor CLI	2025-12-12T08:06:54.2308563Z [0;34m‚ñ∏[0m Downloading Cursor Agent package...
cursor-agent	Install Cursor CLI	2025-12-12T08:06:54.2309644Z [2m  Download URL: https://downloads.cursor.com/lab/2025.11.25-d5b3271/linux/x64/agent-cli-package.tar.gz[0m
cursor-agent	Install Cursor CLI	2025-12-12T08:06:54.4430565Z #=#=#                                                                          
cursor-agent	Install Cursor CLI	2025-12-12T08:06:54.4431386Z 
cursor-agent	Install Cursor CLI	2025-12-12T08:06:54.6806738Z                                                                            1.0%
cursor-agent	Install Cursor CLI	2025-12-12T08:06:54.8861977Z ##############                                                            20.4%
cursor-agent	Install Cursor CLI	2025-12-12T08:06:55.0898491Z ###########################                                               38.4%
cursor-agent	Install Cursor CLI	2025-12-12T08:06:55.2989156Z ########################################                                  56.2%
cursor-agent	Install Cursor CLI	2025-12-12T08:06:55.5721733Z #####################################################                     74.2%
cursor-agent	Install Cursor CLI	2025-12-12T08:06:55.6734087Z ##################################################################        92.2%
cursor-agent	Install Cursor CLI	2025-12-12T08:06:55.6736198Z ######################################################################## 100.0%
cursor-agent	Install Cursor CLI	2025-12-12T08:06:55.6793111Z [1A[2K[1A[2K[1A[2K[1A[2K[0;32m‚úì[0m Package downloaded and extracted
cursor-agent	Install Cursor CLI	2025-12-12T08:06:55.6793817Z [0;34m‚ñ∏[0m Finalizing installation...
cursor-agent	Install Cursor CLI	2025-12-12T08:06:55.6822192Z [1A[2K[0;32m‚úì[0m Package installed successfully
cursor-agent	Install Cursor CLI	2025-12-12T08:06:55.6822928Z [0;34m‚ñ∏[0m Creating bin directory...
cursor-agent	Install Cursor CLI	2025-12-12T08:06:55.6836842Z [1A[2K[0;32m‚úì[0m Bin directory ready
cursor-agent	Install Cursor CLI	2025-12-12T08:06:55.6837545Z [0;34m‚ñ∏[0m Creating symlink to cursor-agent executable...
cursor-agent	Install Cursor CLI	2025-12-12T08:06:55.6859189Z [1A[2K[0;32m‚úì[0m Symlink created
cursor-agent	Install Cursor CLI	2025-12-12T08:06:55.6859529Z 
cursor-agent	Install Cursor CLI	2025-12-12T08:06:55.6860273Z [1m[0;32m‚ú® Installation Complete! [0m
cursor-agent	Install Cursor CLI	2025-12-12T08:06:55.6860621Z 
cursor-agent	Install Cursor CLI	2025-12-12T08:06:55.6860631Z 
cursor-agent	Install Cursor CLI	2025-12-12T08:06:55.6875429Z [1mNext Steps[0m
cursor-agent	Install Cursor CLI	2025-12-12T08:06:55.6875680Z 
cursor-agent	Install Cursor CLI	2025-12-12T08:06:55.6875929Z [1m1.[0m Add ~/.local/bin to your PATH:
cursor-agent	Install Cursor CLI	2025-12-12T08:06:55.6877587Z    [2mFor bash:[0m
cursor-agent	Install Cursor CLI	2025-12-12T08:06:55.6878201Z    [1m[0;34mecho 'export PATH="$HOME/.local/bin:$PATH"' >> ~/.bashrc[0m
cursor-agent	Install Cursor CLI	2025-12-12T08:06:55.6878947Z    [1m[0;34msource ~/.bashrc[0m
cursor-agent	Install Cursor CLI	2025-12-12T08:06:55.6879222Z 
cursor-agent	Install Cursor CLI	2025-12-12T08:06:55.6883123Z [1m2.[0m Start using Cursor Agent:
cursor-agent	Install Cursor CLI	2025-12-12T08:06:55.6883728Z    [1mcursor-agent[0m
cursor-agent	Install Cursor CLI	2025-12-12T08:06:55.6883972Z 
cursor-agent	Install Cursor CLI	2025-12-12T08:06:55.6883981Z 
cursor-agent	Install Cursor CLI	2025-12-12T08:06:55.6884257Z [1m[0;36mHappy coding! üöÄ[0m
cursor-agent	Install Cursor CLI	2025-12-12T08:06:55.6884523Z 
cursor-agent	Install Cursor CLI	2025-12-12T08:06:55.6898651Z Checking installation locations...
cursor-agent	Install Cursor CLI	2025-12-12T08:06:55.6910099Z ls: cannot access '/home/runner/.cursor/': No such file or directory
cursor-agent	Install Cursor CLI	2025-12-12T08:06:55.6912220Z No .cursor directory
cursor-agent	Install Cursor CLI	2025-12-12T08:06:55.6922423Z ls: cannot access '/home/runner/.cursor/bin/': No such file or directory
cursor-agent	Install Cursor CLI	2025-12-12T08:06:55.6924565Z No .cursor/bin directory
cursor-agent	Install Cursor CLI	2025-12-12T08:06:55.6937133Z total 12
cursor-agent	Install Cursor CLI	2025-12-12T08:06:55.6937517Z drwxr-xr-x 2 runner runner 4096 Dec 12 08:06 .
cursor-agent	Install Cursor CLI	2025-12-12T08:06:55.6938025Z drwxr-xr-x 4 runner runner 4096 Dec 12 08:06 ..
cursor-agent	Install Cursor CLI	2025-12-12T08:06:55.6938984Z lrwxrwxrwx 1 runner runner   79 Dec 12 08:06 cursor-agent -> /home/runner/.local/share/cursor-agent/versions/2025.11.25-d5b3271/cursor-agent
cursor-agent	Install Cursor CLI	2025-12-12T08:06:55.6940902Z /home/runner/.local/bin/cursor-agent
cursor-agent	Install Cursor CLI	2025-12-12T08:06:55.6947598Z ‚úÖ cursor-agent found at: /home/runner/.local/bin/cursor-agent
cursor-agent	Install Cursor CLI	2025-12-12T08:06:56.0534559Z 2025.11.25-d5b3271
cursor-agent	Install DMTools CLI	Ôªø2025-12-12T08:06:56.0658329Z ##[group]Run curl -fsSL https://github.com/IstiN/dmtools/releases/latest/download/install.sh | bash
cursor-agent	Install DMTools CLI	2025-12-12T08:06:56.0659073Z [36;1mcurl -fsSL https://github.com/IstiN/dmtools/releases/latest/download/install.sh | bash[0m
cursor-agent	Install DMTools CLI	2025-12-12T08:06:56.0659551Z [36;1mecho "$HOME/.dmtools/bin" >> $GITHUB_PATH[0m
cursor-agent	Install DMTools CLI	2025-12-12T08:06:56.0695188Z shell: /usr/bin/bash -e {0}
cursor-agent	Install DMTools CLI	2025-12-12T08:06:56.0695514Z env:
cursor-agent	Install DMTools CLI	2025-12-12T08:06:56.0695807Z   JAVA_HOME: /opt/hostedtoolcache/Java_Temurin-Hotspot_jdk/23.0.2-7/x64
cursor-agent	Install DMTools CLI	2025-12-12T08:06:56.0696285Z   JAVA_HOME_23_X64: /opt/hostedtoolcache/Java_Temurin-Hotspot_jdk/23.0.2-7/x64
cursor-agent	Install DMTools CLI	2025-12-12T08:06:56.0696647Z ##[endgroup]
cursor-agent	Install DMTools CLI	2025-12-12T08:06:56.3580173Z [0;32müöÄ Installing DMTools CLI...[0m
cursor-agent	Install DMTools CLI	2025-12-12T08:06:56.3580832Z [0;34mChecking Java installation...[0m
cursor-agent	Install DMTools CLI	2025-12-12T08:06:56.3899689Z [0;32mJava version detected: 23.0.2[0m
cursor-agent	Install DMTools CLI	2025-12-12T08:06:56.3902147Z [0;34mFetching latest release information...[0m
cursor-agent	Install DMTools CLI	2025-12-12T08:06:56.5607267Z [0;32mLatest version: v1.7.100[0m
cursor-agent	Install DMTools CLI	2025-12-12T08:06:56.5608024Z [0;34mCreating installation directory...[0m
cursor-agent	Install DMTools CLI	2025-12-12T08:06:56.5633932Z [0;34mDownloading DMTools JAR...[0m
cursor-agent	Install DMTools CLI	2025-12-12T08:06:57.4786211Z [0;34mDownloading DMTools shell script...[0m
cursor-agent	Install DMTools CLI	2025-12-12T08:06:57.8839664Z [0;34mUpdating shell configuration...[0m
cursor-agent	Install DMTools CLI	2025-12-12T08:06:57.9135209Z [0;32mUpdated /home/runner/.bashrc[0m
cursor-agent	Install DMTools CLI	2025-12-12T08:06:57.9211870Z [0;32mUpdated /home/runner/.bash_profile[0m
cursor-agent	Install DMTools CLI	2025-12-12T08:06:57.9228393Z [0;32mUpdated /home/runner/.profile[0m
cursor-agent	Install DMTools CLI	2025-12-12T08:06:57.9228764Z [0;34mVerifying installation...[0m
cursor-agent	Install DMTools CLI	2025-12-12T08:06:58.7342033Z [0;32mDMTools CLI installed successfully![0m
cursor-agent	Install DMTools CLI	2025-12-12T08:06:58.7342494Z 
cursor-agent	Install DMTools CLI	2025-12-12T08:06:58.7342902Z [0;32müéâ DMTools CLI installation completed![0m
cursor-agent	Install DMTools CLI	2025-12-12T08:06:58.7343259Z 
cursor-agent	Install DMTools CLI	2025-12-12T08:06:58.7343412Z To get started:
cursor-agent	Install DMTools CLI	2025-12-12T08:06:58.7343805Z   1. Restart your shell or run: source ~/.zshrc (or ~/.bashrc)
cursor-agent	Install DMTools CLI	2025-12-12T08:06:58.7344120Z   2. Run: dmtools list
cursor-agent	Install DMTools CLI	2025-12-12T08:06:58.7344392Z   3. Set up your integrations with environment variables:
cursor-agent	Install DMTools CLI	2025-12-12T08:06:58.7344766Z      export DMTOOLS_INTEGRATIONS=jira,confluence,figma
cursor-agent	Install DMTools CLI	2025-12-12T08:06:58.7345372Z      export JIRA_EMAIL=your-email@domain.com
cursor-agent	Install DMTools CLI	2025-12-12T08:06:58.7345675Z      export JIRA_API_TOKEN=your-jira-api-token
cursor-agent	Install DMTools CLI	2025-12-12T08:06:58.7346030Z      export JIRA_BASE_PATH=https://your-domain.atlassian.net
cursor-agent	Install DMTools CLI	2025-12-12T08:06:58.7346272Z 
cursor-agent	Install DMTools CLI	2025-12-12T08:06:58.7346353Z System Requirements:
cursor-agent	Install DMTools CLI	2025-12-12T08:06:58.7635918Z   ‚úì Java 23.0.2 detected
cursor-agent	Install DMTools CLI	2025-12-12T08:06:58.7636267Z 
cursor-agent	Install DMTools CLI	2025-12-12T08:06:58.7636494Z For more information, visit: https://github.com/IstiN/dmtools
cursor-agent	Verify DMTools and Cursor Installation	Ôªø2025-12-12T08:06:58.7679380Z ##[group]Run echo "Verifying installations..."
cursor-agent	Verify DMTools and Cursor Installation	2025-12-12T08:06:58.7680226Z [36;1mecho "Verifying installations..."[0m
cursor-agent	Verify DMTools and Cursor Installation	2025-12-12T08:06:58.7680872Z [36;1mexport PATH="$HOME/.local/bin:$HOME/.dmtools/bin:$PATH"[0m
cursor-agent	Verify DMTools and Cursor Installation	2025-12-12T08:06:58.7681482Z [36;1m[0m
cursor-agent	Verify DMTools and Cursor Installation	2025-12-12T08:06:58.7681861Z [36;1mecho "DMTools version:"[0m
cursor-agent	Verify DMTools and Cursor Installation	2025-12-12T08:06:58.7682404Z [36;1mdmtools --version || echo "‚ö†Ô∏è dmtools not found"[0m
cursor-agent	Verify DMTools and Cursor Installation	2025-12-12T08:06:58.7682935Z [36;1m[0m
cursor-agent	Verify DMTools and Cursor Installation	2025-12-12T08:06:58.7683285Z [36;1mecho "Cursor Agent version:"[0m
cursor-agent	Verify DMTools and Cursor Installation	2025-12-12T08:06:58.7683887Z [36;1mcursor-agent --version || echo "‚ö†Ô∏è cursor-agent not found"[0m
cursor-agent	Verify DMTools and Cursor Installation	2025-12-12T08:06:58.7684525Z [36;1m[0m
cursor-agent	Verify DMTools and Cursor Installation	2025-12-12T08:06:58.7684860Z [36;1mecho "PATH: $PATH"[0m
cursor-agent	Verify DMTools and Cursor Installation	2025-12-12T08:06:58.7733230Z shell: /usr/bin/bash -e {0}
cursor-agent	Verify DMTools and Cursor Installation	2025-12-12T08:06:58.7733643Z env:
cursor-agent	Verify DMTools and Cursor Installation	2025-12-12T08:06:58.7734147Z   JAVA_HOME: /opt/hostedtoolcache/Java_Temurin-Hotspot_jdk/23.0.2-7/x64
cursor-agent	Verify DMTools and Cursor Installation	2025-12-12T08:06:58.7735927Z   JAVA_HOME_23_X64: /opt/hostedtoolcache/Java_Temurin-Hotspot_jdk/23.0.2-7/x64
cursor-agent	Verify DMTools and Cursor Installation	2025-12-12T08:06:58.7736658Z ##[endgroup]
cursor-agent	Verify DMTools and Cursor Installation	2025-12-12T08:06:58.7805728Z Verifying installations...
cursor-agent	Verify DMTools and Cursor Installation	2025-12-12T08:06:58.7806175Z DMTools version:
cursor-agent	Verify DMTools and Cursor Installation	2025-12-12T08:06:59.3327807Z DMTools 1.7.100
cursor-agent	Verify DMTools and Cursor Installation	2025-12-12T08:06:59.3328354Z A comprehensive development management toolkit
cursor-agent	Verify DMTools and Cursor Installation	2025-12-12T08:06:59.4719853Z Cursor Agent version:
cursor-agent	Verify DMTools and Cursor Installation	2025-12-12T08:06:59.8247125Z 2025.11.25-d5b3271
cursor-agent	Verify DMTools and Cursor Installation	2025-12-12T08:06:59.8348749Z PATH: /home/runner/.local/bin:/home/runner/.dmtools/bin:/home/runner/.dmtools/bin:/home/runner/.local/bin:/opt/hostedtoolcache/Java_Temurin-Hotspot_jdk/23.0.2-7/x64/bin:/snap/bin:/home/runner/.local/bin:/opt/pipx_bin:/home/runner/.cargo/bin:/home/runner/.config/composer/vendor/bin:/usr/local/.ghcup/bin:/home/runner/.dotnet/tools:/usr/local/sbin:/usr/local/bin:/usr/sbin:/usr/bin:/sbin:/bin:/usr/games:/usr/local/games:/snap/bin
cursor-agent	Prepare Environment Variables	Ôªø2025-12-12T08:06:59.8377411Z ##[group]Run CONFIG_FILE="agents/test_agent.json"
cursor-agent	Prepare Environment Variables	2025-12-12T08:06:59.8377818Z [36;1mCONFIG_FILE="agents/test_agent.json"[0m
cursor-agent	Prepare Environment Variables	2025-12-12T08:06:59.8378093Z [36;1m[0m
cursor-agent	Prepare Environment Variables	2025-12-12T08:06:59.8378292Z [36;1m# Check if this is test_agent[0m
cursor-agent	Prepare Environment Variables	2025-12-12T08:06:59.8378618Z [36;1mif [[ "${CONFIG_FILE}" == *"test_agent.json"* ]]; then[0m
cursor-agent	Prepare Environment Variables	2025-12-12T08:06:59.8378954Z [36;1m  echo "is_test_agent=true" >> $GITHUB_OUTPUT[0m
cursor-agent	Prepare Environment Variables	2025-12-12T08:06:59.8379314Z [36;1m  echo "dmtools_integrations=cli,file" >> $GITHUB_OUTPUT[0m
cursor-agent	Prepare Environment Variables	2025-12-12T08:06:59.8379753Z [36;1m  echo "Test agent detected - will disable Jira/Confluence integrations"[0m
cursor-agent	Prepare Environment Variables	2025-12-12T08:06:59.8380125Z [36;1melse[0m
cursor-agent	Prepare Environment Variables	2025-12-12T08:06:59.8380364Z [36;1m  echo "is_test_agent=false" >> $GITHUB_OUTPUT[0m
cursor-agent	Prepare Environment Variables	2025-12-12T08:06:59.8380794Z [36;1m  echo "dmtools_integrations=jira,confluence,figma,ai,cli,file" >> $GITHUB_OUTPUT[0m
cursor-agent	Prepare Environment Variables	2025-12-12T08:06:59.8381184Z [36;1mfi[0m
cursor-agent	Prepare Environment Variables	2025-12-12T08:06:59.8414377Z shell: /usr/bin/bash -e {0}
cursor-agent	Prepare Environment Variables	2025-12-12T08:06:59.8414625Z env:
cursor-agent	Prepare Environment Variables	2025-12-12T08:06:59.8414961Z   JAVA_HOME: /opt/hostedtoolcache/Java_Temurin-Hotspot_jdk/23.0.2-7/x64
cursor-agent	Prepare Environment Variables	2025-12-12T08:06:59.8415693Z   JAVA_HOME_23_X64: /opt/hostedtoolcache/Java_Temurin-Hotspot_jdk/23.0.2-7/x64
cursor-agent	Prepare Environment Variables	2025-12-12T08:06:59.8416088Z ##[endgroup]
cursor-agent	Prepare Environment Variables	2025-12-12T08:06:59.8468667Z Test agent detected - will disable Jira/Confluence integrations
cursor-agent	Run AI Teammate	Ôªø2025-12-12T08:06:59.8537003Z ##[group]Run CONFIG_FILE="agents/test_agent.json"
cursor-agent	Run AI Teammate	2025-12-12T08:06:59.8537970Z [36;1mCONFIG_FILE="agents/test_agent.json"[0m
cursor-agent	Run AI Teammate	2025-12-12T08:06:59.8538257Z [36;1mENCODED_CONFIG=""[0m
cursor-agent	Run AI Teammate	2025-12-12T08:06:59.8538480Z [36;1m[0m
cursor-agent	Run AI Teammate	2025-12-12T08:06:59.8538751Z [36;1m# ‚úÖ CRITICAL: Export PATH to ensure dmtools is available[0m
cursor-agent	Run AI Teammate	2025-12-12T08:06:59.8539155Z [36;1mexport PATH="$HOME/.local/bin:$HOME/.dmtools/bin:$PATH"[0m
cursor-agent	Run AI Teammate	2025-12-12T08:06:59.8539461Z [36;1m[0m
cursor-agent	Run AI Teammate	2025-12-12T08:06:59.8539806Z [36;1m# ‚úÖ CRITICAL: Explicitly export DMTOOLS_INTEGRATIONS to ensure it's available to dmtools[0m
cursor-agent	Run AI Teammate	2025-12-12T08:06:59.8540255Z [36;1mexport DMTOOLS_INTEGRATIONS="cli,file"[0m
cursor-agent	Run AI Teammate	2025-12-12T08:06:59.8540517Z [36;1m[0m
cursor-agent	Run AI Teammate	2025-12-12T08:06:59.8540739Z [36;1mecho "Using configuration: ${CONFIG_FILE}"[0m
cursor-agent	Run AI Teammate	2025-12-12T08:06:59.8541012Z [36;1m[0m
cursor-agent	Run AI Teammate	2025-12-12T08:06:59.8541237Z [36;1m# ‚úÖ Verify dmtools is available before proceeding[0m
cursor-agent	Run AI Teammate	2025-12-12T08:06:59.8541591Z [36;1mecho "=== Verifying dmtools installation ==="[0m
cursor-agent	Run AI Teammate	2025-12-12T08:06:59.8541945Z [36;1mif ! command -v dmtools >/dev/null 2>&1; then[0m
cursor-agent	Run AI Teammate	2025-12-12T08:06:59.8542259Z [36;1m  echo "‚ùå dmtools command not found in PATH"[0m
cursor-agent	Run AI Teammate	2025-12-12T08:06:59.8542549Z [36;1m  echo "Current PATH: $PATH"[0m
cursor-agent	Run AI Teammate	2025-12-12T08:06:59.8542829Z [36;1m  echo "Checking installation locations:"[0m
cursor-agent	Run AI Teammate	2025-12-12T08:06:59.8543237Z [36;1m  ls -la "$HOME/.dmtools/bin/" 2>/dev/null || echo "  $HOME/.dmtools/bin/ does not exist"[0m
cursor-agent	Run AI Teammate	2025-12-12T08:06:59.8543732Z [36;1m  ls -la "$HOME/.local/bin/" 2>/dev/null || echo "  $HOME/.local/bin/ does not exist"[0m
cursor-agent	Run AI Teammate	2025-12-12T08:06:59.8544104Z [36;1m  echo "Trying to find dmtools:"[0m
cursor-agent	Run AI Teammate	2025-12-12T08:06:59.8544508Z [36;1m  find "$HOME" -name "dmtools" -type f 2>/dev/null | head -5 || echo "  dmtools not found in $HOME"[0m
cursor-agent	Run AI Teammate	2025-12-12T08:06:59.8544901Z [36;1m  exit 1[0m
cursor-agent	Run AI Teammate	2025-12-12T08:06:59.8545342Z [36;1mfi[0m
cursor-agent	Run AI Teammate	2025-12-12T08:06:59.8545806Z [36;1mecho "‚úÖ dmtools found at: $(command -v dmtools)"[0m
cursor-agent	Run AI Teammate	2025-12-12T08:06:59.8546222Z [36;1mdmtools --version || echo "‚ö†Ô∏è Version check failed, but continuing..."[0m
cursor-agent	Run AI Teammate	2025-12-12T08:06:59.8546620Z [36;1mecho "======================================"[0m
cursor-agent	Run AI Teammate	2025-12-12T08:06:59.8546887Z [36;1mecho ""[0m
cursor-agent	Run AI Teammate	2025-12-12T08:06:59.8547067Z [36;1m[0m
cursor-agent	Run AI Teammate	2025-12-12T08:06:59.8547259Z [36;1m# ‚úÖ Check config file exists[0m
cursor-agent	Run AI Teammate	2025-12-12T08:06:59.8547525Z [36;1mif [ ! -f "${CONFIG_FILE}" ]; then[0m
cursor-agent	Run AI Teammate	2025-12-12T08:06:59.8547824Z [36;1m  echo "‚ùå Config file not found: ${CONFIG_FILE}"[0m
cursor-agent	Run AI Teammate	2025-12-12T08:06:59.8548129Z [36;1m  echo "Available files in agents/:"[0m
cursor-agent	Run AI Teammate	2025-12-12T08:06:59.8548444Z [36;1m  ls -la agents/ || echo "agents/ directory not found"[0m
cursor-agent	Run AI Teammate	2025-12-12T08:06:59.8548736Z [36;1m  exit 1[0m
cursor-agent	Run AI Teammate	2025-12-12T08:06:59.8548911Z [36;1mfi[0m
cursor-agent	Run AI Teammate	2025-12-12T08:06:59.8549083Z [36;1m[0m
cursor-agent	Run AI Teammate	2025-12-12T08:06:59.8549333Z [36;1m# ‚úÖ Ensure config file is writable (fix permission issues)[0m
cursor-agent	Run AI Teammate	2025-12-12T08:06:59.8549831Z [36;1mchmod 644 "${CONFIG_FILE}" || echo "‚ö†Ô∏è Could not change config file permissions (may be read-only)"[0m
cursor-agent	Run AI Teammate	2025-12-12T08:06:59.8550242Z [36;1m[0m
cursor-agent	Run AI Teammate	2025-12-12T08:06:59.8550535Z [36;1m# For test_agent, unset Jira/Confluence env vars to prevent initialization[0m
cursor-agent	Run AI Teammate	2025-12-12T08:06:59.8550904Z [36;1mif [[ "true" == "true" ]]; then[0m
cursor-agent	Run AI Teammate	2025-12-12T08:06:59.8551246Z [36;1m  echo "Test agent detected - unsetting Jira/Confluence env vars"[0m
cursor-agent	Run AI Teammate	2025-12-12T08:06:59.8551661Z [36;1m  # Unset Jira/Confluence env vars to prevent initialization[0m
cursor-agent	Run AI Teammate	2025-12-12T08:06:59.8552064Z [36;1m  unset JIRA_EMAIL JIRA_API_TOKEN JIRA_BASE_PATH JIRA_AUTH_TYPE[0m
cursor-agent	Run AI Teammate	2025-12-12T08:06:59.8552482Z [36;1m  unset JIRA_CLEAR_CACHE JIRA_EXTRA_FIELDS JIRA_EXTRA_FIELDS_PROJECT[0m
cursor-agent	Run AI Teammate	2025-12-12T08:06:59.8552879Z [36;1m  unset JIRA_LOGGING_ENABLED JIRA_WAIT_BEFORE_PERFORM[0m
cursor-agent	Run AI Teammate	2025-12-12T08:06:59.8553279Z [36;1m  unset CONFLUENCE_EMAIL CONFLUENCE_API_TOKEN CONFLUENCE_BASE_PATH[0m
cursor-agent	Run AI Teammate	2025-12-12T08:06:59.8553687Z [36;1m  unset CONFLUENCE_DEFAULT_SPACE CONFLUENCE_GRAPHQL_PATH[0m
cursor-agent	Run AI Teammate	2025-12-12T08:06:59.8554067Z [36;1m  echo "DMTOOLS_INTEGRATIONS: ${DMTOOLS_INTEGRATIONS}"[0m
cursor-agent	Run AI Teammate	2025-12-12T08:06:59.8554569Z [36;1m  echo "Jira/Confluence env vars unset"[0m
cursor-agent	Run AI Teammate	2025-12-12T08:06:59.8554831Z [36;1mfi[0m
cursor-agent	Run AI Teammate	2025-12-12T08:06:59.8555118Z [36;1m[0m
cursor-agent	Run AI Teammate	2025-12-12T08:06:59.8555426Z [36;1m# ‚úÖ Ensure outputs directory exists and is writable with proper permissions[0m
cursor-agent	Run AI Teammate	2025-12-12T08:06:59.8555813Z [36;1mmkdir -p outputs inputs[0m
cursor-agent	Run AI Teammate	2025-12-12T08:06:59.8556065Z [36;1mchmod 755 outputs inputs || true[0m
cursor-agent	Run AI Teammate	2025-12-12T08:06:59.8556345Z [36;1m# Ensure current directory is writable[0m
cursor-agent	Run AI Teammate	2025-12-12T08:06:59.8556615Z [36;1mchmod 755 . || true[0m
cursor-agent	Run AI Teammate	2025-12-12T08:06:59.8556882Z [36;1mecho "Created outputs and inputs directories"[0m
cursor-agent	Run AI Teammate	2025-12-12T08:06:59.8557181Z [36;1mecho "Directory permissions:"[0m
cursor-agent	Run AI Teammate	2025-12-12T08:06:59.8557448Z [36;1mls -ld outputs inputs . || true[0m
cursor-agent	Run AI Teammate	2025-12-12T08:06:59.8557689Z [36;1m[0m
cursor-agent	Run AI Teammate	2025-12-12T08:06:59.8557996Z [36;1m# For test_agent, remove inputJql to prevent dmtools from trying to process tickets[0m
cursor-agent	Run AI Teammate	2025-12-12T08:06:59.8558527Z [36;1m# when integrations are disabled. This allows dmtools to skip ticket processing[0m
cursor-agent	Run AI Teammate	2025-12-12T08:06:59.8558963Z [36;1m# and proceed directly to executing cliCommands.[0m
cursor-agent	Run AI Teammate	2025-12-12T08:06:59.8559261Z [36;1mif [[ "true" == "true" ]]; then[0m
cursor-agent	Run AI Teammate	2025-12-12T08:06:59.8559617Z [36;1m  echo "Test agent detected - removing inputJql to skip ticket processing"[0m
cursor-agent	Run AI Teammate	2025-12-12T08:06:59.8560002Z [36;1m  TEMP_CONFIG="${CONFIG_FILE}.tmp"[0m
cursor-agent	Run AI Teammate	2025-12-12T08:06:59.8560248Z [36;1m  [0m
cursor-agent	Run AI Teammate	2025-12-12T08:06:59.8560516Z [36;1m  # Remove inputJql to prevent dmtools from trying to query tickets[0m
cursor-agent	Run AI Teammate	2025-12-12T08:06:59.8561015Z [36;1m  # Also ensure no ticket-related fields are present that might trigger ticket processing[0m
cursor-agent	Run AI Teammate	2025-12-12T08:06:59.8561680Z [36;1m  if jq 'del(.params.inputJql) | del(.params.ticketKey) | del(.params.jqlQuery)' "${CONFIG_FILE}" > "${TEMP_CONFIG}" 2>/dev/null; then[0m
cursor-agent	Run AI Teammate	2025-12-12T08:06:59.8562363Z [36;1m    if mv "${TEMP_CONFIG}" "${CONFIG_FILE}" 2>/dev/null; then[0m
cursor-agent	Run AI Teammate	2025-12-12T08:06:59.8562683Z [36;1m      chmod 644 "${CONFIG_FILE}" || true[0m
cursor-agent	Run AI Teammate	2025-12-12T08:06:59.8563116Z [36;1m      echo "‚úÖ Removed inputJql and ticket-related fields from config to skip ticket processing"[0m
cursor-agent	Run AI Teammate	2025-12-12T08:06:59.8563559Z [36;1m      # Verify removal was successful[0m
cursor-agent	Run AI Teammate	2025-12-12T08:06:59.8563905Z [36;1m      if jq -e '.params.inputJql' "${CONFIG_FILE}" > /dev/null 2>&1; then[0m
cursor-agent	Run AI Teammate	2025-12-12T08:06:59.8564356Z [36;1m        echo "‚ö†Ô∏è Warning: inputJql still exists in config after removal attempt"[0m
cursor-agent	Run AI Teammate	2025-12-12T08:06:59.8564701Z [36;1m      fi[0m
cursor-agent	Run AI Teammate	2025-12-12T08:06:59.8564880Z [36;1m    else[0m
cursor-agent	Run AI Teammate	2025-12-12T08:06:59.8565296Z [36;1m      CONFIG_FILE="$(realpath "${TEMP_CONFIG}" 2>/dev/null || echo "${TEMP_CONFIG}")"[0m
cursor-agent	Run AI Teammate	2025-12-12T08:06:59.8565676Z [36;1m      chmod 644 "${CONFIG_FILE}" || true[0m
cursor-agent	Run AI Teammate	2025-12-12T08:06:59.8565978Z [36;1m      echo "Using temp config file: ${CONFIG_FILE}"[0m
cursor-agent	Run AI Teammate	2025-12-12T08:06:59.8566268Z [36;1m    fi[0m
cursor-agent	Run AI Teammate	2025-12-12T08:06:59.8566444Z [36;1m  else[0m
cursor-agent	Run AI Teammate	2025-12-12T08:06:59.8566711Z [36;1m    echo "‚ö†Ô∏è Failed to remove inputJql (may not exist or jq error)"[0m
cursor-agent	Run AI Teammate	2025-12-12T08:06:59.8567057Z [36;1m    rm -f "${TEMP_CONFIG}"[0m
cursor-agent	Run AI Teammate	2025-12-12T08:06:59.8567292Z [36;1m  fi[0m
cursor-agent	Run AI Teammate	2025-12-12T08:06:59.8567471Z [36;1m  [0m
cursor-agent	Run AI Teammate	2025-12-12T08:06:59.8567753Z [36;1m  # Ensure ticketContextDepth is set (default to 0 for test agents)[0m
cursor-agent	Run AI Teammate	2025-12-12T08:06:59.8568217Z [36;1m  if ! jq -e '.params.ticketContextDepth' "${CONFIG_FILE}" > /dev/null 2>&1; then[0m
cursor-agent	Run AI Teammate	2025-12-12T08:06:59.8568651Z [36;1m    echo "Adding ticketContextDepth to test agent config"[0m
cursor-agent	Run AI Teammate	2025-12-12T08:06:59.8568981Z [36;1m    TEMP_CONFIG="${CONFIG_FILE}.tmp"[0m
cursor-agent	Run AI Teammate	2025-12-12T08:06:59.8569393Z [36;1m    if jq '.params.ticketContextDepth = 0' "${CONFIG_FILE}" > "${TEMP_CONFIG}" 2>/dev/null; then[0m
cursor-agent	Run AI Teammate	2025-12-12T08:06:59.8569844Z [36;1m      if mv "${TEMP_CONFIG}" "${CONFIG_FILE}" 2>/dev/null; then[0m
cursor-agent	Run AI Teammate	2025-12-12T08:06:59.8570161Z [36;1m        chmod 644 "${CONFIG_FILE}" || true[0m
cursor-agent	Run AI Teammate	2025-12-12T08:06:59.8570475Z [36;1m        echo "‚úÖ Added ticketContextDepth to config"[0m
cursor-agent	Run AI Teammate	2025-12-12T08:06:59.8570928Z [36;1m      else[0m
cursor-agent	Run AI Teammate	2025-12-12T08:06:59.8571244Z [36;1m        CONFIG_FILE="$(realpath "${TEMP_CONFIG}" 2>/dev/null || echo "${TEMP_CONFIG}")"[0m
cursor-agent	Run AI Teammate	2025-12-12T08:06:59.8571623Z [36;1m        chmod 644 "${CONFIG_FILE}" || true[0m
cursor-agent	Run AI Teammate	2025-12-12T08:06:59.8571876Z [36;1m      fi[0m
cursor-agent	Run AI Teammate	2025-12-12T08:06:59.8572053Z [36;1m    else[0m
cursor-agent	Run AI Teammate	2025-12-12T08:06:59.8572243Z [36;1m      rm -f "${TEMP_CONFIG}"[0m
cursor-agent	Run AI Teammate	2025-12-12T08:06:59.8572479Z [36;1m    fi[0m
cursor-agent	Run AI Teammate	2025-12-12T08:06:59.8572655Z [36;1m  fi[0m
cursor-agent	Run AI Teammate	2025-12-12T08:06:59.8572828Z [36;1m  [0m
cursor-agent	Run AI Teammate	2025-12-12T08:06:59.8573129Z [36;1m  # For test agents with disabled integrations, create empty inputs directory[0m
cursor-agent	Run AI Teammate	2025-12-12T08:06:59.8573548Z [36;1m  # to prevent dmtools from trying to process tickets[0m
cursor-agent	Run AI Teammate	2025-12-12T08:06:59.8573847Z [36;1m  mkdir -p inputs[0m
cursor-agent	Run AI Teammate	2025-12-12T08:06:59.8574161Z [36;1m  touch inputs/.gitkeep || true[0m
cursor-agent	Run AI Teammate	2025-12-12T08:06:59.8574504Z [36;1m  echo "Created empty inputs directory for test agent"[0m
cursor-agent	Run AI Teammate	2025-12-12T08:06:59.8574795Z [36;1m  [0m
cursor-agent	Run AI Teammate	2025-12-12T08:06:59.8575096Z [36;1m  echo "Final test agent config:"[0m
cursor-agent	Run AI Teammate	2025-12-12T08:06:59.8575403Z [36;1m  cat "${CONFIG_FILE}" | jq '.' || cat "${CONFIG_FILE}"[0m
cursor-agent	Run AI Teammate	2025-12-12T08:06:59.8575680Z [36;1m  [0m
cursor-agent	Run AI Teammate	2025-12-12T08:06:59.8575910Z [36;1m  # Validate that inputJql was successfully removed[0m
cursor-agent	Run AI Teammate	2025-12-12T08:06:59.8576298Z [36;1m  if jq -e '.params.inputJql' "${CONFIG_FILE}" > /dev/null 2>&1; then[0m
cursor-agent	Run AI Teammate	2025-12-12T08:06:59.8576795Z [36;1m    echo "‚ö†Ô∏è Warning: inputJql still exists in config, attempting to set to empty string"[0m
cursor-agent	Run AI Teammate	2025-12-12T08:06:59.8577213Z [36;1m    TEMP_CONFIG="${CONFIG_FILE}.tmp"[0m
cursor-agent	Run AI Teammate	2025-12-12T08:06:59.8577587Z [36;1m    if jq '.params.inputJql = ""' "${CONFIG_FILE}" > "${TEMP_CONFIG}" 2>/dev/null; then[0m
cursor-agent	Run AI Teammate	2025-12-12T08:06:59.8578054Z [36;1m      mv "${TEMP_CONFIG}" "${CONFIG_FILE}" 2>/dev/null || CONFIG_FILE="${TEMP_CONFIG}"[0m
cursor-agent	Run AI Teammate	2025-12-12T08:06:59.8578581Z [36;1m      chmod 644 "${CONFIG_FILE}" || true[0m
cursor-agent	Run AI Teammate	2025-12-12T08:06:59.8578832Z [36;1m    fi[0m
cursor-agent	Run AI Teammate	2025-12-12T08:06:59.8579020Z [36;1m  fi[0m
cursor-agent	Run AI Teammate	2025-12-12T08:06:59.8579212Z [36;1m  [0m
cursor-agent	Run AI Teammate	2025-12-12T08:06:59.8579540Z [36;1m  # Ensure GEMINI_API_KEY is set (even if empty) for test agent to prevent validation errors[0m
cursor-agent	Run AI Teammate	2025-12-12T08:06:59.8580030Z [36;1m  # dmtools may require GEMINI_API_KEY even when skipAIProcessing=true[0m
cursor-agent	Run AI Teammate	2025-12-12T08:06:59.8580402Z [36;1m  if [ -z "${GEMINI_API_KEY}" ]; then[0m
cursor-agent	Run AI Teammate	2025-12-12T08:06:59.8580735Z [36;1m    export GEMINI_API_KEY="test-dummy-key-for-test-agent"[0m
cursor-agent	Run AI Teammate	2025-12-12T08:06:59.8581130Z [36;1m    echo "‚ö†Ô∏è GEMINI_API_KEY not set, using dummy value for test agent"[0m
cursor-agent	Run AI Teammate	2025-12-12T08:06:59.8581452Z [36;1m  else[0m
cursor-agent	Run AI Teammate	2025-12-12T08:06:59.8581677Z [36;1m    export GEMINI_API_KEY="${GEMINI_API_KEY}"[0m
cursor-agent	Run AI Teammate	2025-12-12T08:06:59.8581972Z [36;1m    echo "GEMINI_API_KEY is set"[0m
cursor-agent	Run AI Teammate	2025-12-12T08:06:59.8582209Z [36;1m  fi[0m
cursor-agent	Run AI Teammate	2025-12-12T08:06:59.8582393Z [36;1mfi[0m
cursor-agent	Run AI Teammate	2025-12-12T08:06:59.8582566Z [36;1m[0m
cursor-agent	Run AI Teammate	2025-12-12T08:06:59.8582797Z [36;1m# ‚úÖ Ensure CONFIG_FILE is absolute path for dmtools[0m
cursor-agent	Run AI Teammate	2025-12-12T08:06:59.8583218Z [36;1mCONFIG_FILE="$(realpath "${CONFIG_FILE}" 2>/dev/null || echo "${CONFIG_FILE}")"[0m
cursor-agent	Run AI Teammate	2025-12-12T08:06:59.8583627Z [36;1mecho "Final config file path: ${CONFIG_FILE}"[0m
cursor-agent	Run AI Teammate	2025-12-12T08:06:59.8583891Z [36;1m[0m
cursor-agent	Run AI Teammate	2025-12-12T08:06:59.8584171Z [36;1m# ‚úÖ Final permission and accessibility checks before running dmtools[0m
cursor-agent	Run AI Teammate	2025-12-12T08:06:59.8584516Z [36;1mecho ""[0m
cursor-agent	Run AI Teammate	2025-12-12T08:06:59.8584727Z [36;1mecho "=== Pre-flight checks ==="[0m
cursor-agent	Run AI Teammate	2025-12-12T08:06:59.8585092Z [36;1mif [ ! -f "${CONFIG_FILE}" ]; then[0m
cursor-agent	Run AI Teammate	2025-12-12T08:06:59.8585402Z [36;1m  echo "‚ùå Config file does not exist: ${CONFIG_FILE}"[0m
cursor-agent	Run AI Teammate	2025-12-12T08:06:59.8585691Z [36;1m  exit 1[0m
cursor-agent	Run AI Teammate	2025-12-12T08:06:59.8585866Z [36;1mfi[0m
cursor-agent	Run AI Teammate	2025-12-12T08:06:59.8586060Z [36;1mif [ ! -r "${CONFIG_FILE}" ]; then[0m
cursor-agent	Run AI Teammate	2025-12-12T08:06:59.8586366Z [36;1m  echo "‚ùå Config file is not readable: ${CONFIG_FILE}"[0m
cursor-agent	Run AI Teammate	2025-12-12T08:06:59.8586665Z [36;1m  exit 1[0m
cursor-agent	Run AI Teammate	2025-12-12T08:06:59.8586844Z [36;1mfi[0m
cursor-agent	Run AI Teammate	2025-12-12T08:06:59.8587179Z [36;1mecho "‚úÖ Config file exists and is readable"[0m
cursor-agent	Run AI Teammate	2025-12-12T08:06:59.8587441Z [36;1m[0m
cursor-agent	Run AI Teammate	2025-12-12T08:06:59.8587623Z [36;1mif [ ! -d "outputs" ]; then[0m
cursor-agent	Run AI Teammate	2025-12-12T08:06:59.8587895Z [36;1m  echo "‚ùå Outputs directory does not exist"[0m
cursor-agent	Run AI Teammate	2025-12-12T08:06:59.8588161Z [36;1m  exit 1[0m
cursor-agent	Run AI Teammate	2025-12-12T08:06:59.8588338Z [36;1mfi[0m
cursor-agent	Run AI Teammate	2025-12-12T08:06:59.8588522Z [36;1mif [ ! -w "outputs" ]; then[0m
cursor-agent	Run AI Teammate	2025-12-12T08:06:59.8588789Z [36;1m  echo "‚ùå Outputs directory is not writable"[0m
cursor-agent	Run AI Teammate	2025-12-12T08:06:59.8589072Z [36;1m  chmod 755 outputs || exit 1[0m
cursor-agent	Run AI Teammate	2025-12-12T08:06:59.8589307Z [36;1mfi[0m
cursor-agent	Run AI Teammate	2025-12-12T08:06:59.8589538Z [36;1mecho "‚úÖ Outputs directory exists and is writable"[0m
cursor-agent	Run AI Teammate	2025-12-12T08:06:59.8589841Z [36;1mecho "=========================="[0m
cursor-agent	Run AI Teammate	2025-12-12T08:06:59.8590081Z [36;1mecho ""[0m
cursor-agent	Run AI Teammate	2025-12-12T08:06:59.8590256Z [36;1m[0m
cursor-agent	Run AI Teammate	2025-12-12T08:06:59.8590488Z [36;1m# Validate config file JSON syntax before running[0m
cursor-agent	Run AI Teammate	2025-12-12T08:06:59.8590815Z [36;1mecho "Validating config file JSON syntax..."[0m
cursor-agent	Run AI Teammate	2025-12-12T08:06:59.8591143Z [36;1mif ! jq empty "${CONFIG_FILE}" 2>/dev/null; then[0m
cursor-agent	Run AI Teammate	2025-12-12T08:06:59.8591464Z [36;1m  echo "‚ùå Config file has invalid JSON syntax"[0m
cursor-agent	Run AI Teammate	2025-12-12T08:06:59.8591757Z [36;1m  echo "Config file content:"[0m
cursor-agent	Run AI Teammate	2025-12-12T08:06:59.8592005Z [36;1m  cat "${CONFIG_FILE}"[0m
cursor-agent	Run AI Teammate	2025-12-12T08:06:59.8592221Z [36;1m  exit 1[0m
cursor-agent	Run AI Teammate	2025-12-12T08:06:59.8592402Z [36;1mfi[0m
cursor-agent	Run AI Teammate	2025-12-12T08:06:59.8592599Z [36;1mecho "‚úÖ Config file JSON is valid"[0m
cursor-agent	Run AI Teammate	2025-12-12T08:06:59.8592848Z [36;1m[0m
cursor-agent	Run AI Teammate	2025-12-12T08:06:59.8593055Z [36;1m# Debug: Show environment before running[0m
cursor-agent	Run AI Teammate	2025-12-12T08:06:59.8593336Z [36;1mecho "=== Environment Debug ==="[0m
cursor-agent	Run AI Teammate	2025-12-12T08:06:59.8593645Z [36;1mecho "DMTOOLS_INTEGRATIONS: ${DMTOOLS_INTEGRATIONS}"[0m
cursor-agent	Run AI Teammate	2025-12-12T08:06:59.8593988Z [36;1mecho "JIRA_EMAIL: ${JIRA_EMAIL:-<not set>}"[0m
cursor-agent	Run AI Teammate	2025-12-12T08:06:59.8594439Z [36;1mecho "JIRA_BASE_PATH: ${JIRA_BASE_PATH:-<not set>}"[0m
cursor-agent	Run AI Teammate	2025-12-12T08:06:59.8594741Z [36;1mecho "PATH: $PATH"[0m
cursor-agent	Run AI Teammate	2025-12-12T08:06:59.8595118Z [36;1mecho "========================="[0m
cursor-agent	Run AI Teammate	2025-12-12T08:06:59.8595408Z [36;1m[0m
cursor-agent	Run AI Teammate	2025-12-12T08:06:59.8595619Z [36;1m# Run dmtools with improved error handling[0m
cursor-agent	Run AI Teammate	2025-12-12T08:06:59.8595888Z [36;1mecho ""[0m
cursor-agent	Run AI Teammate	2025-12-12T08:06:59.8596093Z [36;1mecho "=== Running dmtools ==="[0m
cursor-agent	Run AI Teammate	2025-12-12T08:06:59.8596365Z [36;1mecho "Config file: ${CONFIG_FILE}"[0m
cursor-agent	Run AI Teammate	2025-12-12T08:06:59.8596684Z [36;1mecho "DMTOOLS_INTEGRATIONS: ${DMTOOLS_INTEGRATIONS}"[0m
cursor-agent	Run AI Teammate	2025-12-12T08:06:59.8597096Z [36;1mecho "GEMINI_API_KEY: ${GEMINI_API_KEY:+<set>}${GEMINI_API_KEY:-<not set>}"[0m
cursor-agent	Run AI Teammate	2025-12-12T08:06:59.8597465Z [36;1mecho "Working directory: $(pwd)"[0m
cursor-agent	Run AI Teammate	2025-12-12T08:06:59.8597727Z [36;1mecho "Directory permissions:"[0m
cursor-agent	Run AI Teammate	2025-12-12T08:06:59.8598013Z [36;1mls -ld . outputs inputs 2>/dev/null || true[0m
cursor-agent	Run AI Teammate	2025-12-12T08:06:59.8598277Z [36;1m[0m
cursor-agent	Run AI Teammate	2025-12-12T08:06:59.8598534Z [36;1m# ‚úÖ Ensure we have write permissions in current directory[0m
cursor-agent	Run AI Teammate	2025-12-12T08:06:59.8599136Z [36;1mtouch .write-test 2>/dev/null && rm -f .write-test && echo "‚úÖ Current directory is writable" || echo "‚ö†Ô∏è Current directory may not be writable"[0m
cursor-agent	Run AI Teammate	2025-12-12T08:06:59.8599658Z [36;1m[0m
cursor-agent	Run AI Teammate	2025-12-12T08:06:59.8599932Z [36;1m# Run with explicit environment variables to ensure dmtools sees them[0m
cursor-agent	Run AI Teammate	2025-12-12T08:06:59.8600344Z [36;1m# Capture both stdout and stderr, and also save exit code[0m
cursor-agent	Run AI Teammate	2025-12-12T08:06:59.8600777Z [36;1m# Use a reliable method: run command, capture output to file, then display it[0m
cursor-agent	Run AI Teammate	2025-12-12T08:06:59.8601193Z [36;1mset +e  # Don't exit on error, we'll handle it manually[0m
cursor-agent	Run AI Teammate	2025-12-12T08:06:59.8601485Z [36;1m[0m
cursor-agent	Run AI Teammate	2025-12-12T08:06:59.8601772Z [36;1m# Add Java debugging - enable verbose logging for better error visibility[0m
cursor-agent	Run AI Teammate	2025-12-12T08:06:59.8602176Z [36;1m# This helps diagnose dmtools execution issues[0m
cursor-agent	Run AI Teammate	2025-12-12T08:06:59.8602596Z [36;1mexport JAVA_OPTS="${JAVA_OPTS:-} -Djava.util.logging.ConsoleHandler.level=INFO"[0m
cursor-agent	Run AI Teammate	2025-12-12T08:06:59.8602974Z [36;1m[0m
cursor-agent	Run AI Teammate	2025-12-12T08:06:59.8603193Z [36;1m# For test agents, enable even more verbose logging[0m
cursor-agent	Run AI Teammate	2025-12-12T08:06:59.8603630Z [36;1mif [[ "true" == "true" ]]; then[0m
cursor-agent	Run AI Teammate	2025-12-12T08:06:59.8604003Z [36;1m  export JAVA_OPTS="${JAVA_OPTS} -Djava.util.logging.ConsoleHandler.level=FINE"[0m
cursor-agent	Run AI Teammate	2025-12-12T08:06:59.8604414Z [36;1m  echo "Verbose logging enabled for test agent"[0m
cursor-agent	Run AI Teammate	2025-12-12T08:06:59.8604686Z [36;1mfi[0m
cursor-agent	Run AI Teammate	2025-12-12T08:06:59.8604857Z [36;1m[0m
cursor-agent	Run AI Teammate	2025-12-12T08:06:59.8605267Z [36;1m# For test agents, ensure CI environment is properly set to allow null TrackerClient[0m
cursor-agent	Run AI Teammate	2025-12-12T08:06:59.8605665Z [36;1mif [[ "true" == "true" ]]; then[0m
cursor-agent	Run AI Teammate	2025-12-12T08:06:59.8605910Z [36;1m  export CI=true[0m
cursor-agent	Run AI Teammate	2025-12-12T08:06:59.8606199Z [36;1m  echo "Set CI=true for test agent to allow null TrackerClient"[0m
cursor-agent	Run AI Teammate	2025-12-12T08:06:59.8606511Z [36;1mfi[0m
cursor-agent	Run AI Teammate	2025-12-12T08:06:59.8606680Z [36;1m[0m
cursor-agent	Run AI Teammate	2025-12-12T08:06:59.8606918Z [36;1m# Ensure GEMINI_API_KEY is set before running dmtools[0m
cursor-agent	Run AI Teammate	2025-12-12T08:06:59.8607290Z [36;1m# dmtools may require this even when skipAIProcessing=true[0m
cursor-agent	Run AI Teammate	2025-12-12T08:06:59.8607675Z [36;1mif [ -z "${GEMINI_API_KEY}" ] && [[ "true" == "true" ]]; then[0m
cursor-agent	Run AI Teammate	2025-12-12T08:06:59.8608053Z [36;1m  export GEMINI_API_KEY="test-dummy-key-for-test-agent"[0m
cursor-agent	Run AI Teammate	2025-12-12T08:06:59.8608453Z [36;1m  echo "‚ö†Ô∏è GEMINI_API_KEY not set, using dummy value for test agent"[0m
cursor-agent	Run AI Teammate	2025-12-12T08:06:59.8608776Z [36;1mfi[0m
cursor-agent	Run AI Teammate	2025-12-12T08:06:59.8608947Z [36;1m[0m
cursor-agent	Run AI Teammate	2025-12-12T08:06:59.8609265Z [36;1m# For test agents, ensure we have an empty inputs directory to prevent ticket processing[0m
cursor-agent	Run AI Teammate	2025-12-12T08:06:59.8609740Z [36;1m# dmtools may try to process tickets even when inputJql is removed[0m
cursor-agent	Run AI Teammate	2025-12-12T08:06:59.8610086Z [36;1mif [[ "true" == "true" ]]; then[0m
cursor-agent	Run AI Teammate	2025-12-12T08:06:59.8610338Z [36;1m  mkdir -p inputs[0m
cursor-agent	Run AI Teammate	2025-12-12T08:06:59.8610687Z [36;1m  # Remove any existing ticket files that might cause dmtools to try processing[0m
cursor-agent	Run AI Teammate	2025-12-12T08:06:59.8611269Z [36;1m  rm -f inputs/*.json inputs/*.md inputs/*.txt 2>/dev/null || true[0m
cursor-agent	Run AI Teammate	2025-12-12T08:06:59.8611625Z [36;1m  touch inputs/.gitkeep[0m
cursor-agent	Run AI Teammate	2025-12-12T08:06:59.8611933Z [36;1m  echo "Ensured inputs directory is empty for test agent"[0m
cursor-agent	Run AI Teammate	2025-12-12T08:06:59.8612229Z [36;1mfi[0m
cursor-agent	Run AI Teammate	2025-12-12T08:06:59.8612403Z [36;1m[0m
cursor-agent	Run AI Teammate	2025-12-12T08:06:59.8612635Z [36;1m# Build environment variables for dmtools execution[0m
cursor-agent	Run AI Teammate	2025-12-12T08:06:59.8613029Z [36;1m# Ensure all required variables are explicitly passed and exported[0m
cursor-agent	Run AI Teammate	2025-12-12T08:06:59.8613442Z [36;1mexport DMTOOLS_INTEGRATIONS="${DMTOOLS_INTEGRATIONS}"[0m
cursor-agent	Run AI Teammate	2025-12-12T08:06:59.8613790Z [36;1mexport GEMINI_API_KEY="${GEMINI_API_KEY:-}"[0m
cursor-agent	Run AI Teammate	2025-12-12T08:06:59.8614089Z [36;1mexport JAVA_OPTS="${JAVA_OPTS:-}"[0m
cursor-agent	Run AI Teammate	2025-12-12T08:06:59.8614344Z [36;1mexport CI="${CI:-false}"[0m
cursor-agent	Run AI Teammate	2025-12-12T08:06:59.8614570Z [36;1m[0m
cursor-agent	Run AI Teammate	2025-12-12T08:06:59.8614864Z [36;1m# For test agents, explicitly set integrations to ensure they're recognized[0m
cursor-agent	Run AI Teammate	2025-12-12T08:06:59.8615376Z [36;1mif [[ "true" == "true" ]]; then[0m
cursor-agent	Run AI Teammate	2025-12-12T08:06:59.8615657Z [36;1m  export DMTOOLS_INTEGRATIONS="cli,file"[0m
cursor-agent	Run AI Teammate	2025-12-12T08:06:59.8616048Z [36;1m  echo "Explicitly setting DMTOOLS_INTEGRATIONS=cli,file for test agent"[0m
cursor-agent	Run AI Teammate	2025-12-12T08:06:59.8616490Z [36;1m  echo "DMTOOLS_INTEGRATIONS is now: ${DMTOOLS_INTEGRATIONS}"[0m
cursor-agent	Run AI Teammate	2025-12-12T08:06:59.8616797Z [36;1mfi[0m
cursor-agent	Run AI Teammate	2025-12-12T08:06:59.8616971Z [36;1m[0m
cursor-agent	Run AI Teammate	2025-12-12T08:06:59.8617190Z [36;1m# Verify environment variables are set correctly[0m
cursor-agent	Run AI Teammate	2025-12-12T08:06:59.8617558Z [36;1mecho "=== Environment variables before dmtools execution ==="[0m
cursor-agent	Run AI Teammate	2025-12-12T08:06:59.8617947Z [36;1mecho "DMTOOLS_INTEGRATIONS: ${DMTOOLS_INTEGRATIONS}"[0m
cursor-agent	Run AI Teammate	2025-12-12T08:06:59.8618356Z [36;1mecho "GEMINI_API_KEY: ${GEMINI_API_KEY:+<set>}${GEMINI_API_KEY:-<not set>}"[0m
cursor-agent	Run AI Teammate	2025-12-12T08:06:59.8618714Z [36;1mecho "CI: ${CI}"[0m
cursor-agent	Run AI Teammate	2025-12-12T08:06:59.8618953Z [36;1mecho "JAVA_OPTS: ${JAVA_OPTS:-<not set>}"[0m
cursor-agent	Run AI Teammate	2025-12-12T08:06:59.8619266Z [36;1mecho "===================================================="[0m
cursor-agent	Run AI Teammate	2025-12-12T08:06:59.8619534Z [36;1m[0m
cursor-agent	Run AI Teammate	2025-12-12T08:06:59.8619854Z [36;1mif [ -n "${ENCODED_CONFIG}" ]; then[0m
cursor-agent	Run AI Teammate	2025-12-12T08:06:59.8620130Z [36;1m  echo "Encoded config provided"[0m
cursor-agent	Run AI Teammate	2025-12-12T08:06:59.8620408Z [36;1m  # Run dmtools and capture all output[0m
cursor-agent	Run AI Teammate	2025-12-12T08:06:59.8620717Z [36;1m  # Export all variables to ensure dmtools sees them[0m
cursor-agent	Run AI Teammate	2025-12-12T08:06:59.8621133Z [36;1m  dmtools run "${CONFIG_FILE}" "${ENCODED_CONFIG}" > /tmp/dmtools-output.log 2>&1[0m
cursor-agent	Run AI Teammate	2025-12-12T08:06:59.8621502Z [36;1m  EXIT_CODE=$?[0m
cursor-agent	Run AI Teammate	2025-12-12T08:06:59.8621705Z [36;1melse[0m
cursor-agent	Run AI Teammate	2025-12-12T08:06:59.8621899Z [36;1m  echo "No encoded config"[0m
cursor-agent	Run AI Teammate	2025-12-12T08:06:59.8622161Z [36;1m  # Run dmtools and capture all output[0m
cursor-agent	Run AI Teammate	2025-12-12T08:06:59.8622470Z [36;1m  # Export all variables to ensure dmtools sees them[0m
cursor-agent	Run AI Teammate	2025-12-12T08:06:59.8622829Z [36;1m  dmtools run "${CONFIG_FILE}" > /tmp/dmtools-output.log 2>&1[0m
cursor-agent	Run AI Teammate	2025-12-12T08:06:59.8623158Z [36;1m  EXIT_CODE=$?[0m
cursor-agent	Run AI Teammate	2025-12-12T08:06:59.8623360Z [36;1mfi[0m
cursor-agent	Run AI Teammate	2025-12-12T08:06:59.8623535Z [36;1m[0m
cursor-agent	Run AI Teammate	2025-12-12T08:06:59.8623724Z [36;1m# Display the output[0m
cursor-agent	Run AI Teammate	2025-12-12T08:06:59.8623962Z [36;1mcat /tmp/dmtools-output.log[0m
cursor-agent	Run AI Teammate	2025-12-12T08:06:59.8624193Z [36;1m[0m
cursor-agent	Run AI Teammate	2025-12-12T08:06:59.8624413Z [36;1m# Check for common error patterns in the output[0m
cursor-agent	Run AI Teammate	2025-12-12T08:06:59.8624710Z [36;1mif [ $EXIT_CODE -ne 0 ]; then[0m
cursor-agent	Run AI Teammate	2025-12-12T08:06:59.8624953Z [36;1m  echo ""[0m
cursor-agent	Run AI Teammate	2025-12-12T08:06:59.8625398Z [36;1m  echo "=== Analyzing dmtools output for errors ==="[0m
cursor-agent	Run AI Teammate	2025-12-12T08:06:59.8625689Z [36;1m  [0m
cursor-agent	Run AI Teammate	2025-12-12T08:06:59.8625953Z [36;1m  # Check for specific error patterns including permission errors[0m
cursor-agent	Run AI Teammate	2025-12-12T08:06:59.8626742Z [36;1m  if grep -iE "exception|error|failed|cannot|unable|permission|denied|access|read-only|cannot write|cannot create|authentication|authorization" /tmp/dmtools-output.log 2>/dev/null; then[0m
cursor-agent	Run AI Teammate	2025-12-12T08:06:59.8627492Z [36;1m    echo "Found error patterns in output (see above)"[0m
cursor-agent	Run AI Teammate	2025-12-12T08:06:59.8627918Z [36;1m    echo ""[0m
cursor-agent	Run AI Teammate	2025-12-12T08:06:59.8628147Z [36;1m    echo "=== Extracted error messages ==="[0m
cursor-agent	Run AI Teammate	2025-12-12T08:06:59.8628679Z [36;1m    grep -iE "exception|error|failed|cannot|unable|permission|denied|access" /tmp/dmtools-output.log 2>/dev/null | head -20[0m
cursor-agent	Run AI Teammate	2025-12-12T08:06:59.8629196Z [36;1m    echo "================================="[0m
cursor-agent	Run AI Teammate	2025-12-12T08:06:59.8629452Z [36;1m  else[0m
cursor-agent	Run AI Teammate	2025-12-12T08:06:59.8629734Z [36;1m    echo "No obvious error patterns found, but exit code is $EXIT_CODE"[0m
cursor-agent	Run AI Teammate	2025-12-12T08:06:59.8630071Z [36;1m  fi[0m
cursor-agent	Run AI Teammate	2025-12-12T08:06:59.8630246Z [36;1m  [0m
cursor-agent	Run AI Teammate	2025-12-12T08:06:59.8630542Z [36;1m  # Check if dmtools completed initialization but failed during execution[0m
cursor-agent	Run AI Teammate	2025-12-12T08:06:59.8631181Z [36;1m  if grep -i "Initializing Teammate\|Created fresh job instance\|Injecting dependencies" /tmp/dmtools-output.log 2>/dev/null; then[0m
cursor-agent	Run AI Teammate	2025-12-12T08:06:59.8631699Z [36;1m    echo ""[0m
cursor-agent	Run AI Teammate	2025-12-12T08:06:59.8632011Z [36;1m    echo "‚ö†Ô∏è dmtools initialized successfully but failed during execution"[0m
cursor-agent	Run AI Teammate	2025-12-12T08:06:59.8632642Z [36;1m    echo "This suggests the failure occurred after initialization, possibly during ticket processing or cliCommands execution"[0m
cursor-agent	Run AI Teammate	2025-12-12T08:06:59.8633151Z [36;1m  fi[0m
cursor-agent	Run AI Teammate	2025-12-12T08:06:59.8633328Z [36;1m  [0m
cursor-agent	Run AI Teammate	2025-12-12T08:06:59.8633535Z [36;1m  # Show last 50 lines for better context[0m
cursor-agent	Run AI Teammate	2025-12-12T08:06:59.8633797Z [36;1m  echo ""[0m
cursor-agent	Run AI Teammate	2025-12-12T08:06:59.8634015Z [36;1m  echo "Last 50 lines of dmtools output:"[0m
cursor-agent	Run AI Teammate	2025-12-12T08:06:59.8634417Z [36;1m  tail -50 /tmp/dmtools-output.log 2>/dev/null || echo "Could not read output log"[0m
cursor-agent	Run AI Teammate	2025-12-12T08:06:59.8634790Z [36;1m  [0m
cursor-agent	Run AI Teammate	2025-12-12T08:06:59.8635244Z [36;1m  # Check if cliCommands were executed by looking for their output[0m
cursor-agent	Run AI Teammate	2025-12-12T08:06:59.8635582Z [36;1m  echo ""[0m
cursor-agent	Run AI Teammate	2025-12-12T08:06:59.8635820Z [36;1m  echo "=== Checking if cliCommands executed ==="[0m
cursor-agent	Run AI Teammate	2025-12-12T08:06:59.8636356Z [36;1m  if grep -i "Hello from AI Teammate\|Test Result\|Agent executed successfully" /tmp/dmtools-output.log 2>/dev/null; then[0m
cursor-agent	Run AI Teammate	2025-12-12T08:06:59.8637083Z [36;1m    echo "‚úÖ cliCommands appear to have executed (found expected output)"[0m
cursor-agent	Run AI Teammate	2025-12-12T08:06:59.8637429Z [36;1m  else[0m
cursor-agent	Run AI Teammate	2025-12-12T08:06:59.8637718Z [36;1m    echo "‚ùå cliCommands may not have executed (expected output not found)"[0m
cursor-agent	Run AI Teammate	2025-12-12T08:06:59.8638051Z [36;1m  fi[0m
cursor-agent	Run AI Teammate	2025-12-12T08:06:59.8638227Z [36;1m  [0m
cursor-agent	Run AI Teammate	2025-12-12T08:06:59.8638432Z [36;1m  # Check for ticket processing issues[0m
cursor-agent	Run AI Teammate	2025-12-12T08:06:59.8638859Z [36;1m  if grep -i "no tickets\|ticket not found\|empty result" /tmp/dmtools-output.log 2>/dev/null; then[0m
cursor-agent	Run AI Teammate	2025-12-12T08:06:59.8639412Z [36;1m    echo "‚ö†Ô∏è Ticket processing issue detected (this may be expected for test agents)"[0m
cursor-agent	Run AI Teammate	2025-12-12T08:06:59.8639788Z [36;1m  fi[0m
cursor-agent	Run AI Teammate	2025-12-12T08:06:59.8639965Z [36;1m  [0m
cursor-agent	Run AI Teammate	2025-12-12T08:06:59.8640172Z [36;1m  echo "=========================================="[0m
cursor-agent	Run AI Teammate	2025-12-12T08:06:59.8640446Z [36;1mfi[0m
cursor-agent	Run AI Teammate	2025-12-12T08:06:59.8640615Z [36;1m[0m
cursor-agent	Run AI Teammate	2025-12-12T08:06:59.8640819Z [36;1mset -e  # Re-enable exit on error[0m
cursor-agent	Run AI Teammate	2025-12-12T08:06:59.8641071Z [36;1m[0m
cursor-agent	Run AI Teammate	2025-12-12T08:06:59.8641239Z [36;1mecho ""[0m
cursor-agent	Run AI Teammate	2025-12-12T08:06:59.8641498Z [36;1mecho "=== dmtools finished with exit code: $EXIT_CODE ==="[0m
cursor-agent	Run AI Teammate	2025-12-12T08:06:59.8641801Z [36;1m[0m
cursor-agent	Run AI Teammate	2025-12-12T08:06:59.8642029Z [36;1m# Check exit code and provide helpful error message[0m
cursor-agent	Run AI Teammate	2025-12-12T08:06:59.8642334Z [36;1mif [ $EXIT_CODE -ne 0 ]; then[0m
cursor-agent	Run AI Teammate	2025-12-12T08:06:59.8642582Z [36;1m  echo ""[0m
cursor-agent	Run AI Teammate	2025-12-12T08:06:59.8642816Z [36;1m  echo "‚ùå dmtools exited with code: $EXIT_CODE"[0m
cursor-agent	Run AI Teammate	2025-12-12T08:06:59.8643084Z [36;1m  echo ""[0m
cursor-agent	Run AI Teammate	2025-12-12T08:06:59.8643273Z [36;1m  [0m
cursor-agent	Run AI Teammate	2025-12-12T08:06:59.8643517Z [36;1m  # Analyze dmtools output for specific error patterns[0m
cursor-agent	Run AI Teammate	2025-12-12T08:06:59.8643845Z [36;1m  echo "=== Analyzing dmtools error ==="[0m
cursor-agent	Run AI Teammate	2025-12-12T08:06:59.8644104Z [36;1m  [0m
cursor-agent	Run AI Teammate	2025-12-12T08:06:59.8644491Z [36;1m  # Check for specific error messages that might indicate the issue[0m
cursor-agent	Run AI Teammate	2025-12-12T08:06:59.8645120Z [36;1m  if grep -iE "exception|error|failed|cannot|unable" /tmp/dmtools-output.log 2>/dev/null | head -10; then[0m
cursor-agent	Run AI Teammate	2025-12-12T08:06:59.8645633Z [36;1m    echo "Found error messages in output (see above)"[0m
cursor-agent	Run AI Teammate	2025-12-12T08:06:59.8645920Z [36;1m  fi[0m
cursor-agent	Run AI Teammate	2025-12-12T08:06:59.8646093Z [36;1m  [0m
cursor-agent	Run AI Teammate	2025-12-12T08:06:59.8646312Z [36;1m  # Check if dmtools completed initialization[0m
cursor-agent	Run AI Teammate	2025-12-12T08:06:59.8646881Z [36;1m  if grep -i "Initializing Teammate\|Created fresh job instance\|Injecting dependencies" /tmp/dmtools-output.log 2>/dev/null; then[0m
cursor-agent	Run AI Teammate	2025-12-12T08:06:59.8647444Z [36;1m    echo "‚úÖ dmtools initialized successfully"[0m
cursor-agent	Run AI Teammate	2025-12-12T08:06:59.8647710Z [36;1m  else[0m
cursor-agent	Run AI Teammate	2025-12-12T08:06:59.8647938Z [36;1m    echo "‚ùå dmtools failed during initialization"[0m
cursor-agent	Run AI Teammate	2025-12-12T08:06:59.8648218Z [36;1m  fi[0m
cursor-agent	Run AI Teammate	2025-12-12T08:06:59.8648395Z [36;1m  [0m
cursor-agent	Run AI Teammate	2025-12-12T08:06:59.8648622Z [36;1m  # Check if cliCommands execution was attempted[0m
cursor-agent	Run AI Teammate	2025-12-12T08:06:59.8649110Z [36;1m  if grep -i "executing.*command\|cli.*command\|running.*command" /tmp/dmtools-output.log 2>/dev/null; then[0m
cursor-agent	Run AI Teammate	2025-12-12T08:06:59.8649594Z [36;1m    echo "‚úÖ cliCommands execution was attempted"[0m
cursor-agent	Run AI Teammate	2025-12-12T08:06:59.8649859Z [36;1m  else[0m
cursor-agent	Run AI Teammate	2025-12-12T08:06:59.8650108Z [36;1m    echo "‚ùå No evidence of cliCommands execution attempt"[0m
cursor-agent	Run AI Teammate	2025-12-12T08:06:59.8650406Z [36;1m  fi[0m
cursor-agent	Run AI Teammate	2025-12-12T08:06:59.8650580Z [36;1m  [0m
cursor-agent	Run AI Teammate	2025-12-12T08:06:59.8650782Z [36;1m  echo "================================="[0m
cursor-agent	Run AI Teammate	2025-12-12T08:06:59.8651036Z [36;1m  echo ""[0m
cursor-agent	Run AI Teammate	2025-12-12T08:06:59.8651215Z [36;1m  [0m
cursor-agent	Run AI Teammate	2025-12-12T08:06:59.8651498Z [36;1m  # For test agents, check if cliCommands were executed despite the error[0m
cursor-agent	Run AI Teammate	2025-12-12T08:06:59.8651958Z [36;1m  # Sometimes dmtools exits with error code even when cliCommands succeed[0m
cursor-agent	Run AI Teammate	2025-12-12T08:06:59.8652326Z [36;1m  if [[ "true" == "true" ]]; then[0m
cursor-agent	Run AI Teammate	2025-12-12T08:06:59.8652646Z [36;1m    echo "=== Checking if cliCommands executed despite error ==="[0m
cursor-agent	Run AI Teammate	2025-12-12T08:06:59.8652999Z [36;1m    if [ -f "outputs/response.md" ]; then[0m
cursor-agent	Run AI Teammate	2025-12-12T08:06:59.8653517Z [36;1m      echo "‚úÖ outputs/response.md exists - cliCommands appear to have executed"[0m
cursor-agent	Run AI Teammate	2025-12-12T08:06:59.8653919Z [36;1m      echo "Content of outputs/response.md:"[0m
cursor-agent	Run AI Teammate	2025-12-12T08:06:59.8654271Z [36;1m      cat outputs/response.md || echo "Could not read response.md"[0m
cursor-agent	Run AI Teammate	2025-12-12T08:06:59.8654606Z [36;1m      echo ""[0m
cursor-agent	Run AI Teammate	2025-12-12T08:06:59.8654927Z [36;1m      echo "‚ö†Ô∏è dmtools exited with error but cliCommands executed successfully"[0m
cursor-agent	Run AI Teammate	2025-12-12T08:06:59.8655486Z [36;1m      echo "This may be expected for test agents - treating as success"[0m
cursor-agent	Run AI Teammate	2025-12-12T08:06:59.8655856Z [36;1m      EXIT_CODE=0[0m
cursor-agent	Run AI Teammate	2025-12-12T08:06:59.8656074Z [36;1m    else[0m
cursor-agent	Run AI Teammate	2025-12-12T08:06:59.8656381Z [36;1m      echo "‚ùå outputs/response.md does not exist - cliCommands did not execute"[0m
cursor-agent	Run AI Teammate	2025-12-12T08:06:59.8656735Z [36;1m      echo ""[0m
cursor-agent	Run AI Teammate	2025-12-12T08:06:59.8656976Z [36;1m      echo "Checking for any output files:"[0m
cursor-agent	Run AI Teammate	2025-12-12T08:06:59.8657311Z [36;1m      ls -la outputs/ 2>/dev/null || echo "No outputs directory"[0m
cursor-agent	Run AI Teammate	2025-12-12T08:06:59.8657624Z [36;1m    fi[0m
cursor-agent	Run AI Teammate	2025-12-12T08:06:59.8657842Z [36;1m    echo "====================================================="[0m
cursor-agent	Run AI Teammate	2025-12-12T08:06:59.8658114Z [36;1m    echo ""[0m
cursor-agent	Run AI Teammate	2025-12-12T08:06:59.8658305Z [36;1m  fi[0m
cursor-agent	Run AI Teammate	2025-12-12T08:06:59.8658473Z [36;1m  [0m
cursor-agent	Run AI Teammate	2025-12-12T08:06:59.8658717Z [36;1m  # Only show detailed error info if we're still failing[0m
cursor-agent	Run AI Teammate	2025-12-12T08:06:59.8659036Z [36;1m  if [ $EXIT_CODE -ne 0 ]; then[0m
cursor-agent	Run AI Teammate	2025-12-12T08:06:59.8659306Z [36;1m    echo "=== Full dmtools output ==="[0m
cursor-agent	Run AI Teammate	2025-12-12T08:06:59.8659694Z [36;1m    cat /tmp/dmtools-output.log 2>/dev/null || echo "Could not read output log"[0m
cursor-agent	Run AI Teammate	2025-12-12T08:06:59.8660072Z [36;1m    echo "=========================="[0m
cursor-agent	Run AI Teammate	2025-12-12T08:06:59.8660310Z [36;1m    echo ""[0m
cursor-agent	Run AI Teammate	2025-12-12T08:06:59.8660528Z [36;1m    echo "=== Permission Checks ==="[0m
cursor-agent	Run AI Teammate	2025-12-12T08:06:59.8660972Z [36;1m    echo "Current directory: $(pwd)"[0m
cursor-agent	Run AI Teammate	2025-12-12T08:06:59.8661262Z [36;1m    echo "Current directory permissions:"[0m
cursor-agent	Run AI Teammate	2025-12-12T08:06:59.8661605Z [36;1m    ls -ld . 2>/dev/null || echo "Could not check current directory"[0m
cursor-agent	Run AI Teammate	2025-12-12T08:06:59.8661919Z [36;1m    echo ""[0m
cursor-agent	Run AI Teammate	2025-12-12T08:06:59.8662141Z [36;1m    echo "Config file permissions:"[0m
cursor-agent	Run AI Teammate	2025-12-12T08:06:59.8662482Z [36;1m    ls -l "${CONFIG_FILE}" 2>/dev/null || echo "Could not check config file"[0m
cursor-agent	Run AI Teammate	2025-12-12T08:06:59.8662816Z [36;1m    echo ""[0m
cursor-agent	Run AI Teammate	2025-12-12T08:06:59.8663043Z [36;1m    echo "Outputs directory permissions:"[0m
cursor-agent	Run AI Teammate	2025-12-12T08:06:59.8663403Z [36;1m    ls -ld outputs 2>/dev/null || echo "Outputs directory does not exist"[0m
cursor-agent	Run AI Teammate	2025-12-12T08:06:59.8663744Z [36;1m    echo ""[0m
cursor-agent	Run AI Teammate	2025-12-12T08:06:59.8663967Z [36;1m    echo "Testing write permissions:"[0m
cursor-agent	Run AI Teammate	2025-12-12T08:06:59.8664501Z [36;1m    touch outputs/.write-test 2>/dev/null && rm -f outputs/.write-test && echo "‚úÖ outputs/ is writable" || echo "‚ùå outputs/ is NOT writable"[0m
cursor-agent	Run AI Teammate	2025-12-12T08:06:59.8665379Z [36;1m    touch .write-test 2>/dev/null && rm -f .write-test && echo "‚úÖ Current directory is writable" || echo "‚ùå Current directory is NOT writable"[0m
cursor-agent	Run AI Teammate	2025-12-12T08:06:59.8665897Z [36;1m    echo "=========================="[0m
cursor-agent	Run AI Teammate	2025-12-12T08:06:59.8666142Z [36;1m    echo ""[0m
cursor-agent	Run AI Teammate	2025-12-12T08:06:59.8666362Z [36;1m    echo "=== Additional Debug Info ==="[0m
cursor-agent	Run AI Teammate	2025-12-12T08:06:59.8666712Z [36;1m    echo "DMTOOLS_INTEGRATIONS value: '${DMTOOLS_INTEGRATIONS}'"[0m
cursor-agent	Run AI Teammate	2025-12-12T08:06:59.8667145Z [36;1m    echo "GEMINI_API_KEY: ${GEMINI_API_KEY:+<set>}${GEMINI_API_KEY:-<not set>}"[0m
cursor-agent	Run AI Teammate	2025-12-12T08:06:59.8667521Z [36;1m    echo "Config file path: ${CONFIG_FILE}"[0m
cursor-agent	Run AI Teammate	2025-12-12T08:06:59.8667902Z [36;1m    echo "Config file exists: $([ -f "${CONFIG_FILE}" ] && echo 'yes' || echo 'no')"[0m
cursor-agent	Run AI Teammate	2025-12-12T08:06:59.8668374Z [36;1m    echo "Config file readable: $([ -r "${CONFIG_FILE}" ] && echo 'yes' || echo 'no')"[0m
cursor-agent	Run AI Teammate	2025-12-12T08:06:59.8668850Z [36;1m    echo "Config file writable: $([ -w "${CONFIG_FILE}" ] && echo 'yes' || echo 'no')"[0m
cursor-agent	Run AI Teammate	2025-12-12T08:06:59.8669332Z [36;1m    echo ""[0m
cursor-agent	Run AI Teammate	2025-12-12T08:06:59.8669560Z [36;1m    echo "Checking for output files..."[0m
cursor-agent	Run AI Teammate	2025-12-12T08:06:59.8669894Z [36;1m    ls -la outputs/ 2>/dev/null || echo "No outputs/ directory"[0m
cursor-agent	Run AI Teammate	2025-12-12T08:06:59.8670272Z [36;1m    ls -la inputs/ 2>/dev/null || echo "No inputs/ directory"[0m
cursor-agent	Run AI Teammate	2025-12-12T08:06:59.8670601Z [36;1m    echo ""[0m
cursor-agent	Run AI Teammate	2025-12-12T08:06:59.8670850Z [36;1m    echo "Checking if cliCommands were executed..."[0m
cursor-agent	Run AI Teammate	2025-12-12T08:06:59.8671163Z [36;1m    if [ -f "outputs/response.md" ]; then[0m
cursor-agent	Run AI Teammate	2025-12-12T08:06:59.8671457Z [36;1m      echo "‚úÖ outputs/response.md exists:"[0m
cursor-agent	Run AI Teammate	2025-12-12T08:06:59.8671812Z [36;1m      cat outputs/response.md || echo "Could not read response.md"[0m
cursor-agent	Run AI Teammate	2025-12-12T08:06:59.8672133Z [36;1m    else[0m
cursor-agent	Run AI Teammate	2025-12-12T08:06:59.8672455Z [36;1m      echo "‚ùå outputs/response.md does not exist - cliCommands may not have executed"[0m
cursor-agent	Run AI Teammate	2025-12-12T08:06:59.8672831Z [36;1m    fi[0m
cursor-agent	Run AI Teammate	2025-12-12T08:06:59.8673015Z [36;1m    echo ""[0m
cursor-agent	Run AI Teammate	2025-12-12T08:06:59.8673228Z [36;1m    echo "Config file content:"[0m
cursor-agent	Run AI Teammate	2025-12-12T08:06:59.8673538Z [36;1m    cat "${CONFIG_FILE}" || echo "Could not read config file"[0m
cursor-agent	Run AI Teammate	2025-12-12T08:06:59.8673853Z [36;1m    echo "======================"[0m
cursor-agent	Run AI Teammate	2025-12-12T08:06:59.8674087Z [36;1m    [0m
cursor-agent	Run AI Teammate	2025-12-12T08:06:59.8674326Z [36;1m    # Check for permission-related errors in output[0m
cursor-agent	Run AI Teammate	2025-12-12T08:06:59.8674617Z [36;1m    echo ""[0m
cursor-agent	Run AI Teammate	2025-12-12T08:06:59.8674848Z [36;1m    echo "=== Checking for permission errors ==="[0m
cursor-agent	Run AI Teammate	2025-12-12T08:06:59.8675570Z [36;1m    if grep -i "permission\|denied\|access\|read-only\|cannot write\|cannot create" /tmp/dmtools-output.log 2>/dev/null; then[0m
cursor-agent	Run AI Teammate	2025-12-12T08:06:59.8676157Z [36;1m      echo "‚ö†Ô∏è Permission-related errors detected in dmtools output"[0m
cursor-agent	Run AI Teammate	2025-12-12T08:06:59.8676488Z [36;1m    else[0m
cursor-agent	Run AI Teammate	2025-12-12T08:06:59.8676873Z [36;1m      echo "No obvious permission errors found in output"[0m
cursor-agent	Run AI Teammate	2025-12-12T08:06:59.8677165Z [36;1m    fi[0m
cursor-agent	Run AI Teammate	2025-12-12T08:06:59.8677376Z [36;1m    echo "===================================="[0m
cursor-agent	Run AI Teammate	2025-12-12T08:06:59.8677637Z [36;1m    [0m
cursor-agent	Run AI Teammate	2025-12-12T08:06:59.8677855Z [36;1m    # Try to get more verbose output if available[0m
cursor-agent	Run AI Teammate	2025-12-12T08:06:59.8678131Z [36;1m    echo ""[0m
cursor-agent	Run AI Teammate	2025-12-12T08:06:59.8678389Z [36;1m    echo "=== Checking dmtools help/version for clues ==="[0m
cursor-agent	Run AI Teammate	2025-12-12T08:06:59.8678711Z [36;1m    dmtools --version 2>&1 || true[0m
cursor-agent	Run AI Teammate	2025-12-12T08:06:59.8678991Z [36;1m    echo "=============================================="[0m
cursor-agent	Run AI Teammate	2025-12-12T08:06:59.8679254Z [36;1m    [0m
cursor-agent	Run AI Teammate	2025-12-12T08:06:59.8679434Z [36;1m    exit $EXIT_CODE[0m
cursor-agent	Run AI Teammate	2025-12-12T08:06:59.8679645Z [36;1m  fi[0m
cursor-agent	Run AI Teammate	2025-12-12T08:06:59.8679816Z [36;1melse[0m
cursor-agent	Run AI Teammate	2025-12-12T08:06:59.8680028Z [36;1m  echo "‚úÖ dmtools completed successfully"[0m
cursor-agent	Run AI Teammate	2025-12-12T08:06:59.8680306Z [36;1m  echo "Output files:"[0m
cursor-agent	Run AI Teammate	2025-12-12T08:06:59.8680607Z [36;1m  ls -la outputs/ 2>/dev/null || echo "No outputs created"[0m
cursor-agent	Run AI Teammate	2025-12-12T08:06:59.8680894Z [36;1mfi[0m
cursor-agent	Run AI Teammate	2025-12-12T08:06:59.8711476Z shell: /usr/bin/bash -e {0}
cursor-agent	Run AI Teammate	2025-12-12T08:06:59.8711725Z env:
cursor-agent	Run AI Teammate	2025-12-12T08:06:59.8712039Z   JAVA_HOME: /opt/hostedtoolcache/Java_Temurin-Hotspot_jdk/23.0.2-7/x64
cursor-agent	Run AI Teammate	2025-12-12T08:06:59.8712513Z   JAVA_HOME_23_X64: /opt/hostedtoolcache/Java_Temurin-Hotspot_jdk/23.0.2-7/x64
cursor-agent	Run AI Teammate	2025-12-12T08:06:59.8713287Z   CURSOR_API_KEY: ***
cursor-agent	Run AI Teammate	2025-12-12T08:06:59.8713517Z   MODEL: sonnet-4
cursor-agent	Run AI Teammate	2025-12-12T08:06:59.8713714Z   AGENT_DISABLE_WATCHDOG: 1
cursor-agent	Run AI Teammate	2025-12-12T08:06:59.8714058Z   PATH: /home/runner/.local/bin:/home/runner/.dmtools/bin:/bin:/usr/bin:$PATH
cursor-agent	Run AI Teammate	2025-12-12T08:06:59.8714449Z   JIRA_EMAIL: ***
cursor-agent	Run AI Teammate	2025-12-12T08:06:59.8715536Z   JIRA_API_TOKEN: ***
cursor-agent	Run AI Teammate	2025-12-12T08:06:59.8715829Z   JIRA_BASE_PATH: https://kidblendapp.atlassian.net/jira
cursor-agent	Run AI Teammate	2025-12-12T08:06:59.8716146Z   JIRA_AUTH_TYPE: Basic
cursor-agent	Run AI Teammate	2025-12-12T08:06:59.8716355Z   JIRA_CLEAR_CACHE: 
cursor-agent	Run AI Teammate	2025-12-12T08:06:59.8716669Z   JIRA_EXTRA_FIELDS: Diagrams, "Story point estimate","Target start", "Target end"
cursor-agent	Run AI Teammate	2025-12-12T08:06:59.8717053Z   JIRA_EXTRA_FIELDS_PROJECT: AP
cursor-agent	Run AI Teammate	2025-12-12T08:06:59.8717462Z   JIRA_LOGGING_ENABLED: 
cursor-agent	Run AI Teammate	2025-12-12T08:06:59.8717678Z   JIRA_WAIT_BEFORE_PERFORM: 
cursor-agent	Run AI Teammate	2025-12-12T08:06:59.8717976Z   CONFLUENCE_EMAIL: ***
cursor-agent	Run AI Teammate	2025-12-12T08:06:59.8718856Z   CONFLUENCE_API_TOKEN: ***
cursor-agent	Run AI Teammate	2025-12-12T08:06:59.8719164Z   CONFLUENCE_BASE_PATH: https://kidblendapp.atlassian.net/wiki
cursor-agent	Run AI Teammate	2025-12-12T08:06:59.8719499Z   CONFLUENCE_DEFAULT_SPACE: AC
cursor-agent	Run AI Teammate	2025-12-12T08:06:59.8719725Z   CONFLUENCE_GRAPHQL_PATH: 
cursor-agent	Run AI Teammate	2025-12-12T08:06:59.8719953Z   DMTOOLS_INTEGRATIONS: cli,file
cursor-agent	Run AI Teammate	2025-12-12T08:06:59.8720181Z   GEMINI_API_KEY: 
cursor-agent	Run AI Teammate	2025-12-12T08:06:59.8720374Z   GEMINI_DEFAULT_MODEL: 
cursor-agent	Run AI Teammate	2025-12-12T08:06:59.8720589Z   PROMPT_CHUNK_TOKEN_LIMIT: 
cursor-agent	Run AI Teammate	2025-12-12T08:06:59.8720803Z   FIGMA_TOKEN: 
cursor-agent	Run AI Teammate	2025-12-12T08:06:59.8720985Z   FIGMA_BASE_PATH: 
cursor-agent	Run AI Teammate	2025-12-12T08:06:59.8721486Z   PAT_TOKEN: ***
cursor-agent	Run AI Teammate	2025-12-12T08:06:59.8721927Z   GH_TOKEN: ***
cursor-agent	Run AI Teammate	2025-12-12T08:06:59.8722117Z ##[endgroup]
cursor-agent	Run AI Teammate	2025-12-12T08:06:59.8773418Z Using configuration: agents/test_agent.json
cursor-agent	Run AI Teammate	2025-12-12T08:06:59.8773937Z === Verifying dmtools installation ===
cursor-agent	Run AI Teammate	2025-12-12T08:06:59.8779926Z ‚úÖ dmtools found at: /home/runner/.dmtools/bin/dmtools
cursor-agent	Run AI Teammate	2025-12-12T08:07:00.4370373Z DMTools 1.7.100
cursor-agent	Run AI Teammate	2025-12-12T08:07:00.4372322Z A comprehensive development management toolkit
cursor-agent	Run AI Teammate	2025-12-12T08:07:00.4454945Z ======================================
cursor-agent	Run AI Teammate	2025-12-12T08:07:00.4456071Z 
cursor-agent	Run AI Teammate	2025-12-12T08:07:00.4468445Z Test agent detected - unsetting Jira/Confluence env vars
cursor-agent	Run AI Teammate	2025-12-12T08:07:00.4469761Z DMTOOLS_INTEGRATIONS: cli,file
cursor-agent	Run AI Teammate	2025-12-12T08:07:00.4470023Z Jira/Confluence env vars unset
cursor-agent	Run AI Teammate	2025-12-12T08:07:00.4503335Z Created outputs and inputs directories
cursor-agent	Run AI Teammate	2025-12-12T08:07:00.4503797Z Directory permissions:
cursor-agent	Run AI Teammate	2025-12-12T08:07:00.4516810Z drwxr-xr-x 14 runner runner 4096 Dec 12 08:07 .
cursor-agent	Run AI Teammate	2025-12-12T08:07:00.4517404Z drwxr-xr-x  2 runner runner 4096 Dec 12 08:07 inputs
cursor-agent	Run AI Teammate	2025-12-12T08:07:00.4517964Z drwxr-xr-x  2 runner runner 4096 Dec 12 08:07 outputs
cursor-agent	Run AI Teammate	2025-12-12T08:07:00.4520529Z Test agent detected - removing inputJql to skip ticket processing
cursor-agent	Run AI Teammate	2025-12-12T08:07:00.4573312Z ‚úÖ Removed inputJql and ticket-related fields from config to skip ticket processing
cursor-agent	Run AI Teammate	2025-12-12T08:07:00.4643771Z Created empty inputs directory for test agent
cursor-agent	Run AI Teammate	2025-12-12T08:07:00.4644273Z Final test agent config:
cursor-agent	Run AI Teammate	2025-12-12T08:07:00.4668003Z {
cursor-agent	Run AI Teammate	2025-12-12T08:07:00.4668355Z   "name": "Teammate",
cursor-agent	Run AI Teammate	2025-12-12T08:07:00.4668712Z   "params": {
cursor-agent	Run AI Teammate	2025-12-12T08:07:00.4669036Z     "agentParams": {
cursor-agent	Run AI Teammate	2025-12-12T08:07:00.4669397Z       "aiRole": "Test Assistant",
cursor-agent	Run AI Teammate	2025-12-12T08:07:00.4669799Z       "instructions": [
cursor-agent	Run AI Teammate	2025-12-12T08:07:00.4670168Z         "This is a test agent",
cursor-agent	Run AI Teammate	2025-12-12T08:07:00.4670432Z         "Just print hello world"
cursor-agent	Run AI Teammate	2025-12-12T08:07:00.4670667Z       ],
cursor-agent	Run AI Teammate	2025-12-12T08:07:00.4670872Z       "formattingRules": "Use markdown"
cursor-agent	Run AI Teammate	2025-12-12T08:07:00.4671130Z     },
cursor-agent	Run AI Teammate	2025-12-12T08:07:00.4671312Z     "cliCommands": [
cursor-agent	Run AI Teammate	2025-12-12T08:07:00.4671526Z       "echo 'Hello from AI Teammate!'",
cursor-agent	Run AI Teammate	2025-12-12T08:07:00.4671790Z       "mkdir -p outputs",
cursor-agent	Run AI Teammate	2025-12-12T08:07:00.4672063Z       "echo '# Test Result' > outputs/response.md",
cursor-agent	Run AI Teammate	2025-12-12T08:07:00.4672409Z       "echo 'Agent executed successfully' >> outputs/response.md"
cursor-agent	Run AI Teammate	2025-12-12T08:07:00.4672729Z     ],
cursor-agent	Run AI Teammate	2025-12-12T08:07:00.4672910Z     "outputType": "none",
cursor-agent	Run AI Teammate	2025-12-12T08:07:00.4673136Z     "skipAIProcessing": true,
cursor-agent	Run AI Teammate	2025-12-12T08:07:00.4673376Z     "ticketContextDepth": 0
cursor-agent	Run AI Teammate	2025-12-12T08:07:00.4673587Z   }
cursor-agent	Run AI Teammate	2025-12-12T08:07:00.4673743Z }
cursor-agent	Run AI Teammate	2025-12-12T08:07:00.4696363Z ‚ö†Ô∏è GEMINI_API_KEY not set, using dummy value for test agent
cursor-agent	Run AI Teammate	2025-12-12T08:07:00.4712181Z Final config file path: /home/runner/work/autocoding/autocoding/agents/test_agent.json
cursor-agent	Run AI Teammate	2025-12-12T08:07:00.4712712Z 
cursor-agent	Run AI Teammate	2025-12-12T08:07:00.4712884Z === Pre-flight checks ===
cursor-agent	Run AI Teammate	2025-12-12T08:07:00.4713249Z ‚úÖ Config file exists and is readable
cursor-agent	Run AI Teammate	2025-12-12T08:07:00.4713568Z ‚úÖ Outputs directory exists and is writable
cursor-agent	Run AI Teammate	2025-12-12T08:07:00.4713828Z ==========================
cursor-agent	Run AI Teammate	2025-12-12T08:07:00.4714039Z 
cursor-agent	Run AI Teammate	2025-12-12T08:07:00.4714210Z Validating config file JSON syntax...
cursor-agent	Run AI Teammate	2025-12-12T08:07:00.4738986Z ‚úÖ Config file JSON is valid
cursor-agent	Run AI Teammate	2025-12-12T08:07:00.4739415Z === Environment Debug ===
cursor-agent	Run AI Teammate	2025-12-12T08:07:00.4739996Z DMTOOLS_INTEGRATIONS: cli,file
cursor-agent	Run AI Teammate	2025-12-12T08:07:00.4740232Z JIRA_EMAIL: <not set>
cursor-agent	Run AI Teammate	2025-12-12T08:07:00.4740452Z JIRA_BASE_PATH: <not set>
cursor-agent	Run AI Teammate	2025-12-12T08:07:00.4741917Z PATH: /home/runner/.local/bin:/home/runner/.dmtools/bin:/home/runner/.dmtools/bin:/home/runner/.local/bin:/opt/hostedtoolcache/Java_Temurin-Hotspot_jdk/23.0.2-7/x64/bin:/home/runner/.local/bin:/home/runner/.dmtools/bin:/bin:/usr/bin:$PATH
cursor-agent	Run AI Teammate	2025-12-12T08:07:00.4743381Z =========================
cursor-agent	Run AI Teammate	2025-12-12T08:07:00.4743592Z 
cursor-agent	Run AI Teammate	2025-12-12T08:07:00.4743734Z === Running dmtools ===
cursor-agent	Run AI Teammate	2025-12-12T08:07:00.4744127Z Config file: /home/runner/work/autocoding/autocoding/agents/test_agent.json
cursor-agent	Run AI Teammate	2025-12-12T08:07:00.4744756Z DMTOOLS_INTEGRATIONS: cli,file
cursor-agent	Run AI Teammate	2025-12-12T08:07:00.4745360Z GEMINI_API_KEY: <set>test-dummy-key-for-test-agent
cursor-agent	Run AI Teammate	2025-12-12T08:07:00.4745763Z Working directory: /home/runner/work/autocoding/autocoding
cursor-agent	Run AI Teammate	2025-12-12T08:07:00.4746098Z Directory permissions:
cursor-agent	Run AI Teammate	2025-12-12T08:07:00.4757572Z drwxr-xr-x 14 runner runner 4096 Dec 12 08:07 .
cursor-agent	Run AI Teammate	2025-12-12T08:07:00.4758110Z drwxr-xr-x  2 runner runner 4096 Dec 12 08:07 inputs
cursor-agent	Run AI Teammate	2025-12-12T08:07:00.4758559Z drwxr-xr-x  2 runner runner 4096 Dec 12 08:07 outputs
cursor-agent	Run AI Teammate	2025-12-12T08:07:00.4780447Z ‚úÖ Current directory is writable
cursor-agent	Run AI Teammate	2025-12-12T08:07:00.4780897Z Verbose logging enabled for test agent
cursor-agent	Run AI Teammate	2025-12-12T08:07:00.4781412Z Set CI=true for test agent to allow null TrackerClient
cursor-agent	Run AI Teammate	2025-12-12T08:07:00.4813618Z Ensured inputs directory is empty for test agent
cursor-agent	Run AI Teammate	2025-12-12T08:07:00.4814429Z Explicitly setting DMTOOLS_INTEGRATIONS=cli,file for test agent
cursor-agent	Run AI Teammate	2025-12-12T08:07:00.4815237Z DMTOOLS_INTEGRATIONS is now: cli,file
cursor-agent	Run AI Teammate	2025-12-12T08:07:00.4815794Z === Environment variables before dmtools execution ===
cursor-agent	Run AI Teammate	2025-12-12T08:07:00.4816323Z DMTOOLS_INTEGRATIONS: cli,file
cursor-agent	Run AI Teammate	2025-12-12T08:07:00.4816804Z GEMINI_API_KEY: <set>test-dummy-key-for-test-agent
cursor-agent	Run AI Teammate	2025-12-12T08:07:00.4817301Z CI: true
cursor-agent	Run AI Teammate	2025-12-12T08:07:00.4818041Z JAVA_OPTS:  -Djava.util.logging.ConsoleHandler.level=INFO -Djava.util.logging.ConsoleHandler.level=FINE
cursor-agent	Run AI Teammate	2025-12-12T08:07:00.4818562Z ====================================================
cursor-agent	Run AI Teammate	2025-12-12T08:07:00.4818821Z No encoded config
cursor-agent	Run AI Teammate	2025-12-12T08:07:01.1140257Z [0;32mInfo: Executing job with file: /home/runner/work/autocoding/autocoding/agents/test_agent.json[0m
cursor-agent	Run AI Teammate	2025-12-12T08:07:01.1141594Z 08:07:01.033 [main] INFO  com.github.istin.dmtools.job.RunCommandProcessor - Processing run command: file=/home/runner/work/autocoding/autocoding/agents/test_agent.json, hasEncodedConfig=false
cursor-agent	Run AI Teammate	2025-12-12T08:07:01.1143658Z 08:07:01.037 [main] INFO  com.github.istin.dmtools.job.RunCommandProcessor - Successfully loaded JSON configuration from file: /home/runner/work/autocoding/autocoding/agents/test_agent.json
cursor-agent	Run AI Teammate	2025-12-12T08:07:01.1144895Z 08:07:01.037 [main] INFO  com.github.istin.dmtools.job.RunCommandProcessor - Using file configuration only
cursor-agent	Run AI Teammate	2025-12-12T08:07:01.1145866Z 08:07:01.041 [main] INFO  com.github.istin.dmtools.job.RunCommandProcessor - JobParams created successfully for job: Teammate
cursor-agent	Run AI Teammate	2025-12-12T08:07:01.1146663Z 08:07:01.041 [main] INFO  com.github.istin.dmtools.job.JobRunner - Executing job: Teammate in mode: STANDALONE with 0 integrations
cursor-agent	Run AI Teammate	2025-12-12T08:07:01.1147342Z 08:07:01.042 [main] INFO  com.github.istin.dmtools.job.JobRunner - Created fresh job instance: Teammate
cursor-agent	Run AI Teammate	2025-12-12T08:07:01.1147962Z 08:07:01.080 [main] INFO  com.github.istin.dmtools.job.JobRunner - Calling initializeForMode with mode: STANDALONE
cursor-agent	Run AI Teammate	2025-12-12T08:07:01.1148744Z 08:07:01.080 [main] INFO  com.github.istin.dmtools.teammate.Teammate - Initializing Teammate in STANDALONE mode using TeammateComponent with BasicGeminiAI
cursor-agent	Run AI Teammate	2025-12-12T08:07:01.1149571Z 08:07:01.081 [main] INFO  com.github.istin.dmtools.teammate.Teammate - Creating new DaggerTeammateComponent for standalone mode
cursor-agent	Run AI Teammate	2025-12-12T08:07:01.1150605Z 08:07:01.089 [main] INFO  com.github.istin.dmtools.teammate.Teammate - Injecting dependencies using TeammateComponent
cursor-agent	Run AI Teammate	2025-12-12T08:07:01.1151624Z 08:07:01.090 [main] DEBUG com.github.istin.dmtools.common.utils.PropertyReader - No Gradle project markers found, using user.dir as project root: /home/runner/work/autocoding/autocoding
cursor-agent	Run AI Teammate	2025-12-12T08:07:01.1153258Z 08:07:01.090 [main] DEBUG com.github.istin.dmtools.common.utils.PropertyReader - dmtools.env not found in project root (/home/runner/work/autocoding/autocoding) or working directory (/home/runner/work/autocoding/autocoding)
cursor-agent	Run AI Teammate	2025-12-12T08:07:01.1154475Z 08:07:01.090 [main] INFO  com.github.istin.dmtools.di.TrackerModule - DEFAULT_TRACKER value from config: 'null'
cursor-agent	Run AI Teammate	2025-12-12T08:07:01.1155571Z 08:07:01.090 [main] INFO  com.github.istin.dmtools.di.TrackerModule - Auto-detecting available tracker configuration...
cursor-agent	Run AI Teammate	2025-12-12T08:07:01.1156628Z 08:07:01.090 [main] DEBUG com.github.istin.dmtools.di.TrackerModule - Attempting to auto-detect BasicJiraClient...
cursor-agent	Run AI Teammate	2025-12-12T08:07:01.1157411Z 08:07:01.099 [main] DEBUG com.github.istin.dmtools.di.TrackerModule - Attempting to auto-detect BasicAzureDevOpsClient...
cursor-agent	Run AI Teammate	2025-12-12T08:07:01.1158443Z 08:07:01.101 [main] DEBUG com.github.istin.dmtools.microsoft.ado.BasicAzureDevOpsClient - ADO configuration not found. Set ADO_ORGANIZATION, ADO_PROJECT, and ADO_PAT_TOKEN.
cursor-agent	Run AI Teammate	2025-12-12T08:07:01.1169168Z 08:07:01.101 [main] DEBUG com.github.istin.dmtools.di.TrackerModule - Attempting to auto-detect BasicRallyClient...
cursor-agent	Run AI Teammate	2025-12-12T08:07:01.1170190Z 08:07:01.102 [main] DEBUG com.github.istin.dmtools.broadcom.rally.BasicRallyClient - Rally configuration not found. Set RALLY_PATH and RALLY_TOKEN.
cursor-agent	Run AI Teammate	2025-12-12T08:07:01.1171048Z 08:07:01.102 [main] DEBUG com.github.istin.dmtools.di.TrackerModule - Detected CI environment (CI=true), allowing null TrackerClient
cursor-agent	Run AI Teammate	2025-12-12T08:07:01.1172125Z 08:07:01.102 [main] WARN  com.github.istin.dmtools.di.TrackerModule - No tracker configuration found in test environment. Returning null TrackerClient. Tests that require TrackerClient should mock it or provide test configuration.
cursor-agent	Run AI Teammate	2025-12-12T08:07:01.1172887Z 
cursor-agent	Run AI Teammate	2025-12-12T08:07:01.1173210Z === Analyzing dmtools output for errors ===
cursor-agent	Run AI Teammate	2025-12-12T08:07:01.1173593Z No obvious error patterns found, but exit code is 1
cursor-agent	Run AI Teammate	2025-12-12T08:07:01.1174406Z 08:07:01.042 [main] INFO  com.github.istin.dmtools.job.JobRunner - Created fresh job instance: Teammate
cursor-agent	Run AI Teammate	2025-12-12T08:07:01.1175952Z 08:07:01.080 [main] INFO  com.github.istin.dmtools.teammate.Teammate - Initializing Teammate in STANDALONE mode using TeammateComponent with BasicGeminiAI
cursor-agent	Run AI Teammate	2025-12-12T08:07:01.1177351Z 08:07:01.089 [main] INFO  com.github.istin.dmtools.teammate.Teammate - Injecting dependencies using TeammateComponent
cursor-agent	Run AI Teammate	2025-12-12T08:07:01.1178026Z 
cursor-agent	Run AI Teammate	2025-12-12T08:07:01.1178479Z ‚ö†Ô∏è dmtools initialized successfully but failed during execution
cursor-agent	Run AI Teammate	2025-12-12T08:07:01.1179444Z This suggests the failure occurred after initialization, possibly during ticket processing or cliCommands execution
cursor-agent	Run AI Teammate	2025-12-12T08:07:01.1180151Z 
cursor-agent	Run AI Teammate	2025-12-12T08:07:01.1180300Z Last 50 lines of dmtools output:
cursor-agent	Run AI Teammate	2025-12-12T08:07:01.1187496Z [0;32mInfo: Executing job with file: /home/runner/work/autocoding/autocoding/agents/test_agent.json[0m
cursor-agent	Run AI Teammate	2025-12-12T08:07:01.1189138Z 08:07:01.033 [main] INFO  com.github.istin.dmtools.job.RunCommandProcessor - Processing run command: file=/home/runner/work/autocoding/autocoding/agents/test_agent.json, hasEncodedConfig=false
cursor-agent	Run AI Teammate	2025-12-12T08:07:01.1191205Z 08:07:01.037 [main] INFO  com.github.istin.dmtools.job.RunCommandProcessor - Successfully loaded JSON configuration from file: /home/runner/work/autocoding/autocoding/agents/test_agent.json
cursor-agent	Run AI Teammate	2025-12-12T08:07:01.1192199Z 08:07:01.037 [main] INFO  com.github.istin.dmtools.job.RunCommandProcessor - Using file configuration only
cursor-agent	Run AI Teammate	2025-12-12T08:07:01.1192888Z 08:07:01.041 [main] INFO  com.github.istin.dmtools.job.RunCommandProcessor - JobParams created successfully for job: Teammate
cursor-agent	Run AI Teammate	2025-12-12T08:07:01.1193627Z 08:07:01.041 [main] INFO  com.github.istin.dmtools.job.JobRunner - Executing job: Teammate in mode: STANDALONE with 0 integrations
cursor-agent	Run AI Teammate	2025-12-12T08:07:01.1194285Z 08:07:01.042 [main] INFO  com.github.istin.dmtools.job.JobRunner - Created fresh job instance: Teammate
cursor-agent	Run AI Teammate	2025-12-12T08:07:01.1194903Z 08:07:01.080 [main] INFO  com.github.istin.dmtools.job.JobRunner - Calling initializeForMode with mode: STANDALONE
cursor-agent	Run AI Teammate	2025-12-12T08:07:01.1196048Z 08:07:01.080 [main] INFO  com.github.istin.dmtools.teammate.Teammate - Initializing Teammate in STANDALONE mode using TeammateComponent with BasicGeminiAI
cursor-agent	Run AI Teammate	2025-12-12T08:07:01.1196885Z 08:07:01.081 [main] INFO  com.github.istin.dmtools.teammate.Teammate - Creating new DaggerTeammateComponent for standalone mode
cursor-agent	Run AI Teammate	2025-12-12T08:07:01.1197602Z 08:07:01.089 [main] INFO  com.github.istin.dmtools.teammate.Teammate - Injecting dependencies using TeammateComponent
cursor-agent	Run AI Teammate	2025-12-12T08:07:01.1198483Z 08:07:01.090 [main] DEBUG com.github.istin.dmtools.common.utils.PropertyReader - No Gradle project markers found, using user.dir as project root: /home/runner/work/autocoding/autocoding
cursor-agent	Run AI Teammate	2025-12-12T08:07:01.1199708Z 08:07:01.090 [main] DEBUG com.github.istin.dmtools.common.utils.PropertyReader - dmtools.env not found in project root (/home/runner/work/autocoding/autocoding) or working directory (/home/runner/work/autocoding/autocoding)
cursor-agent	Run AI Teammate	2025-12-12T08:07:01.1200711Z 08:07:01.090 [main] INFO  com.github.istin.dmtools.di.TrackerModule - DEFAULT_TRACKER value from config: 'null'
cursor-agent	Run AI Teammate	2025-12-12T08:07:01.1201367Z 08:07:01.090 [main] INFO  com.github.istin.dmtools.di.TrackerModule - Auto-detecting available tracker configuration...
cursor-agent	Run AI Teammate	2025-12-12T08:07:01.1202039Z 08:07:01.090 [main] DEBUG com.github.istin.dmtools.di.TrackerModule - Attempting to auto-detect BasicJiraClient...
cursor-agent	Run AI Teammate	2025-12-12T08:07:01.1202732Z 08:07:01.099 [main] DEBUG com.github.istin.dmtools.di.TrackerModule - Attempting to auto-detect BasicAzureDevOpsClient...
cursor-agent	Run AI Teammate	2025-12-12T08:07:01.1204123Z 08:07:01.101 [main] DEBUG com.github.istin.dmtools.microsoft.ado.BasicAzureDevOpsClient - ADO configuration not found. Set ADO_ORGANIZATION, ADO_PROJECT, and ADO_PAT_TOKEN.
cursor-agent	Run AI Teammate	2025-12-12T08:07:01.1205216Z 08:07:01.101 [main] DEBUG com.github.istin.dmtools.di.TrackerModule - Attempting to auto-detect BasicRallyClient...
cursor-agent	Run AI Teammate	2025-12-12T08:07:01.1206269Z 08:07:01.102 [main] DEBUG com.github.istin.dmtools.broadcom.rally.BasicRallyClient - Rally configuration not found. Set RALLY_PATH and RALLY_TOKEN.
cursor-agent	Run AI Teammate	2025-12-12T08:07:01.1207122Z 08:07:01.102 [main] DEBUG com.github.istin.dmtools.di.TrackerModule - Detected CI environment (CI=true), allowing null TrackerClient
cursor-agent	Run AI Teammate	2025-12-12T08:07:01.1208186Z 08:07:01.102 [main] WARN  com.github.istin.dmtools.di.TrackerModule - No tracker configuration found in test environment. Returning null TrackerClient. Tests that require TrackerClient should mock it or provide test configuration.
cursor-agent	Run AI Teammate	2025-12-12T08:07:01.1208919Z 
cursor-agent	Run AI Teammate	2025-12-12T08:07:01.1209022Z === Checking if cliCommands executed ===
cursor-agent	Run AI Teammate	2025-12-12T08:07:01.1209456Z ‚ùå cliCommands may not have executed (expected output not found)
cursor-agent	Run AI Teammate	2025-12-12T08:07:01.1219084Z ==========================================
cursor-agent	Run AI Teammate	2025-12-12T08:07:01.1219537Z 
cursor-agent	Run AI Teammate	2025-12-12T08:07:01.1219719Z === dmtools finished with exit code: 1 ===
cursor-agent	Run AI Teammate	2025-12-12T08:07:01.1221902Z 
cursor-agent	Run AI Teammate	2025-12-12T08:07:01.1222216Z ‚ùå dmtools exited with code: 1
cursor-agent	Run AI Teammate	2025-12-12T08:07:01.1222505Z 
cursor-agent	Run AI Teammate	2025-12-12T08:07:01.1222622Z === Analyzing dmtools error ===
cursor-agent	Run AI Teammate	2025-12-12T08:07:01.1238191Z Found error messages in output (see above)
cursor-agent	Run AI Teammate	2025-12-12T08:07:01.1252074Z 08:07:01.042 [main] INFO  com.github.istin.dmtools.job.JobRunner - Created fresh job instance: Teammate
cursor-agent	Run AI Teammate	2025-12-12T08:07:01.1253100Z 08:07:01.080 [main] INFO  com.github.istin.dmtools.teammate.Teammate - Initializing Teammate in STANDALONE mode using TeammateComponent with BasicGeminiAI
cursor-agent	Run AI Teammate	2025-12-12T08:07:01.1254232Z 08:07:01.089 [main] INFO  com.github.istin.dmtools.teammate.Teammate - Injecting dependencies using TeammateComponent
cursor-agent	Run AI Teammate	2025-12-12T08:07:01.1254938Z ‚úÖ dmtools initialized successfully
cursor-agent	Run AI Teammate	2025-12-12T08:07:01.1269930Z ‚ùå No evidence of cliCommands execution attempt
cursor-agent	Run AI Teammate	2025-12-12T08:07:01.1270403Z =================================
cursor-agent	Run AI Teammate	2025-12-12T08:07:01.1270671Z 
cursor-agent	Run AI Teammate	2025-12-12T08:07:01.1270882Z === Checking if cliCommands executed despite error ===
cursor-agent	Run AI Teammate	2025-12-12T08:07:01.1271635Z ‚ùå outputs/response.md does not exist - cliCommands did not execute
cursor-agent	Run AI Teammate	2025-12-12T08:07:01.1272071Z 
cursor-agent	Run AI Teammate	2025-12-12T08:07:01.1272452Z Checking for any output files:
cursor-agent	Run AI Teammate	2025-12-12T08:07:01.1283943Z total 8
cursor-agent	Run AI Teammate	2025-12-12T08:07:01.1284305Z drwxr-xr-x  2 runner runner 4096 Dec 12 08:07 .
cursor-agent	Run AI Teammate	2025-12-12T08:07:01.1284799Z drwxr-xr-x 14 runner runner 4096 Dec 12 08:07 ..
cursor-agent	Run AI Teammate	2025-12-12T08:07:01.1286212Z =====================================================
cursor-agent	Run AI Teammate	2025-12-12T08:07:01.1286513Z 
cursor-agent	Run AI Teammate	2025-12-12T08:07:01.1286658Z === Full dmtools output ===
cursor-agent	Run AI Teammate	2025-12-12T08:07:01.1296054Z [0;32mInfo: Executing job with file: /home/runner/work/autocoding/autocoding/agents/test_agent.json[0m
cursor-agent	Run AI Teammate	2025-12-12T08:07:01.1297686Z 08:07:01.033 [main] INFO  com.github.istin.dmtools.job.RunCommandProcessor - Processing run command: file=/home/runner/work/autocoding/autocoding/agents/test_agent.json, hasEncodedConfig=false
cursor-agent	Run AI Teammate	2025-12-12T08:07:01.1299736Z 08:07:01.037 [main] INFO  com.github.istin.dmtools.job.RunCommandProcessor - Successfully loaded JSON configuration from file: /home/runner/work/autocoding/autocoding/agents/test_agent.json
cursor-agent	Run AI Teammate	2025-12-12T08:07:01.1300868Z 08:07:01.037 [main] INFO  com.github.istin.dmtools.job.RunCommandProcessor - Using file configuration only
cursor-agent	Run AI Teammate	2025-12-12T08:07:01.1301710Z 08:07:01.041 [main] INFO  com.github.istin.dmtools.job.RunCommandProcessor - JobParams created successfully for job: Teammate
cursor-agent	Run AI Teammate	2025-12-12T08:07:01.1302985Z 08:07:01.041 [main] INFO  com.github.istin.dmtools.job.JobRunner - Executing job: Teammate in mode: STANDALONE with 0 integrations
cursor-agent	Run AI Teammate	2025-12-12T08:07:01.1304108Z 08:07:01.042 [main] INFO  com.github.istin.dmtools.job.JobRunner - Created fresh job instance: Teammate
cursor-agent	Run AI Teammate	2025-12-12T08:07:01.1305325Z 08:07:01.080 [main] INFO  com.github.istin.dmtools.job.JobRunner - Calling initializeForMode with mode: STANDALONE
cursor-agent	Run AI Teammate	2025-12-12T08:07:01.1306128Z 08:07:01.080 [main] INFO  com.github.istin.dmtools.teammate.Teammate - Initializing Teammate in STANDALONE mode using TeammateComponent with BasicGeminiAI
cursor-agent	Run AI Teammate	2025-12-12T08:07:01.1307122Z 08:07:01.081 [main] INFO  com.github.istin.dmtools.teammate.Teammate - Creating new DaggerTeammateComponent for standalone mode
cursor-agent	Run AI Teammate	2025-12-12T08:07:01.1307833Z 08:07:01.089 [main] INFO  com.github.istin.dmtools.teammate.Teammate - Injecting dependencies using TeammateComponent
cursor-agent	Run AI Teammate	2025-12-12T08:07:01.1308709Z 08:07:01.090 [main] DEBUG com.github.istin.dmtools.common.utils.PropertyReader - No Gradle project markers found, using user.dir as project root: /home/runner/work/autocoding/autocoding
cursor-agent	Run AI Teammate	2025-12-12T08:07:01.1309931Z 08:07:01.090 [main] DEBUG com.github.istin.dmtools.common.utils.PropertyReader - dmtools.env not found in project root (/home/runner/work/autocoding/autocoding) or working directory (/home/runner/work/autocoding/autocoding)
cursor-agent	Run AI Teammate	2025-12-12T08:07:01.1310927Z 08:07:01.090 [main] INFO  com.github.istin.dmtools.di.TrackerModule - DEFAULT_TRACKER value from config: 'null'
cursor-agent	Run AI Teammate	2025-12-12T08:07:01.1311580Z 08:07:01.090 [main] INFO  com.github.istin.dmtools.di.TrackerModule - Auto-detecting available tracker configuration...
cursor-agent	Run AI Teammate	2025-12-12T08:07:01.1312267Z 08:07:01.090 [main] DEBUG com.github.istin.dmtools.di.TrackerModule - Attempting to auto-detect BasicJiraClient...
cursor-agent	Run AI Teammate	2025-12-12T08:07:01.1312968Z 08:07:01.099 [main] DEBUG com.github.istin.dmtools.di.TrackerModule - Attempting to auto-detect BasicAzureDevOpsClient...
cursor-agent	Run AI Teammate	2025-12-12T08:07:01.1313873Z 08:07:01.101 [main] DEBUG com.github.istin.dmtools.microsoft.ado.BasicAzureDevOpsClient - ADO configuration not found. Set ADO_ORGANIZATION, ADO_PROJECT, and ADO_PAT_TOKEN.
cursor-agent	Run AI Teammate	2025-12-12T08:07:01.1315329Z 08:07:01.101 [main] DEBUG com.github.istin.dmtools.di.TrackerModule - Attempting to auto-detect BasicRallyClient...
cursor-agent	Run AI Teammate	2025-12-12T08:07:01.1316268Z 08:07:01.102 [main] DEBUG com.github.istin.dmtools.broadcom.rally.BasicRallyClient - Rally configuration not found. Set RALLY_PATH and RALLY_TOKEN.
cursor-agent	Run AI Teammate	2025-12-12T08:07:01.1317441Z 08:07:01.102 [main] DEBUG com.github.istin.dmtools.di.TrackerModule - Detected CI environment (CI=true), allowing null TrackerClient
cursor-agent	Run AI Teammate	2025-12-12T08:07:01.1318508Z 08:07:01.102 [main] WARN  com.github.istin.dmtools.di.TrackerModule - No tracker configuration found in test environment. Returning null TrackerClient. Tests that require TrackerClient should mock it or provide test configuration.
cursor-agent	Run AI Teammate	2025-12-12T08:07:01.1319459Z ==========================
cursor-agent	Run AI Teammate	2025-12-12T08:07:01.1319596Z 
cursor-agent	Run AI Teammate	2025-12-12T08:07:01.1319682Z === Permission Checks ===
cursor-agent	Run AI Teammate	2025-12-12T08:07:01.1319970Z Current directory: /home/runner/work/autocoding/autocoding
cursor-agent	Run AI Teammate	2025-12-12T08:07:01.1320292Z Current directory permissions:
cursor-agent	Run AI Teammate	2025-12-12T08:07:01.1320555Z drwxr-xr-x 14 runner runner 4096 Dec 12 08:07 .
cursor-agent	Run AI Teammate	2025-12-12T08:07:01.1320744Z 
cursor-agent	Run AI Teammate	2025-12-12T08:07:01.1320833Z Config file permissions:
cursor-agent	Run AI Teammate	2025-12-12T08:07:01.1328611Z -rw-r--r-- 1 runner runner 540 Dec 12 08:07 /home/runner/work/autocoding/autocoding/agents/test_agent.json
cursor-agent	Run AI Teammate	2025-12-12T08:07:01.1330059Z 
cursor-agent	Run AI Teammate	2025-12-12T08:07:01.1330258Z Outputs directory permissions:
cursor-agent	Run AI Teammate	2025-12-12T08:07:01.1342120Z drwxr-xr-x 2 runner runner 4096 Dec 12 08:07 outputs
cursor-agent	Run AI Teammate	2025-12-12T08:07:01.1343913Z 
cursor-agent	Run AI Teammate	2025-12-12T08:07:01.1344093Z Testing write permissions:
cursor-agent	Run AI Teammate	2025-12-12T08:07:01.1365528Z ‚úÖ outputs/ is writable
cursor-agent	Run AI Teammate	2025-12-12T08:07:01.1386511Z ‚úÖ Current directory is writable
cursor-agent	Run AI Teammate	2025-12-12T08:07:01.1386941Z ==========================
cursor-agent	Run AI Teammate	2025-12-12T08:07:01.1387185Z 
cursor-agent	Run AI Teammate	2025-12-12T08:07:01.1387294Z === Additional Debug Info ===
cursor-agent	Run AI Teammate	2025-12-12T08:07:01.1387557Z DMTOOLS_INTEGRATIONS value: 'cli,file'
cursor-agent	Run AI Teammate	2025-12-12T08:07:01.1387859Z GEMINI_API_KEY: <set>test-dummy-key-for-test-agent
cursor-agent	Run AI Teammate	2025-12-12T08:07:01.1388296Z Config file path: /home/runner/work/autocoding/autocoding/agents/test_agent.json
cursor-agent	Run AI Teammate	2025-12-12T08:07:01.1390942Z Config file exists: yes
cursor-agent	Run AI Teammate	2025-12-12T08:07:01.1396017Z Config file readable: yes
cursor-agent	Run AI Teammate	2025-12-12T08:07:01.1400715Z Config file writable: yes
cursor-agent	Run AI Teammate	2025-12-12T08:07:01.1400952Z 
cursor-agent	Run AI Teammate	2025-12-12T08:07:01.1401101Z Checking for output files...
cursor-agent	Run AI Teammate	2025-12-12T08:07:01.1412876Z total 8
cursor-agent	Run AI Teammate	2025-12-12T08:07:01.1413223Z drwxr-xr-x  2 runner runner 4096 Dec 12 08:07 .
cursor-agent	Run AI Teammate	2025-12-12T08:07:01.1413697Z drwxr-xr-x 14 runner runner 4096 Dec 12 08:07 ..
cursor-agent	Run AI Teammate	2025-12-12T08:07:01.1427280Z total 8
cursor-agent	Run AI Teammate	2025-12-12T08:07:01.1427684Z drwxr-xr-x  2 runner runner 4096 Dec 12 08:07 .
cursor-agent	Run AI Teammate	2025-12-12T08:07:01.1428223Z drwxr-xr-x 14 runner runner 4096 Dec 12 08:07 ..
cursor-agent	Run AI Teammate	2025-12-12T08:07:01.1428744Z -rw-r--r--  1 runner runner    0 Dec 12 08:07 .gitkeep
cursor-agent	Run AI Teammate	2025-12-12T08:07:01.1429199Z 
cursor-agent	Run AI Teammate	2025-12-12T08:07:01.1429413Z Checking if cliCommands were executed...
cursor-agent	Run AI Teammate	2025-12-12T08:07:01.1430198Z ‚ùå outputs/response.md does not exist - cliCommands may not have executed
cursor-agent	Run AI Teammate	2025-12-12T08:07:01.1430585Z 
cursor-agent	Run AI Teammate	2025-12-12T08:07:01.1430677Z Config file content:
cursor-agent	Run AI Teammate	2025-12-12T08:07:01.1438486Z {
cursor-agent	Run AI Teammate	2025-12-12T08:07:01.1438784Z   "name": "Teammate",
cursor-agent	Run AI Teammate	2025-12-12T08:07:01.1439115Z   "params": {
cursor-agent	Run AI Teammate	2025-12-12T08:07:01.1439388Z     "agentParams": {
cursor-agent	Run AI Teammate	2025-12-12T08:07:01.1439607Z       "aiRole": "Test Assistant",
cursor-agent	Run AI Teammate	2025-12-12T08:07:01.1439860Z       "instructions": [
cursor-agent	Run AI Teammate	2025-12-12T08:07:01.1440209Z         "This is a test agent",
cursor-agent	Run AI Teammate	2025-12-12T08:07:01.1440589Z         "Just print hello world"
cursor-agent	Run AI Teammate	2025-12-12T08:07:01.1440903Z       ],
cursor-agent	Run AI Teammate	2025-12-12T08:07:01.1441119Z       "formattingRules": "Use markdown"
cursor-agent	Run AI Teammate	2025-12-12T08:07:01.1441361Z     },
cursor-agent	Run AI Teammate	2025-12-12T08:07:01.1441537Z     "cliCommands": [
cursor-agent	Run AI Teammate	2025-12-12T08:07:01.1441758Z       "echo 'Hello from AI Teammate!'",
cursor-agent	Run AI Teammate	2025-12-12T08:07:01.1442021Z       "mkdir -p outputs",
cursor-agent	Run AI Teammate	2025-12-12T08:07:01.1442270Z       "echo '# Test Result' > outputs/response.md",
cursor-agent	Run AI Teammate	2025-12-12T08:07:01.1442614Z       "echo 'Agent executed successfully' >> outputs/response.md"
cursor-agent	Run AI Teammate	2025-12-12T08:07:01.1442910Z     ],
cursor-agent	Run AI Teammate	2025-12-12T08:07:01.1443091Z     "outputType": "none",
cursor-agent	Run AI Teammate	2025-12-12T08:07:01.1443309Z     "skipAIProcessing": true,
cursor-agent	Run AI Teammate	2025-12-12T08:07:01.1443545Z     "ticketContextDepth": 0
cursor-agent	Run AI Teammate	2025-12-12T08:07:01.1443757Z   }
cursor-agent	Run AI Teammate	2025-12-12T08:07:01.1443915Z }
cursor-agent	Run AI Teammate	2025-12-12T08:07:01.1444083Z ======================
cursor-agent	Run AI Teammate	2025-12-12T08:07:01.1444204Z 
cursor-agent	Run AI Teammate	2025-12-12T08:07:01.1444308Z === Checking for permission errors ===
cursor-agent	Run AI Teammate	2025-12-12T08:07:01.1455154Z No obvious permission errors found in output
cursor-agent	Run AI Teammate	2025-12-12T08:07:01.1455619Z ====================================
cursor-agent	Run AI Teammate	2025-12-12T08:07:01.1455901Z 
cursor-agent	Run AI Teammate	2025-12-12T08:07:01.1456034Z === Checking dmtools help/version for clues ===
cursor-agent	Run AI Teammate	2025-12-12T08:07:01.6711565Z DMTools 1.7.100
cursor-agent	Run AI Teammate	2025-12-12T08:07:01.6712533Z A comprehensive development management toolkit
cursor-agent	Run AI Teammate	2025-12-12T08:07:01.6790115Z ==============================================
cursor-agent	Run AI Teammate	2025-12-12T08:07:01.6803283Z ##[error]Process completed with exit code 1.
cursor-agent	Upload artifacts	Ôªø2025-12-12T08:07:01.6871504Z ##[group]Run actions/upload-artifact@v4
cursor-agent	Upload artifacts	2025-12-12T08:07:01.6871786Z with:
cursor-agent	Upload artifacts	2025-12-12T08:07:01.6871980Z   name: ai-teammate-results-27
cursor-agent	Upload artifacts	2025-12-12T08:07:01.6872213Z   path: outputs/
cursor-agent	Upload artifacts	inputs/
cursor-agent	Upload artifacts	
cursor-agent	Upload artifacts	2025-12-12T08:07:01.6872432Z   retention-days: 30
cursor-agent	Upload artifacts	2025-12-12T08:07:01.6872647Z   if-no-files-found: warn
cursor-agent	Upload artifacts	2025-12-12T08:07:01.6872860Z   compression-level: 6
cursor-agent	Upload artifacts	2025-12-12T08:07:01.6873061Z   overwrite: false
cursor-agent	Upload artifacts	2025-12-12T08:07:01.6873266Z   include-hidden-files: false
cursor-agent	Upload artifacts	2025-12-12T08:07:01.6873485Z env:
cursor-agent	Upload artifacts	2025-12-12T08:07:01.6873764Z   JAVA_HOME: /opt/hostedtoolcache/Java_Temurin-Hotspot_jdk/23.0.2-7/x64
cursor-agent	Upload artifacts	2025-12-12T08:07:01.6874214Z   JAVA_HOME_23_X64: /opt/hostedtoolcache/Java_Temurin-Hotspot_jdk/23.0.2-7/x64
cursor-agent	Upload artifacts	2025-12-12T08:07:01.6874573Z ##[endgroup]
cursor-agent	Upload artifacts	2025-12-12T08:07:01.9010786Z Multiple search paths detected. Calculating the least common ancestor of all paths
cursor-agent	Upload artifacts	2025-12-12T08:07:01.9013958Z The least common ancestor is /home/runner/work/autocoding/autocoding. This will be the root directory of the artifact
cursor-agent	Upload artifacts	2025-12-12T08:07:01.9029739Z ##[warning]No files were found with the provided path: outputs/
cursor-agent	Upload artifacts	inputs/. No artifacts will be uploaded.
cursor-agent	Post Setup Java Environment	Ôªø2025-12-12T08:07:01.9154506Z Post job cleanup.
cursor-agent	Post Checkout repository	Ôªø2025-12-12T08:07:02.0923554Z Post job cleanup.
cursor-agent	Post Checkout repository	2025-12-12T08:07:02.1867695Z [command]/usr/bin/git version
cursor-agent	Post Checkout repository	2025-12-12T08:07:02.1904037Z git version 2.52.0
cursor-agent	Post Checkout repository	2025-12-12T08:07:02.1949672Z Temporarily overriding HOME='/home/runner/work/_temp/5fa04008-8133-4b44-b287-f56c66ed0002' before making global git config changes
cursor-agent	Post Checkout repository	2025-12-12T08:07:02.1950992Z Adding repository directory to the temporary git global config as a safe directory
cursor-agent	Post Checkout repository	2025-12-12T08:07:02.1956157Z [command]/usr/bin/git config --global --add safe.directory /home/runner/work/autocoding/autocoding
cursor-agent	Post Checkout repository	2025-12-12T08:07:02.1993821Z [command]/usr/bin/git config --local --name-only --get-regexp core\.sshCommand
cursor-agent	Post Checkout repository	2025-12-12T08:07:02.2025464Z [command]/usr/bin/git submodule foreach --recursive sh -c "git config --local --name-only --get-regexp 'core\.sshCommand' && git config --local --unset-all 'core.sshCommand' || :"
cursor-agent	Post Checkout repository	2025-12-12T08:07:02.2249225Z [command]/usr/bin/git config --local --name-only --get-regexp http\.https\:\/\/github\.com\/\.extraheader
cursor-agent	Post Checkout repository	2025-12-12T08:07:02.2268804Z http.https://github.com/.extraheader
cursor-agent	Post Checkout repository	2025-12-12T08:07:02.2281544Z [command]/usr/bin/git config --local --unset-all http.https://github.com/.extraheader
cursor-agent	Post Checkout repository	2025-12-12T08:07:02.2310879Z [command]/usr/bin/git submodule foreach --recursive sh -c "git config --local --name-only --get-regexp 'http\.https\:\/\/github\.com\/\.extraheader' && git config --local --unset-all 'http.https://github.com/.extraheader' || :"
cursor-agent	Post Checkout repository	2025-12-12T08:07:02.2526835Z [command]/usr/bin/git config --local --name-only --get-regexp ^includeIf\.gitdir:
cursor-agent	Post Checkout repository	2025-12-12T08:07:02.2556686Z [command]/usr/bin/git submodule foreach --recursive git config --local --show-origin --name-only --get-regexp remote.origin.url
cursor-agent	Complete job	Ôªø2025-12-12T08:07:02.2872780Z Cleaning up orphan processes
