cursor-agent	Set up job	Ôªø2025-12-12T07:26:21.2600680Z Current runner version: '2.329.0'
cursor-agent	Set up job	2025-12-12T07:26:21.2626169Z ##[group]Runner Image Provisioner
cursor-agent	Set up job	2025-12-12T07:26:21.2626995Z Hosted Compute Agent
cursor-agent	Set up job	2025-12-12T07:26:21.2627655Z Version: 20251202.455
cursor-agent	Set up job	2025-12-12T07:26:21.2628825Z Commit: 6c10caca4910e198df60de23adf20ad317c474e3
cursor-agent	Set up job	2025-12-12T07:26:21.2629543Z Build Date: 2025-12-02T15:56:59Z
cursor-agent	Set up job	2025-12-12T07:26:21.2630270Z Worker ID: {418510dd-c185-4d0d-b642-0a2e156b1b7c}
cursor-agent	Set up job	2025-12-12T07:26:21.2630964Z ##[endgroup]
cursor-agent	Set up job	2025-12-12T07:26:21.2631497Z ##[group]Operating System
cursor-agent	Set up job	2025-12-12T07:26:21.2632624Z Ubuntu
cursor-agent	Set up job	2025-12-12T07:26:21.2633283Z 24.04.3
cursor-agent	Set up job	2025-12-12T07:26:21.2633768Z LTS
cursor-agent	Set up job	2025-12-12T07:26:21.2634350Z ##[endgroup]
cursor-agent	Set up job	2025-12-12T07:26:21.2634870Z ##[group]Runner Image
cursor-agent	Set up job	2025-12-12T07:26:21.2635471Z Image: ubuntu-24.04
cursor-agent	Set up job	2025-12-12T07:26:21.2636038Z Version: 20251208.163.1
cursor-agent	Set up job	2025-12-12T07:26:21.2637092Z Included Software: https://github.com/actions/runner-images/blob/ubuntu24/20251208.163/images/ubuntu/Ubuntu2404-Readme.md
cursor-agent	Set up job	2025-12-12T07:26:21.2638941Z Image Release: https://github.com/actions/runner-images/releases/tag/ubuntu24%2F20251208.163
cursor-agent	Set up job	2025-12-12T07:26:21.2640271Z ##[endgroup]
cursor-agent	Set up job	2025-12-12T07:26:21.2641574Z ##[group]GITHUB_TOKEN Permissions
cursor-agent	Set up job	2025-12-12T07:26:21.2643745Z Actions: read
cursor-agent	Set up job	2025-12-12T07:26:21.2644396Z Contents: write
cursor-agent	Set up job	2025-12-12T07:26:21.2644948Z Metadata: read
cursor-agent	Set up job	2025-12-12T07:26:21.2645514Z PullRequests: write
cursor-agent	Set up job	2025-12-12T07:26:21.2646069Z ##[endgroup]
cursor-agent	Set up job	2025-12-12T07:26:21.2648551Z Secret source: Actions
cursor-agent	Set up job	2025-12-12T07:26:21.2649630Z Prepare workflow directory
cursor-agent	Set up job	2025-12-12T07:26:21.2979290Z Prepare all required actions
cursor-agent	Set up job	2025-12-12T07:26:21.3017516Z Getting action download info
cursor-agent	Set up job	2025-12-12T07:26:21.6626738Z Download action repository 'actions/checkout@v4' (SHA:34e114876b0b11c390a56381ad16ebd13914f8d5)
cursor-agent	Set up job	2025-12-12T07:26:21.7505870Z Download action repository 'actions/setup-java@v4' (SHA:c1e323688fd81a25caa38c78aa6df2d33d3e20d9)
cursor-agent	Set up job	2025-12-12T07:26:22.2049780Z Download action repository 'actions/upload-artifact@v4' (SHA:ea165f8d65b6e75b540449e92b4886f43607fa02)
cursor-agent	Set up job	2025-12-12T07:26:22.4070380Z Complete job name: cursor-agent
cursor-agent	Checkout repository	Ôªø2025-12-12T07:26:22.4805775Z ##[group]Run actions/checkout@v4
cursor-agent	Checkout repository	2025-12-12T07:26:22.4806755Z with:
cursor-agent	Checkout repository	2025-12-12T07:26:22.4807243Z   repository: kidblendapp/autocoding
cursor-agent	Checkout repository	2025-12-12T07:26:22.4808380Z   token: ***
cursor-agent	Checkout repository	2025-12-12T07:26:22.4808853Z   ssh-strict: true
cursor-agent	Checkout repository	2025-12-12T07:26:22.4809300Z   ssh-user: git
cursor-agent	Checkout repository	2025-12-12T07:26:22.4809758Z   persist-credentials: true
cursor-agent	Checkout repository	2025-12-12T07:26:22.4810269Z   clean: true
cursor-agent	Checkout repository	2025-12-12T07:26:22.4810735Z   sparse-checkout-cone-mode: true
cursor-agent	Checkout repository	2025-12-12T07:26:22.4811300Z   fetch-depth: 1
cursor-agent	Checkout repository	2025-12-12T07:26:22.4811749Z   fetch-tags: false
cursor-agent	Checkout repository	2025-12-12T07:26:22.4812223Z   show-progress: true
cursor-agent	Checkout repository	2025-12-12T07:26:22.4812687Z   lfs: false
cursor-agent	Checkout repository	2025-12-12T07:26:22.4813112Z   submodules: false
cursor-agent	Checkout repository	2025-12-12T07:26:22.4813574Z   set-safe-directory: true
cursor-agent	Checkout repository	2025-12-12T07:26:22.4814377Z ##[endgroup]
cursor-agent	Checkout repository	2025-12-12T07:26:22.5890320Z Syncing repository: kidblendapp/autocoding
cursor-agent	Checkout repository	2025-12-12T07:26:22.5892260Z ##[group]Getting Git version info
cursor-agent	Checkout repository	2025-12-12T07:26:22.5893053Z Working directory is '/home/runner/work/autocoding/autocoding'
cursor-agent	Checkout repository	2025-12-12T07:26:22.5894172Z [command]/usr/bin/git version
cursor-agent	Checkout repository	2025-12-12T07:26:22.5951664Z git version 2.52.0
cursor-agent	Checkout repository	2025-12-12T07:26:22.5978170Z ##[endgroup]
cursor-agent	Checkout repository	2025-12-12T07:26:22.5992778Z Temporarily overriding HOME='/home/runner/work/_temp/bf65792d-a8f5-4fa4-8e2c-c56abb78bd8b' before making global git config changes
cursor-agent	Checkout repository	2025-12-12T07:26:22.5994284Z Adding repository directory to the temporary git global config as a safe directory
cursor-agent	Checkout repository	2025-12-12T07:26:22.6005429Z [command]/usr/bin/git config --global --add safe.directory /home/runner/work/autocoding/autocoding
cursor-agent	Checkout repository	2025-12-12T07:26:22.6042158Z Deleting the contents of '/home/runner/work/autocoding/autocoding'
cursor-agent	Checkout repository	2025-12-12T07:26:22.6045769Z ##[group]Initializing the repository
cursor-agent	Checkout repository	2025-12-12T07:26:22.6049747Z [command]/usr/bin/git init /home/runner/work/autocoding/autocoding
cursor-agent	Checkout repository	2025-12-12T07:26:22.6139611Z hint: Using 'master' as the name for the initial branch. This default branch name
cursor-agent	Checkout repository	2025-12-12T07:26:22.6140822Z hint: will change to "main" in Git 3.0. To configure the initial branch name
cursor-agent	Checkout repository	2025-12-12T07:26:22.6142097Z hint: to use in all of your new repositories, which will suppress this warning,
cursor-agent	Checkout repository	2025-12-12T07:26:22.6143314Z hint: call:
cursor-agent	Checkout repository	2025-12-12T07:26:22.6144023Z hint:
cursor-agent	Checkout repository	2025-12-12T07:26:22.6144871Z hint: 	git config --global init.defaultBranch <name>
cursor-agent	Checkout repository	2025-12-12T07:26:22.6145917Z hint:
cursor-agent	Checkout repository	2025-12-12T07:26:22.6146667Z hint: Names commonly chosen instead of 'master' are 'main', 'trunk' and
cursor-agent	Checkout repository	2025-12-12T07:26:22.6147635Z hint: 'development'. The just-created branch can be renamed via this command:
cursor-agent	Checkout repository	2025-12-12T07:26:22.6148883Z hint:
cursor-agent	Checkout repository	2025-12-12T07:26:22.6149377Z hint: 	git branch -m <name>
cursor-agent	Checkout repository	2025-12-12T07:26:22.6149870Z hint:
cursor-agent	Checkout repository	2025-12-12T07:26:22.6150518Z hint: Disable this message with "git config set advice.defaultBranchName false"
cursor-agent	Checkout repository	2025-12-12T07:26:22.6151635Z Initialized empty Git repository in /home/runner/work/autocoding/autocoding/.git/
cursor-agent	Checkout repository	2025-12-12T07:26:22.6154338Z [command]/usr/bin/git remote add origin https://github.com/kidblendapp/autocoding
cursor-agent	Checkout repository	2025-12-12T07:26:22.6189159Z ##[endgroup]
cursor-agent	Checkout repository	2025-12-12T07:26:22.6190594Z ##[group]Disabling automatic garbage collection
cursor-agent	Checkout repository	2025-12-12T07:26:22.6193881Z [command]/usr/bin/git config --local gc.auto 0
cursor-agent	Checkout repository	2025-12-12T07:26:22.6222849Z ##[endgroup]
cursor-agent	Checkout repository	2025-12-12T07:26:22.6224314Z ##[group]Setting up auth
cursor-agent	Checkout repository	2025-12-12T07:26:22.6230690Z [command]/usr/bin/git config --local --name-only --get-regexp core\.sshCommand
cursor-agent	Checkout repository	2025-12-12T07:26:22.6262064Z [command]/usr/bin/git submodule foreach --recursive sh -c "git config --local --name-only --get-regexp 'core\.sshCommand' && git config --local --unset-all 'core.sshCommand' || :"
cursor-agent	Checkout repository	2025-12-12T07:26:22.6584936Z [command]/usr/bin/git config --local --name-only --get-regexp http\.https\:\/\/github\.com\/\.extraheader
cursor-agent	Checkout repository	2025-12-12T07:26:22.6617021Z [command]/usr/bin/git submodule foreach --recursive sh -c "git config --local --name-only --get-regexp 'http\.https\:\/\/github\.com\/\.extraheader' && git config --local --unset-all 'http.https://github.com/.extraheader' || :"
cursor-agent	Checkout repository	2025-12-12T07:26:22.6839218Z [command]/usr/bin/git config --local --name-only --get-regexp ^includeIf\.gitdir:
cursor-agent	Checkout repository	2025-12-12T07:26:22.6879405Z [command]/usr/bin/git submodule foreach --recursive git config --local --show-origin --name-only --get-regexp remote.origin.url
cursor-agent	Checkout repository	2025-12-12T07:26:22.7104385Z [command]/usr/bin/git config --local http.https://github.com/.extraheader AUTHORIZATION: basic ***
cursor-agent	Checkout repository	2025-12-12T07:26:22.7139880Z ##[endgroup]
cursor-agent	Checkout repository	2025-12-12T07:26:22.7148406Z ##[group]Fetching the repository
cursor-agent	Checkout repository	2025-12-12T07:26:22.7151083Z [command]/usr/bin/git -c protocol.version=2 fetch --no-tags --prune --no-recurse-submodules --depth=1 origin +e5967d382160192155c893871f78f0266ffea8b5:refs/remotes/origin/main
cursor-agent	Checkout repository	2025-12-12T07:26:22.9808231Z From https://github.com/kidblendapp/autocoding
cursor-agent	Checkout repository	2025-12-12T07:26:22.9810356Z  * [new ref]         e5967d382160192155c893871f78f0266ffea8b5 -> origin/main
cursor-agent	Checkout repository	2025-12-12T07:26:22.9842577Z ##[endgroup]
cursor-agent	Checkout repository	2025-12-12T07:26:22.9844277Z ##[group]Determining the checkout info
cursor-agent	Checkout repository	2025-12-12T07:26:22.9846173Z ##[endgroup]
cursor-agent	Checkout repository	2025-12-12T07:26:22.9849485Z [command]/usr/bin/git sparse-checkout disable
cursor-agent	Checkout repository	2025-12-12T07:26:22.9890625Z [command]/usr/bin/git config --local --unset-all extensions.worktreeConfig
cursor-agent	Checkout repository	2025-12-12T07:26:22.9915972Z ##[group]Checking out the ref
cursor-agent	Checkout repository	2025-12-12T07:26:22.9919893Z [command]/usr/bin/git checkout --progress --force -B main refs/remotes/origin/main
cursor-agent	Checkout repository	2025-12-12T07:26:23.0013415Z Switched to a new branch 'main'
cursor-agent	Checkout repository	2025-12-12T07:26:23.0015792Z branch 'main' set up to track 'origin/main'.
cursor-agent	Checkout repository	2025-12-12T07:26:23.0024227Z ##[endgroup]
cursor-agent	Checkout repository	2025-12-12T07:26:23.0057554Z [command]/usr/bin/git log -1 --format=%H
cursor-agent	Checkout repository	2025-12-12T07:26:23.0079745Z e5967d382160192155c893871f78f0266ffea8b5
cursor-agent	Map Event Type to Config	Ôªø2025-12-12T07:26:23.0322143Z ##[group]Run EVENT_TYPE=""
cursor-agent	Map Event Type to Config	2025-12-12T07:26:23.0323449Z [36;1mEVENT_TYPE=""[0m
cursor-agent	Map Event Type to Config	2025-12-12T07:26:23.0324541Z [36;1m[0m
cursor-agent	Map Event Type to Config	2025-12-12T07:26:23.0325474Z [36;1mcase "$EVENT_TYPE" in[0m
cursor-agent	Map Event Type to Config	2025-12-12T07:26:23.0326689Z [36;1m  "story-clarification")[0m
cursor-agent	Map Event Type to Config	2025-12-12T07:26:23.0328214Z [36;1m    CONFIG="agents/story_questions.json"[0m
cursor-agent	Map Event Type to Config	2025-12-12T07:26:23.0329804Z [36;1m    ;;[0m
cursor-agent	Map Event Type to Config	2025-12-12T07:26:23.0330778Z [36;1m  "story-development")[0m
cursor-agent	Map Event Type to Config	2025-12-12T07:26:23.0332101Z [36;1m    CONFIG="agents/story_development.json"[0m
cursor-agent	Map Event Type to Config	2025-12-12T07:26:23.0333458Z [36;1m    ;;[0m
cursor-agent	Map Event Type to Config	2025-12-12T07:26:23.0334428Z [36;1m  "story-description")[0m
cursor-agent	Map Event Type to Config	2025-12-12T07:26:23.0335723Z [36;1m    CONFIG="agents/story_description.json"[0m
cursor-agent	Map Event Type to Config	2025-12-12T07:26:23.0337072Z [36;1m    ;;[0m
cursor-agent	Map Event Type to Config	2025-12-12T07:26:23.0338249Z [36;1m  "solution-design")[0m
cursor-agent	Map Event Type to Config	2025-12-12T07:26:23.0339561Z [36;1m    CONFIG="agents/story_solution_design.json"[0m
cursor-agent	Map Event Type to Config	2025-12-12T07:26:23.0340950Z [36;1m    ;;[0m
cursor-agent	Map Event Type to Config	2025-12-12T07:26:23.0341916Z [36;1m  "sd-core-description")[0m
cursor-agent	Map Event Type to Config	2025-12-12T07:26:23.0343262Z [36;1m    CONFIG="agents/sd_core_description.json"[0m
cursor-agent	Map Event Type to Config	2025-12-12T07:26:23.0344596Z [36;1m    ;;[0m
cursor-agent	Map Event Type to Config	2025-12-12T07:26:23.0345568Z [36;1m  "sd-api-description")[0m
cursor-agent	Map Event Type to Config	2025-12-12T07:26:23.0346869Z [36;1m    CONFIG="agents/sd_api_description.json"[0m
cursor-agent	Map Event Type to Config	2025-12-12T07:26:23.0348400Z [36;1m    ;;[0m
cursor-agent	Map Event Type to Config	2025-12-12T07:26:23.0349352Z [36;1m  "api-development")[0m
cursor-agent	Map Event Type to Config	2025-12-12T07:26:23.0350603Z [36;1m    CONFIG="agents/api_development.json"[0m
cursor-agent	Map Event Type to Config	2025-12-12T07:26:23.0351931Z [36;1m    ;;[0m
cursor-agent	Map Event Type to Config	2025-12-12T07:26:23.0352889Z [36;1m  "core-description")[0m
cursor-agent	Map Event Type to Config	2025-12-12T07:26:23.0354157Z [36;1m    CONFIG="agents/core_description.json"[0m
cursor-agent	Map Event Type to Config	2025-12-12T07:26:23.0355488Z [36;1m    ;;[0m
cursor-agent	Map Event Type to Config	2025-12-12T07:26:23.0356421Z [36;1m  "code-review")[0m
cursor-agent	Map Event Type to Config	2025-12-12T07:26:23.0357620Z [36;1m    CONFIG="agents/code_review.json"[0m
cursor-agent	Map Event Type to Config	2025-12-12T07:26:23.0359019Z [36;1m    ;;[0m
cursor-agent	Map Event Type to Config	2025-12-12T07:26:23.0359972Z [36;1m  "test-generation")[0m
cursor-agent	Map Event Type to Config	2025-12-12T07:26:23.0361241Z [36;1m    CONFIG="agents/test_cases_generator.json"[0m
cursor-agent	Map Event Type to Config	2025-12-12T07:26:23.0362624Z [36;1m    ;;[0m
cursor-agent	Map Event Type to Config	2025-12-12T07:26:23.0363540Z [36;1m  *)[0m
cursor-agent	Map Event Type to Config	2025-12-12T07:26:23.0364456Z [36;1m    CONFIG=""[0m
cursor-agent	Map Event Type to Config	2025-12-12T07:26:23.0365442Z [36;1m    ;;[0m
cursor-agent	Map Event Type to Config	2025-12-12T07:26:23.0366350Z [36;1mesac[0m
cursor-agent	Map Event Type to Config	2025-12-12T07:26:23.0367237Z [36;1m[0m
cursor-agent	Map Event Type to Config	2025-12-12T07:26:23.0368435Z [36;1mecho "config_file=${CONFIG}" >> $GITHUB_OUTPUT[0m
cursor-agent	Map Event Type to Config	2025-12-12T07:26:23.0370205Z [36;1mecho "Mapped event type '${EVENT_TYPE}' to config: ${CONFIG}"[0m
cursor-agent	Map Event Type to Config	2025-12-12T07:26:23.0407356Z shell: /usr/bin/bash -e {0}
cursor-agent	Map Event Type to Config	2025-12-12T07:26:23.0408739Z ##[endgroup]
cursor-agent	Map Event Type to Config	2025-12-12T07:26:23.0488944Z Mapped event type '' to config: 
cursor-agent	Prepare Configuration	Ôªø2025-12-12T07:26:23.0572202Z ##[group]Run # Determine config file from either webhook or manual input
cursor-agent	Prepare Configuration	2025-12-12T07:26:23.0574275Z [36;1m# Determine config file from either webhook or manual input[0m
cursor-agent	Prepare Configuration	2025-12-12T07:26:23.0576130Z [36;1mif [ "workflow_dispatch" = "repository_dispatch" ]; then[0m
cursor-agent	Prepare Configuration	2025-12-12T07:26:23.0578266Z [36;1m  # Use mapped config if available, otherwise use client_payload[0m
cursor-agent	Prepare Configuration	2025-12-12T07:26:23.0579854Z [36;1m  CONFIG_FILE=""[0m
cursor-agent	Prepare Configuration	2025-12-12T07:26:23.0580879Z [36;1m  ENCODED_CONFIG=""[0m
cursor-agent	Prepare Configuration	2025-12-12T07:26:23.0581919Z [36;1m  TICKET_KEY=""[0m
cursor-agent	Prepare Configuration	2025-12-12T07:26:23.0582905Z [36;1m  JQL_QUERY=""[0m
cursor-agent	Prepare Configuration	2025-12-12T07:26:23.0583847Z [36;1melse[0m
cursor-agent	Prepare Configuration	2025-12-12T07:26:23.0585109Z [36;1m  # Use provided config_file or default to agents/test_agent.json[0m
cursor-agent	Prepare Configuration	2025-12-12T07:26:23.0586817Z [36;1m  CONFIG_FILE="agents/test_agent.json"[0m
cursor-agent	Prepare Configuration	2025-12-12T07:26:23.0588299Z [36;1m  if [ -z "${CONFIG_FILE}" ]; then[0m
cursor-agent	Prepare Configuration	2025-12-12T07:26:23.0589666Z [36;1m    CONFIG_FILE="agents/test_agent.json"[0m
cursor-agent	Prepare Configuration	2025-12-12T07:26:23.0590893Z [36;1m  fi[0m
cursor-agent	Prepare Configuration	2025-12-12T07:26:23.0591798Z [36;1m  ENCODED_CONFIG=""[0m
cursor-agent	Prepare Configuration	2025-12-12T07:26:23.0592826Z [36;1m  TICKET_KEY=""[0m
cursor-agent	Prepare Configuration	2025-12-12T07:26:23.0593815Z [36;1m  JQL_QUERY=""[0m
cursor-agent	Prepare Configuration	2025-12-12T07:26:23.0594752Z [36;1mfi[0m
cursor-agent	Prepare Configuration	2025-12-12T07:26:23.0656531Z [36;1m[0m
cursor-agent	Prepare Configuration	2025-12-12T07:26:23.0658077Z [36;1mecho "config_file=${CONFIG_FILE}" >> $GITHUB_OUTPUT[0m
cursor-agent	Prepare Configuration	2025-12-12T07:26:23.0659941Z [36;1mecho "encoded_config=${ENCODED_CONFIG}" >> $GITHUB_OUTPUT[0m
cursor-agent	Prepare Configuration	2025-12-12T07:26:23.0661679Z [36;1mecho "ticket_key=${TICKET_KEY}" >> $GITHUB_OUTPUT[0m
cursor-agent	Prepare Configuration	2025-12-12T07:26:23.0663258Z [36;1mecho "jql_query=${JQL_QUERY}" >> $GITHUB_OUTPUT[0m
cursor-agent	Prepare Configuration	2025-12-12T07:26:23.0664585Z [36;1m[0m
cursor-agent	Prepare Configuration	2025-12-12T07:26:23.0665504Z [36;1mecho "Configuration: ${CONFIG_FILE}"[0m
cursor-agent	Prepare Configuration	2025-12-12T07:26:23.0666994Z [36;1mecho "Ticket: ${TICKET_KEY}"[0m
cursor-agent	Prepare Configuration	2025-12-12T07:26:23.0668281Z [36;1mecho "JQL: ${JQL_QUERY}"[0m
cursor-agent	Prepare Configuration	2025-12-12T07:26:23.0701260Z shell: /usr/bin/bash -e {0}
cursor-agent	Prepare Configuration	2025-12-12T07:26:23.0702280Z ##[endgroup]
cursor-agent	Prepare Configuration	2025-12-12T07:26:23.0763320Z Configuration: agents/test_agent.json
cursor-agent	Prepare Configuration	2025-12-12T07:26:23.0765423Z Ticket: 
cursor-agent	Prepare Configuration	2025-12-12T07:26:23.0766615Z JQL: 
cursor-agent	Setup Java Environment	Ôªø2025-12-12T07:26:23.0985963Z ##[group]Run actions/setup-java@v4
cursor-agent	Setup Java Environment	2025-12-12T07:26:23.0987020Z with:
cursor-agent	Setup Java Environment	2025-12-12T07:26:23.0987978Z   distribution: temurin
cursor-agent	Setup Java Environment	2025-12-12T07:26:23.0988871Z   java-version: 23
cursor-agent	Setup Java Environment	2025-12-12T07:26:23.0989706Z   java-package: jdk
cursor-agent	Setup Java Environment	2025-12-12T07:26:23.0990555Z   check-latest: false
cursor-agent	Setup Java Environment	2025-12-12T07:26:23.0991409Z   server-id: github
cursor-agent	Setup Java Environment	2025-12-12T07:26:23.0992262Z   server-username: GITHUB_ACTOR
cursor-agent	Setup Java Environment	2025-12-12T07:26:23.0993284Z   server-password: GITHUB_TOKEN
cursor-agent	Setup Java Environment	2025-12-12T07:26:23.0994300Z   overwrite-settings: true
cursor-agent	Setup Java Environment	2025-12-12T07:26:23.0995228Z   job-status: success
cursor-agent	Setup Java Environment	2025-12-12T07:26:23.0996315Z   token: ***
cursor-agent	Setup Java Environment	2025-12-12T07:26:23.0997095Z ##[endgroup]
cursor-agent	Setup Java Environment	2025-12-12T07:26:23.3047547Z ##[group]Installed distributions
cursor-agent	Setup Java Environment	2025-12-12T07:26:23.3234939Z Trying to resolve the latest version from remote
cursor-agent	Setup Java Environment	2025-12-12T07:26:23.5819214Z Resolved latest version as 23.0.2+7
cursor-agent	Setup Java Environment	2025-12-12T07:26:23.5820874Z Trying to download...
cursor-agent	Setup Java Environment	2025-12-12T07:26:23.5824067Z Downloading Java 23.0.2+7 (Temurin-Hotspot) from https://github.com/adoptium/temurin23-binaries/releases/download/jdk-23.0.2%2B7/OpenJDK23U-jdk_x64_linux_hotspot_23.0.2_7.tar.gz ...
cursor-agent	Setup Java Environment	2025-12-12T07:26:24.6988217Z Extracting Java archive...
cursor-agent	Setup Java Environment	2025-12-12T07:26:24.7092471Z [command]/usr/bin/tar xz --warning=no-unknown-keyword --overwrite -C /home/runner/work/_temp/0a2e9121-aeb9-41d9-adc1-99aba3a66bb7 -f /home/runner/work/_temp/cb6db694-b75f-46d6-ae6e-f32a82f12274
cursor-agent	Setup Java Environment	2025-12-12T07:26:28.3865098Z Java 23.0.2+7 was downloaded
cursor-agent	Setup Java Environment	2025-12-12T07:26:28.3874058Z Setting Java 23.0.2+7 as the default
cursor-agent	Setup Java Environment	2025-12-12T07:26:28.3878197Z Creating toolchains.xml for JDK version 23 from temurin
cursor-agent	Setup Java Environment	2025-12-12T07:26:28.3954589Z Writing to /home/runner/.m2/toolchains.xml
cursor-agent	Setup Java Environment	2025-12-12T07:26:28.3955473Z 
cursor-agent	Setup Java Environment	2025-12-12T07:26:28.3961229Z Java configuration:
cursor-agent	Setup Java Environment	2025-12-12T07:26:28.3961646Z   Distribution: temurin
cursor-agent	Setup Java Environment	2025-12-12T07:26:28.3962120Z   Version: 23.0.2+7
cursor-agent	Setup Java Environment	2025-12-12T07:26:28.3962743Z   Path: /opt/hostedtoolcache/Java_Temurin-Hotspot_jdk/23.0.2-7/x64
cursor-agent	Setup Java Environment	2025-12-12T07:26:28.3963151Z 
cursor-agent	Setup Java Environment	2025-12-12T07:26:28.3963588Z ##[endgroup]
cursor-agent	Setup Java Environment	2025-12-12T07:26:28.3979731Z Creating settings.xml with server-id: github
cursor-agent	Setup Java Environment	2025-12-12T07:26:28.3980236Z Writing to /home/runner/.m2/settings.xml
cursor-agent	Install Cursor CLI	Ôªø2025-12-12T07:26:28.4112015Z ##[group]Run echo "Installing Cursor CLI..."
cursor-agent	Install Cursor CLI	2025-12-12T07:26:28.4112463Z [36;1mecho "Installing Cursor CLI..."[0m
cursor-agent	Install Cursor CLI	2025-12-12T07:26:28.4112970Z [36;1mcurl https://cursor.com/install -fsS | bash[0m
cursor-agent	Install Cursor CLI	2025-12-12T07:26:28.4113307Z [36;1m[0m
cursor-agent	Install Cursor CLI	2025-12-12T07:26:28.4113583Z [36;1mecho "Checking installation locations..."[0m
cursor-agent	Install Cursor CLI	2025-12-12T07:26:28.4113975Z [36;1mls -la "$HOME/.cursor/" || echo "No .cursor directory"[0m
cursor-agent	Install Cursor CLI	2025-12-12T07:26:28.4114424Z [36;1mls -la "$HOME/.cursor/bin/" || echo "No .cursor/bin directory"[0m
cursor-agent	Install Cursor CLI	2025-12-12T07:26:28.4114890Z [36;1mls -la "$HOME/.local/bin/" || echo "No .local/bin directory"[0m
cursor-agent	Install Cursor CLI	2025-12-12T07:26:28.4115240Z [36;1m[0m
cursor-agent	Install Cursor CLI	2025-12-12T07:26:28.4115533Z [36;1m# Cursor CLI installs to ~/.local/bin, not ~/.cursor/bin[0m
cursor-agent	Install Cursor CLI	2025-12-12T07:26:28.4115933Z [36;1mecho "$HOME/.local/bin" >> $GITHUB_PATH[0m
cursor-agent	Install Cursor CLI	2025-12-12T07:26:28.4116250Z [36;1m[0m
cursor-agent	Install Cursor CLI	2025-12-12T07:26:28.4116481Z [36;1m# Test installation[0m
cursor-agent	Install Cursor CLI	2025-12-12T07:26:28.4116781Z [36;1mexport PATH="$HOME/.local/bin:$PATH"[0m
cursor-agent	Install Cursor CLI	2025-12-12T07:26:28.4117156Z [36;1mif command -v cursor-agent; then[0m
cursor-agent	Install Cursor CLI	2025-12-12T07:26:28.4117548Z [36;1m  echo "‚úÖ cursor-agent found at: $(command -v cursor-agent)"[0m
cursor-agent	Install Cursor CLI	2025-12-12T07:26:28.4118325Z [36;1m  cursor-agent --version 2>&1 || echo "Version check failed"[0m
cursor-agent	Install Cursor CLI	2025-12-12T07:26:28.4118714Z [36;1melse[0m
cursor-agent	Install Cursor CLI	2025-12-12T07:26:28.4119009Z [36;1m  echo "‚ùå cursor-agent not found after installation"[0m
cursor-agent	Install Cursor CLI	2025-12-12T07:26:28.4119431Z [36;1m  echo "Available files in .local/bin:"[0m
cursor-agent	Install Cursor CLI	2025-12-12T07:26:28.4120103Z [36;1m  ls -la "$HOME/.local/bin/" 2>/dev/null || echo "Directory does not exist"[0m
cursor-agent	Install Cursor CLI	2025-12-12T07:26:28.4120487Z [36;1mfi[0m
cursor-agent	Install Cursor CLI	2025-12-12T07:26:28.4157530Z shell: /usr/bin/bash -e {0}
cursor-agent	Install Cursor CLI	2025-12-12T07:26:28.4158069Z env:
cursor-agent	Install Cursor CLI	2025-12-12T07:26:28.4158441Z   JAVA_HOME: /opt/hostedtoolcache/Java_Temurin-Hotspot_jdk/23.0.2-7/x64
cursor-agent	Install Cursor CLI	2025-12-12T07:26:28.4159007Z   JAVA_HOME_23_X64: /opt/hostedtoolcache/Java_Temurin-Hotspot_jdk/23.0.2-7/x64
cursor-agent	Install Cursor CLI	2025-12-12T07:26:28.4159413Z ##[endgroup]
cursor-agent	Install Cursor CLI	2025-12-12T07:26:28.4215201Z Installing Cursor CLI...
cursor-agent	Install Cursor CLI	2025-12-12T07:26:28.5846352Z 
cursor-agent	Install Cursor CLI	2025-12-12T07:26:28.5847096Z [1mCursor Agent Installer[0m
cursor-agent	Install Cursor CLI	2025-12-12T07:26:28.5847538Z 
cursor-agent	Install Cursor CLI	2025-12-12T07:26:28.5851268Z [0;34m‚ñ∏[0m Detecting system architecture...
cursor-agent	Install Cursor CLI	2025-12-12T07:26:28.5881537Z [1A[2K[0;32m‚úì[0m Detected linux/x64
cursor-agent	Install Cursor CLI	2025-12-12T07:26:28.5882272Z [0;34m‚ñ∏[0m Creating installation directory...
cursor-agent	Install Cursor CLI	2025-12-12T07:26:28.5909939Z [1A[2K[0;32m‚úì[0m Directory created
cursor-agent	Install Cursor CLI	2025-12-12T07:26:28.5910697Z [0;34m‚ñ∏[0m Downloading Cursor Agent package...
cursor-agent	Install Cursor CLI	2025-12-12T07:26:28.5911904Z [2m  Download URL: https://downloads.cursor.com/lab/2025.11.25-d5b3271/linux/x64/agent-cli-package.tar.gz[0m
cursor-agent	Install Cursor CLI	2025-12-12T07:26:28.9223506Z 
cursor-agent	Install Cursor CLI	2025-12-12T07:26:29.1259277Z #############                                                             18.5%
cursor-agent	Install Cursor CLI	2025-12-12T07:26:29.3364035Z ##########################                                                36.6%
cursor-agent	Install Cursor CLI	2025-12-12T07:26:29.5529117Z #######################################                                   54.5%
cursor-agent	Install Cursor CLI	2025-12-12T07:26:29.8193270Z ####################################################                      72.5%
cursor-agent	Install Cursor CLI	2025-12-12T07:26:29.9480939Z ################################################################          90.2%
cursor-agent	Install Cursor CLI	2025-12-12T07:26:29.9481581Z ######################################################################## 100.0%
cursor-agent	Install Cursor CLI	2025-12-12T07:26:29.9542489Z [1A[2K[1A[2K[1A[2K[1A[2K[0;32m‚úì[0m Package downloaded and extracted
cursor-agent	Install Cursor CLI	2025-12-12T07:26:29.9543236Z [0;34m‚ñ∏[0m Finalizing installation...
cursor-agent	Install Cursor CLI	2025-12-12T07:26:29.9573415Z [1A[2K[0;32m‚úì[0m Package installed successfully
cursor-agent	Install Cursor CLI	2025-12-12T07:26:29.9574338Z [0;34m‚ñ∏[0m Creating bin directory...
cursor-agent	Install Cursor CLI	2025-12-12T07:26:29.9588353Z [1A[2K[0;32m‚úì[0m Bin directory ready
cursor-agent	Install Cursor CLI	2025-12-12T07:26:29.9590233Z [0;34m‚ñ∏[0m Creating symlink to cursor-agent executable...
cursor-agent	Install Cursor CLI	2025-12-12T07:26:29.9611181Z [1A[2K[0;32m‚úì[0m Symlink created
cursor-agent	Install Cursor CLI	2025-12-12T07:26:29.9611567Z 
cursor-agent	Install Cursor CLI	2025-12-12T07:26:29.9612409Z [1m[0;32m‚ú® Installation Complete! [0m
cursor-agent	Install Cursor CLI	2025-12-12T07:26:29.9612775Z 
cursor-agent	Install Cursor CLI	2025-12-12T07:26:29.9612786Z 
cursor-agent	Install Cursor CLI	2025-12-12T07:26:29.9628648Z [1mNext Steps[0m
cursor-agent	Install Cursor CLI	2025-12-12T07:26:29.9628914Z 
cursor-agent	Install Cursor CLI	2025-12-12T07:26:29.9629207Z [1m1.[0m Add ~/.local/bin to your PATH:
cursor-agent	Install Cursor CLI	2025-12-12T07:26:29.9632026Z    [2mFor bash:[0m
cursor-agent	Install Cursor CLI	2025-12-12T07:26:29.9632810Z    [1m[0;34mecho 'export PATH="$HOME/.local/bin:$PATH"' >> ~/.bashrc[0m
cursor-agent	Install Cursor CLI	2025-12-12T07:26:29.9633557Z    [1m[0;34msource ~/.bashrc[0m
cursor-agent	Install Cursor CLI	2025-12-12T07:26:29.9633867Z 
cursor-agent	Install Cursor CLI	2025-12-12T07:26:29.9637105Z [1m2.[0m Start using Cursor Agent:
cursor-agent	Install Cursor CLI	2025-12-12T07:26:29.9637908Z    [1mcursor-agent[0m
cursor-agent	Install Cursor CLI	2025-12-12T07:26:29.9638170Z 
cursor-agent	Install Cursor CLI	2025-12-12T07:26:29.9638205Z 
cursor-agent	Install Cursor CLI	2025-12-12T07:26:29.9638496Z [1m[0;36mHappy coding! üöÄ[0m
cursor-agent	Install Cursor CLI	2025-12-12T07:26:29.9639093Z 
cursor-agent	Install Cursor CLI	2025-12-12T07:26:29.9651356Z Checking installation locations...
cursor-agent	Install Cursor CLI	2025-12-12T07:26:29.9663113Z ls: cannot access '/home/runner/.cursor/': No such file or directory
cursor-agent	Install Cursor CLI	2025-12-12T07:26:29.9665201Z No .cursor directory
cursor-agent	Install Cursor CLI	2025-12-12T07:26:29.9676476Z ls: cannot access '/home/runner/.cursor/bin/': No such file or directory
cursor-agent	Install Cursor CLI	2025-12-12T07:26:29.9678355Z No .cursor/bin directory
cursor-agent	Install Cursor CLI	2025-12-12T07:26:29.9690746Z total 12
cursor-agent	Install Cursor CLI	2025-12-12T07:26:29.9691156Z drwxr-xr-x 2 runner runner 4096 Dec 12 07:26 .
cursor-agent	Install Cursor CLI	2025-12-12T07:26:29.9691740Z drwxr-xr-x 4 runner runner 4096 Dec 12 07:26 ..
cursor-agent	Install Cursor CLI	2025-12-12T07:26:29.9692799Z lrwxrwxrwx 1 runner runner   79 Dec 12 07:26 cursor-agent -> /home/runner/.local/share/cursor-agent/versions/2025.11.25-d5b3271/cursor-agent
cursor-agent	Install Cursor CLI	2025-12-12T07:26:29.9694408Z /home/runner/.local/bin/cursor-agent
cursor-agent	Install Cursor CLI	2025-12-12T07:26:29.9700607Z ‚úÖ cursor-agent found at: /home/runner/.local/bin/cursor-agent
cursor-agent	Install Cursor CLI	2025-12-12T07:26:30.3244369Z 2025.11.25-d5b3271
cursor-agent	Install DMTools CLI	Ôªø2025-12-12T07:26:30.3372812Z ##[group]Run curl -fsSL https://github.com/IstiN/dmtools/releases/latest/download/install.sh | bash
cursor-agent	Install DMTools CLI	2025-12-12T07:26:30.3373538Z [36;1mcurl -fsSL https://github.com/IstiN/dmtools/releases/latest/download/install.sh | bash[0m
cursor-agent	Install DMTools CLI	2025-12-12T07:26:30.3374023Z [36;1mecho "$HOME/.dmtools/bin" >> $GITHUB_PATH[0m
cursor-agent	Install DMTools CLI	2025-12-12T07:26:30.3408529Z shell: /usr/bin/bash -e {0}
cursor-agent	Install DMTools CLI	2025-12-12T07:26:30.3408777Z env:
cursor-agent	Install DMTools CLI	2025-12-12T07:26:30.3409079Z   JAVA_HOME: /opt/hostedtoolcache/Java_Temurin-Hotspot_jdk/23.0.2-7/x64
cursor-agent	Install DMTools CLI	2025-12-12T07:26:30.3409571Z   JAVA_HOME_23_X64: /opt/hostedtoolcache/Java_Temurin-Hotspot_jdk/23.0.2-7/x64
cursor-agent	Install DMTools CLI	2025-12-12T07:26:30.3409926Z ##[endgroup]
cursor-agent	Install DMTools CLI	2025-12-12T07:26:30.5956165Z [0;32müöÄ Installing DMTools CLI...[0m
cursor-agent	Install DMTools CLI	2025-12-12T07:26:30.5956812Z [0;34mChecking Java installation...[0m
cursor-agent	Install DMTools CLI	2025-12-12T07:26:30.6273908Z [0;32mJava version detected: 23.0.2[0m
cursor-agent	Install DMTools CLI	2025-12-12T07:26:30.6276653Z [0;34mFetching latest release information...[0m
cursor-agent	Install DMTools CLI	2025-12-12T07:26:30.7881948Z [0;32mLatest version: v1.7.100[0m
cursor-agent	Install DMTools CLI	2025-12-12T07:26:30.7882683Z [0;34mCreating installation directory...[0m
cursor-agent	Install DMTools CLI	2025-12-12T07:26:30.7906964Z [0;34mDownloading DMTools JAR...[0m
cursor-agent	Install DMTools CLI	2025-12-12T07:26:31.3378259Z [0;34mDownloading DMTools shell script...[0m
cursor-agent	Install DMTools CLI	2025-12-12T07:26:31.5942713Z [0;34mUpdating shell configuration...[0m
cursor-agent	Install DMTools CLI	2025-12-12T07:26:31.5961142Z [0;32mUpdated /home/runner/.bashrc[0m
cursor-agent	Install DMTools CLI	2025-12-12T07:26:31.6011747Z [0;32mUpdated /home/runner/.bash_profile[0m
cursor-agent	Install DMTools CLI	2025-12-12T07:26:31.6028425Z [0;32mUpdated /home/runner/.profile[0m
cursor-agent	Install DMTools CLI	2025-12-12T07:26:31.6028996Z [0;34mVerifying installation...[0m
cursor-agent	Install DMTools CLI	2025-12-12T07:26:32.4274800Z [0;32mDMTools CLI installed successfully![0m
cursor-agent	Install DMTools CLI	2025-12-12T07:26:32.4275266Z 
cursor-agent	Install DMTools CLI	2025-12-12T07:26:32.4275666Z [0;32müéâ DMTools CLI installation completed![0m
cursor-agent	Install DMTools CLI	2025-12-12T07:26:32.4276066Z 
cursor-agent	Install DMTools CLI	2025-12-12T07:26:32.4276204Z To get started:
cursor-agent	Install DMTools CLI	2025-12-12T07:26:32.4276679Z   1. Restart your shell or run: source ~/.zshrc (or ~/.bashrc)
cursor-agent	Install DMTools CLI	2025-12-12T07:26:32.4277259Z   2. Run: dmtools list
cursor-agent	Install DMTools CLI	2025-12-12T07:26:32.4278012Z   3. Set up your integrations with environment variables:
cursor-agent	Install DMTools CLI	2025-12-12T07:26:32.4278679Z      export DMTOOLS_INTEGRATIONS=jira,confluence,figma
cursor-agent	Install DMTools CLI	2025-12-12T07:26:32.4279220Z      export JIRA_EMAIL=your-email@domain.com
cursor-agent	Install DMTools CLI	2025-12-12T07:26:32.4279540Z      export JIRA_API_TOKEN=your-jira-api-token
cursor-agent	Install DMTools CLI	2025-12-12T07:26:32.4279911Z      export JIRA_BASE_PATH=https://your-domain.atlassian.net
cursor-agent	Install DMTools CLI	2025-12-12T07:26:32.4280162Z 
cursor-agent	Install DMTools CLI	2025-12-12T07:26:32.4280248Z System Requirements:
cursor-agent	Install DMTools CLI	2025-12-12T07:26:32.4574431Z   ‚úì Java 23.0.2 detected
cursor-agent	Install DMTools CLI	2025-12-12T07:26:32.4574732Z 
cursor-agent	Install DMTools CLI	2025-12-12T07:26:32.4575000Z For more information, visit: https://github.com/IstiN/dmtools
cursor-agent	Verify DMTools and Cursor Installation	Ôªø2025-12-12T07:26:32.4604568Z ##[group]Run echo "Verifying installations..."
cursor-agent	Verify DMTools and Cursor Installation	2025-12-12T07:26:32.4604970Z [36;1mecho "Verifying installations..."[0m
cursor-agent	Verify DMTools and Cursor Installation	2025-12-12T07:26:32.4605344Z [36;1mexport PATH="$HOME/.local/bin:$HOME/.dmtools/bin:$PATH"[0m
cursor-agent	Verify DMTools and Cursor Installation	2025-12-12T07:26:32.4605677Z [36;1m[0m
cursor-agent	Verify DMTools and Cursor Installation	2025-12-12T07:26:32.4605893Z [36;1mecho "DMTools version:"[0m
cursor-agent	Verify DMTools and Cursor Installation	2025-12-12T07:26:32.4606203Z [36;1mdmtools --version || echo "‚ö†Ô∏è dmtools not found"[0m
cursor-agent	Verify DMTools and Cursor Installation	2025-12-12T07:26:32.4606506Z [36;1m[0m
cursor-agent	Verify DMTools and Cursor Installation	2025-12-12T07:26:32.4606694Z [36;1mecho "Cursor Agent version:"[0m
cursor-agent	Verify DMTools and Cursor Installation	2025-12-12T07:26:32.4607040Z [36;1mcursor-agent --version || echo "‚ö†Ô∏è cursor-agent not found"[0m
cursor-agent	Verify DMTools and Cursor Installation	2025-12-12T07:26:32.4607371Z [36;1m[0m
cursor-agent	Verify DMTools and Cursor Installation	2025-12-12T07:26:32.4607558Z [36;1mecho "PATH: $PATH"[0m
cursor-agent	Verify DMTools and Cursor Installation	2025-12-12T07:26:32.4640128Z shell: /usr/bin/bash -e {0}
cursor-agent	Verify DMTools and Cursor Installation	2025-12-12T07:26:32.4640364Z env:
cursor-agent	Verify DMTools and Cursor Installation	2025-12-12T07:26:32.4640660Z   JAVA_HOME: /opt/hostedtoolcache/Java_Temurin-Hotspot_jdk/23.0.2-7/x64
cursor-agent	Verify DMTools and Cursor Installation	2025-12-12T07:26:32.4641147Z   JAVA_HOME_23_X64: /opt/hostedtoolcache/Java_Temurin-Hotspot_jdk/23.0.2-7/x64
cursor-agent	Verify DMTools and Cursor Installation	2025-12-12T07:26:32.4641559Z ##[endgroup]
cursor-agent	Verify DMTools and Cursor Installation	2025-12-12T07:26:32.4691587Z Verifying installations...
cursor-agent	Verify DMTools and Cursor Installation	2025-12-12T07:26:33.0430505Z DMTools version:
cursor-agent	Verify DMTools and Cursor Installation	2025-12-12T07:26:33.0430984Z DMTools 1.7.100
cursor-agent	Verify DMTools and Cursor Installation	2025-12-12T07:26:33.0431412Z A comprehensive development management toolkit
cursor-agent	Verify DMTools and Cursor Installation	2025-12-12T07:26:33.0512470Z Cursor Agent version:
cursor-agent	Verify DMTools and Cursor Installation	2025-12-12T07:26:33.4103479Z 2025.11.25-d5b3271
cursor-agent	Verify DMTools and Cursor Installation	2025-12-12T07:26:33.4202400Z PATH: /home/runner/.local/bin:/home/runner/.dmtools/bin:/home/runner/.dmtools/bin:/home/runner/.local/bin:/opt/hostedtoolcache/Java_Temurin-Hotspot_jdk/23.0.2-7/x64/bin:/snap/bin:/home/runner/.local/bin:/opt/pipx_bin:/home/runner/.cargo/bin:/home/runner/.config/composer/vendor/bin:/usr/local/.ghcup/bin:/home/runner/.dotnet/tools:/usr/local/sbin:/usr/local/bin:/usr/sbin:/usr/bin:/sbin:/bin:/usr/games:/usr/local/games:/snap/bin
cursor-agent	Prepare Environment Variables	Ôªø2025-12-12T07:26:33.4232108Z ##[group]Run CONFIG_FILE="agents/test_agent.json"
cursor-agent	Prepare Environment Variables	2025-12-12T07:26:33.4232524Z [36;1mCONFIG_FILE="agents/test_agent.json"[0m
cursor-agent	Prepare Environment Variables	2025-12-12T07:26:33.4232796Z [36;1m[0m
cursor-agent	Prepare Environment Variables	2025-12-12T07:26:33.4233003Z [36;1m# Check if this is test_agent[0m
cursor-agent	Prepare Environment Variables	2025-12-12T07:26:33.4233334Z [36;1mif [[ "${CONFIG_FILE}" == *"test_agent.json"* ]]; then[0m
cursor-agent	Prepare Environment Variables	2025-12-12T07:26:33.4233698Z [36;1m  echo "is_test_agent=true" >> $GITHUB_OUTPUT[0m
cursor-agent	Prepare Environment Variables	2025-12-12T07:26:33.4234077Z [36;1m  echo "dmtools_integrations=cli,file" >> $GITHUB_OUTPUT[0m
cursor-agent	Prepare Environment Variables	2025-12-12T07:26:33.4234514Z [36;1m  echo "Test agent detected - will disable Jira/Confluence integrations"[0m
cursor-agent	Prepare Environment Variables	2025-12-12T07:26:33.4234881Z [36;1melse[0m
cursor-agent	Prepare Environment Variables	2025-12-12T07:26:33.4235116Z [36;1m  echo "is_test_agent=false" >> $GITHUB_OUTPUT[0m
cursor-agent	Prepare Environment Variables	2025-12-12T07:26:33.4235564Z [36;1m  echo "dmtools_integrations=jira,confluence,figma,ai,cli,file" >> $GITHUB_OUTPUT[0m
cursor-agent	Prepare Environment Variables	2025-12-12T07:26:33.4235971Z [36;1mfi[0m
cursor-agent	Prepare Environment Variables	2025-12-12T07:26:33.4268798Z shell: /usr/bin/bash -e {0}
cursor-agent	Prepare Environment Variables	2025-12-12T07:26:33.4269047Z env:
cursor-agent	Prepare Environment Variables	2025-12-12T07:26:33.4269383Z   JAVA_HOME: /opt/hostedtoolcache/Java_Temurin-Hotspot_jdk/23.0.2-7/x64
cursor-agent	Prepare Environment Variables	2025-12-12T07:26:33.4269867Z   JAVA_HOME_23_X64: /opt/hostedtoolcache/Java_Temurin-Hotspot_jdk/23.0.2-7/x64
cursor-agent	Prepare Environment Variables	2025-12-12T07:26:33.4270230Z ##[endgroup]
cursor-agent	Prepare Environment Variables	2025-12-12T07:26:33.4320792Z Test agent detected - will disable Jira/Confluence integrations
cursor-agent	Run AI Teammate	Ôªø2025-12-12T07:26:33.4359865Z ##[group]Run CONFIG_FILE="agents/test_agent.json"
cursor-agent	Run AI Teammate	2025-12-12T07:26:33.4360636Z [36;1mCONFIG_FILE="agents/test_agent.json"[0m
cursor-agent	Run AI Teammate	2025-12-12T07:26:33.4360932Z [36;1mENCODED_CONFIG=""[0m
cursor-agent	Run AI Teammate	2025-12-12T07:26:33.4361156Z [36;1m[0m
cursor-agent	Run AI Teammate	2025-12-12T07:26:33.4361414Z [36;1m# ‚úÖ CRITICAL: Export PATH to ensure dmtools is available[0m
cursor-agent	Run AI Teammate	2025-12-12T07:26:33.4361820Z [36;1mexport PATH="$HOME/.local/bin:$HOME/.dmtools/bin:$PATH"[0m
cursor-agent	Run AI Teammate	2025-12-12T07:26:33.4362138Z [36;1m[0m
cursor-agent	Run AI Teammate	2025-12-12T07:26:33.4362505Z [36;1m# ‚úÖ CRITICAL: Explicitly export DMTOOLS_INTEGRATIONS to ensure it's available to dmtools[0m
cursor-agent	Run AI Teammate	2025-12-12T07:26:33.4362969Z [36;1mexport DMTOOLS_INTEGRATIONS="cli,file"[0m
cursor-agent	Run AI Teammate	2025-12-12T07:26:33.4363242Z [36;1m[0m
cursor-agent	Run AI Teammate	2025-12-12T07:26:33.4363459Z [36;1mecho "Using configuration: ${CONFIG_FILE}"[0m
cursor-agent	Run AI Teammate	2025-12-12T07:26:33.4363730Z [36;1m[0m
cursor-agent	Run AI Teammate	2025-12-12T07:26:33.4363957Z [36;1m# ‚úÖ Verify dmtools is available before proceeding[0m
cursor-agent	Run AI Teammate	2025-12-12T07:26:33.4364303Z [36;1mecho "=== Verifying dmtools installation ==="[0m
cursor-agent	Run AI Teammate	2025-12-12T07:26:33.4364669Z [36;1mif ! command -v dmtools >/dev/null 2>&1; then[0m
cursor-agent	Run AI Teammate	2025-12-12T07:26:33.4364991Z [36;1m  echo "‚ùå dmtools command not found in PATH"[0m
cursor-agent	Run AI Teammate	2025-12-12T07:26:33.4365298Z [36;1m  echo "Current PATH: $PATH"[0m
cursor-agent	Run AI Teammate	2025-12-12T07:26:33.4365587Z [36;1m  echo "Checking installation locations:"[0m
cursor-agent	Run AI Teammate	2025-12-12T07:26:33.4366004Z [36;1m  ls -la "$HOME/.dmtools/bin/" 2>/dev/null || echo "  $HOME/.dmtools/bin/ does not exist"[0m
cursor-agent	Run AI Teammate	2025-12-12T07:26:33.4366504Z [36;1m  ls -la "$HOME/.local/bin/" 2>/dev/null || echo "  $HOME/.local/bin/ does not exist"[0m
cursor-agent	Run AI Teammate	2025-12-12T07:26:33.4366890Z [36;1m  echo "Trying to find dmtools:"[0m
cursor-agent	Run AI Teammate	2025-12-12T07:26:33.4367315Z [36;1m  find "$HOME" -name "dmtools" -type f 2>/dev/null | head -5 || echo "  dmtools not found in $HOME"[0m
cursor-agent	Run AI Teammate	2025-12-12T07:26:33.4367958Z [36;1m  exit 1[0m
cursor-agent	Run AI Teammate	2025-12-12T07:26:33.4368161Z [36;1mfi[0m
cursor-agent	Run AI Teammate	2025-12-12T07:26:33.4368401Z [36;1mecho "‚úÖ dmtools found at: $(command -v dmtools)"[0m
cursor-agent	Run AI Teammate	2025-12-12T07:26:33.4368818Z [36;1mdmtools --version || echo "‚ö†Ô∏è Version check failed, but continuing..."[0m
cursor-agent	Run AI Teammate	2025-12-12T07:26:33.4369393Z [36;1mecho "======================================"[0m
cursor-agent	Run AI Teammate	2025-12-12T07:26:33.4369667Z [36;1mecho ""[0m
cursor-agent	Run AI Teammate	2025-12-12T07:26:33.4369852Z [36;1m[0m
cursor-agent	Run AI Teammate	2025-12-12T07:26:33.4370037Z [36;1m# ‚úÖ Check config file exists[0m
cursor-agent	Run AI Teammate	2025-12-12T07:26:33.4370307Z [36;1mif [ ! -f "${CONFIG_FILE}" ]; then[0m
cursor-agent	Run AI Teammate	2025-12-12T07:26:33.4370612Z [36;1m  echo "‚ùå Config file not found: ${CONFIG_FILE}"[0m
cursor-agent	Run AI Teammate	2025-12-12T07:26:33.4370925Z [36;1m  echo "Available files in agents/:"[0m
cursor-agent	Run AI Teammate	2025-12-12T07:26:33.4371248Z [36;1m  ls -la agents/ || echo "agents/ directory not found"[0m
cursor-agent	Run AI Teammate	2025-12-12T07:26:33.4371543Z [36;1m  exit 1[0m
cursor-agent	Run AI Teammate	2025-12-12T07:26:33.4371724Z [36;1mfi[0m
cursor-agent	Run AI Teammate	2025-12-12T07:26:33.4371901Z [36;1m[0m
cursor-agent	Run AI Teammate	2025-12-12T07:26:33.4372194Z [36;1m# For test_agent, unset Jira/Confluence env vars to prevent initialization[0m
cursor-agent	Run AI Teammate	2025-12-12T07:26:33.4372581Z [36;1mif [[ "true" == "true" ]]; then[0m
cursor-agent	Run AI Teammate	2025-12-12T07:26:33.4372918Z [36;1m  echo "Test agent detected - unsetting Jira/Confluence env vars"[0m
cursor-agent	Run AI Teammate	2025-12-12T07:26:33.4373347Z [36;1m  # Unset Jira/Confluence env vars to prevent initialization[0m
cursor-agent	Run AI Teammate	2025-12-12T07:26:33.4373764Z [36;1m  unset JIRA_EMAIL JIRA_API_TOKEN JIRA_BASE_PATH JIRA_AUTH_TYPE[0m
cursor-agent	Run AI Teammate	2025-12-12T07:26:33.4374193Z [36;1m  unset JIRA_CLEAR_CACHE JIRA_EXTRA_FIELDS JIRA_EXTRA_FIELDS_PROJECT[0m
cursor-agent	Run AI Teammate	2025-12-12T07:26:33.4374644Z [36;1m  unset JIRA_LOGGING_ENABLED JIRA_WAIT_BEFORE_PERFORM[0m
cursor-agent	Run AI Teammate	2025-12-12T07:26:33.4375054Z [36;1m  unset CONFLUENCE_EMAIL CONFLUENCE_API_TOKEN CONFLUENCE_BASE_PATH[0m
cursor-agent	Run AI Teammate	2025-12-12T07:26:33.4375474Z [36;1m  unset CONFLUENCE_DEFAULT_SPACE CONFLUENCE_GRAPHQL_PATH[0m
cursor-agent	Run AI Teammate	2025-12-12T07:26:33.4375855Z [36;1m  echo "DMTOOLS_INTEGRATIONS: ${DMTOOLS_INTEGRATIONS}"[0m
cursor-agent	Run AI Teammate	2025-12-12T07:26:33.4376191Z [36;1m  echo "Jira/Confluence env vars unset"[0m
cursor-agent	Run AI Teammate	2025-12-12T07:26:33.4376457Z [36;1mfi[0m
cursor-agent	Run AI Teammate	2025-12-12T07:26:33.4376634Z [36;1m[0m
cursor-agent	Run AI Teammate	2025-12-12T07:26:33.4376874Z [36;1m# Ensure outputs directory exists and is writable[0m
cursor-agent	Run AI Teammate	2025-12-12T07:26:33.4377177Z [36;1mmkdir -p outputs inputs[0m
cursor-agent	Run AI Teammate	2025-12-12T07:26:33.4377609Z [36;1mchmod 755 outputs inputs || true[0m
cursor-agent	Run AI Teammate	2025-12-12T07:26:33.4378145Z [36;1mecho "Created outputs and inputs directories"[0m
cursor-agent	Run AI Teammate	2025-12-12T07:26:33.4378430Z [36;1m[0m
cursor-agent	Run AI Teammate	2025-12-12T07:26:33.4378689Z [36;1m# For test_agent, remove inputJql field to prevent Jira queries[0m
cursor-agent	Run AI Teammate	2025-12-12T07:26:33.4379029Z [36;1mif [[ "true" == "true" ]]; then[0m
cursor-agent	Run AI Teammate	2025-12-12T07:26:33.4379410Z [36;1m  echo "Removing inputJql from test agent config to prevent Jira initialization"[0m
cursor-agent	Run AI Teammate	2025-12-12T07:26:33.4379871Z [36;1m  # Use temporary file to avoid modifying source if jq fails[0m
cursor-agent	Run AI Teammate	2025-12-12T07:26:33.4380328Z [36;1m  if jq 'del(.params.inputJql)' "${CONFIG_FILE}" > "${CONFIG_FILE}.tmp" 2>/dev/null; then[0m
cursor-agent	Run AI Teammate	2025-12-12T07:26:33.4380740Z [36;1m    mv "${CONFIG_FILE}.tmp" "${CONFIG_FILE}"[0m
cursor-agent	Run AI Teammate	2025-12-12T07:26:33.4381048Z [36;1m    echo "‚úÖ Removed inputJql from config"[0m
cursor-agent	Run AI Teammate	2025-12-12T07:26:33.4381338Z [36;1m    echo "Updated config:"[0m
cursor-agent	Run AI Teammate	2025-12-12T07:26:33.4381640Z [36;1m    cat "${CONFIG_FILE}" | jq '.' || cat "${CONFIG_FILE}"[0m
cursor-agent	Run AI Teammate	2025-12-12T07:26:33.4381947Z [36;1m  else[0m
cursor-agent	Run AI Teammate	2025-12-12T07:26:33.4382219Z [36;1m    echo "‚ö†Ô∏è Failed to remove inputJql (may not exist or jq error)"[0m
cursor-agent	Run AI Teammate	2025-12-12T07:26:33.4382568Z [36;1m    rm -f "${CONFIG_FILE}.tmp"[0m
cursor-agent	Run AI Teammate	2025-12-12T07:26:33.4382818Z [36;1m  fi[0m
cursor-agent	Run AI Teammate	2025-12-12T07:26:33.4382996Z [36;1m  [0m
cursor-agent	Run AI Teammate	2025-12-12T07:26:33.4383331Z [36;1m  # Ensure GEMINI_API_KEY is set (even if empty) for test agent to prevent validation errors[0m
cursor-agent	Run AI Teammate	2025-12-12T07:26:33.4383829Z [36;1m  # Some dmtools components may require this env var to be present[0m
cursor-agent	Run AI Teammate	2025-12-12T07:26:33.4384219Z [36;1m  export GEMINI_API_KEY="${GEMINI_API_KEY:-}"[0m
cursor-agent	Run AI Teammate	2025-12-12T07:26:33.4384576Z [36;1m  echo "GEMINI_API_KEY is set (may be empty for test agent)"[0m
cursor-agent	Run AI Teammate	2025-12-12T07:26:33.4384888Z [36;1mfi[0m
cursor-agent	Run AI Teammate	2025-12-12T07:26:33.4385060Z [36;1m[0m
cursor-agent	Run AI Teammate	2025-12-12T07:26:33.4385287Z [36;1m# Validate config file JSON syntax before running[0m
cursor-agent	Run AI Teammate	2025-12-12T07:26:33.4385624Z [36;1mecho "Validating config file JSON syntax..."[0m
cursor-agent	Run AI Teammate	2025-12-12T07:26:33.4386093Z [36;1mif ! jq empty "${CONFIG_FILE}" 2>/dev/null; then[0m
cursor-agent	Run AI Teammate	2025-12-12T07:26:33.4386415Z [36;1m  echo "‚ùå Config file has invalid JSON syntax"[0m
cursor-agent	Run AI Teammate	2025-12-12T07:26:33.4386701Z [36;1m  echo "Config file content:"[0m
cursor-agent	Run AI Teammate	2025-12-12T07:26:33.4386964Z [36;1m  cat "${CONFIG_FILE}"[0m
cursor-agent	Run AI Teammate	2025-12-12T07:26:33.4387190Z [36;1m  exit 1[0m
cursor-agent	Run AI Teammate	2025-12-12T07:26:33.4387371Z [36;1mfi[0m
cursor-agent	Run AI Teammate	2025-12-12T07:26:33.4387571Z [36;1mecho "‚úÖ Config file JSON is valid"[0m
cursor-agent	Run AI Teammate	2025-12-12T07:26:33.4388067Z [36;1m[0m
cursor-agent	Run AI Teammate	2025-12-12T07:26:33.4388351Z [36;1m# Debug: Show environment before running[0m
cursor-agent	Run AI Teammate	2025-12-12T07:26:33.4388667Z [36;1mecho "=== Environment Debug ==="[0m
cursor-agent	Run AI Teammate	2025-12-12T07:26:33.4388991Z [36;1mecho "DMTOOLS_INTEGRATIONS: ${DMTOOLS_INTEGRATIONS}"[0m
cursor-agent	Run AI Teammate	2025-12-12T07:26:33.4389340Z [36;1mecho "JIRA_EMAIL: ${JIRA_EMAIL:-<not set>}"[0m
cursor-agent	Run AI Teammate	2025-12-12T07:26:33.4389690Z [36;1mecho "JIRA_BASE_PATH: ${JIRA_BASE_PATH:-<not set>}"[0m
cursor-agent	Run AI Teammate	2025-12-12T07:26:33.4389996Z [36;1mecho "PATH: $PATH"[0m
cursor-agent	Run AI Teammate	2025-12-12T07:26:33.4390243Z [36;1mecho "========================="[0m
cursor-agent	Run AI Teammate	2025-12-12T07:26:33.4390491Z [36;1m[0m
cursor-agent	Run AI Teammate	2025-12-12T07:26:33.4390703Z [36;1m# Run dmtools with improved error handling[0m
cursor-agent	Run AI Teammate	2025-12-12T07:26:33.4390974Z [36;1mecho ""[0m
cursor-agent	Run AI Teammate	2025-12-12T07:26:33.4391181Z [36;1mecho "=== Running dmtools ==="[0m
cursor-agent	Run AI Teammate	2025-12-12T07:26:33.4391449Z [36;1mecho "Config file: ${CONFIG_FILE}"[0m
cursor-agent	Run AI Teammate	2025-12-12T07:26:33.4391771Z [36;1mecho "DMTOOLS_INTEGRATIONS: ${DMTOOLS_INTEGRATIONS}"[0m
cursor-agent	Run AI Teammate	2025-12-12T07:26:33.4392191Z [36;1mecho "GEMINI_API_KEY: ${GEMINI_API_KEY:+<set>}${GEMINI_API_KEY:-<not set>}"[0m
cursor-agent	Run AI Teammate	2025-12-12T07:26:33.4392548Z [36;1m[0m
cursor-agent	Run AI Teammate	2025-12-12T07:26:33.4392832Z [36;1m# Run with explicit environment variables to ensure dmtools sees them[0m
cursor-agent	Run AI Teammate	2025-12-12T07:26:33.4393260Z [36;1m# Capture both stdout and stderr, and also save exit code[0m
cursor-agent	Run AI Teammate	2025-12-12T07:26:33.4393597Z [36;1mif [ -n "${ENCODED_CONFIG}" ]; then[0m
cursor-agent	Run AI Teammate	2025-12-12T07:26:33.4393871Z [36;1m  echo "Encoded config provided"[0m
cursor-agent	Run AI Teammate	2025-12-12T07:26:33.4394329Z [36;1m  set +e  # Don't exit on error, we'll handle it manually[0m
cursor-agent	Run AI Teammate	2025-12-12T07:26:33.4394694Z [36;1m  env DMTOOLS_INTEGRATIONS="${DMTOOLS_INTEGRATIONS}" \[0m
cursor-agent	Run AI Teammate	2025-12-12T07:26:33.4395033Z [36;1m      GEMINI_API_KEY="${GEMINI_API_KEY:-}" \[0m
cursor-agent	Run AI Teammate	2025-12-12T07:26:33.4395445Z [36;1m    dmtools run "${CONFIG_FILE}" "${ENCODED_CONFIG}" 2>&1 | tee /tmp/dmtools-output.log[0m
cursor-agent	Run AI Teammate	2025-12-12T07:26:33.4395850Z [36;1m  EXIT_CODE=${PIPESTATUS[0]}[0m
cursor-agent	Run AI Teammate	2025-12-12T07:26:33.4396192Z [36;1m  set -e  # Re-enable exit on error[0m
cursor-agent	Run AI Teammate	2025-12-12T07:26:33.4396479Z [36;1melse[0m
cursor-agent	Run AI Teammate	2025-12-12T07:26:33.4396681Z [36;1m  echo "No encoded config"[0m
cursor-agent	Run AI Teammate	2025-12-12T07:26:33.4396979Z [36;1m  set +e  # Don't exit on error, we'll handle it manually[0m
cursor-agent	Run AI Teammate	2025-12-12T07:26:33.4397340Z [36;1m  env DMTOOLS_INTEGRATIONS="${DMTOOLS_INTEGRATIONS}" \[0m
cursor-agent	Run AI Teammate	2025-12-12T07:26:33.4397671Z [36;1m      GEMINI_API_KEY="${GEMINI_API_KEY:-}" \[0m
cursor-agent	Run AI Teammate	2025-12-12T07:26:33.4398254Z [36;1m    dmtools run "${CONFIG_FILE}" 2>&1 | tee /tmp/dmtools-output.log[0m
cursor-agent	Run AI Teammate	2025-12-12T07:26:33.4398614Z [36;1m  EXIT_CODE=${PIPESTATUS[0]}[0m
cursor-agent	Run AI Teammate	2025-12-12T07:26:33.4398889Z [36;1m  set -e  # Re-enable exit on error[0m
cursor-agent	Run AI Teammate	2025-12-12T07:26:33.4399140Z [36;1mfi[0m
cursor-agent	Run AI Teammate	2025-12-12T07:26:33.4399313Z [36;1m[0m
cursor-agent	Run AI Teammate	2025-12-12T07:26:33.4399481Z [36;1mecho ""[0m
cursor-agent	Run AI Teammate	2025-12-12T07:26:33.4399737Z [36;1mecho "=== dmtools finished with exit code: $EXIT_CODE ==="[0m
cursor-agent	Run AI Teammate	2025-12-12T07:26:33.4400046Z [36;1m[0m
cursor-agent	Run AI Teammate	2025-12-12T07:26:33.4400278Z [36;1m# Check exit code and provide helpful error message[0m
cursor-agent	Run AI Teammate	2025-12-12T07:26:33.4400604Z [36;1mif [ $EXIT_CODE -ne 0 ]; then[0m
cursor-agent	Run AI Teammate	2025-12-12T07:26:33.4400849Z [36;1m  echo ""[0m
cursor-agent	Run AI Teammate	2025-12-12T07:26:33.4401086Z [36;1m  echo "‚ùå dmtools exited with code: $EXIT_CODE"[0m
cursor-agent	Run AI Teammate	2025-12-12T07:26:33.4401357Z [36;1m  echo ""[0m
cursor-agent	Run AI Teammate	2025-12-12T07:26:33.4401579Z [36;1m  echo "=== Full dmtools output ==="[0m
cursor-agent	Run AI Teammate	2025-12-12T07:26:33.4401974Z [36;1m  cat /tmp/dmtools-output.log 2>/dev/null || echo "Could not read output log"[0m
cursor-agent	Run AI Teammate	2025-12-12T07:26:33.4402364Z [36;1m  echo "=========================="[0m
cursor-agent	Run AI Teammate	2025-12-12T07:26:33.4402617Z [36;1m  echo ""[0m
cursor-agent	Run AI Teammate	2025-12-12T07:26:33.4402969Z [36;1m  echo "=== Additional Debug Info ==="[0m
cursor-agent	Run AI Teammate	2025-12-12T07:26:33.4403325Z [36;1m  echo "DMTOOLS_INTEGRATIONS value: '${DMTOOLS_INTEGRATIONS}'"[0m
cursor-agent	Run AI Teammate	2025-12-12T07:26:33.4403758Z [36;1m  echo "GEMINI_API_KEY: ${GEMINI_API_KEY:+<set>}${GEMINI_API_KEY:-<not set>}"[0m
cursor-agent	Run AI Teammate	2025-12-12T07:26:33.4404149Z [36;1m  echo "Config file path: ${CONFIG_FILE}"[0m
cursor-agent	Run AI Teammate	2025-12-12T07:26:33.4404540Z [36;1m  echo "Config file exists: $([ -f "${CONFIG_FILE}" ] && echo 'yes' || echo 'no')"[0m
cursor-agent	Run AI Teammate	2025-12-12T07:26:33.4404926Z [36;1m  echo "Checking for output files..."[0m
cursor-agent	Run AI Teammate	2025-12-12T07:26:33.4405270Z [36;1m  ls -la outputs/ 2>/dev/null || echo "No outputs/ directory"[0m
cursor-agent	Run AI Teammate	2025-12-12T07:26:33.4405648Z [36;1m  ls -la inputs/ 2>/dev/null || echo "No inputs/ directory"[0m
cursor-agent	Run AI Teammate	2025-12-12T07:26:33.4405950Z [36;1m  echo ""[0m
cursor-agent	Run AI Teammate	2025-12-12T07:26:33.4406190Z [36;1m  echo "Checking if cliCommands were executed..."[0m
cursor-agent	Run AI Teammate	2025-12-12T07:26:33.4406523Z [36;1m  if [ -f "outputs/response.md" ]; then[0m
cursor-agent	Run AI Teammate	2025-12-12T07:26:33.4406823Z [36;1m    echo "‚úÖ outputs/response.md exists:"[0m
cursor-agent	Run AI Teammate	2025-12-12T07:26:33.4407184Z [36;1m    cat outputs/response.md || echo "Could not read response.md"[0m
cursor-agent	Run AI Teammate	2025-12-12T07:26:33.4407512Z [36;1m  else[0m
cursor-agent	Run AI Teammate	2025-12-12T07:26:33.4408058Z [36;1m    echo "‚ùå outputs/response.md does not exist - cliCommands may not have executed"[0m
cursor-agent	Run AI Teammate	2025-12-12T07:26:33.4408447Z [36;1m  fi[0m
cursor-agent	Run AI Teammate	2025-12-12T07:26:33.4408623Z [36;1m  echo ""[0m
cursor-agent	Run AI Teammate	2025-12-12T07:26:33.4408830Z [36;1m  echo "Config file content:"[0m
cursor-agent	Run AI Teammate	2025-12-12T07:26:33.4409140Z [36;1m  cat "${CONFIG_FILE}" || echo "Could not read config file"[0m
cursor-agent	Run AI Teammate	2025-12-12T07:26:33.4409454Z [36;1m  echo "======================"[0m
cursor-agent	Run AI Teammate	2025-12-12T07:26:33.4409689Z [36;1m  [0m
cursor-agent	Run AI Teammate	2025-12-12T07:26:33.4409912Z [36;1m  # Try to get more verbose output if available[0m
cursor-agent	Run AI Teammate	2025-12-12T07:26:33.4410184Z [36;1m  echo ""[0m
cursor-agent	Run AI Teammate	2025-12-12T07:26:33.4410438Z [36;1m  echo "=== Checking dmtools help/version for clues ==="[0m
cursor-agent	Run AI Teammate	2025-12-12T07:26:33.4410892Z [36;1m  dmtools --version 2>&1 || true[0m
cursor-agent	Run AI Teammate	2025-12-12T07:26:33.4411181Z [36;1m  echo "=============================================="[0m
cursor-agent	Run AI Teammate	2025-12-12T07:26:33.4411444Z [36;1m  [0m
cursor-agent	Run AI Teammate	2025-12-12T07:26:33.4411626Z [36;1m  exit $EXIT_CODE[0m
cursor-agent	Run AI Teammate	2025-12-12T07:26:33.4411836Z [36;1melse[0m
cursor-agent	Run AI Teammate	2025-12-12T07:26:33.4412045Z [36;1m  echo "‚úÖ dmtools completed successfully"[0m
cursor-agent	Run AI Teammate	2025-12-12T07:26:33.4412328Z [36;1m  echo "Output files:"[0m
cursor-agent	Run AI Teammate	2025-12-12T07:26:33.4412621Z [36;1m  ls -la outputs/ 2>/dev/null || echo "No outputs created"[0m
cursor-agent	Run AI Teammate	2025-12-12T07:26:33.4412919Z [36;1mfi[0m
cursor-agent	Run AI Teammate	2025-12-12T07:26:33.4441761Z shell: /usr/bin/bash -e {0}
cursor-agent	Run AI Teammate	2025-12-12T07:26:33.4442000Z env:
cursor-agent	Run AI Teammate	2025-12-12T07:26:33.4442294Z   JAVA_HOME: /opt/hostedtoolcache/Java_Temurin-Hotspot_jdk/23.0.2-7/x64
cursor-agent	Run AI Teammate	2025-12-12T07:26:33.4442768Z   JAVA_HOME_23_X64: /opt/hostedtoolcache/Java_Temurin-Hotspot_jdk/23.0.2-7/x64
cursor-agent	Run AI Teammate	2025-12-12T07:26:33.4443546Z   CURSOR_API_KEY: ***
cursor-agent	Run AI Teammate	2025-12-12T07:26:33.4443781Z   MODEL: sonnet-4
cursor-agent	Run AI Teammate	2025-12-12T07:26:33.4444001Z   AGENT_DISABLE_WATCHDOG: 1
cursor-agent	Run AI Teammate	2025-12-12T07:26:33.4444354Z   PATH: /home/runner/.local/bin:/home/runner/.dmtools/bin:/bin:/usr/bin:$PATH
cursor-agent	Run AI Teammate	2025-12-12T07:26:33.4444747Z   JIRA_EMAIL: ***
cursor-agent	Run AI Teammate	2025-12-12T07:26:33.4445618Z   JIRA_API_TOKEN: ***
cursor-agent	Run AI Teammate	2025-12-12T07:26:33.4445888Z   JIRA_BASE_PATH: https://kidblendapp.atlassian.net/jira
cursor-agent	Run AI Teammate	2025-12-12T07:26:33.4446195Z   JIRA_AUTH_TYPE: Basic
cursor-agent	Run AI Teammate	2025-12-12T07:26:33.4446402Z   JIRA_CLEAR_CACHE: 
cursor-agent	Run AI Teammate	2025-12-12T07:26:33.4446724Z   JIRA_EXTRA_FIELDS: Diagrams, "Story point estimate","Target start", "Target end"
cursor-agent	Run AI Teammate	2025-12-12T07:26:33.4447102Z   JIRA_EXTRA_FIELDS_PROJECT: AP
cursor-agent	Run AI Teammate	2025-12-12T07:26:33.4447344Z   JIRA_LOGGING_ENABLED: 
cursor-agent	Run AI Teammate	2025-12-12T07:26:33.4447561Z   JIRA_WAIT_BEFORE_PERFORM: 
cursor-agent	Run AI Teammate	2025-12-12T07:26:33.4448078Z   CONFLUENCE_EMAIL: ***
cursor-agent	Run AI Teammate	2025-12-12T07:26:33.4448986Z   CONFLUENCE_API_TOKEN: ***
cursor-agent	Run AI Teammate	2025-12-12T07:26:33.4449300Z   CONFLUENCE_BASE_PATH: https://kidblendapp.atlassian.net/wiki
cursor-agent	Run AI Teammate	2025-12-12T07:26:33.4449644Z   CONFLUENCE_DEFAULT_SPACE: AC
cursor-agent	Run AI Teammate	2025-12-12T07:26:33.4449879Z   CONFLUENCE_GRAPHQL_PATH: 
cursor-agent	Run AI Teammate	2025-12-12T07:26:33.4450116Z   DMTOOLS_INTEGRATIONS: cli,file
cursor-agent	Run AI Teammate	2025-12-12T07:26:33.4450500Z   GEMINI_API_KEY: 
cursor-agent	Run AI Teammate	2025-12-12T07:26:33.4450693Z   GEMINI_DEFAULT_MODEL: 
cursor-agent	Run AI Teammate	2025-12-12T07:26:33.4450911Z   PROMPT_CHUNK_TOKEN_LIMIT: 
cursor-agent	Run AI Teammate	2025-12-12T07:26:33.4451125Z   FIGMA_TOKEN: 
cursor-agent	Run AI Teammate	2025-12-12T07:26:33.4451310Z   FIGMA_BASE_PATH: 
cursor-agent	Run AI Teammate	2025-12-12T07:26:33.4451819Z   PAT_TOKEN: ***
cursor-agent	Run AI Teammate	2025-12-12T07:26:33.4452282Z   GH_TOKEN: ***
cursor-agent	Run AI Teammate	2025-12-12T07:26:33.4452470Z ##[endgroup]
cursor-agent	Run AI Teammate	2025-12-12T07:26:33.4501451Z Using configuration: agents/test_agent.json
cursor-agent	Run AI Teammate	2025-12-12T07:26:33.4501975Z === Verifying dmtools installation ===
cursor-agent	Run AI Teammate	2025-12-12T07:26:33.4507596Z ‚úÖ dmtools found at: /home/runner/.dmtools/bin/dmtools
cursor-agent	Run AI Teammate	2025-12-12T07:26:33.9875124Z DMTools 1.7.100
cursor-agent	Run AI Teammate	2025-12-12T07:26:33.9875659Z A comprehensive development management toolkit
cursor-agent	Run AI Teammate	2025-12-12T07:26:33.9953689Z ======================================
cursor-agent	Run AI Teammate	2025-12-12T07:26:33.9954033Z 
cursor-agent	Run AI Teammate	2025-12-12T07:26:33.9954491Z Test agent detected - unsetting Jira/Confluence env vars
cursor-agent	Run AI Teammate	2025-12-12T07:26:33.9955057Z DMTOOLS_INTEGRATIONS: cli,file
cursor-agent	Run AI Teammate	2025-12-12T07:26:33.9955504Z Jira/Confluence env vars unset
cursor-agent	Run AI Teammate	2025-12-12T07:26:33.9981906Z Created outputs and inputs directories
cursor-agent	Run AI Teammate	2025-12-12T07:26:33.9982586Z Removing inputJql from test agent config to prevent Jira initialization
cursor-agent	Run AI Teammate	2025-12-12T07:26:34.0024568Z ‚úÖ Removed inputJql from config
cursor-agent	Run AI Teammate	2025-12-12T07:26:34.0025009Z Updated config:
cursor-agent	Run AI Teammate	2025-12-12T07:26:34.0048469Z {
cursor-agent	Run AI Teammate	2025-12-12T07:26:34.0048796Z   "name": "Teammate",
cursor-agent	Run AI Teammate	2025-12-12T07:26:34.0049147Z   "params": {
cursor-agent	Run AI Teammate	2025-12-12T07:26:34.0049404Z     "agentParams": {
cursor-agent	Run AI Teammate	2025-12-12T07:26:34.0049642Z       "aiRole": "Test Assistant",
cursor-agent	Run AI Teammate	2025-12-12T07:26:34.0049889Z       "instructions": [
cursor-agent	Run AI Teammate	2025-12-12T07:26:34.0050105Z         "This is a test agent",
cursor-agent	Run AI Teammate	2025-12-12T07:26:34.0050344Z         "Just print hello world"
cursor-agent	Run AI Teammate	2025-12-12T07:26:34.0050559Z       ],
cursor-agent	Run AI Teammate	2025-12-12T07:26:34.0050750Z       "formattingRules": "Use markdown"
cursor-agent	Run AI Teammate	2025-12-12T07:26:34.0051071Z     },
cursor-agent	Run AI Teammate	2025-12-12T07:26:34.0051378Z     "cliCommands": [
cursor-agent	Run AI Teammate	2025-12-12T07:26:34.0051750Z       "echo 'Hello from AI Teammate!'",
cursor-agent	Run AI Teammate	2025-12-12T07:26:34.0052422Z       "mkdir -p outputs",
cursor-agent	Run AI Teammate	2025-12-12T07:26:34.0052701Z       "echo '# Test Result' > outputs/response.md",
cursor-agent	Run AI Teammate	2025-12-12T07:26:34.0053050Z       "echo 'Agent executed successfully' >> outputs/response.md"
cursor-agent	Run AI Teammate	2025-12-12T07:26:34.0053369Z     ],
cursor-agent	Run AI Teammate	2025-12-12T07:26:34.0053551Z     "outputType": "none",
cursor-agent	Run AI Teammate	2025-12-12T07:26:34.0053782Z     "skipAIProcessing": true
cursor-agent	Run AI Teammate	2025-12-12T07:26:34.0053993Z   }
cursor-agent	Run AI Teammate	2025-12-12T07:26:34.0054177Z }
cursor-agent	Run AI Teammate	2025-12-12T07:26:34.0054400Z GEMINI_API_KEY is set (may be empty for test agent)
cursor-agent	Run AI Teammate	2025-12-12T07:26:34.0054712Z Validating config file JSON syntax...
cursor-agent	Run AI Teammate	2025-12-12T07:26:34.0078220Z ‚úÖ Config file JSON is valid
cursor-agent	Run AI Teammate	2025-12-12T07:26:34.0078660Z === Environment Debug ===
cursor-agent	Run AI Teammate	2025-12-12T07:26:34.0079050Z DMTOOLS_INTEGRATIONS: cli,file
cursor-agent	Run AI Teammate	2025-12-12T07:26:34.0079450Z JIRA_EMAIL: <not set>
cursor-agent	Run AI Teammate	2025-12-12T07:26:34.0079823Z JIRA_BASE_PATH: <not set>
cursor-agent	Run AI Teammate	2025-12-12T07:26:34.0081328Z PATH: /home/runner/.local/bin:/home/runner/.dmtools/bin:/home/runner/.dmtools/bin:/home/runner/.local/bin:/opt/hostedtoolcache/Java_Temurin-Hotspot_jdk/23.0.2-7/x64/bin:/home/runner/.local/bin:/home/runner/.dmtools/bin:/bin:/usr/bin:$PATH
cursor-agent	Run AI Teammate	2025-12-12T07:26:34.0082844Z =========================
cursor-agent	Run AI Teammate	2025-12-12T07:26:34.0082995Z 
cursor-agent	Run AI Teammate	2025-12-12T07:26:34.0083078Z === Running dmtools ===
cursor-agent	Run AI Teammate	2025-12-12T07:26:34.0083311Z Config file: agents/test_agent.json
cursor-agent	Run AI Teammate	2025-12-12T07:26:34.0083577Z DMTOOLS_INTEGRATIONS: cli,file
cursor-agent	Run AI Teammate	2025-12-12T07:26:34.0083812Z GEMINI_API_KEY: <not set>
cursor-agent	Run AI Teammate	2025-12-12T07:26:34.0084023Z No encoded config
cursor-agent	Run AI Teammate	2025-12-12T07:26:34.0132041Z [0;32mInfo: Executing job with file: agents/test_agent.json[0m
cursor-agent	Run AI Teammate	2025-12-12T07:26:34.5692056Z 07:26:34.567 [main] INFO  com.github.istin.dmtools.job.RunCommandProcessor - Processing run command: file=agents/test_agent.json, hasEncodedConfig=false
cursor-agent	Run AI Teammate	2025-12-12T07:26:34.5719235Z 07:26:34.571 [main] INFO  com.github.istin.dmtools.job.RunCommandProcessor - Successfully loaded JSON configuration from file: agents/test_agent.json
cursor-agent	Run AI Teammate	2025-12-12T07:26:34.5725644Z 07:26:34.572 [main] INFO  com.github.istin.dmtools.job.RunCommandProcessor - Using file configuration only
cursor-agent	Run AI Teammate	2025-12-12T07:26:34.5757306Z 07:26:34.575 [main] INFO  com.github.istin.dmtools.job.RunCommandProcessor - JobParams created successfully for job: Teammate
cursor-agent	Run AI Teammate	2025-12-12T07:26:34.5769865Z 07:26:34.575 [main] INFO  com.github.istin.dmtools.job.JobRunner - Executing job: Teammate in mode: STANDALONE with 0 integrations
cursor-agent	Run AI Teammate	2025-12-12T07:26:34.5772106Z 07:26:34.576 [main] INFO  com.github.istin.dmtools.job.JobRunner - Created fresh job instance: Teammate
cursor-agent	Run AI Teammate	2025-12-12T07:26:34.6174067Z 07:26:34.617 [main] INFO  com.github.istin.dmtools.job.JobRunner - Calling initializeForMode with mode: STANDALONE
cursor-agent	Run AI Teammate	2025-12-12T07:26:34.6179183Z 07:26:34.617 [main] INFO  com.github.istin.dmtools.teammate.Teammate - Initializing Teammate in STANDALONE mode using TeammateComponent with BasicGeminiAI
cursor-agent	Run AI Teammate	2025-12-12T07:26:34.6180883Z 07:26:34.617 [main] INFO  com.github.istin.dmtools.teammate.Teammate - Creating new DaggerTeammateComponent for standalone mode
cursor-agent	Run AI Teammate	2025-12-12T07:26:34.6257208Z 07:26:34.625 [main] INFO  com.github.istin.dmtools.teammate.Teammate - Injecting dependencies using TeammateComponent
cursor-agent	Run AI Teammate	2025-12-12T07:26:34.6261246Z 07:26:34.625 [main] DEBUG com.github.istin.dmtools.common.utils.PropertyReader - No Gradle project markers found, using user.dir as project root: /home/runner/work/autocoding/autocoding
cursor-agent	Run AI Teammate	2025-12-12T07:26:34.6265430Z 07:26:34.626 [main] DEBUG com.github.istin.dmtools.common.utils.PropertyReader - dmtools.env not found in project root (/home/runner/work/autocoding/autocoding) or working directory (/home/runner/work/autocoding/autocoding)
cursor-agent	Run AI Teammate	2025-12-12T07:26:34.6269017Z 07:26:34.626 [main] INFO  com.github.istin.dmtools.di.TrackerModule - DEFAULT_TRACKER value from config: 'null'
cursor-agent	Run AI Teammate	2025-12-12T07:26:34.6270309Z 07:26:34.626 [main] INFO  com.github.istin.dmtools.di.TrackerModule - Auto-detecting available tracker configuration...
cursor-agent	Run AI Teammate	2025-12-12T07:26:34.6271552Z 07:26:34.626 [main] DEBUG com.github.istin.dmtools.di.TrackerModule - Attempting to auto-detect BasicJiraClient...
cursor-agent	Run AI Teammate	2025-12-12T07:26:34.6354545Z 07:26:34.635 [main] DEBUG com.github.istin.dmtools.di.TrackerModule - Attempting to auto-detect BasicAzureDevOpsClient...
cursor-agent	Run AI Teammate	2025-12-12T07:26:34.6372399Z 07:26:34.636 [main] DEBUG com.github.istin.dmtools.microsoft.ado.BasicAzureDevOpsClient - ADO configuration not found. Set ADO_ORGANIZATION, ADO_PROJECT, and ADO_PAT_TOKEN.
cursor-agent	Run AI Teammate	2025-12-12T07:26:34.6374070Z 07:26:34.636 [main] DEBUG com.github.istin.dmtools.di.TrackerModule - Attempting to auto-detect BasicRallyClient...
cursor-agent	Run AI Teammate	2025-12-12T07:26:34.6383073Z 07:26:34.638 [main] DEBUG com.github.istin.dmtools.broadcom.rally.BasicRallyClient - Rally configuration not found. Set RALLY_PATH and RALLY_TOKEN.
cursor-agent	Run AI Teammate	2025-12-12T07:26:34.6384667Z 07:26:34.638 [main] DEBUG com.github.istin.dmtools.di.TrackerModule - Detected CI environment (CI=true), allowing null TrackerClient
cursor-agent	Run AI Teammate	2025-12-12T07:26:34.6386647Z 07:26:34.638 [main] WARN  com.github.istin.dmtools.di.TrackerModule - No tracker configuration found in test environment. Returning null TrackerClient. Tests that require TrackerClient should mock it or provide test configuration.
cursor-agent	Run AI Teammate	2025-12-12T07:26:34.6589435Z 
cursor-agent	Run AI Teammate	2025-12-12T07:26:34.6589795Z === dmtools finished with exit code: 1 ===
cursor-agent	Run AI Teammate	2025-12-12T07:26:34.6590595Z 
cursor-agent	Run AI Teammate	2025-12-12T07:26:34.6591065Z ‚ùå dmtools exited with code: 1
cursor-agent	Run AI Teammate	2025-12-12T07:26:34.6591337Z 
cursor-agent	Run AI Teammate	2025-12-12T07:26:34.6591506Z === Full dmtools output ===
cursor-agent	Run AI Teammate	2025-12-12T07:26:34.6603040Z [0;32mInfo: Executing job with file: agents/test_agent.json[0m
cursor-agent	Run AI Teammate	2025-12-12T07:26:34.6604256Z 07:26:34.567 [main] INFO  com.github.istin.dmtools.job.RunCommandProcessor - Processing run command: file=agents/test_agent.json, hasEncodedConfig=false
cursor-agent	Run AI Teammate	2025-12-12T07:26:34.6605695Z 07:26:34.571 [main] INFO  com.github.istin.dmtools.job.RunCommandProcessor - Successfully loaded JSON configuration from file: agents/test_agent.json
cursor-agent	Run AI Teammate	2025-12-12T07:26:34.6606609Z 07:26:34.572 [main] INFO  com.github.istin.dmtools.job.RunCommandProcessor - Using file configuration only
cursor-agent	Run AI Teammate	2025-12-12T07:26:34.6607668Z 07:26:34.575 [main] INFO  com.github.istin.dmtools.job.RunCommandProcessor - JobParams created successfully for job: Teammate
cursor-agent	Run AI Teammate	2025-12-12T07:26:34.6608977Z 07:26:34.575 [main] INFO  com.github.istin.dmtools.job.JobRunner - Executing job: Teammate in mode: STANDALONE with 0 integrations
cursor-agent	Run AI Teammate	2025-12-12T07:26:34.6609692Z 07:26:34.576 [main] INFO  com.github.istin.dmtools.job.JobRunner - Created fresh job instance: Teammate
cursor-agent	Run AI Teammate	2025-12-12T07:26:34.6610548Z 07:26:34.617 [main] INFO  com.github.istin.dmtools.job.JobRunner - Calling initializeForMode with mode: STANDALONE
cursor-agent	Run AI Teammate	2025-12-12T07:26:34.6611596Z 07:26:34.617 [main] INFO  com.github.istin.dmtools.teammate.Teammate - Initializing Teammate in STANDALONE mode using TeammateComponent with BasicGeminiAI
cursor-agent	Run AI Teammate	2025-12-12T07:26:34.6612463Z 07:26:34.617 [main] INFO  com.github.istin.dmtools.teammate.Teammate - Creating new DaggerTeammateComponent for standalone mode
cursor-agent	Run AI Teammate	2025-12-12T07:26:34.6613208Z 07:26:34.625 [main] INFO  com.github.istin.dmtools.teammate.Teammate - Injecting dependencies using TeammateComponent
cursor-agent	Run AI Teammate	2025-12-12T07:26:34.6614144Z 07:26:34.625 [main] DEBUG com.github.istin.dmtools.common.utils.PropertyReader - No Gradle project markers found, using user.dir as project root: /home/runner/work/autocoding/autocoding
cursor-agent	Run AI Teammate	2025-12-12T07:26:34.6615484Z 07:26:34.626 [main] DEBUG com.github.istin.dmtools.common.utils.PropertyReader - dmtools.env not found in project root (/home/runner/work/autocoding/autocoding) or working directory (/home/runner/work/autocoding/autocoding)
cursor-agent	Run AI Teammate	2025-12-12T07:26:34.6616540Z 07:26:34.626 [main] INFO  com.github.istin.dmtools.di.TrackerModule - DEFAULT_TRACKER value from config: 'null'
cursor-agent	Run AI Teammate	2025-12-12T07:26:34.6617236Z 07:26:34.626 [main] INFO  com.github.istin.dmtools.di.TrackerModule - Auto-detecting available tracker configuration...
cursor-agent	Run AI Teammate	2025-12-12T07:26:34.6618299Z 07:26:34.626 [main] DEBUG com.github.istin.dmtools.di.TrackerModule - Attempting to auto-detect BasicJiraClient...
cursor-agent	Run AI Teammate	2025-12-12T07:26:34.6619123Z 07:26:34.635 [main] DEBUG com.github.istin.dmtools.di.TrackerModule - Attempting to auto-detect BasicAzureDevOpsClient...
cursor-agent	Run AI Teammate	2025-12-12T07:26:34.6620259Z 07:26:34.636 [main] DEBUG com.github.istin.dmtools.microsoft.ado.BasicAzureDevOpsClient - ADO configuration not found. Set ADO_ORGANIZATION, ADO_PROJECT, and ADO_PAT_TOKEN.
cursor-agent	Run AI Teammate	2025-12-12T07:26:34.6621157Z 07:26:34.636 [main] DEBUG com.github.istin.dmtools.di.TrackerModule - Attempting to auto-detect BasicRallyClient...
cursor-agent	Run AI Teammate	2025-12-12T07:26:34.6621954Z 07:26:34.638 [main] DEBUG com.github.istin.dmtools.broadcom.rally.BasicRallyClient - Rally configuration not found. Set RALLY_PATH and RALLY_TOKEN.
cursor-agent	Run AI Teammate	2025-12-12T07:26:34.6622812Z 07:26:34.638 [main] DEBUG com.github.istin.dmtools.di.TrackerModule - Detected CI environment (CI=true), allowing null TrackerClient
cursor-agent	Run AI Teammate	2025-12-12T07:26:34.6623916Z 07:26:34.638 [main] WARN  com.github.istin.dmtools.di.TrackerModule - No tracker configuration found in test environment. Returning null TrackerClient. Tests that require TrackerClient should mock it or provide test configuration.
cursor-agent	Run AI Teammate	2025-12-12T07:26:34.6625208Z ==========================
cursor-agent	Run AI Teammate	2025-12-12T07:26:34.6625354Z 
cursor-agent	Run AI Teammate	2025-12-12T07:26:34.6625443Z === Additional Debug Info ===
cursor-agent	Run AI Teammate	2025-12-12T07:26:34.6625699Z DMTOOLS_INTEGRATIONS value: 'cli,file'
cursor-agent	Run AI Teammate	2025-12-12T07:26:34.6625965Z GEMINI_API_KEY: <not set>
cursor-agent	Run AI Teammate	2025-12-12T07:26:34.6626202Z Config file path: agents/test_agent.json
cursor-agent	Run AI Teammate	2025-12-12T07:26:34.6626463Z Config file exists: yes
cursor-agent	Run AI Teammate	2025-12-12T07:26:34.6626682Z Checking for output files...
cursor-agent	Run AI Teammate	2025-12-12T07:26:34.6626892Z total 8
cursor-agent	Run AI Teammate	2025-12-12T07:26:34.6627104Z drwxr-xr-x  2 runner runner 4096 Dec 12 07:26 .
cursor-agent	Run AI Teammate	2025-12-12T07:26:34.6627411Z drwxr-xr-x 14 runner runner 4096 Dec 12 07:26 ..
cursor-agent	Run AI Teammate	2025-12-12T07:26:34.6638517Z total 8
cursor-agent	Run AI Teammate	2025-12-12T07:26:34.6638950Z drwxr-xr-x  2 runner runner 4096 Dec 12 07:26 .
cursor-agent	Run AI Teammate	2025-12-12T07:26:34.6639486Z drwxr-xr-x 14 runner runner 4096 Dec 12 07:26 ..
cursor-agent	Run AI Teammate	2025-12-12T07:26:34.6640919Z 
cursor-agent	Run AI Teammate	2025-12-12T07:26:34.6641135Z Checking if cliCommands were executed...
cursor-agent	Run AI Teammate	2025-12-12T07:26:34.6641934Z ‚ùå outputs/response.md does not exist - cliCommands may not have executed
cursor-agent	Run AI Teammate	2025-12-12T07:26:34.6642296Z 
cursor-agent	Run AI Teammate	2025-12-12T07:26:34.6642388Z Config file content:
cursor-agent	Run AI Teammate	2025-12-12T07:26:34.6650211Z {
cursor-agent	Run AI Teammate	2025-12-12T07:26:34.6650726Z   "name": "Teammate",
cursor-agent	Run AI Teammate	2025-12-12T07:26:34.6651079Z   "params": {
cursor-agent	Run AI Teammate	2025-12-12T07:26:34.6651290Z     "agentParams": {
cursor-agent	Run AI Teammate	2025-12-12T07:26:34.6651506Z       "aiRole": "Test Assistant",
cursor-agent	Run AI Teammate	2025-12-12T07:26:34.6651882Z       "instructions": [
cursor-agent	Run AI Teammate	2025-12-12T07:26:34.6652238Z         "This is a test agent",
cursor-agent	Run AI Teammate	2025-12-12T07:26:34.6652629Z         "Just print hello world"
cursor-agent	Run AI Teammate	2025-12-12T07:26:34.6652857Z       ],
cursor-agent	Run AI Teammate	2025-12-12T07:26:34.6653060Z       "formattingRules": "Use markdown"
cursor-agent	Run AI Teammate	2025-12-12T07:26:34.6653302Z     },
cursor-agent	Run AI Teammate	2025-12-12T07:26:34.6653476Z     "cliCommands": [
cursor-agent	Run AI Teammate	2025-12-12T07:26:34.6653688Z       "echo 'Hello from AI Teammate!'",
cursor-agent	Run AI Teammate	2025-12-12T07:26:34.6653947Z       "mkdir -p outputs",
cursor-agent	Run AI Teammate	2025-12-12T07:26:34.6654200Z       "echo '# Test Result' > outputs/response.md",
cursor-agent	Run AI Teammate	2025-12-12T07:26:34.6654552Z       "echo 'Agent executed successfully' >> outputs/response.md"
cursor-agent	Run AI Teammate	2025-12-12T07:26:34.6654851Z     ],
cursor-agent	Run AI Teammate	2025-12-12T07:26:34.6655031Z     "outputType": "none",
cursor-agent	Run AI Teammate	2025-12-12T07:26:34.6655264Z     "skipAIProcessing": true
cursor-agent	Run AI Teammate	2025-12-12T07:26:34.6655480Z   }
cursor-agent	Run AI Teammate	2025-12-12T07:26:34.6655641Z }
cursor-agent	Run AI Teammate	2025-12-12T07:26:34.6655808Z ======================
cursor-agent	Run AI Teammate	2025-12-12T07:26:34.6655928Z 
cursor-agent	Run AI Teammate	2025-12-12T07:26:34.6656036Z === Checking dmtools help/version for clues ===
cursor-agent	Run AI Teammate	2025-12-12T07:26:35.1966772Z DMTools 1.7.100
cursor-agent	Run AI Teammate	2025-12-12T07:26:35.1967342Z A comprehensive development management toolkit
cursor-agent	Run AI Teammate	2025-12-12T07:26:35.2056198Z ==============================================
cursor-agent	Run AI Teammate	2025-12-12T07:26:35.2069791Z ##[error]Process completed with exit code 1.
cursor-agent	Upload artifacts	Ôªø2025-12-12T07:26:35.2138476Z ##[group]Run actions/upload-artifact@v4
cursor-agent	Upload artifacts	2025-12-12T07:26:35.2138972Z with:
cursor-agent	Upload artifacts	2025-12-12T07:26:35.2155828Z   name: ai-teammate-results-20
cursor-agent	Upload artifacts	2025-12-12T07:26:35.2156111Z   path: outputs/
cursor-agent	Upload artifacts	inputs/
cursor-agent	Upload artifacts	
cursor-agent	Upload artifacts	2025-12-12T07:26:35.2156359Z   retention-days: 30
cursor-agent	Upload artifacts	2025-12-12T07:26:35.2156581Z   if-no-files-found: warn
cursor-agent	Upload artifacts	2025-12-12T07:26:35.2156805Z   compression-level: 6
cursor-agent	Upload artifacts	2025-12-12T07:26:35.2157015Z   overwrite: false
cursor-agent	Upload artifacts	2025-12-12T07:26:35.2157231Z   include-hidden-files: false
cursor-agent	Upload artifacts	2025-12-12T07:26:35.2157457Z env:
cursor-agent	Upload artifacts	2025-12-12T07:26:35.2157884Z   JAVA_HOME: /opt/hostedtoolcache/Java_Temurin-Hotspot_jdk/23.0.2-7/x64
cursor-agent	Upload artifacts	2025-12-12T07:26:35.2158387Z   JAVA_HOME_23_X64: /opt/hostedtoolcache/Java_Temurin-Hotspot_jdk/23.0.2-7/x64
cursor-agent	Upload artifacts	2025-12-12T07:26:35.2158755Z ##[endgroup]
cursor-agent	Upload artifacts	2025-12-12T07:26:35.4425444Z Multiple search paths detected. Calculating the least common ancestor of all paths
cursor-agent	Upload artifacts	2025-12-12T07:26:35.4429323Z The least common ancestor is /home/runner/work/autocoding/autocoding. This will be the root directory of the artifact
cursor-agent	Upload artifacts	2025-12-12T07:26:35.4444529Z ##[warning]No files were found with the provided path: outputs/
cursor-agent	Upload artifacts	inputs/. No artifacts will be uploaded.
cursor-agent	Post Setup Java Environment	Ôªø2025-12-12T07:26:35.4552574Z Post job cleanup.
cursor-agent	Post Checkout repository	Ôªø2025-12-12T07:26:35.6362589Z Post job cleanup.
cursor-agent	Post Checkout repository	2025-12-12T07:26:35.7376431Z [command]/usr/bin/git version
cursor-agent	Post Checkout repository	2025-12-12T07:26:35.7417375Z git version 2.52.0
cursor-agent	Post Checkout repository	2025-12-12T07:26:35.7462685Z Temporarily overriding HOME='/home/runner/work/_temp/16bd7203-ef83-4fb6-ba59-bdc61606e963' before making global git config changes
cursor-agent	Post Checkout repository	2025-12-12T07:26:35.7464060Z Adding repository directory to the temporary git global config as a safe directory
cursor-agent	Post Checkout repository	2025-12-12T07:26:35.7480790Z [command]/usr/bin/git config --global --add safe.directory /home/runner/work/autocoding/autocoding
cursor-agent	Post Checkout repository	2025-12-12T07:26:35.7517313Z [command]/usr/bin/git config --local --name-only --get-regexp core\.sshCommand
cursor-agent	Post Checkout repository	2025-12-12T07:26:35.7551223Z [command]/usr/bin/git submodule foreach --recursive sh -c "git config --local --name-only --get-regexp 'core\.sshCommand' && git config --local --unset-all 'core.sshCommand' || :"
cursor-agent	Post Checkout repository	2025-12-12T07:26:35.7803774Z [command]/usr/bin/git config --local --name-only --get-regexp http\.https\:\/\/github\.com\/\.extraheader
cursor-agent	Post Checkout repository	2025-12-12T07:26:35.7825946Z http.https://github.com/.extraheader
cursor-agent	Post Checkout repository	2025-12-12T07:26:35.7841865Z [command]/usr/bin/git config --local --unset-all http.https://github.com/.extraheader
cursor-agent	Post Checkout repository	2025-12-12T07:26:35.7875713Z [command]/usr/bin/git submodule foreach --recursive sh -c "git config --local --name-only --get-regexp 'http\.https\:\/\/github\.com\/\.extraheader' && git config --local --unset-all 'http.https://github.com/.extraheader' || :"
cursor-agent	Post Checkout repository	2025-12-12T07:26:35.8117204Z [command]/usr/bin/git config --local --name-only --get-regexp ^includeIf\.gitdir:
cursor-agent	Post Checkout repository	2025-12-12T07:26:35.8154697Z [command]/usr/bin/git submodule foreach --recursive git config --local --show-origin --name-only --get-regexp remote.origin.url
cursor-agent	Complete job	Ôªø2025-12-12T07:26:35.8505481Z Cleaning up orphan processes
