cursor-agent	Set up job	Ôªø2025-12-12T07:36:09.3502635Z Current runner version: '2.329.0'
cursor-agent	Set up job	2025-12-12T07:36:09.3526167Z ##[group]Runner Image Provisioner
cursor-agent	Set up job	2025-12-12T07:36:09.3527059Z Hosted Compute Agent
cursor-agent	Set up job	2025-12-12T07:36:09.3527647Z Version: 20251202.455
cursor-agent	Set up job	2025-12-12T07:36:09.3528424Z Commit: 6c10caca4910e198df60de23adf20ad317c474e3
cursor-agent	Set up job	2025-12-12T07:36:09.3529168Z Build Date: 2025-12-02T15:56:59Z
cursor-agent	Set up job	2025-12-12T07:36:09.3529815Z Worker ID: {6e714859-f969-4447-9f45-24124d332b29}
cursor-agent	Set up job	2025-12-12T07:36:09.3530540Z ##[endgroup]
cursor-agent	Set up job	2025-12-12T07:36:09.3531076Z ##[group]Operating System
cursor-agent	Set up job	2025-12-12T07:36:09.3531627Z Ubuntu
cursor-agent	Set up job	2025-12-12T07:36:09.3532175Z 24.04.3
cursor-agent	Set up job	2025-12-12T07:36:09.3532668Z LTS
cursor-agent	Set up job	2025-12-12T07:36:09.3533129Z ##[endgroup]
cursor-agent	Set up job	2025-12-12T07:36:09.3533719Z ##[group]Runner Image
cursor-agent	Set up job	2025-12-12T07:36:09.3534526Z Image: ubuntu-24.04
cursor-agent	Set up job	2025-12-12T07:36:09.3535118Z Version: 20251208.163.1
cursor-agent	Set up job	2025-12-12T07:36:09.3536172Z Included Software: https://github.com/actions/runner-images/blob/ubuntu24/20251208.163/images/ubuntu/Ubuntu2404-Readme.md
cursor-agent	Set up job	2025-12-12T07:36:09.3537619Z Image Release: https://github.com/actions/runner-images/releases/tag/ubuntu24%2F20251208.163
cursor-agent	Set up job	2025-12-12T07:36:09.3539168Z ##[endgroup]
cursor-agent	Set up job	2025-12-12T07:36:09.3540494Z ##[group]GITHUB_TOKEN Permissions
cursor-agent	Set up job	2025-12-12T07:36:09.3542717Z Actions: read
cursor-agent	Set up job	2025-12-12T07:36:09.3543314Z Contents: write
cursor-agent	Set up job	2025-12-12T07:36:09.3543971Z Metadata: read
cursor-agent	Set up job	2025-12-12T07:36:09.3544679Z PullRequests: write
cursor-agent	Set up job	2025-12-12T07:36:09.3545224Z ##[endgroup]
cursor-agent	Set up job	2025-12-12T07:36:09.3547430Z Secret source: Actions
cursor-agent	Set up job	2025-12-12T07:36:09.3548192Z Prepare workflow directory
cursor-agent	Set up job	2025-12-12T07:36:09.3873660Z Prepare all required actions
cursor-agent	Set up job	2025-12-12T07:36:09.3911528Z Getting action download info
cursor-agent	Set up job	2025-12-12T07:36:09.7562309Z Download action repository 'actions/checkout@v4' (SHA:34e114876b0b11c390a56381ad16ebd13914f8d5)
cursor-agent	Set up job	2025-12-12T07:36:09.8560070Z Download action repository 'actions/setup-java@v4' (SHA:c1e323688fd81a25caa38c78aa6df2d33d3e20d9)
cursor-agent	Set up job	2025-12-12T07:36:10.5631771Z Download action repository 'actions/upload-artifact@v4' (SHA:ea165f8d65b6e75b540449e92b4886f43607fa02)
cursor-agent	Set up job	2025-12-12T07:36:10.7840362Z Complete job name: cursor-agent
cursor-agent	Checkout repository	Ôªø2025-12-12T07:36:10.8709323Z ##[group]Run actions/checkout@v4
cursor-agent	Checkout repository	2025-12-12T07:36:10.8710679Z with:
cursor-agent	Checkout repository	2025-12-12T07:36:10.8711486Z   repository: kidblendapp/autocoding
cursor-agent	Checkout repository	2025-12-12T07:36:10.8712815Z   token: ***
cursor-agent	Checkout repository	2025-12-12T07:36:10.8713587Z   ssh-strict: true
cursor-agent	Checkout repository	2025-12-12T07:36:10.8714643Z   ssh-user: git
cursor-agent	Checkout repository	2025-12-12T07:36:10.8715480Z   persist-credentials: true
cursor-agent	Checkout repository	2025-12-12T07:36:10.8716375Z   clean: true
cursor-agent	Checkout repository	2025-12-12T07:36:10.8717175Z   sparse-checkout-cone-mode: true
cursor-agent	Checkout repository	2025-12-12T07:36:10.8718161Z   fetch-depth: 1
cursor-agent	Checkout repository	2025-12-12T07:36:10.8718958Z   fetch-tags: false
cursor-agent	Checkout repository	2025-12-12T07:36:10.8719782Z   show-progress: true
cursor-agent	Checkout repository	2025-12-12T07:36:10.8720604Z   lfs: false
cursor-agent	Checkout repository	2025-12-12T07:36:10.8721355Z   submodules: false
cursor-agent	Checkout repository	2025-12-12T07:36:10.8722168Z   set-safe-directory: true
cursor-agent	Checkout repository	2025-12-12T07:36:10.8723323Z ##[endgroup]
cursor-agent	Checkout repository	2025-12-12T07:36:10.9808342Z Syncing repository: kidblendapp/autocoding
cursor-agent	Checkout repository	2025-12-12T07:36:10.9810914Z ##[group]Getting Git version info
cursor-agent	Checkout repository	2025-12-12T07:36:10.9812282Z Working directory is '/home/runner/work/autocoding/autocoding'
cursor-agent	Checkout repository	2025-12-12T07:36:10.9814385Z [command]/usr/bin/git version
cursor-agent	Checkout repository	2025-12-12T07:36:10.9912526Z git version 2.52.0
cursor-agent	Checkout repository	2025-12-12T07:36:10.9939085Z ##[endgroup]
cursor-agent	Checkout repository	2025-12-12T07:36:10.9953519Z Temporarily overriding HOME='/home/runner/work/_temp/ec5aa0e2-4fd7-4e86-aeb6-129b05857070' before making global git config changes
cursor-agent	Checkout repository	2025-12-12T07:36:10.9957583Z Adding repository directory to the temporary git global config as a safe directory
cursor-agent	Checkout repository	2025-12-12T07:36:10.9965664Z [command]/usr/bin/git config --global --add safe.directory /home/runner/work/autocoding/autocoding
cursor-agent	Checkout repository	2025-12-12T07:36:11.0011344Z Deleting the contents of '/home/runner/work/autocoding/autocoding'
cursor-agent	Checkout repository	2025-12-12T07:36:11.0015346Z ##[group]Initializing the repository
cursor-agent	Checkout repository	2025-12-12T07:36:11.0020528Z [command]/usr/bin/git init /home/runner/work/autocoding/autocoding
cursor-agent	Checkout repository	2025-12-12T07:36:11.0154447Z hint: Using 'master' as the name for the initial branch. This default branch name
cursor-agent	Checkout repository	2025-12-12T07:36:11.0157702Z hint: will change to "main" in Git 3.0. To configure the initial branch name
cursor-agent	Checkout repository	2025-12-12T07:36:11.0160620Z hint: to use in all of your new repositories, which will suppress this warning,
cursor-agent	Checkout repository	2025-12-12T07:36:11.0162103Z hint: call:
cursor-agent	Checkout repository	2025-12-12T07:36:11.0162818Z hint:
cursor-agent	Checkout repository	2025-12-12T07:36:11.0164320Z hint: 	git config --global init.defaultBranch <name>
cursor-agent	Checkout repository	2025-12-12T07:36:11.0165732Z hint:
cursor-agent	Checkout repository	2025-12-12T07:36:11.0166812Z hint: Names commonly chosen instead of 'master' are 'main', 'trunk' and
cursor-agent	Checkout repository	2025-12-12T07:36:11.0168611Z hint: 'development'. The just-created branch can be renamed via this command:
cursor-agent	Checkout repository	2025-12-12T07:36:11.0170502Z hint:
cursor-agent	Checkout repository	2025-12-12T07:36:11.0171246Z hint: 	git branch -m <name>
cursor-agent	Checkout repository	2025-12-12T07:36:11.0172116Z hint:
cursor-agent	Checkout repository	2025-12-12T07:36:11.0173336Z hint: Disable this message with "git config set advice.defaultBranchName false"
cursor-agent	Checkout repository	2025-12-12T07:36:11.0175550Z Initialized empty Git repository in /home/runner/work/autocoding/autocoding/.git/
cursor-agent	Checkout repository	2025-12-12T07:36:11.0178670Z [command]/usr/bin/git remote add origin https://github.com/kidblendapp/autocoding
cursor-agent	Checkout repository	2025-12-12T07:36:11.0209083Z ##[endgroup]
cursor-agent	Checkout repository	2025-12-12T07:36:11.0210473Z ##[group]Disabling automatic garbage collection
cursor-agent	Checkout repository	2025-12-12T07:36:11.0212273Z [command]/usr/bin/git config --local gc.auto 0
cursor-agent	Checkout repository	2025-12-12T07:36:11.0240915Z ##[endgroup]
cursor-agent	Checkout repository	2025-12-12T07:36:11.0242240Z ##[group]Setting up auth
cursor-agent	Checkout repository	2025-12-12T07:36:11.0247215Z [command]/usr/bin/git config --local --name-only --get-regexp core\.sshCommand
cursor-agent	Checkout repository	2025-12-12T07:36:11.0276433Z [command]/usr/bin/git submodule foreach --recursive sh -c "git config --local --name-only --get-regexp 'core\.sshCommand' && git config --local --unset-all 'core.sshCommand' || :"
cursor-agent	Checkout repository	2025-12-12T07:36:11.0620200Z [command]/usr/bin/git config --local --name-only --get-regexp http\.https\:\/\/github\.com\/\.extraheader
cursor-agent	Checkout repository	2025-12-12T07:36:11.0649346Z [command]/usr/bin/git submodule foreach --recursive sh -c "git config --local --name-only --get-regexp 'http\.https\:\/\/github\.com\/\.extraheader' && git config --local --unset-all 'http.https://github.com/.extraheader' || :"
cursor-agent	Checkout repository	2025-12-12T07:36:11.0866278Z [command]/usr/bin/git config --local --name-only --get-regexp ^includeIf\.gitdir:
cursor-agent	Checkout repository	2025-12-12T07:36:11.0895605Z [command]/usr/bin/git submodule foreach --recursive git config --local --show-origin --name-only --get-regexp remote.origin.url
cursor-agent	Checkout repository	2025-12-12T07:36:11.1120906Z [command]/usr/bin/git config --local http.https://github.com/.extraheader AUTHORIZATION: basic ***
cursor-agent	Checkout repository	2025-12-12T07:36:11.1153932Z ##[endgroup]
cursor-agent	Checkout repository	2025-12-12T07:36:11.1155823Z ##[group]Fetching the repository
cursor-agent	Checkout repository	2025-12-12T07:36:11.1162435Z [command]/usr/bin/git -c protocol.version=2 fetch --no-tags --prune --no-recurse-submodules --depth=1 origin +9b104221aec56f385db93626c8a4578576777226:refs/remotes/origin/main
cursor-agent	Checkout repository	2025-12-12T07:36:11.4697737Z From https://github.com/kidblendapp/autocoding
cursor-agent	Checkout repository	2025-12-12T07:36:11.4729168Z  * [new ref]         9b104221aec56f385db93626c8a4578576777226 -> origin/main
cursor-agent	Checkout repository	2025-12-12T07:36:11.4733336Z ##[endgroup]
cursor-agent	Checkout repository	2025-12-12T07:36:11.4735084Z ##[group]Determining the checkout info
cursor-agent	Checkout repository	2025-12-12T07:36:11.4737489Z ##[endgroup]
cursor-agent	Checkout repository	2025-12-12T07:36:11.4738521Z [command]/usr/bin/git sparse-checkout disable
cursor-agent	Checkout repository	2025-12-12T07:36:11.4779018Z [command]/usr/bin/git config --local --unset-all extensions.worktreeConfig
cursor-agent	Checkout repository	2025-12-12T07:36:11.4804528Z ##[group]Checking out the ref
cursor-agent	Checkout repository	2025-12-12T07:36:11.4807622Z [command]/usr/bin/git checkout --progress --force -B main refs/remotes/origin/main
cursor-agent	Checkout repository	2025-12-12T07:36:11.4910156Z Switched to a new branch 'main'
cursor-agent	Checkout repository	2025-12-12T07:36:11.4912585Z branch 'main' set up to track 'origin/main'.
cursor-agent	Checkout repository	2025-12-12T07:36:11.4920627Z ##[endgroup]
cursor-agent	Checkout repository	2025-12-12T07:36:11.4951754Z [command]/usr/bin/git log -1 --format=%H
cursor-agent	Checkout repository	2025-12-12T07:36:11.4972461Z 9b104221aec56f385db93626c8a4578576777226
cursor-agent	Map Event Type to Config	Ôªø2025-12-12T07:36:11.5205499Z ##[group]Run EVENT_TYPE=""
cursor-agent	Map Event Type to Config	2025-12-12T07:36:11.5206800Z [36;1mEVENT_TYPE=""[0m
cursor-agent	Map Event Type to Config	2025-12-12T07:36:11.5207792Z [36;1m[0m
cursor-agent	Map Event Type to Config	2025-12-12T07:36:11.5208690Z [36;1mcase "$EVENT_TYPE" in[0m
cursor-agent	Map Event Type to Config	2025-12-12T07:36:11.5210230Z [36;1m  "story-clarification")[0m
cursor-agent	Map Event Type to Config	2025-12-12T07:36:11.5212049Z [36;1m    CONFIG="agents/story_questions.json"[0m
cursor-agent	Map Event Type to Config	2025-12-12T07:36:11.5213477Z [36;1m    ;;[0m
cursor-agent	Map Event Type to Config	2025-12-12T07:36:11.5215076Z [36;1m  "story-development")[0m
cursor-agent	Map Event Type to Config	2025-12-12T07:36:11.5217259Z [36;1m    CONFIG="agents/story_development.json"[0m
cursor-agent	Map Event Type to Config	2025-12-12T07:36:11.5219570Z [36;1m    ;;[0m
cursor-agent	Map Event Type to Config	2025-12-12T07:36:11.5221254Z [36;1m  "story-description")[0m
cursor-agent	Map Event Type to Config	2025-12-12T07:36:11.5223378Z [36;1m    CONFIG="agents/story_description.json"[0m
cursor-agent	Map Event Type to Config	2025-12-12T07:36:11.5225895Z [36;1m    ;;[0m
cursor-agent	Map Event Type to Config	2025-12-12T07:36:11.5227590Z [36;1m  "solution-design")[0m
cursor-agent	Map Event Type to Config	2025-12-12T07:36:11.5229745Z [36;1m    CONFIG="agents/story_solution_design.json"[0m
cursor-agent	Map Event Type to Config	2025-12-12T07:36:11.5232106Z [36;1m    ;;[0m
cursor-agent	Map Event Type to Config	2025-12-12T07:36:11.5233147Z [36;1m  "sd-core-description")[0m
cursor-agent	Map Event Type to Config	2025-12-12T07:36:11.5234750Z [36;1m    CONFIG="agents/sd_core_description.json"[0m
cursor-agent	Map Event Type to Config	2025-12-12T07:36:11.5235988Z [36;1m    ;;[0m
cursor-agent	Map Event Type to Config	2025-12-12T07:36:11.5236900Z [36;1m  "sd-api-description")[0m
cursor-agent	Map Event Type to Config	2025-12-12T07:36:11.5238182Z [36;1m    CONFIG="agents/sd_api_description.json"[0m
cursor-agent	Map Event Type to Config	2025-12-12T07:36:11.5239378Z [36;1m    ;;[0m
cursor-agent	Map Event Type to Config	2025-12-12T07:36:11.5240234Z [36;1m  "api-development")[0m
cursor-agent	Map Event Type to Config	2025-12-12T07:36:11.5241420Z [36;1m    CONFIG="agents/api_development.json"[0m
cursor-agent	Map Event Type to Config	2025-12-12T07:36:11.5242586Z [36;1m    ;;[0m
cursor-agent	Map Event Type to Config	2025-12-12T07:36:11.5243470Z [36;1m  "core-description")[0m
cursor-agent	Map Event Type to Config	2025-12-12T07:36:11.5244946Z [36;1m    CONFIG="agents/core_description.json"[0m
cursor-agent	Map Event Type to Config	2025-12-12T07:36:11.5246150Z [36;1m    ;;[0m
cursor-agent	Map Event Type to Config	2025-12-12T07:36:11.5247069Z [36;1m  "code-review")[0m
cursor-agent	Map Event Type to Config	2025-12-12T07:36:11.5248099Z [36;1m    CONFIG="agents/code_review.json"[0m
cursor-agent	Map Event Type to Config	2025-12-12T07:36:11.5249235Z [36;1m    ;;[0m
cursor-agent	Map Event Type to Config	2025-12-12T07:36:11.5250187Z [36;1m  "test-generation")[0m
cursor-agent	Map Event Type to Config	2025-12-12T07:36:11.5251346Z [36;1m    CONFIG="agents/test_cases_generator.json"[0m
cursor-agent	Map Event Type to Config	2025-12-12T07:36:11.5252555Z [36;1m    ;;[0m
cursor-agent	Map Event Type to Config	2025-12-12T07:36:11.5253445Z [36;1m  *)[0m
cursor-agent	Map Event Type to Config	2025-12-12T07:36:11.5254490Z [36;1m    CONFIG=""[0m
cursor-agent	Map Event Type to Config	2025-12-12T07:36:11.5255425Z [36;1m    ;;[0m
cursor-agent	Map Event Type to Config	2025-12-12T07:36:11.5256362Z [36;1mesac[0m
cursor-agent	Map Event Type to Config	2025-12-12T07:36:11.5257189Z [36;1m[0m
cursor-agent	Map Event Type to Config	2025-12-12T07:36:11.5258164Z [36;1mecho "config_file=${CONFIG}" >> $GITHUB_OUTPUT[0m
cursor-agent	Map Event Type to Config	2025-12-12T07:36:11.5259779Z [36;1mecho "Mapped event type '${EVENT_TYPE}' to config: ${CONFIG}"[0m
cursor-agent	Map Event Type to Config	2025-12-12T07:36:11.5297327Z shell: /usr/bin/bash -e {0}
cursor-agent	Map Event Type to Config	2025-12-12T07:36:11.5298390Z ##[endgroup]
cursor-agent	Map Event Type to Config	2025-12-12T07:36:11.5377204Z Mapped event type '' to config: 
cursor-agent	Prepare Configuration	Ôªø2025-12-12T07:36:11.5458014Z ##[group]Run # Determine config file from either webhook or manual input
cursor-agent	Prepare Configuration	2025-12-12T07:36:11.5460006Z [36;1m# Determine config file from either webhook or manual input[0m
cursor-agent	Prepare Configuration	2025-12-12T07:36:11.5461684Z [36;1mif [ "workflow_dispatch" = "repository_dispatch" ]; then[0m
cursor-agent	Prepare Configuration	2025-12-12T07:36:11.5463394Z [36;1m  # Use mapped config if available, otherwise use client_payload[0m
cursor-agent	Prepare Configuration	2025-12-12T07:36:11.5465027Z [36;1m  CONFIG_FILE=""[0m
cursor-agent	Prepare Configuration	2025-12-12T07:36:11.5466035Z [36;1m  ENCODED_CONFIG=""[0m
cursor-agent	Prepare Configuration	2025-12-12T07:36:11.5467089Z [36;1m  TICKET_KEY=""[0m
cursor-agent	Prepare Configuration	2025-12-12T07:36:11.5468135Z [36;1m  JQL_QUERY=""[0m
cursor-agent	Prepare Configuration	2025-12-12T07:36:11.5469071Z [36;1melse[0m
cursor-agent	Prepare Configuration	2025-12-12T07:36:11.5470359Z [36;1m  # Use provided config_file or default to agents/test_agent.json[0m
cursor-agent	Prepare Configuration	2025-12-12T07:36:11.5471906Z [36;1m  CONFIG_FILE="agents/test_agent.json"[0m
cursor-agent	Prepare Configuration	2025-12-12T07:36:11.5473102Z [36;1m  if [ -z "${CONFIG_FILE}" ]; then[0m
cursor-agent	Prepare Configuration	2025-12-12T07:36:11.5535328Z [36;1m    CONFIG_FILE="agents/test_agent.json"[0m
cursor-agent	Prepare Configuration	2025-12-12T07:36:11.5537404Z [36;1m  fi[0m
cursor-agent	Prepare Configuration	2025-12-12T07:36:11.5538809Z [36;1m  ENCODED_CONFIG=""[0m
cursor-agent	Prepare Configuration	2025-12-12T07:36:11.5539758Z [36;1m  TICKET_KEY=""[0m
cursor-agent	Prepare Configuration	2025-12-12T07:36:11.5540638Z [36;1m  JQL_QUERY=""[0m
cursor-agent	Prepare Configuration	2025-12-12T07:36:11.5541480Z [36;1mfi[0m
cursor-agent	Prepare Configuration	2025-12-12T07:36:11.5542196Z [36;1m[0m
cursor-agent	Prepare Configuration	2025-12-12T07:36:11.5543134Z [36;1mecho "config_file=${CONFIG_FILE}" >> $GITHUB_OUTPUT[0m
cursor-agent	Prepare Configuration	2025-12-12T07:36:11.5544874Z [36;1mecho "encoded_config=${ENCODED_CONFIG}" >> $GITHUB_OUTPUT[0m
cursor-agent	Prepare Configuration	2025-12-12T07:36:11.5546348Z [36;1mecho "ticket_key=${TICKET_KEY}" >> $GITHUB_OUTPUT[0m
cursor-agent	Prepare Configuration	2025-12-12T07:36:11.5547700Z [36;1mecho "jql_query=${JQL_QUERY}" >> $GITHUB_OUTPUT[0m
cursor-agent	Prepare Configuration	2025-12-12T07:36:11.5548832Z [36;1m[0m
cursor-agent	Prepare Configuration	2025-12-12T07:36:11.5549647Z [36;1mecho "Configuration: ${CONFIG_FILE}"[0m
cursor-agent	Prepare Configuration	2025-12-12T07:36:11.5550979Z [36;1mecho "Ticket: ${TICKET_KEY}"[0m
cursor-agent	Prepare Configuration	2025-12-12T07:36:11.5551990Z [36;1mecho "JQL: ${JQL_QUERY}"[0m
cursor-agent	Prepare Configuration	2025-12-12T07:36:11.5584636Z shell: /usr/bin/bash -e {0}
cursor-agent	Prepare Configuration	2025-12-12T07:36:11.5585546Z ##[endgroup]
cursor-agent	Prepare Configuration	2025-12-12T07:36:11.5645878Z Configuration: agents/test_agent.json
cursor-agent	Prepare Configuration	2025-12-12T07:36:11.5647930Z Ticket: 
cursor-agent	Prepare Configuration	2025-12-12T07:36:11.5648745Z JQL: 
cursor-agent	Setup Java Environment	Ôªø2025-12-12T07:36:11.5895499Z ##[group]Run actions/setup-java@v4
cursor-agent	Setup Java Environment	2025-12-12T07:36:11.5896497Z with:
cursor-agent	Setup Java Environment	2025-12-12T07:36:11.5897217Z   distribution: temurin
cursor-agent	Setup Java Environment	2025-12-12T07:36:11.5898042Z   java-version: 23
cursor-agent	Setup Java Environment	2025-12-12T07:36:11.5898830Z   java-package: jdk
cursor-agent	Setup Java Environment	2025-12-12T07:36:11.5899618Z   check-latest: false
cursor-agent	Setup Java Environment	2025-12-12T07:36:11.5900421Z   server-id: github
cursor-agent	Setup Java Environment	2025-12-12T07:36:11.5901223Z   server-username: GITHUB_ACTOR
cursor-agent	Setup Java Environment	2025-12-12T07:36:11.5902164Z   server-password: GITHUB_TOKEN
cursor-agent	Setup Java Environment	2025-12-12T07:36:11.5903099Z   overwrite-settings: true
cursor-agent	Setup Java Environment	2025-12-12T07:36:11.5903970Z   job-status: success
cursor-agent	Setup Java Environment	2025-12-12T07:36:11.5905181Z   token: ***
cursor-agent	Setup Java Environment	2025-12-12T07:36:11.5905935Z ##[endgroup]
cursor-agent	Setup Java Environment	2025-12-12T07:36:11.7885294Z ##[group]Installed distributions
cursor-agent	Setup Java Environment	2025-12-12T07:36:11.7966617Z Trying to resolve the latest version from remote
cursor-agent	Setup Java Environment	2025-12-12T07:36:12.2903962Z Resolved latest version as 23.0.2+7
cursor-agent	Setup Java Environment	2025-12-12T07:36:12.2905504Z Trying to download...
cursor-agent	Setup Java Environment	2025-12-12T07:36:12.2908350Z Downloading Java 23.0.2+7 (Temurin-Hotspot) from https://github.com/adoptium/temurin23-binaries/releases/download/jdk-23.0.2%2B7/OpenJDK23U-jdk_x64_linux_hotspot_23.0.2_7.tar.gz ...
cursor-agent	Setup Java Environment	2025-12-12T07:36:13.5664417Z Extracting Java archive...
cursor-agent	Setup Java Environment	2025-12-12T07:36:13.5760784Z [command]/usr/bin/tar xz --warning=no-unknown-keyword --overwrite -C /home/runner/work/_temp/bb10b13f-f924-41bc-9bef-358303672fef -f /home/runner/work/_temp/78d82e38-30a9-4350-a3a0-560e595ae906
cursor-agent	Setup Java Environment	2025-12-12T07:36:16.3155700Z Java 23.0.2+7 was downloaded
cursor-agent	Setup Java Environment	2025-12-12T07:36:16.3163232Z Setting Java 23.0.2+7 as the default
cursor-agent	Setup Java Environment	2025-12-12T07:36:16.3167436Z Creating toolchains.xml for JDK version 23 from temurin
cursor-agent	Setup Java Environment	2025-12-12T07:36:16.3246057Z Writing to /home/runner/.m2/toolchains.xml
cursor-agent	Setup Java Environment	2025-12-12T07:36:16.3248126Z 
cursor-agent	Setup Java Environment	2025-12-12T07:36:16.3248717Z Java configuration:
cursor-agent	Setup Java Environment	2025-12-12T07:36:16.3249512Z   Distribution: temurin
cursor-agent	Setup Java Environment	2025-12-12T07:36:16.3250211Z   Version: 23.0.2+7
cursor-agent	Setup Java Environment	2025-12-12T07:36:16.3250835Z   Path: /opt/hostedtoolcache/Java_Temurin-Hotspot_jdk/23.0.2-7/x64
cursor-agent	Setup Java Environment	2025-12-12T07:36:16.3251365Z 
cursor-agent	Setup Java Environment	2025-12-12T07:36:16.3251873Z ##[endgroup]
cursor-agent	Setup Java Environment	2025-12-12T07:36:16.3271000Z Creating settings.xml with server-id: github
cursor-agent	Setup Java Environment	2025-12-12T07:36:16.3271611Z Writing to /home/runner/.m2/settings.xml
cursor-agent	Install Cursor CLI	Ôªø2025-12-12T07:36:16.3405823Z ##[group]Run echo "Installing Cursor CLI..."
cursor-agent	Install Cursor CLI	2025-12-12T07:36:16.3406211Z [36;1mecho "Installing Cursor CLI..."[0m
cursor-agent	Install Cursor CLI	2025-12-12T07:36:16.3406544Z [36;1mcurl https://cursor.com/install -fsS | bash[0m
cursor-agent	Install Cursor CLI	2025-12-12T07:36:16.3406835Z [36;1m[0m
cursor-agent	Install Cursor CLI	2025-12-12T07:36:16.3407061Z [36;1mecho "Checking installation locations..."[0m
cursor-agent	Install Cursor CLI	2025-12-12T07:36:16.3407410Z [36;1mls -la "$HOME/.cursor/" || echo "No .cursor directory"[0m
cursor-agent	Install Cursor CLI	2025-12-12T07:36:16.3407790Z [36;1mls -la "$HOME/.cursor/bin/" || echo "No .cursor/bin directory"[0m
cursor-agent	Install Cursor CLI	2025-12-12T07:36:16.3408207Z [36;1mls -la "$HOME/.local/bin/" || echo "No .local/bin directory"[0m
cursor-agent	Install Cursor CLI	2025-12-12T07:36:16.3408537Z [36;1m[0m
cursor-agent	Install Cursor CLI	2025-12-12T07:36:16.3408798Z [36;1m# Cursor CLI installs to ~/.local/bin, not ~/.cursor/bin[0m
cursor-agent	Install Cursor CLI	2025-12-12T07:36:16.3409140Z [36;1mecho "$HOME/.local/bin" >> $GITHUB_PATH[0m
cursor-agent	Install Cursor CLI	2025-12-12T07:36:16.3409406Z [36;1m[0m
cursor-agent	Install Cursor CLI	2025-12-12T07:36:16.3409594Z [36;1m# Test installation[0m
cursor-agent	Install Cursor CLI	2025-12-12T07:36:16.3409861Z [36;1mexport PATH="$HOME/.local/bin:$PATH"[0m
cursor-agent	Install Cursor CLI	2025-12-12T07:36:16.3410203Z [36;1mif command -v cursor-agent; then[0m
cursor-agent	Install Cursor CLI	2025-12-12T07:36:16.3410550Z [36;1m  echo "‚úÖ cursor-agent found at: $(command -v cursor-agent)"[0m
cursor-agent	Install Cursor CLI	2025-12-12T07:36:16.3410957Z [36;1m  cursor-agent --version 2>&1 || echo "Version check failed"[0m
cursor-agent	Install Cursor CLI	2025-12-12T07:36:16.3411285Z [36;1melse[0m
cursor-agent	Install Cursor CLI	2025-12-12T07:36:16.3411527Z [36;1m  echo "‚ùå cursor-agent not found after installation"[0m
cursor-agent	Install Cursor CLI	2025-12-12T07:36:16.3411858Z [36;1m  echo "Available files in .local/bin:"[0m
cursor-agent	Install Cursor CLI	2025-12-12T07:36:16.3412437Z [36;1m  ls -la "$HOME/.local/bin/" 2>/dev/null || echo "Directory does not exist"[0m
cursor-agent	Install Cursor CLI	2025-12-12T07:36:16.3412779Z [36;1mfi[0m
cursor-agent	Install Cursor CLI	2025-12-12T07:36:16.3449195Z shell: /usr/bin/bash -e {0}
cursor-agent	Install Cursor CLI	2025-12-12T07:36:16.3449465Z env:
cursor-agent	Install Cursor CLI	2025-12-12T07:36:16.3449782Z   JAVA_HOME: /opt/hostedtoolcache/Java_Temurin-Hotspot_jdk/23.0.2-7/x64
cursor-agent	Install Cursor CLI	2025-12-12T07:36:16.3450272Z   JAVA_HOME_23_X64: /opt/hostedtoolcache/Java_Temurin-Hotspot_jdk/23.0.2-7/x64
cursor-agent	Install Cursor CLI	2025-12-12T07:36:16.3450629Z ##[endgroup]
cursor-agent	Install Cursor CLI	2025-12-12T07:36:16.3504642Z Installing Cursor CLI...
cursor-agent	Install Cursor CLI	2025-12-12T07:36:16.5466003Z 
cursor-agent	Install Cursor CLI	2025-12-12T07:36:16.5466674Z [1mCursor Agent Installer[0m
cursor-agent	Install Cursor CLI	2025-12-12T07:36:16.5468019Z 
cursor-agent	Install Cursor CLI	2025-12-12T07:36:16.5470028Z [0;34m‚ñ∏[0m Detecting system architecture...
cursor-agent	Install Cursor CLI	2025-12-12T07:36:16.5497388Z [1A[2K[0;32m‚úì[0m Detected linux/x64
cursor-agent	Install Cursor CLI	2025-12-12T07:36:16.5498036Z [0;34m‚ñ∏[0m Creating installation directory...
cursor-agent	Install Cursor CLI	2025-12-12T07:36:16.5524879Z [1A[2K[0;32m‚úì[0m Directory created
cursor-agent	Install Cursor CLI	2025-12-12T07:36:16.5525567Z [0;34m‚ñ∏[0m Downloading Cursor Agent package...
cursor-agent	Install Cursor CLI	2025-12-12T07:36:16.5526933Z [2m  Download URL: https://downloads.cursor.com/lab/2025.11.25-d5b3271/linux/x64/agent-cli-package.tar.gz[0m
cursor-agent	Install Cursor CLI	2025-12-12T07:36:16.7663129Z #=#=#                                                                          
cursor-agent	Install Cursor CLI	2025-12-12T07:36:16.7663569Z 
cursor-agent	Install Cursor CLI	2025-12-12T07:36:17.0262816Z                                                                            0.6%
cursor-agent	Install Cursor CLI	2025-12-12T07:36:17.2294614Z ##############                                                            19.9%
cursor-agent	Install Cursor CLI	2025-12-12T07:36:17.4371534Z ###########################                                               37.8%
cursor-agent	Install Cursor CLI	2025-12-12T07:36:17.6425006Z #######################################                                   55.5%
cursor-agent	Install Cursor CLI	2025-12-12T07:36:17.9192855Z ####################################################                      73.4%
cursor-agent	Install Cursor CLI	2025-12-12T07:36:18.0381414Z #################################################################         91.3%
cursor-agent	Install Cursor CLI	2025-12-12T07:36:18.0382106Z ######################################################################## 100.0%
cursor-agent	Install Cursor CLI	2025-12-12T07:36:18.0441246Z [1A[2K[1A[2K[1A[2K[1A[2K[0;32m‚úì[0m Package downloaded and extracted
cursor-agent	Install Cursor CLI	2025-12-12T07:36:18.0441700Z [0;34m‚ñ∏[0m Finalizing installation...
cursor-agent	Install Cursor CLI	2025-12-12T07:36:18.0469699Z [1A[2K[0;32m‚úì[0m Package installed successfully
cursor-agent	Install Cursor CLI	2025-12-12T07:36:18.0470454Z [0;34m‚ñ∏[0m Creating bin directory...
cursor-agent	Install Cursor CLI	2025-12-12T07:36:18.0484310Z [1A[2K[0;32m‚úì[0m Bin directory ready
cursor-agent	Install Cursor CLI	2025-12-12T07:36:18.0485039Z [0;34m‚ñ∏[0m Creating symlink to cursor-agent executable...
cursor-agent	Install Cursor CLI	2025-12-12T07:36:18.0506053Z [1A[2K[0;32m‚úì[0m Symlink created
cursor-agent	Install Cursor CLI	2025-12-12T07:36:18.0506380Z 
cursor-agent	Install Cursor CLI	2025-12-12T07:36:18.0507124Z [1m[0;32m‚ú® Installation Complete! [0m
cursor-agent	Install Cursor CLI	2025-12-12T07:36:18.0507457Z 
cursor-agent	Install Cursor CLI	2025-12-12T07:36:18.0507466Z 
cursor-agent	Install Cursor CLI	2025-12-12T07:36:18.0522342Z [1mNext Steps[0m
cursor-agent	Install Cursor CLI	2025-12-12T07:36:18.0522582Z 
cursor-agent	Install Cursor CLI	2025-12-12T07:36:18.0522831Z [1m1.[0m Add ~/.local/bin to your PATH:
cursor-agent	Install Cursor CLI	2025-12-12T07:36:18.0525336Z    [2mFor bash:[0m
cursor-agent	Install Cursor CLI	2025-12-12T07:36:18.0526308Z    [1m[0;34mecho 'export PATH="$HOME/.local/bin:$PATH"' >> ~/.bashrc[0m
cursor-agent	Install Cursor CLI	2025-12-12T07:36:18.0527077Z    [1m[0;34msource ~/.bashrc[0m
cursor-agent	Install Cursor CLI	2025-12-12T07:36:18.0527375Z 
cursor-agent	Install Cursor CLI	2025-12-12T07:36:18.0530925Z [1m2.[0m Start using Cursor Agent:
cursor-agent	Install Cursor CLI	2025-12-12T07:36:18.0531460Z    [1mcursor-agent[0m
cursor-agent	Install Cursor CLI	2025-12-12T07:36:18.0531705Z 
cursor-agent	Install Cursor CLI	2025-12-12T07:36:18.0531714Z 
cursor-agent	Install Cursor CLI	2025-12-12T07:36:18.0533060Z [1m[0;36mHappy coding! üöÄ[0m
cursor-agent	Install Cursor CLI	2025-12-12T07:36:18.0533356Z 
cursor-agent	Install Cursor CLI	2025-12-12T07:36:18.0548383Z Checking installation locations...
cursor-agent	Install Cursor CLI	2025-12-12T07:36:18.0559227Z ls: cannot access '/home/runner/.cursor/': No such file or directory
cursor-agent	Install Cursor CLI	2025-12-12T07:36:18.0560986Z No .cursor directory
cursor-agent	Install Cursor CLI	2025-12-12T07:36:18.0570944Z ls: cannot access '/home/runner/.cursor/bin/': No such file or directory
cursor-agent	Install Cursor CLI	2025-12-12T07:36:18.0573105Z No .cursor/bin directory
cursor-agent	Install Cursor CLI	2025-12-12T07:36:18.0585509Z total 12
cursor-agent	Install Cursor CLI	2025-12-12T07:36:18.0585890Z drwxr-xr-x 2 runner runner 4096 Dec 12 07:36 .
cursor-agent	Install Cursor CLI	2025-12-12T07:36:18.0586392Z drwxr-xr-x 4 runner runner 4096 Dec 12 07:36 ..
cursor-agent	Install Cursor CLI	2025-12-12T07:36:18.0587110Z lrwxrwxrwx 1 runner runner   79 Dec 12 07:36 cursor-agent -> /home/runner/.local/share/cursor-agent/versions/2025.11.25-d5b3271/cursor-agent
cursor-agent	Install Cursor CLI	2025-12-12T07:36:18.0589550Z /home/runner/.local/bin/cursor-agent
cursor-agent	Install Cursor CLI	2025-12-12T07:36:18.0596216Z ‚úÖ cursor-agent found at: /home/runner/.local/bin/cursor-agent
cursor-agent	Install Cursor CLI	2025-12-12T07:36:18.4134209Z 2025.11.25-d5b3271
cursor-agent	Install DMTools CLI	Ôªø2025-12-12T07:36:18.4258654Z ##[group]Run curl -fsSL https://github.com/IstiN/dmtools/releases/latest/download/install.sh | bash
cursor-agent	Install DMTools CLI	2025-12-12T07:36:18.4259377Z [36;1mcurl -fsSL https://github.com/IstiN/dmtools/releases/latest/download/install.sh | bash[0m
cursor-agent	Install DMTools CLI	2025-12-12T07:36:18.4259853Z [36;1mecho "$HOME/.dmtools/bin" >> $GITHUB_PATH[0m
cursor-agent	Install DMTools CLI	2025-12-12T07:36:18.4293060Z shell: /usr/bin/bash -e {0}
cursor-agent	Install DMTools CLI	2025-12-12T07:36:18.4293301Z env:
cursor-agent	Install DMTools CLI	2025-12-12T07:36:18.4293596Z   JAVA_HOME: /opt/hostedtoolcache/Java_Temurin-Hotspot_jdk/23.0.2-7/x64
cursor-agent	Install DMTools CLI	2025-12-12T07:36:18.4294270Z   JAVA_HOME_23_X64: /opt/hostedtoolcache/Java_Temurin-Hotspot_jdk/23.0.2-7/x64
cursor-agent	Install DMTools CLI	2025-12-12T07:36:18.4294635Z ##[endgroup]
cursor-agent	Install DMTools CLI	2025-12-12T07:36:18.7198764Z [0;32müöÄ Installing DMTools CLI...[0m
cursor-agent	Install DMTools CLI	2025-12-12T07:36:18.7199368Z [0;34mChecking Java installation...[0m
cursor-agent	Install DMTools CLI	2025-12-12T07:36:18.7513940Z [0;32mJava version detected: 23.0.2[0m
cursor-agent	Install DMTools CLI	2025-12-12T07:36:18.7516502Z [0;34mFetching latest release information...[0m
cursor-agent	Install DMTools CLI	2025-12-12T07:36:18.9504107Z [0;32mLatest version: v1.7.100[0m
cursor-agent	Install DMTools CLI	2025-12-12T07:36:18.9505019Z [0;34mCreating installation directory...[0m
cursor-agent	Install DMTools CLI	2025-12-12T07:36:18.9528980Z [0;34mDownloading DMTools JAR...[0m
cursor-agent	Install DMTools CLI	2025-12-12T07:36:20.0597370Z [0;34mDownloading DMTools shell script...[0m
cursor-agent	Install DMTools CLI	2025-12-12T07:36:20.4279292Z [0;34mUpdating shell configuration...[0m
cursor-agent	Install DMTools CLI	2025-12-12T07:36:20.4297316Z [0;32mUpdated /home/runner/.bashrc[0m
cursor-agent	Install DMTools CLI	2025-12-12T07:36:20.4371601Z [0;32mUpdated /home/runner/.bash_profile[0m
cursor-agent	Install DMTools CLI	2025-12-12T07:36:20.4387666Z [0;32mUpdated /home/runner/.profile[0m
cursor-agent	Install DMTools CLI	2025-12-12T07:36:20.4388258Z [0;34mVerifying installation...[0m
cursor-agent	Install DMTools CLI	2025-12-12T07:36:21.2621090Z [0;32mDMTools CLI installed successfully![0m
cursor-agent	Install DMTools CLI	2025-12-12T07:36:21.2621557Z 
cursor-agent	Install DMTools CLI	2025-12-12T07:36:21.2621984Z [0;32müéâ DMTools CLI installation completed![0m
cursor-agent	Install DMTools CLI	2025-12-12T07:36:21.2622365Z 
cursor-agent	Install DMTools CLI	2025-12-12T07:36:21.2622518Z To get started:
cursor-agent	Install DMTools CLI	2025-12-12T07:36:21.2622972Z   1. Restart your shell or run: source ~/.zshrc (or ~/.bashrc)
cursor-agent	Install DMTools CLI	2025-12-12T07:36:21.2623499Z   2. Run: dmtools list
cursor-agent	Install DMTools CLI	2025-12-12T07:36:21.2623952Z   3. Set up your integrations with environment variables:
cursor-agent	Install DMTools CLI	2025-12-12T07:36:21.2624772Z      export DMTOOLS_INTEGRATIONS=jira,confluence,figma
cursor-agent	Install DMTools CLI	2025-12-12T07:36:21.2625345Z      export JIRA_EMAIL=your-email@domain.com
cursor-agent	Install DMTools CLI	2025-12-12T07:36:21.2625891Z      export JIRA_API_TOKEN=your-jira-api-token
cursor-agent	Install DMTools CLI	2025-12-12T07:36:21.2626512Z      export JIRA_BASE_PATH=https://your-domain.atlassian.net
cursor-agent	Install DMTools CLI	2025-12-12T07:36:21.2626960Z 
cursor-agent	Install DMTools CLI	2025-12-12T07:36:21.2627122Z System Requirements:
cursor-agent	Install DMTools CLI	2025-12-12T07:36:21.2919467Z   ‚úì Java 23.0.2 detected
cursor-agent	Install DMTools CLI	2025-12-12T07:36:21.2919829Z 
cursor-agent	Install DMTools CLI	2025-12-12T07:36:21.2920127Z For more information, visit: https://github.com/IstiN/dmtools
cursor-agent	Verify DMTools and Cursor Installation	Ôªø2025-12-12T07:36:21.2961310Z ##[group]Run echo "Verifying installations..."
cursor-agent	Verify DMTools and Cursor Installation	2025-12-12T07:36:21.2961961Z [36;1mecho "Verifying installations..."[0m
cursor-agent	Verify DMTools and Cursor Installation	2025-12-12T07:36:21.2962569Z [36;1mexport PATH="$HOME/.local/bin:$HOME/.dmtools/bin:$PATH"[0m
cursor-agent	Verify DMTools and Cursor Installation	2025-12-12T07:36:21.2963132Z [36;1m[0m
cursor-agent	Verify DMTools and Cursor Installation	2025-12-12T07:36:21.2963463Z [36;1mecho "DMTools version:"[0m
cursor-agent	Verify DMTools and Cursor Installation	2025-12-12T07:36:21.2964504Z [36;1mdmtools --version || echo "‚ö†Ô∏è dmtools not found"[0m
cursor-agent	Verify DMTools and Cursor Installation	2025-12-12T07:36:21.2965093Z [36;1m[0m
cursor-agent	Verify DMTools and Cursor Installation	2025-12-12T07:36:21.2965469Z [36;1mecho "Cursor Agent version:"[0m
cursor-agent	Verify DMTools and Cursor Installation	2025-12-12T07:36:21.2966019Z [36;1mcursor-agent --version || echo "‚ö†Ô∏è cursor-agent not found"[0m
cursor-agent	Verify DMTools and Cursor Installation	2025-12-12T07:36:21.2966619Z [36;1m[0m
cursor-agent	Verify DMTools and Cursor Installation	2025-12-12T07:36:21.2966995Z [36;1mecho "PATH: $PATH"[0m
cursor-agent	Verify DMTools and Cursor Installation	2025-12-12T07:36:21.3013612Z shell: /usr/bin/bash -e {0}
cursor-agent	Verify DMTools and Cursor Installation	2025-12-12T07:36:21.3014313Z env:
cursor-agent	Verify DMTools and Cursor Installation	2025-12-12T07:36:21.3014887Z   JAVA_HOME: /opt/hostedtoolcache/Java_Temurin-Hotspot_jdk/23.0.2-7/x64
cursor-agent	Verify DMTools and Cursor Installation	2025-12-12T07:36:21.3015707Z   JAVA_HOME_23_X64: /opt/hostedtoolcache/Java_Temurin-Hotspot_jdk/23.0.2-7/x64
cursor-agent	Verify DMTools and Cursor Installation	2025-12-12T07:36:21.3016386Z ##[endgroup]
cursor-agent	Verify DMTools and Cursor Installation	2025-12-12T07:36:21.3080322Z Verifying installations...
cursor-agent	Verify DMTools and Cursor Installation	2025-12-12T07:36:21.3080741Z DMTools version:
cursor-agent	Verify DMTools and Cursor Installation	2025-12-12T07:36:21.8524421Z DMTools 1.7.100
cursor-agent	Verify DMTools and Cursor Installation	2025-12-12T07:36:21.8525157Z A comprehensive development management toolkit
cursor-agent	Verify DMTools and Cursor Installation	2025-12-12T07:36:21.8603865Z Cursor Agent version:
cursor-agent	Verify DMTools and Cursor Installation	2025-12-12T07:36:22.2160797Z 2025.11.25-d5b3271
cursor-agent	Verify DMTools and Cursor Installation	2025-12-12T07:36:22.2259386Z PATH: /home/runner/.local/bin:/home/runner/.dmtools/bin:/home/runner/.dmtools/bin:/home/runner/.local/bin:/opt/hostedtoolcache/Java_Temurin-Hotspot_jdk/23.0.2-7/x64/bin:/snap/bin:/home/runner/.local/bin:/opt/pipx_bin:/home/runner/.cargo/bin:/home/runner/.config/composer/vendor/bin:/usr/local/.ghcup/bin:/home/runner/.dotnet/tools:/usr/local/sbin:/usr/local/bin:/usr/sbin:/usr/bin:/sbin:/bin:/usr/games:/usr/local/games:/snap/bin
cursor-agent	Prepare Environment Variables	Ôªø2025-12-12T07:36:22.2287338Z ##[group]Run CONFIG_FILE="agents/test_agent.json"
cursor-agent	Prepare Environment Variables	2025-12-12T07:36:22.2287717Z [36;1mCONFIG_FILE="agents/test_agent.json"[0m
cursor-agent	Prepare Environment Variables	2025-12-12T07:36:22.2287979Z [36;1m[0m
cursor-agent	Prepare Environment Variables	2025-12-12T07:36:22.2288169Z [36;1m# Check if this is test_agent[0m
cursor-agent	Prepare Environment Variables	2025-12-12T07:36:22.2288488Z [36;1mif [[ "${CONFIG_FILE}" == *"test_agent.json"* ]]; then[0m
cursor-agent	Prepare Environment Variables	2025-12-12T07:36:22.2288821Z [36;1m  echo "is_test_agent=true" >> $GITHUB_OUTPUT[0m
cursor-agent	Prepare Environment Variables	2025-12-12T07:36:22.2289169Z [36;1m  echo "dmtools_integrations=cli,file" >> $GITHUB_OUTPUT[0m
cursor-agent	Prepare Environment Variables	2025-12-12T07:36:22.2289591Z [36;1m  echo "Test agent detected - will disable Jira/Confluence integrations"[0m
cursor-agent	Prepare Environment Variables	2025-12-12T07:36:22.2289944Z [36;1melse[0m
cursor-agent	Prepare Environment Variables	2025-12-12T07:36:22.2290168Z [36;1m  echo "is_test_agent=false" >> $GITHUB_OUTPUT[0m
cursor-agent	Prepare Environment Variables	2025-12-12T07:36:22.2290589Z [36;1m  echo "dmtools_integrations=jira,confluence,figma,ai,cli,file" >> $GITHUB_OUTPUT[0m
cursor-agent	Prepare Environment Variables	2025-12-12T07:36:22.2290969Z [36;1mfi[0m
cursor-agent	Prepare Environment Variables	2025-12-12T07:36:22.2324617Z shell: /usr/bin/bash -e {0}
cursor-agent	Prepare Environment Variables	2025-12-12T07:36:22.2324860Z env:
cursor-agent	Prepare Environment Variables	2025-12-12T07:36:22.2325184Z   JAVA_HOME: /opt/hostedtoolcache/Java_Temurin-Hotspot_jdk/23.0.2-7/x64
cursor-agent	Prepare Environment Variables	2025-12-12T07:36:22.2325640Z   JAVA_HOME_23_X64: /opt/hostedtoolcache/Java_Temurin-Hotspot_jdk/23.0.2-7/x64
cursor-agent	Prepare Environment Variables	2025-12-12T07:36:22.2326012Z ##[endgroup]
cursor-agent	Prepare Environment Variables	2025-12-12T07:36:22.2376107Z Test agent detected - will disable Jira/Confluence integrations
cursor-agent	Run AI Teammate	Ôªø2025-12-12T07:36:22.2445031Z ##[group]Run CONFIG_FILE="agents/test_agent.json"
cursor-agent	Run AI Teammate	2025-12-12T07:36:22.2445842Z [36;1mCONFIG_FILE="agents/test_agent.json"[0m
cursor-agent	Run AI Teammate	2025-12-12T07:36:22.2446126Z [36;1mENCODED_CONFIG=""[0m
cursor-agent	Run AI Teammate	2025-12-12T07:36:22.2446346Z [36;1m[0m
cursor-agent	Run AI Teammate	2025-12-12T07:36:22.2446607Z [36;1m# ‚úÖ CRITICAL: Export PATH to ensure dmtools is available[0m
cursor-agent	Run AI Teammate	2025-12-12T07:36:22.2446998Z [36;1mexport PATH="$HOME/.local/bin:$HOME/.dmtools/bin:$PATH"[0m
cursor-agent	Run AI Teammate	2025-12-12T07:36:22.2447305Z [36;1m[0m
cursor-agent	Run AI Teammate	2025-12-12T07:36:22.2447656Z [36;1m# ‚úÖ CRITICAL: Explicitly export DMTOOLS_INTEGRATIONS to ensure it's available to dmtools[0m
cursor-agent	Run AI Teammate	2025-12-12T07:36:22.2448126Z [36;1mexport DMTOOLS_INTEGRATIONS="cli,file"[0m
cursor-agent	Run AI Teammate	2025-12-12T07:36:22.2448401Z [36;1m[0m
cursor-agent	Run AI Teammate	2025-12-12T07:36:22.2448617Z [36;1mecho "Using configuration: ${CONFIG_FILE}"[0m
cursor-agent	Run AI Teammate	2025-12-12T07:36:22.2448888Z [36;1m[0m
cursor-agent	Run AI Teammate	2025-12-12T07:36:22.2449112Z [36;1m# ‚úÖ Verify dmtools is available before proceeding[0m
cursor-agent	Run AI Teammate	2025-12-12T07:36:22.2449464Z [36;1mecho "=== Verifying dmtools installation ==="[0m
cursor-agent	Run AI Teammate	2025-12-12T07:36:22.2449818Z [36;1mif ! command -v dmtools >/dev/null 2>&1; then[0m
cursor-agent	Run AI Teammate	2025-12-12T07:36:22.2450124Z [36;1m  echo "‚ùå dmtools command not found in PATH"[0m
cursor-agent	Run AI Teammate	2025-12-12T07:36:22.2450412Z [36;1m  echo "Current PATH: $PATH"[0m
cursor-agent	Run AI Teammate	2025-12-12T07:36:22.2450694Z [36;1m  echo "Checking installation locations:"[0m
cursor-agent	Run AI Teammate	2025-12-12T07:36:22.2451100Z [36;1m  ls -la "$HOME/.dmtools/bin/" 2>/dev/null || echo "  $HOME/.dmtools/bin/ does not exist"[0m
cursor-agent	Run AI Teammate	2025-12-12T07:36:22.2451584Z [36;1m  ls -la "$HOME/.local/bin/" 2>/dev/null || echo "  $HOME/.local/bin/ does not exist"[0m
cursor-agent	Run AI Teammate	2025-12-12T07:36:22.2451961Z [36;1m  echo "Trying to find dmtools:"[0m
cursor-agent	Run AI Teammate	2025-12-12T07:36:22.2452372Z [36;1m  find "$HOME" -name "dmtools" -type f 2>/dev/null | head -5 || echo "  dmtools not found in $HOME"[0m
cursor-agent	Run AI Teammate	2025-12-12T07:36:22.2452762Z [36;1m  exit 1[0m
cursor-agent	Run AI Teammate	2025-12-12T07:36:22.2452939Z [36;1mfi[0m
cursor-agent	Run AI Teammate	2025-12-12T07:36:22.2453359Z [36;1mecho "‚úÖ dmtools found at: $(command -v dmtools)"[0m
cursor-agent	Run AI Teammate	2025-12-12T07:36:22.2453763Z [36;1mdmtools --version || echo "‚ö†Ô∏è Version check failed, but continuing..."[0m
cursor-agent	Run AI Teammate	2025-12-12T07:36:22.2454506Z [36;1mecho "======================================"[0m
cursor-agent	Run AI Teammate	2025-12-12T07:36:22.2454849Z [36;1mecho ""[0m
cursor-agent	Run AI Teammate	2025-12-12T07:36:22.2455033Z [36;1m[0m
cursor-agent	Run AI Teammate	2025-12-12T07:36:22.2455214Z [36;1m# ‚úÖ Check config file exists[0m
cursor-agent	Run AI Teammate	2025-12-12T07:36:22.2455484Z [36;1mif [ ! -f "${CONFIG_FILE}" ]; then[0m
cursor-agent	Run AI Teammate	2025-12-12T07:36:22.2455790Z [36;1m  echo "‚ùå Config file not found: ${CONFIG_FILE}"[0m
cursor-agent	Run AI Teammate	2025-12-12T07:36:22.2456106Z [36;1m  echo "Available files in agents/:"[0m
cursor-agent	Run AI Teammate	2025-12-12T07:36:22.2456423Z [36;1m  ls -la agents/ || echo "agents/ directory not found"[0m
cursor-agent	Run AI Teammate	2025-12-12T07:36:22.2456710Z [36;1m  exit 1[0m
cursor-agent	Run AI Teammate	2025-12-12T07:36:22.2456894Z [36;1mfi[0m
cursor-agent	Run AI Teammate	2025-12-12T07:36:22.2457060Z [36;1m[0m
cursor-agent	Run AI Teammate	2025-12-12T07:36:22.2457308Z [36;1m# ‚úÖ Ensure config file is writable (fix permission issues)[0m
cursor-agent	Run AI Teammate	2025-12-12T07:36:22.2457814Z [36;1mchmod 644 "${CONFIG_FILE}" || echo "‚ö†Ô∏è Could not change config file permissions (may be read-only)"[0m
cursor-agent	Run AI Teammate	2025-12-12T07:36:22.2458224Z [36;1m[0m
cursor-agent	Run AI Teammate	2025-12-12T07:36:22.2458522Z [36;1m# For test_agent, unset Jira/Confluence env vars to prevent initialization[0m
cursor-agent	Run AI Teammate	2025-12-12T07:36:22.2458899Z [36;1mif [[ "true" == "true" ]]; then[0m
cursor-agent	Run AI Teammate	2025-12-12T07:36:22.2459228Z [36;1m  echo "Test agent detected - unsetting Jira/Confluence env vars"[0m
cursor-agent	Run AI Teammate	2025-12-12T07:36:22.2459636Z [36;1m  # Unset Jira/Confluence env vars to prevent initialization[0m
cursor-agent	Run AI Teammate	2025-12-12T07:36:22.2460037Z [36;1m  unset JIRA_EMAIL JIRA_API_TOKEN JIRA_BASE_PATH JIRA_AUTH_TYPE[0m
cursor-agent	Run AI Teammate	2025-12-12T07:36:22.2460453Z [36;1m  unset JIRA_CLEAR_CACHE JIRA_EXTRA_FIELDS JIRA_EXTRA_FIELDS_PROJECT[0m
cursor-agent	Run AI Teammate	2025-12-12T07:36:22.2460844Z [36;1m  unset JIRA_LOGGING_ENABLED JIRA_WAIT_BEFORE_PERFORM[0m
cursor-agent	Run AI Teammate	2025-12-12T07:36:22.2461240Z [36;1m  unset CONFLUENCE_EMAIL CONFLUENCE_API_TOKEN CONFLUENCE_BASE_PATH[0m
cursor-agent	Run AI Teammate	2025-12-12T07:36:22.2461646Z [36;1m  unset CONFLUENCE_DEFAULT_SPACE CONFLUENCE_GRAPHQL_PATH[0m
cursor-agent	Run AI Teammate	2025-12-12T07:36:22.2462026Z [36;1m  echo "DMTOOLS_INTEGRATIONS: ${DMTOOLS_INTEGRATIONS}"[0m
cursor-agent	Run AI Teammate	2025-12-12T07:36:22.2462531Z [36;1m  echo "Jira/Confluence env vars unset"[0m
cursor-agent	Run AI Teammate	2025-12-12T07:36:22.2462789Z [36;1mfi[0m
cursor-agent	Run AI Teammate	2025-12-12T07:36:22.2462967Z [36;1m[0m
cursor-agent	Run AI Teammate	2025-12-12T07:36:22.2463269Z [36;1m# ‚úÖ Ensure outputs directory exists and is writable with proper permissions[0m
cursor-agent	Run AI Teammate	2025-12-12T07:36:22.2463653Z [36;1mmkdir -p outputs inputs[0m
cursor-agent	Run AI Teammate	2025-12-12T07:36:22.2463911Z [36;1mchmod 755 outputs inputs || true[0m
cursor-agent	Run AI Teammate	2025-12-12T07:36:22.2464390Z [36;1m# Ensure current directory is writable[0m
cursor-agent	Run AI Teammate	2025-12-12T07:36:22.2464654Z [36;1mchmod 755 . || true[0m
cursor-agent	Run AI Teammate	2025-12-12T07:36:22.2464917Z [36;1mecho "Created outputs and inputs directories"[0m
cursor-agent	Run AI Teammate	2025-12-12T07:36:22.2465214Z [36;1mecho "Directory permissions:"[0m
cursor-agent	Run AI Teammate	2025-12-12T07:36:22.2465482Z [36;1mls -ld outputs inputs . || true[0m
cursor-agent	Run AI Teammate	2025-12-12T07:36:22.2465723Z [36;1m[0m
cursor-agent	Run AI Teammate	2025-12-12T07:36:22.2465976Z [36;1m# For test_agent, remove inputJql field to prevent Jira queries[0m
cursor-agent	Run AI Teammate	2025-12-12T07:36:22.2466313Z [36;1mif [[ "true" == "true" ]]; then[0m
cursor-agent	Run AI Teammate	2025-12-12T07:36:22.2466694Z [36;1m  echo "Removing inputJql from test agent config to prevent Jira initialization"[0m
cursor-agent	Run AI Teammate	2025-12-12T07:36:22.2467159Z [36;1m  # Try to modify in place first, fall back to temp file if needed[0m
cursor-agent	Run AI Teammate	2025-12-12T07:36:22.2467501Z [36;1m  TEMP_CONFIG="${CONFIG_FILE}.tmp"[0m
cursor-agent	Run AI Teammate	2025-12-12T07:36:22.2467879Z [36;1m  if jq 'del(.params.inputJql)' "${CONFIG_FILE}" > "${TEMP_CONFIG}" 2>/dev/null; then[0m
cursor-agent	Run AI Teammate	2025-12-12T07:36:22.2468258Z [36;1m    # Try to replace original file[0m
cursor-agent	Run AI Teammate	2025-12-12T07:36:22.2468567Z [36;1m    if mv "${TEMP_CONFIG}" "${CONFIG_FILE}" 2>/dev/null; then[0m
cursor-agent	Run AI Teammate	2025-12-12T07:36:22.2468883Z [36;1m      chmod 644 "${CONFIG_FILE}" || true[0m
cursor-agent	Run AI Teammate	2025-12-12T07:36:22.2469208Z [36;1m      echo "‚úÖ Removed inputJql from config (modified in place)"[0m
cursor-agent	Run AI Teammate	2025-12-12T07:36:22.2469515Z [36;1m    else[0m
cursor-agent	Run AI Teammate	2025-12-12T07:36:22.2469789Z [36;1m      # If mv fails, use temp file and update CONFIG_FILE to absolute path[0m
cursor-agent	Run AI Teammate	2025-12-12T07:36:22.2470322Z [36;1m      echo "‚ö†Ô∏è Could not replace original file, using temp file"[0m
cursor-agent	Run AI Teammate	2025-12-12T07:36:22.2470760Z [36;1m      CONFIG_FILE="$(realpath "${TEMP_CONFIG}" 2>/dev/null || echo "${TEMP_CONFIG}")"[0m
cursor-agent	Run AI Teammate	2025-12-12T07:36:22.2471139Z [36;1m      chmod 644 "${CONFIG_FILE}" || true[0m
cursor-agent	Run AI Teammate	2025-12-12T07:36:22.2471430Z [36;1m      echo "Using config file: ${CONFIG_FILE}"[0m
cursor-agent	Run AI Teammate	2025-12-12T07:36:22.2471690Z [36;1m    fi[0m
cursor-agent	Run AI Teammate	2025-12-12T07:36:22.2471891Z [36;1m    echo "Updated config:"[0m
cursor-agent	Run AI Teammate	2025-12-12T07:36:22.2472185Z [36;1m    cat "${CONFIG_FILE}" | jq '.' || cat "${CONFIG_FILE}"[0m
cursor-agent	Run AI Teammate	2025-12-12T07:36:22.2472474Z [36;1m  else[0m
cursor-agent	Run AI Teammate	2025-12-12T07:36:22.2472741Z [36;1m    echo "‚ö†Ô∏è Failed to remove inputJql (may not exist or jq error)"[0m
cursor-agent	Run AI Teammate	2025-12-12T07:36:22.2473071Z [36;1m    rm -f "${TEMP_CONFIG}"[0m
cursor-agent	Run AI Teammate	2025-12-12T07:36:22.2473301Z [36;1m  fi[0m
cursor-agent	Run AI Teammate	2025-12-12T07:36:22.2473468Z [36;1m  [0m
cursor-agent	Run AI Teammate	2025-12-12T07:36:22.2473794Z [36;1m  # Ensure GEMINI_API_KEY is set (even if empty) for test agent to prevent validation errors[0m
cursor-agent	Run AI Teammate	2025-12-12T07:36:22.2474470Z [36;1m  # Some dmtools components may require this env var to be present[0m
cursor-agent	Run AI Teammate	2025-12-12T07:36:22.2474855Z [36;1m  export GEMINI_API_KEY="${GEMINI_API_KEY:-}"[0m
cursor-agent	Run AI Teammate	2025-12-12T07:36:22.2475208Z [36;1m  echo "GEMINI_API_KEY is set (may be empty for test agent)"[0m
cursor-agent	Run AI Teammate	2025-12-12T07:36:22.2475505Z [36;1mfi[0m
cursor-agent	Run AI Teammate	2025-12-12T07:36:22.2475667Z [36;1m[0m
cursor-agent	Run AI Teammate	2025-12-12T07:36:22.2475894Z [36;1m# ‚úÖ Ensure CONFIG_FILE is absolute path for dmtools[0m
cursor-agent	Run AI Teammate	2025-12-12T07:36:22.2476305Z [36;1mCONFIG_FILE="$(realpath "${CONFIG_FILE}" 2>/dev/null || echo "${CONFIG_FILE}")"[0m
cursor-agent	Run AI Teammate	2025-12-12T07:36:22.2476706Z [36;1mecho "Final config file path: ${CONFIG_FILE}"[0m
cursor-agent	Run AI Teammate	2025-12-12T07:36:22.2476971Z [36;1m[0m
cursor-agent	Run AI Teammate	2025-12-12T07:36:22.2477245Z [36;1m# ‚úÖ Final permission and accessibility checks before running dmtools[0m
cursor-agent	Run AI Teammate	2025-12-12T07:36:22.2477583Z [36;1mecho ""[0m
cursor-agent	Run AI Teammate	2025-12-12T07:36:22.2477786Z [36;1mecho "=== Pre-flight checks ==="[0m
cursor-agent	Run AI Teammate	2025-12-12T07:36:22.2478064Z [36;1mif [ ! -f "${CONFIG_FILE}" ]; then[0m
cursor-agent	Run AI Teammate	2025-12-12T07:36:22.2478372Z [36;1m  echo "‚ùå Config file does not exist: ${CONFIG_FILE}"[0m
cursor-agent	Run AI Teammate	2025-12-12T07:36:22.2478798Z [36;1m  exit 1[0m
cursor-agent	Run AI Teammate	2025-12-12T07:36:22.2478980Z [36;1mfi[0m
cursor-agent	Run AI Teammate	2025-12-12T07:36:22.2479169Z [36;1mif [ ! -r "${CONFIG_FILE}" ]; then[0m
cursor-agent	Run AI Teammate	2025-12-12T07:36:22.2479467Z [36;1m  echo "‚ùå Config file is not readable: ${CONFIG_FILE}"[0m
cursor-agent	Run AI Teammate	2025-12-12T07:36:22.2479759Z [36;1m  exit 1[0m
cursor-agent	Run AI Teammate	2025-12-12T07:36:22.2479939Z [36;1mfi[0m
cursor-agent	Run AI Teammate	2025-12-12T07:36:22.2480151Z [36;1mecho "‚úÖ Config file exists and is readable"[0m
cursor-agent	Run AI Teammate	2025-12-12T07:36:22.2480416Z [36;1m[0m
cursor-agent	Run AI Teammate	2025-12-12T07:36:22.2480673Z [36;1mif [ ! -d "outputs" ]; then[0m
cursor-agent	Run AI Teammate	2025-12-12T07:36:22.2480966Z [36;1m  echo "‚ùå Outputs directory does not exist"[0m
cursor-agent	Run AI Teammate	2025-12-12T07:36:22.2481225Z [36;1m  exit 1[0m
cursor-agent	Run AI Teammate	2025-12-12T07:36:22.2481411Z [36;1mfi[0m
cursor-agent	Run AI Teammate	2025-12-12T07:36:22.2481595Z [36;1mif [ ! -w "outputs" ]; then[0m
cursor-agent	Run AI Teammate	2025-12-12T07:36:22.2481869Z [36;1m  echo "‚ùå Outputs directory is not writable"[0m
cursor-agent	Run AI Teammate	2025-12-12T07:36:22.2482168Z [36;1m  chmod 755 outputs || exit 1[0m
cursor-agent	Run AI Teammate	2025-12-12T07:36:22.2482399Z [36;1mfi[0m
cursor-agent	Run AI Teammate	2025-12-12T07:36:22.2482643Z [36;1mecho "‚úÖ Outputs directory exists and is writable"[0m
cursor-agent	Run AI Teammate	2025-12-12T07:36:22.2482943Z [36;1mecho "=========================="[0m
cursor-agent	Run AI Teammate	2025-12-12T07:36:22.2483183Z [36;1mecho ""[0m
cursor-agent	Run AI Teammate	2025-12-12T07:36:22.2483360Z [36;1m[0m
cursor-agent	Run AI Teammate	2025-12-12T07:36:22.2483578Z [36;1m# Validate config file JSON syntax before running[0m
cursor-agent	Run AI Teammate	2025-12-12T07:36:22.2483902Z [36;1mecho "Validating config file JSON syntax..."[0m
cursor-agent	Run AI Teammate	2025-12-12T07:36:22.2484424Z [36;1mif ! jq empty "${CONFIG_FILE}" 2>/dev/null; then[0m
cursor-agent	Run AI Teammate	2025-12-12T07:36:22.2484752Z [36;1m  echo "‚ùå Config file has invalid JSON syntax"[0m
cursor-agent	Run AI Teammate	2025-12-12T07:36:22.2485036Z [36;1m  echo "Config file content:"[0m
cursor-agent	Run AI Teammate	2025-12-12T07:36:22.2485284Z [36;1m  cat "${CONFIG_FILE}"[0m
cursor-agent	Run AI Teammate	2025-12-12T07:36:22.2485506Z [36;1m  exit 1[0m
cursor-agent	Run AI Teammate	2025-12-12T07:36:22.2485680Z [36;1mfi[0m
cursor-agent	Run AI Teammate	2025-12-12T07:36:22.2485865Z [36;1mecho "‚úÖ Config file JSON is valid"[0m
cursor-agent	Run AI Teammate	2025-12-12T07:36:22.2486251Z [36;1m[0m
cursor-agent	Run AI Teammate	2025-12-12T07:36:22.2486450Z [36;1m# Debug: Show environment before running[0m
cursor-agent	Run AI Teammate	2025-12-12T07:36:22.2486770Z [36;1mecho "=== Environment Debug ==="[0m
cursor-agent	Run AI Teammate	2025-12-12T07:36:22.2487082Z [36;1mecho "DMTOOLS_INTEGRATIONS: ${DMTOOLS_INTEGRATIONS}"[0m
cursor-agent	Run AI Teammate	2025-12-12T07:36:22.2487417Z [36;1mecho "JIRA_EMAIL: ${JIRA_EMAIL:-<not set>}"[0m
cursor-agent	Run AI Teammate	2025-12-12T07:36:22.2487736Z [36;1mecho "JIRA_BASE_PATH: ${JIRA_BASE_PATH:-<not set>}"[0m
cursor-agent	Run AI Teammate	2025-12-12T07:36:22.2488036Z [36;1mecho "PATH: $PATH"[0m
cursor-agent	Run AI Teammate	2025-12-12T07:36:22.2488259Z [36;1mecho "========================="[0m
cursor-agent	Run AI Teammate	2025-12-12T07:36:22.2488492Z [36;1m[0m
cursor-agent	Run AI Teammate	2025-12-12T07:36:22.2488697Z [36;1m# Run dmtools with improved error handling[0m
cursor-agent	Run AI Teammate	2025-12-12T07:36:22.2488959Z [36;1mecho ""[0m
cursor-agent	Run AI Teammate	2025-12-12T07:36:22.2489162Z [36;1mecho "=== Running dmtools ==="[0m
cursor-agent	Run AI Teammate	2025-12-12T07:36:22.2489418Z [36;1mecho "Config file: ${CONFIG_FILE}"[0m
cursor-agent	Run AI Teammate	2025-12-12T07:36:22.2489734Z [36;1mecho "DMTOOLS_INTEGRATIONS: ${DMTOOLS_INTEGRATIONS}"[0m
cursor-agent	Run AI Teammate	2025-12-12T07:36:22.2490151Z [36;1mecho "GEMINI_API_KEY: ${GEMINI_API_KEY:+<set>}${GEMINI_API_KEY:-<not set>}"[0m
cursor-agent	Run AI Teammate	2025-12-12T07:36:22.2490520Z [36;1mecho "Working directory: $(pwd)"[0m
cursor-agent	Run AI Teammate	2025-12-12T07:36:22.2490793Z [36;1mecho "Directory permissions:"[0m
cursor-agent	Run AI Teammate	2025-12-12T07:36:22.2491073Z [36;1mls -ld . outputs inputs 2>/dev/null || true[0m
cursor-agent	Run AI Teammate	2025-12-12T07:36:22.2491335Z [36;1m[0m
cursor-agent	Run AI Teammate	2025-12-12T07:36:22.2491570Z [36;1m# ‚úÖ Ensure we have write permissions in current directory[0m
cursor-agent	Run AI Teammate	2025-12-12T07:36:22.2492160Z [36;1mtouch .write-test 2>/dev/null && rm -f .write-test && echo "‚úÖ Current directory is writable" || echo "‚ö†Ô∏è Current directory may not be writable"[0m
cursor-agent	Run AI Teammate	2025-12-12T07:36:22.2492667Z [36;1m[0m
cursor-agent	Run AI Teammate	2025-12-12T07:36:22.2492957Z [36;1m# Run with explicit environment variables to ensure dmtools sees them[0m
cursor-agent	Run AI Teammate	2025-12-12T07:36:22.2493382Z [36;1m# Capture both stdout and stderr, and also save exit code[0m
cursor-agent	Run AI Teammate	2025-12-12T07:36:22.2493809Z [36;1m# Use a reliable method: run command, capture output to file, then display it[0m
cursor-agent	Run AI Teammate	2025-12-12T07:36:22.2494468Z [36;1mset +e  # Don't exit on error, we'll handle it manually[0m
cursor-agent	Run AI Teammate	2025-12-12T07:36:22.2494752Z [36;1m[0m
cursor-agent	Run AI Teammate	2025-12-12T07:36:22.2495073Z [36;1m# Add Java debugging if needed[0m
cursor-agent	Run AI Teammate	2025-12-12T07:36:22.2495449Z [36;1mexport JAVA_OPTS="${JAVA_OPTS} -Djava.util.logging.config.file=/dev/null"[0m
cursor-agent	Run AI Teammate	2025-12-12T07:36:22.2495806Z [36;1m[0m
cursor-agent	Run AI Teammate	2025-12-12T07:36:22.2496004Z [36;1mif [ -n "${ENCODED_CONFIG}" ]; then[0m
cursor-agent	Run AI Teammate	2025-12-12T07:36:22.2496274Z [36;1m  echo "Encoded config provided"[0m
cursor-agent	Run AI Teammate	2025-12-12T07:36:22.2496548Z [36;1m  # Run dmtools and capture all output[0m
cursor-agent	Run AI Teammate	2025-12-12T07:36:22.2496866Z [36;1m  env DMTOOLS_INTEGRATIONS="${DMTOOLS_INTEGRATIONS}" \[0m
cursor-agent	Run AI Teammate	2025-12-12T07:36:22.2497197Z [36;1m      GEMINI_API_KEY="${GEMINI_API_KEY:-}" \[0m
cursor-agent	Run AI Teammate	2025-12-12T07:36:22.2497473Z [36;1m      JAVA_OPTS="${JAVA_OPTS}" \[0m
cursor-agent	Run AI Teammate	2025-12-12T07:36:22.2497839Z [36;1m    dmtools run "${CONFIG_FILE}" "${ENCODED_CONFIG}" > /tmp/dmtools-output.log 2>&1[0m
cursor-agent	Run AI Teammate	2025-12-12T07:36:22.2498203Z [36;1m  EXIT_CODE=$?[0m
cursor-agent	Run AI Teammate	2025-12-12T07:36:22.2498410Z [36;1melse[0m
cursor-agent	Run AI Teammate	2025-12-12T07:36:22.2498596Z [36;1m  echo "No encoded config"[0m
cursor-agent	Run AI Teammate	2025-12-12T07:36:22.2498857Z [36;1m  # Run dmtools and capture all output[0m
cursor-agent	Run AI Teammate	2025-12-12T07:36:22.2499183Z [36;1m  env DMTOOLS_INTEGRATIONS="${DMTOOLS_INTEGRATIONS}" \[0m
cursor-agent	Run AI Teammate	2025-12-12T07:36:22.2499508Z [36;1m      GEMINI_API_KEY="${GEMINI_API_KEY:-}" \[0m
cursor-agent	Run AI Teammate	2025-12-12T07:36:22.2499786Z [36;1m      JAVA_OPTS="${JAVA_OPTS}" \[0m
cursor-agent	Run AI Teammate	2025-12-12T07:36:22.2500106Z [36;1m    dmtools run "${CONFIG_FILE}" > /tmp/dmtools-output.log 2>&1[0m
cursor-agent	Run AI Teammate	2025-12-12T07:36:22.2500425Z [36;1m  EXIT_CODE=$?[0m
cursor-agent	Run AI Teammate	2025-12-12T07:36:22.2500616Z [36;1mfi[0m
cursor-agent	Run AI Teammate	2025-12-12T07:36:22.2500781Z [36;1m[0m
cursor-agent	Run AI Teammate	2025-12-12T07:36:22.2500956Z [36;1m# Display the output[0m
cursor-agent	Run AI Teammate	2025-12-12T07:36:22.2501188Z [36;1mcat /tmp/dmtools-output.log[0m
cursor-agent	Run AI Teammate	2025-12-12T07:36:22.2501421Z [36;1m[0m
cursor-agent	Run AI Teammate	2025-12-12T07:36:22.2501636Z [36;1m# Check for common error patterns in the output[0m
cursor-agent	Run AI Teammate	2025-12-12T07:36:22.2501920Z [36;1mif [ $EXIT_CODE -ne 0 ]; then[0m
cursor-agent	Run AI Teammate	2025-12-12T07:36:22.2502279Z [36;1m  echo ""[0m
cursor-agent	Run AI Teammate	2025-12-12T07:36:22.2502522Z [36;1m  echo "=== Analyzing dmtools output for errors ==="[0m
cursor-agent	Run AI Teammate	2025-12-12T07:36:22.2502993Z [36;1m  if grep -i "exception\|error\|failed\|cannot\|unable" /tmp/dmtools-output.log 2>/dev/null; then[0m
cursor-agent	Run AI Teammate	2025-12-12T07:36:22.2503457Z [36;1m    echo "Found error patterns in output (see above)"[0m
cursor-agent	Run AI Teammate	2025-12-12T07:36:22.2503745Z [36;1m  else[0m
cursor-agent	Run AI Teammate	2025-12-12T07:36:22.2504193Z [36;1m    echo "No obvious error patterns found, but exit code is $EXIT_CODE"[0m
cursor-agent	Run AI Teammate	2025-12-12T07:36:22.2504552Z [36;1m    echo "Last 20 lines of output:"[0m
cursor-agent	Run AI Teammate	2025-12-12T07:36:22.2504938Z [36;1m    tail -20 /tmp/dmtools-output.log 2>/dev/null || echo "Could not read output log"[0m
cursor-agent	Run AI Teammate	2025-12-12T07:36:22.2505304Z [36;1m  fi[0m
cursor-agent	Run AI Teammate	2025-12-12T07:36:22.2505514Z [36;1m  echo "=========================================="[0m
cursor-agent	Run AI Teammate	2025-12-12T07:36:22.2505776Z [36;1mfi[0m
cursor-agent	Run AI Teammate	2025-12-12T07:36:22.2505949Z [36;1m[0m
cursor-agent	Run AI Teammate	2025-12-12T07:36:22.2506138Z [36;1mset -e  # Re-enable exit on error[0m
cursor-agent	Run AI Teammate	2025-12-12T07:36:22.2506381Z [36;1m[0m
cursor-agent	Run AI Teammate	2025-12-12T07:36:22.2506550Z [36;1mecho ""[0m
cursor-agent	Run AI Teammate	2025-12-12T07:36:22.2506805Z [36;1mecho "=== dmtools finished with exit code: $EXIT_CODE ==="[0m
cursor-agent	Run AI Teammate	2025-12-12T07:36:22.2507108Z [36;1m[0m
cursor-agent	Run AI Teammate	2025-12-12T07:36:22.2507331Z [36;1m# Check exit code and provide helpful error message[0m
cursor-agent	Run AI Teammate	2025-12-12T07:36:22.2507624Z [36;1mif [ $EXIT_CODE -ne 0 ]; then[0m
cursor-agent	Run AI Teammate	2025-12-12T07:36:22.2507857Z [36;1m  echo ""[0m
cursor-agent	Run AI Teammate	2025-12-12T07:36:22.2508086Z [36;1m  echo "‚ùå dmtools exited with code: $EXIT_CODE"[0m
cursor-agent	Run AI Teammate	2025-12-12T07:36:22.2508353Z [36;1m  echo ""[0m
cursor-agent	Run AI Teammate	2025-12-12T07:36:22.2508563Z [36;1m  echo "=== Full dmtools output ==="[0m
cursor-agent	Run AI Teammate	2025-12-12T07:36:22.2508938Z [36;1m  cat /tmp/dmtools-output.log 2>/dev/null || echo "Could not read output log"[0m
cursor-agent	Run AI Teammate	2025-12-12T07:36:22.2509316Z [36;1m  echo "=========================="[0m
cursor-agent	Run AI Teammate	2025-12-12T07:36:22.2509552Z [36;1m  echo ""[0m
cursor-agent	Run AI Teammate	2025-12-12T07:36:22.2509758Z [36;1m  echo "=== Permission Checks ==="[0m
cursor-agent	Run AI Teammate	2025-12-12T07:36:22.2510032Z [36;1m  echo "Current directory: $(pwd)"[0m
cursor-agent	Run AI Teammate	2025-12-12T07:36:22.2510323Z [36;1m  echo "Current directory permissions:"[0m
cursor-agent	Run AI Teammate	2025-12-12T07:36:22.2510660Z [36;1m  ls -ld . 2>/dev/null || echo "Could not check current directory"[0m
cursor-agent	Run AI Teammate	2025-12-12T07:36:22.2511092Z [36;1m  echo ""[0m
cursor-agent	Run AI Teammate	2025-12-12T07:36:22.2511305Z [36;1m  echo "Config file permissions:"[0m
cursor-agent	Run AI Teammate	2025-12-12T07:36:22.2511633Z [36;1m  ls -l "${CONFIG_FILE}" 2>/dev/null || echo "Could not check config file"[0m
cursor-agent	Run AI Teammate	2025-12-12T07:36:22.2511954Z [36;1m  echo ""[0m
cursor-agent	Run AI Teammate	2025-12-12T07:36:22.2512167Z [36;1m  echo "Outputs directory permissions:"[0m
cursor-agent	Run AI Teammate	2025-12-12T07:36:22.2512515Z [36;1m  ls -ld outputs 2>/dev/null || echo "Outputs directory does not exist"[0m
cursor-agent	Run AI Teammate	2025-12-12T07:36:22.2512840Z [36;1m  echo ""[0m
cursor-agent	Run AI Teammate	2025-12-12T07:36:22.2513052Z [36;1m  echo "Testing write permissions:"[0m
cursor-agent	Run AI Teammate	2025-12-12T07:36:22.2513576Z [36;1m  touch outputs/.write-test 2>/dev/null && rm -f outputs/.write-test && echo "‚úÖ outputs/ is writable" || echo "‚ùå outputs/ is NOT writable"[0m
cursor-agent	Run AI Teammate	2025-12-12T07:36:22.2514528Z [36;1m  touch .write-test 2>/dev/null && rm -f .write-test && echo "‚úÖ Current directory is writable" || echo "‚ùå Current directory is NOT writable"[0m
cursor-agent	Run AI Teammate	2025-12-12T07:36:22.2515043Z [36;1m  echo "=========================="[0m
cursor-agent	Run AI Teammate	2025-12-12T07:36:22.2515285Z [36;1m  echo ""[0m
cursor-agent	Run AI Teammate	2025-12-12T07:36:22.2515495Z [36;1m  echo "=== Additional Debug Info ==="[0m
cursor-agent	Run AI Teammate	2025-12-12T07:36:22.2515835Z [36;1m  echo "DMTOOLS_INTEGRATIONS value: '${DMTOOLS_INTEGRATIONS}'"[0m
cursor-agent	Run AI Teammate	2025-12-12T07:36:22.2516265Z [36;1m  echo "GEMINI_API_KEY: ${GEMINI_API_KEY:+<set>}${GEMINI_API_KEY:-<not set>}"[0m
cursor-agent	Run AI Teammate	2025-12-12T07:36:22.2516640Z [36;1m  echo "Config file path: ${CONFIG_FILE}"[0m
cursor-agent	Run AI Teammate	2025-12-12T07:36:22.2517015Z [36;1m  echo "Config file exists: $([ -f "${CONFIG_FILE}" ] && echo 'yes' || echo 'no')"[0m
cursor-agent	Run AI Teammate	2025-12-12T07:36:22.2517477Z [36;1m  echo "Config file readable: $([ -r "${CONFIG_FILE}" ] && echo 'yes' || echo 'no')"[0m
cursor-agent	Run AI Teammate	2025-12-12T07:36:22.2517944Z [36;1m  echo "Config file writable: $([ -w "${CONFIG_FILE}" ] && echo 'yes' || echo 'no')"[0m
cursor-agent	Run AI Teammate	2025-12-12T07:36:22.2518418Z [36;1m  echo ""[0m
cursor-agent	Run AI Teammate	2025-12-12T07:36:22.2518636Z [36;1m  echo "Checking for output files..."[0m
cursor-agent	Run AI Teammate	2025-12-12T07:36:22.2518973Z [36;1m  ls -la outputs/ 2>/dev/null || echo "No outputs/ directory"[0m
cursor-agent	Run AI Teammate	2025-12-12T07:36:22.2519344Z [36;1m  ls -la inputs/ 2>/dev/null || echo "No inputs/ directory"[0m
cursor-agent	Run AI Teammate	2025-12-12T07:36:22.2519647Z [36;1m  echo ""[0m
cursor-agent	Run AI Teammate	2025-12-12T07:36:22.2519892Z [36;1m  echo "Checking if cliCommands were executed..."[0m
cursor-agent	Run AI Teammate	2025-12-12T07:36:22.2520203Z [36;1m  if [ -f "outputs/response.md" ]; then[0m
cursor-agent	Run AI Teammate	2025-12-12T07:36:22.2520495Z [36;1m    echo "‚úÖ outputs/response.md exists:"[0m
cursor-agent	Run AI Teammate	2025-12-12T07:36:22.2520847Z [36;1m    cat outputs/response.md || echo "Could not read response.md"[0m
cursor-agent	Run AI Teammate	2025-12-12T07:36:22.2521169Z [36;1m  else[0m
cursor-agent	Run AI Teammate	2025-12-12T07:36:22.2521487Z [36;1m    echo "‚ùå outputs/response.md does not exist - cliCommands may not have executed"[0m
cursor-agent	Run AI Teammate	2025-12-12T07:36:22.2521855Z [36;1m  fi[0m
cursor-agent	Run AI Teammate	2025-12-12T07:36:22.2522030Z [36;1m  echo ""[0m
cursor-agent	Run AI Teammate	2025-12-12T07:36:22.2522244Z [36;1m  echo "Config file content:"[0m
cursor-agent	Run AI Teammate	2025-12-12T07:36:22.2522548Z [36;1m  cat "${CONFIG_FILE}" || echo "Could not read config file"[0m
cursor-agent	Run AI Teammate	2025-12-12T07:36:22.2522862Z [36;1m  echo "======================"[0m
cursor-agent	Run AI Teammate	2025-12-12T07:36:22.2523092Z [36;1m  [0m
cursor-agent	Run AI Teammate	2025-12-12T07:36:22.2523317Z [36;1m  # Check for permission-related errors in output[0m
cursor-agent	Run AI Teammate	2025-12-12T07:36:22.2523604Z [36;1m  echo ""[0m
cursor-agent	Run AI Teammate	2025-12-12T07:36:22.2523839Z [36;1m  echo "=== Checking for permission errors ==="[0m
cursor-agent	Run AI Teammate	2025-12-12T07:36:22.2524575Z [36;1m  if grep -i "permission\|denied\|access\|read-only\|cannot write\|cannot create" /tmp/dmtools-output.log 2>/dev/null; then[0m
cursor-agent	Run AI Teammate	2025-12-12T07:36:22.2525166Z [36;1m    echo "‚ö†Ô∏è Permission-related errors detected in dmtools output"[0m
cursor-agent	Run AI Teammate	2025-12-12T07:36:22.2525493Z [36;1m  else[0m
cursor-agent	Run AI Teammate	2025-12-12T07:36:22.2525733Z [36;1m    echo "No obvious permission errors found in output"[0m
cursor-agent	Run AI Teammate	2025-12-12T07:36:22.2526020Z [36;1m  fi[0m
cursor-agent	Run AI Teammate	2025-12-12T07:36:22.2526223Z [36;1m  echo "===================================="[0m
cursor-agent	Run AI Teammate	2025-12-12T07:36:22.2526475Z [36;1m  [0m
cursor-agent	Run AI Teammate	2025-12-12T07:36:22.2526688Z [36;1m  # Try to get more verbose output if available[0m
cursor-agent	Run AI Teammate	2025-12-12T07:36:22.2527092Z [36;1m  echo ""[0m
cursor-agent	Run AI Teammate	2025-12-12T07:36:22.2527341Z [36;1m  echo "=== Checking dmtools help/version for clues ==="[0m
cursor-agent	Run AI Teammate	2025-12-12T07:36:22.2527659Z [36;1m  dmtools --version 2>&1 || true[0m
cursor-agent	Run AI Teammate	2025-12-12T07:36:22.2527932Z [36;1m  echo "=============================================="[0m
cursor-agent	Run AI Teammate	2025-12-12T07:36:22.2528181Z [36;1m  [0m
cursor-agent	Run AI Teammate	2025-12-12T07:36:22.2528360Z [36;1m  exit $EXIT_CODE[0m
cursor-agent	Run AI Teammate	2025-12-12T07:36:22.2528562Z [36;1melse[0m
cursor-agent	Run AI Teammate	2025-12-12T07:36:22.2528772Z [36;1m  echo "‚úÖ dmtools completed successfully"[0m
cursor-agent	Run AI Teammate	2025-12-12T07:36:22.2529046Z [36;1m  echo "Output files:"[0m
cursor-agent	Run AI Teammate	2025-12-12T07:36:22.2529331Z [36;1m  ls -la outputs/ 2>/dev/null || echo "No outputs created"[0m
cursor-agent	Run AI Teammate	2025-12-12T07:36:22.2529618Z [36;1mfi[0m
cursor-agent	Run AI Teammate	2025-12-12T07:36:22.2558287Z shell: /usr/bin/bash -e {0}
cursor-agent	Run AI Teammate	2025-12-12T07:36:22.2558522Z env:
cursor-agent	Run AI Teammate	2025-12-12T07:36:22.2558826Z   JAVA_HOME: /opt/hostedtoolcache/Java_Temurin-Hotspot_jdk/23.0.2-7/x64
cursor-agent	Run AI Teammate	2025-12-12T07:36:22.2559295Z   JAVA_HOME_23_X64: /opt/hostedtoolcache/Java_Temurin-Hotspot_jdk/23.0.2-7/x64
cursor-agent	Run AI Teammate	2025-12-12T07:36:22.2560213Z   CURSOR_API_KEY: ***
cursor-agent	Run AI Teammate	2025-12-12T07:36:22.2560435Z   MODEL: sonnet-4
cursor-agent	Run AI Teammate	2025-12-12T07:36:22.2560631Z   AGENT_DISABLE_WATCHDOG: 1
cursor-agent	Run AI Teammate	2025-12-12T07:36:22.2560962Z   PATH: /home/runner/.local/bin:/home/runner/.dmtools/bin:/bin:/usr/bin:$PATH
cursor-agent	Run AI Teammate	2025-12-12T07:36:22.2561344Z   JIRA_EMAIL: ***
cursor-agent	Run AI Teammate	2025-12-12T07:36:22.2562189Z   JIRA_API_TOKEN: ***
cursor-agent	Run AI Teammate	2025-12-12T07:36:22.2562456Z   JIRA_BASE_PATH: https://kidblendapp.atlassian.net/jira
cursor-agent	Run AI Teammate	2025-12-12T07:36:22.2562757Z   JIRA_AUTH_TYPE: Basic
cursor-agent	Run AI Teammate	2025-12-12T07:36:22.2562965Z   JIRA_CLEAR_CACHE: 
cursor-agent	Run AI Teammate	2025-12-12T07:36:22.2563276Z   JIRA_EXTRA_FIELDS: Diagrams, "Story point estimate","Target start", "Target end"
cursor-agent	Run AI Teammate	2025-12-12T07:36:22.2563646Z   JIRA_EXTRA_FIELDS_PROJECT: AP
cursor-agent	Run AI Teammate	2025-12-12T07:36:22.2563874Z   JIRA_LOGGING_ENABLED: 
cursor-agent	Run AI Teammate	2025-12-12T07:36:22.2564320Z   JIRA_WAIT_BEFORE_PERFORM: 
cursor-agent	Run AI Teammate	2025-12-12T07:36:22.2564781Z   CONFLUENCE_EMAIL: ***
cursor-agent	Run AI Teammate	2025-12-12T07:36:22.2565671Z   CONFLUENCE_API_TOKEN: ***
cursor-agent	Run AI Teammate	2025-12-12T07:36:22.2565976Z   CONFLUENCE_BASE_PATH: https://kidblendapp.atlassian.net/wiki
cursor-agent	Run AI Teammate	2025-12-12T07:36:22.2566320Z   CONFLUENCE_DEFAULT_SPACE: AC
cursor-agent	Run AI Teammate	2025-12-12T07:36:22.2566547Z   CONFLUENCE_GRAPHQL_PATH: 
cursor-agent	Run AI Teammate	2025-12-12T07:36:22.2566776Z   DMTOOLS_INTEGRATIONS: cli,file
cursor-agent	Run AI Teammate	2025-12-12T07:36:22.2567006Z   GEMINI_API_KEY: 
cursor-agent	Run AI Teammate	2025-12-12T07:36:22.2567200Z   GEMINI_DEFAULT_MODEL: 
cursor-agent	Run AI Teammate	2025-12-12T07:36:22.2567418Z   PROMPT_CHUNK_TOKEN_LIMIT: 
cursor-agent	Run AI Teammate	2025-12-12T07:36:22.2567633Z   FIGMA_TOKEN: 
cursor-agent	Run AI Teammate	2025-12-12T07:36:22.2567816Z   FIGMA_BASE_PATH: 
cursor-agent	Run AI Teammate	2025-12-12T07:36:22.2568316Z   PAT_TOKEN: ***
cursor-agent	Run AI Teammate	2025-12-12T07:36:22.2568758Z   GH_TOKEN: ***
cursor-agent	Run AI Teammate	2025-12-12T07:36:22.2568946Z ##[endgroup]
cursor-agent	Run AI Teammate	2025-12-12T07:36:22.2618407Z Using configuration: agents/test_agent.json
cursor-agent	Run AI Teammate	2025-12-12T07:36:22.2618843Z === Verifying dmtools installation ===
cursor-agent	Run AI Teammate	2025-12-12T07:36:22.2624680Z ‚úÖ dmtools found at: /home/runner/.dmtools/bin/dmtools
cursor-agent	Run AI Teammate	2025-12-12T07:36:22.7979132Z DMTools 1.7.100
cursor-agent	Run AI Teammate	2025-12-12T07:36:22.7980337Z A comprehensive development management toolkit
cursor-agent	Run AI Teammate	2025-12-12T07:36:22.8059642Z ======================================
cursor-agent	Run AI Teammate	2025-12-12T07:36:22.8061060Z 
cursor-agent	Run AI Teammate	2025-12-12T07:36:22.8073424Z Test agent detected - unsetting Jira/Confluence env vars
cursor-agent	Run AI Teammate	2025-12-12T07:36:22.8073868Z DMTOOLS_INTEGRATIONS: cli,file
cursor-agent	Run AI Teammate	2025-12-12T07:36:22.8074304Z Jira/Confluence env vars unset
cursor-agent	Run AI Teammate	2025-12-12T07:36:22.8109400Z Created outputs and inputs directories
cursor-agent	Run AI Teammate	2025-12-12T07:36:22.8109894Z Directory permissions:
cursor-agent	Run AI Teammate	2025-12-12T07:36:22.8122156Z drwxr-xr-x 14 runner runner 4096 Dec 12 07:36 .
cursor-agent	Run AI Teammate	2025-12-12T07:36:22.8122692Z drwxr-xr-x  2 runner runner 4096 Dec 12 07:36 inputs
cursor-agent	Run AI Teammate	2025-12-12T07:36:22.8123123Z drwxr-xr-x  2 runner runner 4096 Dec 12 07:36 outputs
cursor-agent	Run AI Teammate	2025-12-12T07:36:22.8125619Z Removing inputJql from test agent config to prevent Jira initialization
cursor-agent	Run AI Teammate	2025-12-12T07:36:22.8178591Z ‚úÖ Removed inputJql from config (modified in place)
cursor-agent	Run AI Teammate	2025-12-12T07:36:22.8179221Z Updated config:
cursor-agent	Run AI Teammate	2025-12-12T07:36:22.8203560Z {
cursor-agent	Run AI Teammate	2025-12-12T07:36:22.8203876Z   "name": "Teammate",
cursor-agent	Run AI Teammate	2025-12-12T07:36:22.8204262Z   "params": {
cursor-agent	Run AI Teammate	2025-12-12T07:36:22.8204458Z     "agentParams": {
cursor-agent	Run AI Teammate	2025-12-12T07:36:22.8204986Z       "aiRole": "Test Assistant",
cursor-agent	Run AI Teammate	2025-12-12T07:36:22.8205244Z       "instructions": [
cursor-agent	Run AI Teammate	2025-12-12T07:36:22.8205472Z         "This is a test agent",
cursor-agent	Run AI Teammate	2025-12-12T07:36:22.8205705Z         "Just print hello world"
cursor-agent	Run AI Teammate	2025-12-12T07:36:22.8206006Z       ],
cursor-agent	Run AI Teammate	2025-12-12T07:36:22.8206341Z       "formattingRules": "Use markdown"
cursor-agent	Run AI Teammate	2025-12-12T07:36:22.8206770Z     },
cursor-agent	Run AI Teammate	2025-12-12T07:36:22.8207072Z     "cliCommands": [
cursor-agent	Run AI Teammate	2025-12-12T07:36:22.8207413Z       "echo 'Hello from AI Teammate!'",
cursor-agent	Run AI Teammate	2025-12-12T07:36:22.8207847Z       "mkdir -p outputs",
cursor-agent	Run AI Teammate	2025-12-12T07:36:22.8208270Z       "echo '# Test Result' > outputs/response.md",
cursor-agent	Run AI Teammate	2025-12-12T07:36:22.8208866Z       "echo 'Agent executed successfully' >> outputs/response.md"
cursor-agent	Run AI Teammate	2025-12-12T07:36:22.8209359Z     ],
cursor-agent	Run AI Teammate	2025-12-12T07:36:22.8209549Z     "outputType": "none",
cursor-agent	Run AI Teammate	2025-12-12T07:36:22.8209779Z     "skipAIProcessing": true
cursor-agent	Run AI Teammate	2025-12-12T07:36:22.8210005Z   }
cursor-agent	Run AI Teammate	2025-12-12T07:36:22.8210157Z }
cursor-agent	Run AI Teammate	2025-12-12T07:36:22.8210402Z GEMINI_API_KEY is set (may be empty for test agent)
cursor-agent	Run AI Teammate	2025-12-12T07:36:22.8223635Z Final config file path: /home/runner/work/autocoding/autocoding/agents/test_agent.json
cursor-agent	Run AI Teammate	2025-12-12T07:36:22.8224464Z 
cursor-agent	Run AI Teammate	2025-12-12T07:36:22.8224632Z === Pre-flight checks ===
cursor-agent	Run AI Teammate	2025-12-12T07:36:22.8225223Z ‚úÖ Config file exists and is readable
cursor-agent	Run AI Teammate	2025-12-12T07:36:22.8225783Z ‚úÖ Outputs directory exists and is writable
cursor-agent	Run AI Teammate	2025-12-12T07:36:22.8226293Z ==========================
cursor-agent	Run AI Teammate	2025-12-12T07:36:22.8226521Z 
cursor-agent	Run AI Teammate	2025-12-12T07:36:22.8226693Z Validating config file JSON syntax...
cursor-agent	Run AI Teammate	2025-12-12T07:36:22.8250928Z ‚úÖ Config file JSON is valid
cursor-agent	Run AI Teammate	2025-12-12T07:36:22.8251392Z === Environment Debug ===
cursor-agent	Run AI Teammate	2025-12-12T07:36:22.8251805Z DMTOOLS_INTEGRATIONS: cli,file
cursor-agent	Run AI Teammate	2025-12-12T07:36:22.8252200Z JIRA_EMAIL: <not set>
cursor-agent	Run AI Teammate	2025-12-12T07:36:22.8252556Z JIRA_BASE_PATH: <not set>
cursor-agent	Run AI Teammate	2025-12-12T07:36:22.8253615Z PATH: /home/runner/.local/bin:/home/runner/.dmtools/bin:/home/runner/.dmtools/bin:/home/runner/.local/bin:/opt/hostedtoolcache/Java_Temurin-Hotspot_jdk/23.0.2-7/x64/bin:/home/runner/.local/bin:/home/runner/.dmtools/bin:/bin:/usr/bin:$PATH
cursor-agent	Run AI Teammate	2025-12-12T07:36:22.8255245Z =========================
cursor-agent	Run AI Teammate	2025-12-12T07:36:22.8255398Z 
cursor-agent	Run AI Teammate	2025-12-12T07:36:22.8255479Z === Running dmtools ===
cursor-agent	Run AI Teammate	2025-12-12T07:36:22.8255821Z Config file: /home/runner/work/autocoding/autocoding/agents/test_agent.json
cursor-agent	Run AI Teammate	2025-12-12T07:36:22.8256449Z DMTOOLS_INTEGRATIONS: cli,file
cursor-agent	Run AI Teammate	2025-12-12T07:36:22.8256886Z GEMINI_API_KEY: <not set>
cursor-agent	Run AI Teammate	2025-12-12T07:36:22.8257379Z Working directory: /home/runner/work/autocoding/autocoding
cursor-agent	Run AI Teammate	2025-12-12T07:36:22.8257926Z Directory permissions:
cursor-agent	Run AI Teammate	2025-12-12T07:36:22.8269654Z drwxr-xr-x 14 runner runner 4096 Dec 12 07:36 .
cursor-agent	Run AI Teammate	2025-12-12T07:36:22.8270203Z drwxr-xr-x  2 runner runner 4096 Dec 12 07:36 inputs
cursor-agent	Run AI Teammate	2025-12-12T07:36:22.8270666Z drwxr-xr-x  2 runner runner 4096 Dec 12 07:36 outputs
cursor-agent	Run AI Teammate	2025-12-12T07:36:22.8292641Z ‚úÖ Current directory is writable
cursor-agent	Run AI Teammate	2025-12-12T07:36:22.8293244Z No encoded config
cursor-agent	Run AI Teammate	2025-12-12T07:36:23.4552197Z [0;32mInfo: Executing job with file: /home/runner/work/autocoding/autocoding/agents/test_agent.json[0m
cursor-agent	Run AI Teammate	2025-12-12T07:36:23.4554347Z 07:36:23.363 [main] INFO  com.github.istin.dmtools.job.RunCommandProcessor - Processing run command: file=/home/runner/work/autocoding/autocoding/agents/test_agent.json, hasEncodedConfig=false
cursor-agent	Run AI Teammate	2025-12-12T07:36:23.4556547Z 07:36:23.369 [main] INFO  com.github.istin.dmtools.job.RunCommandProcessor - Successfully loaded JSON configuration from file: /home/runner/work/autocoding/autocoding/agents/test_agent.json
cursor-agent	Run AI Teammate	2025-12-12T07:36:23.4557723Z 07:36:23.369 [main] INFO  com.github.istin.dmtools.job.RunCommandProcessor - Using file configuration only
cursor-agent	Run AI Teammate	2025-12-12T07:36:23.4558596Z 07:36:23.374 [main] INFO  com.github.istin.dmtools.job.RunCommandProcessor - JobParams created successfully for job: Teammate
cursor-agent	Run AI Teammate	2025-12-12T07:36:23.4559538Z 07:36:23.374 [main] INFO  com.github.istin.dmtools.job.JobRunner - Executing job: Teammate in mode: STANDALONE with 0 integrations
cursor-agent	Run AI Teammate	2025-12-12T07:36:23.4560411Z 07:36:23.374 [main] INFO  com.github.istin.dmtools.job.JobRunner - Created fresh job instance: Teammate
cursor-agent	Run AI Teammate	2025-12-12T07:36:23.4561194Z 07:36:23.415 [main] INFO  com.github.istin.dmtools.job.JobRunner - Calling initializeForMode with mode: STANDALONE
cursor-agent	Run AI Teammate	2025-12-12T07:36:23.4562427Z 07:36:23.415 [main] INFO  com.github.istin.dmtools.teammate.Teammate - Initializing Teammate in STANDALONE mode using TeammateComponent with BasicGeminiAI
cursor-agent	Run AI Teammate	2025-12-12T07:36:23.4563485Z 07:36:23.415 [main] INFO  com.github.istin.dmtools.teammate.Teammate - Creating new DaggerTeammateComponent for standalone mode
cursor-agent	Run AI Teammate	2025-12-12T07:36:23.4564804Z 07:36:23.422 [main] INFO  com.github.istin.dmtools.teammate.Teammate - Injecting dependencies using TeammateComponent
cursor-agent	Run AI Teammate	2025-12-12T07:36:23.4565964Z 07:36:23.423 [main] DEBUG com.github.istin.dmtools.common.utils.PropertyReader - No Gradle project markers found, using user.dir as project root: /home/runner/work/autocoding/autocoding
cursor-agent	Run AI Teammate	2025-12-12T07:36:23.4567301Z 07:36:23.423 [main] DEBUG com.github.istin.dmtools.common.utils.PropertyReader - dmtools.env not found in project root (/home/runner/work/autocoding/autocoding) or working directory (/home/runner/work/autocoding/autocoding)
cursor-agent	Run AI Teammate	2025-12-12T07:36:23.4568309Z 07:36:23.423 [main] INFO  com.github.istin.dmtools.di.TrackerModule - DEFAULT_TRACKER value from config: 'null'
cursor-agent	Run AI Teammate	2025-12-12T07:36:23.4569198Z 07:36:23.423 [main] INFO  com.github.istin.dmtools.di.TrackerModule - Auto-detecting available tracker configuration...
cursor-agent	Run AI Teammate	2025-12-12T07:36:23.4570544Z 07:36:23.423 [main] DEBUG com.github.istin.dmtools.di.TrackerModule - Attempting to auto-detect BasicJiraClient...
cursor-agent	Run AI Teammate	2025-12-12T07:36:23.4571741Z 07:36:23.431 [main] DEBUG com.github.istin.dmtools.di.TrackerModule - Attempting to auto-detect BasicAzureDevOpsClient...
cursor-agent	Run AI Teammate	2025-12-12T07:36:23.4572667Z 07:36:23.433 [main] DEBUG com.github.istin.dmtools.microsoft.ado.BasicAzureDevOpsClient - ADO configuration not found. Set ADO_ORGANIZATION, ADO_PROJECT, and ADO_PAT_TOKEN.
cursor-agent	Run AI Teammate	2025-12-12T07:36:23.4573585Z 07:36:23.433 [main] DEBUG com.github.istin.dmtools.di.TrackerModule - Attempting to auto-detect BasicRallyClient...
cursor-agent	Run AI Teammate	2025-12-12T07:36:23.4574961Z 07:36:23.434 [main] DEBUG com.github.istin.dmtools.broadcom.rally.BasicRallyClient - Rally configuration not found. Set RALLY_PATH and RALLY_TOKEN.
cursor-agent	Run AI Teammate	2025-12-12T07:36:23.4575824Z 07:36:23.434 [main] DEBUG com.github.istin.dmtools.di.TrackerModule - Detected CI environment (CI=true), allowing null TrackerClient
cursor-agent	Run AI Teammate	2025-12-12T07:36:23.4576893Z 07:36:23.434 [main] WARN  com.github.istin.dmtools.di.TrackerModule - No tracker configuration found in test environment. Returning null TrackerClient. Tests that require TrackerClient should mock it or provide test configuration.
cursor-agent	Run AI Teammate	2025-12-12T07:36:23.4577638Z 
cursor-agent	Run AI Teammate	2025-12-12T07:36:23.4577742Z === Analyzing dmtools output for errors ===
cursor-agent	Run AI Teammate	2025-12-12T07:36:23.4578054Z No obvious error patterns found, but exit code is 1
cursor-agent	Run AI Teammate	2025-12-12T07:36:23.4578345Z Last 20 lines of output:
cursor-agent	Run AI Teammate	2025-12-12T07:36:23.4580778Z 07:36:23.369 [main] INFO  com.github.istin.dmtools.job.RunCommandProcessor - Successfully loaded JSON configuration from file: /home/runner/work/autocoding/autocoding/agents/test_agent.json
cursor-agent	Run AI Teammate	2025-12-12T07:36:23.4582423Z 07:36:23.369 [main] INFO  com.github.istin.dmtools.job.RunCommandProcessor - Using file configuration only
cursor-agent	Run AI Teammate	2025-12-12T07:36:23.4583651Z 07:36:23.374 [main] INFO  com.github.istin.dmtools.job.RunCommandProcessor - JobParams created successfully for job: Teammate
cursor-agent	Run AI Teammate	2025-12-12T07:36:23.4585168Z 07:36:23.374 [main] INFO  com.github.istin.dmtools.job.JobRunner - Executing job: Teammate in mode: STANDALONE with 0 integrations
cursor-agent	Run AI Teammate	2025-12-12T07:36:23.4586335Z 07:36:23.374 [main] INFO  com.github.istin.dmtools.job.JobRunner - Created fresh job instance: Teammate
cursor-agent	Run AI Teammate	2025-12-12T07:36:23.4586978Z 07:36:23.415 [main] INFO  com.github.istin.dmtools.job.JobRunner - Calling initializeForMode with mode: STANDALONE
cursor-agent	Run AI Teammate	2025-12-12T07:36:23.4587771Z 07:36:23.415 [main] INFO  com.github.istin.dmtools.teammate.Teammate - Initializing Teammate in STANDALONE mode using TeammateComponent with BasicGeminiAI
cursor-agent	Run AI Teammate	2025-12-12T07:36:23.4588618Z 07:36:23.415 [main] INFO  com.github.istin.dmtools.teammate.Teammate - Creating new DaggerTeammateComponent for standalone mode
cursor-agent	Run AI Teammate	2025-12-12T07:36:23.4589508Z 07:36:23.422 [main] INFO  com.github.istin.dmtools.teammate.Teammate - Injecting dependencies using TeammateComponent
cursor-agent	Run AI Teammate	2025-12-12T07:36:23.4590407Z 07:36:23.423 [main] DEBUG com.github.istin.dmtools.common.utils.PropertyReader - No Gradle project markers found, using user.dir as project root: /home/runner/work/autocoding/autocoding
cursor-agent	Run AI Teammate	2025-12-12T07:36:23.4591646Z 07:36:23.423 [main] DEBUG com.github.istin.dmtools.common.utils.PropertyReader - dmtools.env not found in project root (/home/runner/work/autocoding/autocoding) or working directory (/home/runner/work/autocoding/autocoding)
cursor-agent	Run AI Teammate	2025-12-12T07:36:23.4592650Z 07:36:23.423 [main] INFO  com.github.istin.dmtools.di.TrackerModule - DEFAULT_TRACKER value from config: 'null'
cursor-agent	Run AI Teammate	2025-12-12T07:36:23.4593327Z 07:36:23.423 [main] INFO  com.github.istin.dmtools.di.TrackerModule - Auto-detecting available tracker configuration...
cursor-agent	Run AI Teammate	2025-12-12T07:36:23.4594686Z 07:36:23.423 [main] DEBUG com.github.istin.dmtools.di.TrackerModule - Attempting to auto-detect BasicJiraClient...
cursor-agent	Run AI Teammate	2025-12-12T07:36:23.4595601Z 07:36:23.431 [main] DEBUG com.github.istin.dmtools.di.TrackerModule - Attempting to auto-detect BasicAzureDevOpsClient...
cursor-agent	Run AI Teammate	2025-12-12T07:36:23.4596952Z 07:36:23.433 [main] DEBUG com.github.istin.dmtools.microsoft.ado.BasicAzureDevOpsClient - ADO configuration not found. Set ADO_ORGANIZATION, ADO_PROJECT, and ADO_PAT_TOKEN.
cursor-agent	Run AI Teammate	2025-12-12T07:36:23.4597837Z 07:36:23.433 [main] DEBUG com.github.istin.dmtools.di.TrackerModule - Attempting to auto-detect BasicRallyClient...
cursor-agent	Run AI Teammate	2025-12-12T07:36:23.4598632Z 07:36:23.434 [main] DEBUG com.github.istin.dmtools.broadcom.rally.BasicRallyClient - Rally configuration not found. Set RALLY_PATH and RALLY_TOKEN.
cursor-agent	Run AI Teammate	2025-12-12T07:36:23.4599477Z 07:36:23.434 [main] DEBUG com.github.istin.dmtools.di.TrackerModule - Detected CI environment (CI=true), allowing null TrackerClient
cursor-agent	Run AI Teammate	2025-12-12T07:36:23.4601147Z 07:36:23.434 [main] WARN  com.github.istin.dmtools.di.TrackerModule - No tracker configuration found in test environment. Returning null TrackerClient. Tests that require TrackerClient should mock it or provide test configuration.
cursor-agent	Run AI Teammate	2025-12-12T07:36:23.4602005Z ==========================================
cursor-agent	Run AI Teammate	2025-12-12T07:36:23.4602178Z 
cursor-agent	Run AI Teammate	2025-12-12T07:36:23.4602288Z === dmtools finished with exit code: 1 ===
cursor-agent	Run AI Teammate	2025-12-12T07:36:23.4602465Z 
cursor-agent	Run AI Teammate	2025-12-12T07:36:23.4602669Z ‚ùå dmtools exited with code: 1
cursor-agent	Run AI Teammate	2025-12-12T07:36:23.4602827Z 
cursor-agent	Run AI Teammate	2025-12-12T07:36:23.4602922Z === Full dmtools output ===
cursor-agent	Run AI Teammate	2025-12-12T07:36:23.4603434Z [0;32mInfo: Executing job with file: /home/runner/work/autocoding/autocoding/agents/test_agent.json[0m
cursor-agent	Run AI Teammate	2025-12-12T07:36:23.4604598Z 07:36:23.363 [main] INFO  com.github.istin.dmtools.job.RunCommandProcessor - Processing run command: file=/home/runner/work/autocoding/autocoding/agents/test_agent.json, hasEncodedConfig=false
cursor-agent	Run AI Teammate	2025-12-12T07:36:23.4605804Z 07:36:23.369 [main] INFO  com.github.istin.dmtools.job.RunCommandProcessor - Successfully loaded JSON configuration from file: /home/runner/work/autocoding/autocoding/agents/test_agent.json
cursor-agent	Run AI Teammate	2025-12-12T07:36:23.4606708Z 07:36:23.369 [main] INFO  com.github.istin.dmtools.job.RunCommandProcessor - Using file configuration only
cursor-agent	Run AI Teammate	2025-12-12T07:36:23.4607393Z 07:36:23.374 [main] INFO  com.github.istin.dmtools.job.RunCommandProcessor - JobParams created successfully for job: Teammate
cursor-agent	Run AI Teammate	2025-12-12T07:36:23.4608136Z 07:36:23.374 [main] INFO  com.github.istin.dmtools.job.JobRunner - Executing job: Teammate in mode: STANDALONE with 0 integrations
cursor-agent	Run AI Teammate	2025-12-12T07:36:23.4608797Z 07:36:23.374 [main] INFO  com.github.istin.dmtools.job.JobRunner - Created fresh job instance: Teammate
cursor-agent	Run AI Teammate	2025-12-12T07:36:23.4609412Z 07:36:23.415 [main] INFO  com.github.istin.dmtools.job.JobRunner - Calling initializeForMode with mode: STANDALONE
cursor-agent	Run AI Teammate	2025-12-12T07:36:23.4610193Z 07:36:23.415 [main] INFO  com.github.istin.dmtools.teammate.Teammate - Initializing Teammate in STANDALONE mode using TeammateComponent with BasicGeminiAI
cursor-agent	Run AI Teammate	2025-12-12T07:36:23.4611023Z 07:36:23.415 [main] INFO  com.github.istin.dmtools.teammate.Teammate - Creating new DaggerTeammateComponent for standalone mode
cursor-agent	Run AI Teammate	2025-12-12T07:36:23.4611878Z 07:36:23.422 [main] INFO  com.github.istin.dmtools.teammate.Teammate - Injecting dependencies using TeammateComponent
cursor-agent	Run AI Teammate	2025-12-12T07:36:23.4612765Z 07:36:23.423 [main] DEBUG com.github.istin.dmtools.common.utils.PropertyReader - No Gradle project markers found, using user.dir as project root: /home/runner/work/autocoding/autocoding
cursor-agent	Run AI Teammate	2025-12-12T07:36:23.4615001Z 07:36:23.423 [main] DEBUG com.github.istin.dmtools.common.utils.PropertyReader - dmtools.env not found in project root (/home/runner/work/autocoding/autocoding) or working directory (/home/runner/work/autocoding/autocoding)
cursor-agent	Run AI Teammate	2025-12-12T07:36:23.4616716Z 07:36:23.423 [main] INFO  com.github.istin.dmtools.di.TrackerModule - DEFAULT_TRACKER value from config: 'null'
cursor-agent	Run AI Teammate	2025-12-12T07:36:23.4617849Z 07:36:23.423 [main] INFO  com.github.istin.dmtools.di.TrackerModule - Auto-detecting available tracker configuration...
cursor-agent	Run AI Teammate	2025-12-12T07:36:23.4618661Z 07:36:23.423 [main] DEBUG com.github.istin.dmtools.di.TrackerModule - Attempting to auto-detect BasicJiraClient...
cursor-agent	Run AI Teammate	2025-12-12T07:36:23.4619350Z 07:36:23.431 [main] DEBUG com.github.istin.dmtools.di.TrackerModule - Attempting to auto-detect BasicAzureDevOpsClient...
cursor-agent	Run AI Teammate	2025-12-12T07:36:23.4620234Z 07:36:23.433 [main] DEBUG com.github.istin.dmtools.microsoft.ado.BasicAzureDevOpsClient - ADO configuration not found. Set ADO_ORGANIZATION, ADO_PROJECT, and ADO_PAT_TOKEN.
cursor-agent	Run AI Teammate	2025-12-12T07:36:23.4621090Z 07:36:23.433 [main] DEBUG com.github.istin.dmtools.di.TrackerModule - Attempting to auto-detect BasicRallyClient...
cursor-agent	Run AI Teammate	2025-12-12T07:36:23.4621863Z 07:36:23.434 [main] DEBUG com.github.istin.dmtools.broadcom.rally.BasicRallyClient - Rally configuration not found. Set RALLY_PATH and RALLY_TOKEN.
cursor-agent	Run AI Teammate	2025-12-12T07:36:23.4622692Z 07:36:23.434 [main] DEBUG com.github.istin.dmtools.di.TrackerModule - Detected CI environment (CI=true), allowing null TrackerClient
cursor-agent	Run AI Teammate	2025-12-12T07:36:23.4623933Z 07:36:23.434 [main] WARN  com.github.istin.dmtools.di.TrackerModule - No tracker configuration found in test environment. Returning null TrackerClient. Tests that require TrackerClient should mock it or provide test configuration.
cursor-agent	Run AI Teammate	2025-12-12T07:36:23.4624908Z ==========================
cursor-agent	Run AI Teammate	2025-12-12T07:36:23.4625050Z 
cursor-agent	Run AI Teammate	2025-12-12T07:36:23.4625135Z === Permission Checks ===
cursor-agent	Run AI Teammate	2025-12-12T07:36:23.4625411Z Current directory: /home/runner/work/autocoding/autocoding
cursor-agent	Run AI Teammate	2025-12-12T07:36:23.4625731Z Current directory permissions:
cursor-agent	Run AI Teammate	2025-12-12T07:36:23.4625999Z drwxr-xr-x 14 runner runner 4096 Dec 12 07:36 .
cursor-agent	Run AI Teammate	2025-12-12T07:36:23.4626191Z 
cursor-agent	Run AI Teammate	2025-12-12T07:36:23.4626279Z Config file permissions:
cursor-agent	Run AI Teammate	2025-12-12T07:36:23.4627470Z -rw-r--r-- 1 runner runner 511 Dec 12 07:36 /home/runner/work/autocoding/autocoding/agents/test_agent.json
cursor-agent	Run AI Teammate	2025-12-12T07:36:23.4629039Z 
cursor-agent	Run AI Teammate	2025-12-12T07:36:23.4629227Z Outputs directory permissions:
cursor-agent	Run AI Teammate	2025-12-12T07:36:23.4641162Z drwxr-xr-x 2 runner runner 4096 Dec 12 07:36 outputs
cursor-agent	Run AI Teammate	2025-12-12T07:36:23.4642846Z 
cursor-agent	Run AI Teammate	2025-12-12T07:36:23.4643022Z Testing write permissions:
cursor-agent	Run AI Teammate	2025-12-12T07:36:23.4663771Z ‚úÖ outputs/ is writable
cursor-agent	Run AI Teammate	2025-12-12T07:36:23.4683624Z ‚úÖ Current directory is writable
cursor-agent	Run AI Teammate	2025-12-12T07:36:23.4684209Z ==========================
cursor-agent	Run AI Teammate	2025-12-12T07:36:23.4684460Z 
cursor-agent	Run AI Teammate	2025-12-12T07:36:23.4684569Z === Additional Debug Info ===
cursor-agent	Run AI Teammate	2025-12-12T07:36:23.4684832Z DMTOOLS_INTEGRATIONS value: 'cli,file'
cursor-agent	Run AI Teammate	2025-12-12T07:36:23.4685103Z GEMINI_API_KEY: <not set>
cursor-agent	Run AI Teammate	2025-12-12T07:36:23.4685464Z Config file path: /home/runner/work/autocoding/autocoding/agents/test_agent.json
cursor-agent	Run AI Teammate	2025-12-12T07:36:23.4688789Z Config file exists: yes
cursor-agent	Run AI Teammate	2025-12-12T07:36:23.4693383Z Config file readable: yes
cursor-agent	Run AI Teammate	2025-12-12T07:36:23.4698350Z Config file writable: yes
cursor-agent	Run AI Teammate	2025-12-12T07:36:23.4698625Z 
cursor-agent	Run AI Teammate	2025-12-12T07:36:23.4698777Z Checking for output files...
cursor-agent	Run AI Teammate	2025-12-12T07:36:23.4710588Z total 8
cursor-agent	Run AI Teammate	2025-12-12T07:36:23.4710965Z drwxr-xr-x  2 runner runner 4096 Dec 12 07:36 .
cursor-agent	Run AI Teammate	2025-12-12T07:36:23.4711445Z drwxr-xr-x 14 runner runner 4096 Dec 12 07:36 ..
cursor-agent	Run AI Teammate	2025-12-12T07:36:23.4724697Z total 8
cursor-agent	Run AI Teammate	2025-12-12T07:36:23.4725089Z drwxr-xr-x  2 runner runner 4096 Dec 12 07:36 .
cursor-agent	Run AI Teammate	2025-12-12T07:36:23.4725642Z drwxr-xr-x 14 runner runner 4096 Dec 12 07:36 ..
cursor-agent	Run AI Teammate	2025-12-12T07:36:23.4727271Z 
cursor-agent	Run AI Teammate	2025-12-12T07:36:23.4727509Z Checking if cliCommands were executed...
cursor-agent	Run AI Teammate	2025-12-12T07:36:23.4728282Z ‚ùå outputs/response.md does not exist - cliCommands may not have executed
cursor-agent	Run AI Teammate	2025-12-12T07:36:23.4728595Z 
cursor-agent	Run AI Teammate	2025-12-12T07:36:23.4728681Z Config file content:
cursor-agent	Run AI Teammate	2025-12-12T07:36:23.4735651Z {
cursor-agent	Run AI Teammate	2025-12-12T07:36:23.4735946Z   "name": "Teammate",
cursor-agent	Run AI Teammate	2025-12-12T07:36:23.4736284Z   "params": {
cursor-agent	Run AI Teammate	2025-12-12T07:36:23.4736554Z     "agentParams": {
cursor-agent	Run AI Teammate	2025-12-12T07:36:23.4736769Z       "aiRole": "Test Assistant",
cursor-agent	Run AI Teammate	2025-12-12T07:36:23.4737008Z       "instructions": [
cursor-agent	Run AI Teammate	2025-12-12T07:36:23.4737357Z         "This is a test agent",
cursor-agent	Run AI Teammate	2025-12-12T07:36:23.4737724Z         "Just print hello world"
cursor-agent	Run AI Teammate	2025-12-12T07:36:23.4738046Z       ],
cursor-agent	Run AI Teammate	2025-12-12T07:36:23.4738238Z       "formattingRules": "Use markdown"
cursor-agent	Run AI Teammate	2025-12-12T07:36:23.4738501Z     },
cursor-agent	Run AI Teammate	2025-12-12T07:36:23.4738671Z     "cliCommands": [
cursor-agent	Run AI Teammate	2025-12-12T07:36:23.4738884Z       "echo 'Hello from AI Teammate!'",
cursor-agent	Run AI Teammate	2025-12-12T07:36:23.4739139Z       "mkdir -p outputs",
cursor-agent	Run AI Teammate	2025-12-12T07:36:23.4739393Z       "echo '# Test Result' > outputs/response.md",
cursor-agent	Run AI Teammate	2025-12-12T07:36:23.4739737Z       "echo 'Agent executed successfully' >> outputs/response.md"
cursor-agent	Run AI Teammate	2025-12-12T07:36:23.4740059Z     ],
cursor-agent	Run AI Teammate	2025-12-12T07:36:23.4740243Z     "outputType": "none",
cursor-agent	Run AI Teammate	2025-12-12T07:36:23.4740473Z     "skipAIProcessing": true
cursor-agent	Run AI Teammate	2025-12-12T07:36:23.4740687Z   }
cursor-agent	Run AI Teammate	2025-12-12T07:36:23.4740843Z }
cursor-agent	Run AI Teammate	2025-12-12T07:36:23.4741000Z ======================
cursor-agent	Run AI Teammate	2025-12-12T07:36:23.4741121Z 
cursor-agent	Run AI Teammate	2025-12-12T07:36:23.4741225Z === Checking for permission errors ===
cursor-agent	Run AI Teammate	2025-12-12T07:36:23.4752026Z No obvious permission errors found in output
cursor-agent	Run AI Teammate	2025-12-12T07:36:23.4752491Z ====================================
cursor-agent	Run AI Teammate	2025-12-12T07:36:23.4752763Z 
cursor-agent	Run AI Teammate	2025-12-12T07:36:23.4752902Z === Checking dmtools help/version for clues ===
cursor-agent	Run AI Teammate	2025-12-12T07:36:23.9797283Z DMTools 1.7.100
cursor-agent	Run AI Teammate	2025-12-12T07:36:23.9797828Z A comprehensive development management toolkit
cursor-agent	Run AI Teammate	2025-12-12T07:36:23.9878943Z ==============================================
cursor-agent	Run AI Teammate	2025-12-12T07:36:23.9893085Z ##[error]Process completed with exit code 1.
cursor-agent	Upload artifacts	Ôªø2025-12-12T07:36:23.9962524Z ##[group]Run actions/upload-artifact@v4
cursor-agent	Upload artifacts	2025-12-12T07:36:23.9962803Z with:
cursor-agent	Upload artifacts	2025-12-12T07:36:23.9962998Z   name: ai-teammate-results-22
cursor-agent	Upload artifacts	2025-12-12T07:36:23.9963236Z   path: outputs/
cursor-agent	Upload artifacts	inputs/
cursor-agent	Upload artifacts	
cursor-agent	Upload artifacts	2025-12-12T07:36:23.9963453Z   retention-days: 30
cursor-agent	Upload artifacts	2025-12-12T07:36:23.9963659Z   if-no-files-found: warn
cursor-agent	Upload artifacts	2025-12-12T07:36:23.9963872Z   compression-level: 6
cursor-agent	Upload artifacts	2025-12-12T07:36:23.9964269Z   overwrite: false
cursor-agent	Upload artifacts	2025-12-12T07:36:23.9964480Z   include-hidden-files: false
cursor-agent	Upload artifacts	2025-12-12T07:36:23.9964702Z env:
cursor-agent	Upload artifacts	2025-12-12T07:36:23.9964983Z   JAVA_HOME: /opt/hostedtoolcache/Java_Temurin-Hotspot_jdk/23.0.2-7/x64
cursor-agent	Upload artifacts	2025-12-12T07:36:23.9965439Z   JAVA_HOME_23_X64: /opt/hostedtoolcache/Java_Temurin-Hotspot_jdk/23.0.2-7/x64
cursor-agent	Upload artifacts	2025-12-12T07:36:23.9965783Z ##[endgroup]
cursor-agent	Upload artifacts	2025-12-12T07:36:24.2097496Z Multiple search paths detected. Calculating the least common ancestor of all paths
cursor-agent	Upload artifacts	2025-12-12T07:36:24.2100398Z The least common ancestor is /home/runner/work/autocoding/autocoding. This will be the root directory of the artifact
cursor-agent	Upload artifacts	2025-12-12T07:36:24.2115701Z ##[warning]No files were found with the provided path: outputs/
cursor-agent	Upload artifacts	inputs/. No artifacts will be uploaded.
cursor-agent	Post Setup Java Environment	Ôªø2025-12-12T07:36:24.2222368Z Post job cleanup.
cursor-agent	Post Checkout repository	Ôªø2025-12-12T07:36:24.3943401Z Post job cleanup.
cursor-agent	Post Checkout repository	2025-12-12T07:36:24.4886624Z [command]/usr/bin/git version
cursor-agent	Post Checkout repository	2025-12-12T07:36:24.4939101Z git version 2.52.0
cursor-agent	Post Checkout repository	2025-12-12T07:36:24.4987790Z Temporarily overriding HOME='/home/runner/work/_temp/d0d7995d-76d4-4bd7-a548-fbfb70797dbb' before making global git config changes
cursor-agent	Post Checkout repository	2025-12-12T07:36:24.4989139Z Adding repository directory to the temporary git global config as a safe directory
cursor-agent	Post Checkout repository	2025-12-12T07:36:24.5000619Z [command]/usr/bin/git config --global --add safe.directory /home/runner/work/autocoding/autocoding
cursor-agent	Post Checkout repository	2025-12-12T07:36:24.5035394Z [command]/usr/bin/git config --local --name-only --get-regexp core\.sshCommand
cursor-agent	Post Checkout repository	2025-12-12T07:36:24.5067412Z [command]/usr/bin/git submodule foreach --recursive sh -c "git config --local --name-only --get-regexp 'core\.sshCommand' && git config --local --unset-all 'core.sshCommand' || :"
cursor-agent	Post Checkout repository	2025-12-12T07:36:24.5294499Z [command]/usr/bin/git config --local --name-only --get-regexp http\.https\:\/\/github\.com\/\.extraheader
cursor-agent	Post Checkout repository	2025-12-12T07:36:24.5314424Z http.https://github.com/.extraheader
cursor-agent	Post Checkout repository	2025-12-12T07:36:24.5327835Z [command]/usr/bin/git config --local --unset-all http.https://github.com/.extraheader
cursor-agent	Post Checkout repository	2025-12-12T07:36:24.5357405Z [command]/usr/bin/git submodule foreach --recursive sh -c "git config --local --name-only --get-regexp 'http\.https\:\/\/github\.com\/\.extraheader' && git config --local --unset-all 'http.https://github.com/.extraheader' || :"
cursor-agent	Post Checkout repository	2025-12-12T07:36:24.5575389Z [command]/usr/bin/git config --local --name-only --get-regexp ^includeIf\.gitdir:
cursor-agent	Post Checkout repository	2025-12-12T07:36:24.5605080Z [command]/usr/bin/git submodule foreach --recursive git config --local --show-origin --name-only --get-regexp remote.origin.url
cursor-agent	Complete job	Ôªø2025-12-12T07:36:24.5919431Z Cleaning up orphan processes
