cursor-agent	Set up job	Ôªø2025-12-12T07:48:43.0296567Z Current runner version: '2.329.0'
cursor-agent	Set up job	2025-12-12T07:48:43.0325268Z ##[group]Runner Image Provisioner
cursor-agent	Set up job	2025-12-12T07:48:43.0326186Z Hosted Compute Agent
cursor-agent	Set up job	2025-12-12T07:48:43.0326780Z Version: 20251202.455
cursor-agent	Set up job	2025-12-12T07:48:43.0327386Z Commit: 6c10caca4910e198df60de23adf20ad317c474e3
cursor-agent	Set up job	2025-12-12T07:48:43.0328176Z Build Date: 2025-12-02T15:56:59Z
cursor-agent	Set up job	2025-12-12T07:48:43.0328861Z Worker ID: {d20c5c93-0730-4eed-afe0-cab25618cfe0}
cursor-agent	Set up job	2025-12-12T07:48:43.0329514Z ##[endgroup]
cursor-agent	Set up job	2025-12-12T07:48:43.0330070Z ##[group]Operating System
cursor-agent	Set up job	2025-12-12T07:48:43.0330629Z Ubuntu
cursor-agent	Set up job	2025-12-12T07:48:43.0331108Z 24.04.3
cursor-agent	Set up job	2025-12-12T07:48:43.0331701Z LTS
cursor-agent	Set up job	2025-12-12T07:48:43.0332257Z ##[endgroup]
cursor-agent	Set up job	2025-12-12T07:48:43.0332853Z ##[group]Runner Image
cursor-agent	Set up job	2025-12-12T07:48:43.0333404Z Image: ubuntu-24.04
cursor-agent	Set up job	2025-12-12T07:48:43.0333966Z Version: 20251208.163.1
cursor-agent	Set up job	2025-12-12T07:48:43.0335735Z Included Software: https://github.com/actions/runner-images/blob/ubuntu24/20251208.163/images/ubuntu/Ubuntu2404-Readme.md
cursor-agent	Set up job	2025-12-12T07:48:43.0337184Z Image Release: https://github.com/actions/runner-images/releases/tag/ubuntu24%2F20251208.163
cursor-agent	Set up job	2025-12-12T07:48:43.0338473Z ##[endgroup]
cursor-agent	Set up job	2025-12-12T07:48:43.0339758Z ##[group]GITHUB_TOKEN Permissions
cursor-agent	Set up job	2025-12-12T07:48:43.0342006Z Actions: read
cursor-agent	Set up job	2025-12-12T07:48:43.0342612Z Contents: write
cursor-agent	Set up job	2025-12-12T07:48:43.0343216Z Metadata: read
cursor-agent	Set up job	2025-12-12T07:48:43.0343744Z PullRequests: write
cursor-agent	Set up job	2025-12-12T07:48:43.0344289Z ##[endgroup]
cursor-agent	Set up job	2025-12-12T07:48:43.0346831Z Secret source: Actions
cursor-agent	Set up job	2025-12-12T07:48:43.0347875Z Prepare workflow directory
cursor-agent	Set up job	2025-12-12T07:48:43.0682714Z Prepare all required actions
cursor-agent	Set up job	2025-12-12T07:48:43.0724113Z Getting action download info
cursor-agent	Set up job	2025-12-12T07:48:43.4352534Z Download action repository 'actions/checkout@v4' (SHA:34e114876b0b11c390a56381ad16ebd13914f8d5)
cursor-agent	Set up job	2025-12-12T07:48:44.3139364Z Download action repository 'actions/setup-java@v4' (SHA:c1e323688fd81a25caa38c78aa6df2d33d3e20d9)
cursor-agent	Set up job	2025-12-12T07:48:44.9091256Z Download action repository 'actions/upload-artifact@v4' (SHA:ea165f8d65b6e75b540449e92b4886f43607fa02)
cursor-agent	Set up job	2025-12-12T07:48:45.1311510Z Complete job name: cursor-agent
cursor-agent	Checkout repository	Ôªø2025-12-12T07:48:45.2160292Z ##[group]Run actions/checkout@v4
cursor-agent	Checkout repository	2025-12-12T07:48:45.2161689Z with:
cursor-agent	Checkout repository	2025-12-12T07:48:45.2162549Z   repository: kidblendapp/autocoding
cursor-agent	Checkout repository	2025-12-12T07:48:45.2163904Z   token: ***
cursor-agent	Checkout repository	2025-12-12T07:48:45.2165088Z   ssh-strict: true
cursor-agent	Checkout repository	2025-12-12T07:48:45.2165964Z   ssh-user: git
cursor-agent	Checkout repository	2025-12-12T07:48:45.2166849Z   persist-credentials: true
cursor-agent	Checkout repository	2025-12-12T07:48:45.2167809Z   clean: true
cursor-agent	Checkout repository	2025-12-12T07:48:45.2168673Z   sparse-checkout-cone-mode: true
cursor-agent	Checkout repository	2025-12-12T07:48:45.2169716Z   fetch-depth: 1
cursor-agent	Checkout repository	2025-12-12T07:48:45.2170561Z   fetch-tags: false
cursor-agent	Checkout repository	2025-12-12T07:48:45.2171432Z   show-progress: true
cursor-agent	Checkout repository	2025-12-12T07:48:45.2172306Z   lfs: false
cursor-agent	Checkout repository	2025-12-12T07:48:45.2173106Z   submodules: false
cursor-agent	Checkout repository	2025-12-12T07:48:45.2173986Z   set-safe-directory: true
cursor-agent	Checkout repository	2025-12-12T07:48:45.2175516Z ##[endgroup]
cursor-agent	Checkout repository	2025-12-12T07:48:45.3289682Z Syncing repository: kidblendapp/autocoding
cursor-agent	Checkout repository	2025-12-12T07:48:45.3293043Z ##[group]Getting Git version info
cursor-agent	Checkout repository	2025-12-12T07:48:45.3294739Z Working directory is '/home/runner/work/autocoding/autocoding'
cursor-agent	Checkout repository	2025-12-12T07:48:45.3296977Z [command]/usr/bin/git version
cursor-agent	Checkout repository	2025-12-12T07:48:45.3351755Z git version 2.52.0
cursor-agent	Checkout repository	2025-12-12T07:48:45.3379885Z ##[endgroup]
cursor-agent	Checkout repository	2025-12-12T07:48:45.3396671Z Temporarily overriding HOME='/home/runner/work/_temp/61acd10b-1e66-4415-b11b-7abc63c473d6' before making global git config changes
cursor-agent	Checkout repository	2025-12-12T07:48:45.3399859Z Adding repository directory to the temporary git global config as a safe directory
cursor-agent	Checkout repository	2025-12-12T07:48:45.3409647Z [command]/usr/bin/git config --global --add safe.directory /home/runner/work/autocoding/autocoding
cursor-agent	Checkout repository	2025-12-12T07:48:45.3451294Z Deleting the contents of '/home/runner/work/autocoding/autocoding'
cursor-agent	Checkout repository	2025-12-12T07:48:45.3455585Z ##[group]Initializing the repository
cursor-agent	Checkout repository	2025-12-12T07:48:45.3459586Z [command]/usr/bin/git init /home/runner/work/autocoding/autocoding
cursor-agent	Checkout repository	2025-12-12T07:48:45.3550554Z hint: Using 'master' as the name for the initial branch. This default branch name
cursor-agent	Checkout repository	2025-12-12T07:48:45.3552740Z hint: will change to "main" in Git 3.0. To configure the initial branch name
cursor-agent	Checkout repository	2025-12-12T07:48:45.3555843Z hint: to use in all of your new repositories, which will suppress this warning,
cursor-agent	Checkout repository	2025-12-12T07:48:45.3557449Z hint: call:
cursor-agent	Checkout repository	2025-12-12T07:48:45.3558266Z hint:
cursor-agent	Checkout repository	2025-12-12T07:48:45.3559473Z hint: 	git config --global init.defaultBranch <name>
cursor-agent	Checkout repository	2025-12-12T07:48:45.3560798Z hint:
cursor-agent	Checkout repository	2025-12-12T07:48:45.3561970Z hint: Names commonly chosen instead of 'master' are 'main', 'trunk' and
cursor-agent	Checkout repository	2025-12-12T07:48:45.3564002Z hint: 'development'. The just-created branch can be renamed via this command:
cursor-agent	Checkout repository	2025-12-12T07:48:45.3566050Z hint:
cursor-agent	Checkout repository	2025-12-12T07:48:45.3566880Z hint: 	git branch -m <name>
cursor-agent	Checkout repository	2025-12-12T07:48:45.3567804Z hint:
cursor-agent	Checkout repository	2025-12-12T07:48:45.3569037Z hint: Disable this message with "git config set advice.defaultBranchName false"
cursor-agent	Checkout repository	2025-12-12T07:48:45.3571125Z Initialized empty Git repository in /home/runner/work/autocoding/autocoding/.git/
cursor-agent	Checkout repository	2025-12-12T07:48:45.3574465Z [command]/usr/bin/git remote add origin https://github.com/kidblendapp/autocoding
cursor-agent	Checkout repository	2025-12-12T07:48:45.3604157Z ##[endgroup]
cursor-agent	Checkout repository	2025-12-12T07:48:45.3605758Z ##[group]Disabling automatic garbage collection
cursor-agent	Checkout repository	2025-12-12T07:48:45.3608697Z [command]/usr/bin/git config --local gc.auto 0
cursor-agent	Checkout repository	2025-12-12T07:48:45.3638897Z ##[endgroup]
cursor-agent	Checkout repository	2025-12-12T07:48:45.3640282Z ##[group]Setting up auth
cursor-agent	Checkout repository	2025-12-12T07:48:45.3645811Z [command]/usr/bin/git config --local --name-only --get-regexp core\.sshCommand
cursor-agent	Checkout repository	2025-12-12T07:48:45.3680086Z [command]/usr/bin/git submodule foreach --recursive sh -c "git config --local --name-only --get-regexp 'core\.sshCommand' && git config --local --unset-all 'core.sshCommand' || :"
cursor-agent	Checkout repository	2025-12-12T07:48:45.4008535Z [command]/usr/bin/git config --local --name-only --get-regexp http\.https\:\/\/github\.com\/\.extraheader
cursor-agent	Checkout repository	2025-12-12T07:48:45.4040801Z [command]/usr/bin/git submodule foreach --recursive sh -c "git config --local --name-only --get-regexp 'http\.https\:\/\/github\.com\/\.extraheader' && git config --local --unset-all 'http.https://github.com/.extraheader' || :"
cursor-agent	Checkout repository	2025-12-12T07:48:45.4269005Z [command]/usr/bin/git config --local --name-only --get-regexp ^includeIf\.gitdir:
cursor-agent	Checkout repository	2025-12-12T07:48:45.4302589Z [command]/usr/bin/git submodule foreach --recursive git config --local --show-origin --name-only --get-regexp remote.origin.url
cursor-agent	Checkout repository	2025-12-12T07:48:45.4541515Z [command]/usr/bin/git config --local http.https://github.com/.extraheader AUTHORIZATION: basic ***
cursor-agent	Checkout repository	2025-12-12T07:48:45.4578109Z ##[endgroup]
cursor-agent	Checkout repository	2025-12-12T07:48:45.4580661Z ##[group]Fetching the repository
cursor-agent	Checkout repository	2025-12-12T07:48:45.4589969Z [command]/usr/bin/git -c protocol.version=2 fetch --no-tags --prune --no-recurse-submodules --depth=1 origin +8c465b47d1547c62de7788ae966c4fe23795b013:refs/remotes/origin/main
cursor-agent	Checkout repository	2025-12-12T07:48:45.7974935Z From https://github.com/kidblendapp/autocoding
cursor-agent	Checkout repository	2025-12-12T07:48:45.7976782Z  * [new ref]         8c465b47d1547c62de7788ae966c4fe23795b013 -> origin/main
cursor-agent	Checkout repository	2025-12-12T07:48:45.8008540Z ##[endgroup]
cursor-agent	Checkout repository	2025-12-12T07:48:45.8009079Z ##[group]Determining the checkout info
cursor-agent	Checkout repository	2025-12-12T07:48:45.8011630Z ##[endgroup]
cursor-agent	Checkout repository	2025-12-12T07:48:45.8017788Z [command]/usr/bin/git sparse-checkout disable
cursor-agent	Checkout repository	2025-12-12T07:48:45.8061591Z [command]/usr/bin/git config --local --unset-all extensions.worktreeConfig
cursor-agent	Checkout repository	2025-12-12T07:48:45.8086951Z ##[group]Checking out the ref
cursor-agent	Checkout repository	2025-12-12T07:48:45.8091902Z [command]/usr/bin/git checkout --progress --force -B main refs/remotes/origin/main
cursor-agent	Checkout repository	2025-12-12T07:48:45.8199987Z Switched to a new branch 'main'
cursor-agent	Checkout repository	2025-12-12T07:48:45.8201187Z branch 'main' set up to track 'origin/main'.
cursor-agent	Checkout repository	2025-12-12T07:48:45.8209081Z ##[endgroup]
cursor-agent	Checkout repository	2025-12-12T07:48:45.8248281Z [command]/usr/bin/git log -1 --format=%H
cursor-agent	Checkout repository	2025-12-12T07:48:45.8270596Z 8c465b47d1547c62de7788ae966c4fe23795b013
cursor-agent	Map Event Type to Config	Ôªø2025-12-12T07:48:45.8482403Z ##[group]Run EVENT_TYPE=""
cursor-agent	Map Event Type to Config	2025-12-12T07:48:45.8482932Z [36;1mEVENT_TYPE=""[0m
cursor-agent	Map Event Type to Config	2025-12-12T07:48:45.8483399Z [36;1m[0m
cursor-agent	Map Event Type to Config	2025-12-12T07:48:45.8483731Z [36;1mcase "$EVENT_TYPE" in[0m
cursor-agent	Map Event Type to Config	2025-12-12T07:48:45.8484098Z [36;1m  "story-clarification")[0m
cursor-agent	Map Event Type to Config	2025-12-12T07:48:45.8484856Z [36;1m    CONFIG="agents/story_questions.json"[0m
cursor-agent	Map Event Type to Config	2025-12-12T07:48:45.8485562Z [36;1m    ;;[0m
cursor-agent	Map Event Type to Config	2025-12-12T07:48:45.8485889Z [36;1m  "story-development")[0m
cursor-agent	Map Event Type to Config	2025-12-12T07:48:45.8486398Z [36;1m    CONFIG="agents/story_development.json"[0m
cursor-agent	Map Event Type to Config	2025-12-12T07:48:45.8486808Z [36;1m    ;;[0m
cursor-agent	Map Event Type to Config	2025-12-12T07:48:45.8487217Z [36;1m  "story-description")[0m
cursor-agent	Map Event Type to Config	2025-12-12T07:48:45.8487637Z [36;1m    CONFIG="agents/story_description.json"[0m
cursor-agent	Map Event Type to Config	2025-12-12T07:48:45.8487995Z [36;1m    ;;[0m
cursor-agent	Map Event Type to Config	2025-12-12T07:48:45.8488350Z [36;1m  "solution-design")[0m
cursor-agent	Map Event Type to Config	2025-12-12T07:48:45.8488766Z [36;1m    CONFIG="agents/story_solution_design.json"[0m
cursor-agent	Map Event Type to Config	2025-12-12T07:48:45.8489202Z [36;1m    ;;[0m
cursor-agent	Map Event Type to Config	2025-12-12T07:48:45.8489577Z [36;1m  "sd-core-description")[0m
cursor-agent	Map Event Type to Config	2025-12-12T07:48:45.8490054Z [36;1m    CONFIG="agents/sd_core_description.json"[0m
cursor-agent	Map Event Type to Config	2025-12-12T07:48:45.8490483Z [36;1m    ;;[0m
cursor-agent	Map Event Type to Config	2025-12-12T07:48:45.8490827Z [36;1m  "sd-api-description")[0m
cursor-agent	Map Event Type to Config	2025-12-12T07:48:45.8491257Z [36;1m    CONFIG="agents/sd_api_description.json"[0m
cursor-agent	Map Event Type to Config	2025-12-12T07:48:45.8491703Z [36;1m    ;;[0m
cursor-agent	Map Event Type to Config	2025-12-12T07:48:45.8492029Z [36;1m  "api-development")[0m
cursor-agent	Map Event Type to Config	2025-12-12T07:48:45.8492384Z [36;1m    CONFIG="agents/api_development.json"[0m
cursor-agent	Map Event Type to Config	2025-12-12T07:48:45.8492818Z [36;1m    ;;[0m
cursor-agent	Map Event Type to Config	2025-12-12T07:48:45.8493147Z [36;1m  "core-description")[0m
cursor-agent	Map Event Type to Config	2025-12-12T07:48:45.8493552Z [36;1m    CONFIG="agents/core_description.json"[0m
cursor-agent	Map Event Type to Config	2025-12-12T07:48:45.8494014Z [36;1m    ;;[0m
cursor-agent	Map Event Type to Config	2025-12-12T07:48:45.8494337Z [36;1m  "code-review")[0m
cursor-agent	Map Event Type to Config	2025-12-12T07:48:45.8495056Z [36;1m    CONFIG="agents/code_review.json"[0m
cursor-agent	Map Event Type to Config	2025-12-12T07:48:45.8495450Z [36;1m    ;;[0m
cursor-agent	Map Event Type to Config	2025-12-12T07:48:45.8495811Z [36;1m  "test-generation")[0m
cursor-agent	Map Event Type to Config	2025-12-12T07:48:45.8496242Z [36;1m    CONFIG="agents/test_cases_generator.json"[0m
cursor-agent	Map Event Type to Config	2025-12-12T07:48:45.8496673Z [36;1m    ;;[0m
cursor-agent	Map Event Type to Config	2025-12-12T07:48:45.8496982Z [36;1m  *)[0m
cursor-agent	Map Event Type to Config	2025-12-12T07:48:45.8497345Z [36;1m    CONFIG=""[0m
cursor-agent	Map Event Type to Config	2025-12-12T07:48:45.8497641Z [36;1m    ;;[0m
cursor-agent	Map Event Type to Config	2025-12-12T07:48:45.8497981Z [36;1mesac[0m
cursor-agent	Map Event Type to Config	2025-12-12T07:48:45.8498352Z [36;1m[0m
cursor-agent	Map Event Type to Config	2025-12-12T07:48:45.8498704Z [36;1mecho "config_file=${CONFIG}" >> $GITHUB_OUTPUT[0m
cursor-agent	Map Event Type to Config	2025-12-12T07:48:45.8499197Z [36;1mecho "Mapped event type '${EVENT_TYPE}' to config: ${CONFIG}"[0m
cursor-agent	Map Event Type to Config	2025-12-12T07:48:45.8535560Z shell: /usr/bin/bash -e {0}
cursor-agent	Map Event Type to Config	2025-12-12T07:48:45.8536062Z ##[endgroup]
cursor-agent	Map Event Type to Config	2025-12-12T07:48:45.8613953Z Mapped event type '' to config: 
cursor-agent	Prepare Configuration	Ôªø2025-12-12T07:48:45.8668684Z ##[group]Run # Determine config file from either webhook or manual input
cursor-agent	Prepare Configuration	2025-12-12T07:48:45.8669407Z [36;1m# Determine config file from either webhook or manual input[0m
cursor-agent	Prepare Configuration	2025-12-12T07:48:45.8669967Z [36;1mif [ "workflow_dispatch" = "repository_dispatch" ]; then[0m
cursor-agent	Prepare Configuration	2025-12-12T07:48:45.8670529Z [36;1m  # Use mapped config if available, otherwise use client_payload[0m
cursor-agent	Prepare Configuration	2025-12-12T07:48:45.8671048Z [36;1m  CONFIG_FILE=""[0m
cursor-agent	Prepare Configuration	2025-12-12T07:48:45.8671417Z [36;1m  ENCODED_CONFIG=""[0m
cursor-agent	Prepare Configuration	2025-12-12T07:48:45.8671735Z [36;1m  TICKET_KEY=""[0m
cursor-agent	Prepare Configuration	2025-12-12T07:48:45.8672232Z [36;1m  JQL_QUERY=""[0m
cursor-agent	Prepare Configuration	2025-12-12T07:48:45.8672536Z [36;1melse[0m
cursor-agent	Prepare Configuration	2025-12-12T07:48:45.8672970Z [36;1m  # Use provided config_file or default to agents/test_agent.json[0m
cursor-agent	Prepare Configuration	2025-12-12T07:48:45.8673553Z [36;1m  CONFIG_FILE="agents/test_agent.json"[0m
cursor-agent	Prepare Configuration	2025-12-12T07:48:45.8673976Z [36;1m  if [ -z "${CONFIG_FILE}" ]; then[0m
cursor-agent	Prepare Configuration	2025-12-12T07:48:45.8674435Z [36;1m    CONFIG_FILE="agents/test_agent.json"[0m
cursor-agent	Prepare Configuration	2025-12-12T07:48:45.8675090Z [36;1m  fi[0m
cursor-agent	Prepare Configuration	2025-12-12T07:48:45.8675504Z [36;1m  ENCODED_CONFIG=""[0m
cursor-agent	Prepare Configuration	2025-12-12T07:48:45.8675945Z [36;1m  TICKET_KEY=""[0m
cursor-agent	Prepare Configuration	2025-12-12T07:48:45.8676291Z [36;1m  JQL_QUERY=""[0m
cursor-agent	Prepare Configuration	2025-12-12T07:48:45.8676649Z [36;1mfi[0m
cursor-agent	Prepare Configuration	2025-12-12T07:48:45.8676978Z [36;1m[0m
cursor-agent	Prepare Configuration	2025-12-12T07:48:45.8677340Z [36;1mecho "config_file=${CONFIG_FILE}" >> $GITHUB_OUTPUT[0m
cursor-agent	Prepare Configuration	2025-12-12T07:48:45.8677888Z [36;1mecho "encoded_config=${ENCODED_CONFIG}" >> $GITHUB_OUTPUT[0m
cursor-agent	Prepare Configuration	2025-12-12T07:48:45.8678409Z [36;1mecho "ticket_key=${TICKET_KEY}" >> $GITHUB_OUTPUT[0m
cursor-agent	Prepare Configuration	2025-12-12T07:48:45.8678875Z [36;1mecho "jql_query=${JQL_QUERY}" >> $GITHUB_OUTPUT[0m
cursor-agent	Prepare Configuration	2025-12-12T07:48:45.8679393Z [36;1m[0m
cursor-agent	Prepare Configuration	2025-12-12T07:48:45.8679763Z [36;1mecho "Configuration: ${CONFIG_FILE}"[0m
cursor-agent	Prepare Configuration	2025-12-12T07:48:45.8680325Z [36;1mecho "Ticket: ${TICKET_KEY}"[0m
cursor-agent	Prepare Configuration	2025-12-12T07:48:45.8680746Z [36;1mecho "JQL: ${JQL_QUERY}"[0m
cursor-agent	Prepare Configuration	2025-12-12T07:48:45.8776101Z shell: /usr/bin/bash -e {0}
cursor-agent	Prepare Configuration	2025-12-12T07:48:45.8776626Z ##[endgroup]
cursor-agent	Prepare Configuration	2025-12-12T07:48:45.8835942Z Configuration: agents/test_agent.json
cursor-agent	Prepare Configuration	2025-12-12T07:48:45.8836535Z Ticket: 
cursor-agent	Prepare Configuration	2025-12-12T07:48:45.8836886Z JQL: 
cursor-agent	Setup Java Environment	Ôªø2025-12-12T07:48:45.8949904Z ##[group]Run actions/setup-java@v4
cursor-agent	Setup Java Environment	2025-12-12T07:48:45.8950239Z with:
cursor-agent	Setup Java Environment	2025-12-12T07:48:45.8950471Z   distribution: temurin
cursor-agent	Setup Java Environment	2025-12-12T07:48:45.8950723Z   java-version: 23
cursor-agent	Setup Java Environment	2025-12-12T07:48:45.8950963Z   java-package: jdk
cursor-agent	Setup Java Environment	2025-12-12T07:48:45.8951203Z   check-latest: false
cursor-agent	Setup Java Environment	2025-12-12T07:48:45.8951447Z   server-id: github
cursor-agent	Setup Java Environment	2025-12-12T07:48:45.8951686Z   server-username: GITHUB_ACTOR
cursor-agent	Setup Java Environment	2025-12-12T07:48:45.8951969Z   server-password: GITHUB_TOKEN
cursor-agent	Setup Java Environment	2025-12-12T07:48:45.8952245Z   overwrite-settings: true
cursor-agent	Setup Java Environment	2025-12-12T07:48:45.8952497Z   job-status: success
cursor-agent	Setup Java Environment	2025-12-12T07:48:45.8952873Z   token: ***
cursor-agent	Setup Java Environment	2025-12-12T07:48:45.8953117Z ##[endgroup]
cursor-agent	Setup Java Environment	2025-12-12T07:48:46.1012486Z ##[group]Installed distributions
cursor-agent	Setup Java Environment	2025-12-12T07:48:46.1124988Z Trying to resolve the latest version from remote
cursor-agent	Setup Java Environment	2025-12-12T07:48:46.6210404Z Resolved latest version as 23.0.2+7
cursor-agent	Setup Java Environment	2025-12-12T07:48:46.6211144Z Trying to download...
cursor-agent	Setup Java Environment	2025-12-12T07:48:46.6212691Z Downloading Java 23.0.2+7 (Temurin-Hotspot) from https://github.com/adoptium/temurin23-binaries/releases/download/jdk-23.0.2%2B7/OpenJDK23U-jdk_x64_linux_hotspot_23.0.2_7.tar.gz ...
cursor-agent	Setup Java Environment	2025-12-12T07:48:47.9801011Z Extracting Java archive...
cursor-agent	Setup Java Environment	2025-12-12T07:48:47.9904126Z [command]/usr/bin/tar xz --warning=no-unknown-keyword --overwrite -C /home/runner/work/_temp/b6bdfabc-e08c-4020-8dde-690c90aa7405 -f /home/runner/work/_temp/8560baef-3244-43a1-94b6-c696fff757e3
cursor-agent	Setup Java Environment	2025-12-12T07:48:50.7352565Z Java 23.0.2+7 was downloaded
cursor-agent	Setup Java Environment	2025-12-12T07:48:50.7359621Z Setting Java 23.0.2+7 as the default
cursor-agent	Setup Java Environment	2025-12-12T07:48:50.7365263Z Creating toolchains.xml for JDK version 23 from temurin
cursor-agent	Setup Java Environment	2025-12-12T07:48:50.7443611Z Writing to /home/runner/.m2/toolchains.xml
cursor-agent	Setup Java Environment	2025-12-12T07:48:50.7444322Z 
cursor-agent	Setup Java Environment	2025-12-12T07:48:50.7444751Z Java configuration:
cursor-agent	Setup Java Environment	2025-12-12T07:48:50.7445327Z   Distribution: temurin
cursor-agent	Setup Java Environment	2025-12-12T07:48:50.7445781Z   Version: 23.0.2+7
cursor-agent	Setup Java Environment	2025-12-12T07:48:50.7446410Z   Path: /opt/hostedtoolcache/Java_Temurin-Hotspot_jdk/23.0.2-7/x64
cursor-agent	Setup Java Environment	2025-12-12T07:48:50.7446995Z 
cursor-agent	Setup Java Environment	2025-12-12T07:48:50.7447828Z ##[endgroup]
cursor-agent	Setup Java Environment	2025-12-12T07:48:50.7468110Z Creating settings.xml with server-id: github
cursor-agent	Setup Java Environment	2025-12-12T07:48:50.7469334Z Writing to /home/runner/.m2/settings.xml
cursor-agent	Install Cursor CLI	Ôªø2025-12-12T07:48:50.7603291Z ##[group]Run echo "Installing Cursor CLI..."
cursor-agent	Install Cursor CLI	2025-12-12T07:48:50.7603692Z [36;1mecho "Installing Cursor CLI..."[0m
cursor-agent	Install Cursor CLI	2025-12-12T07:48:50.7604054Z [36;1mcurl https://cursor.com/install -fsS | bash[0m
cursor-agent	Install Cursor CLI	2025-12-12T07:48:50.7604351Z [36;1m[0m
cursor-agent	Install Cursor CLI	2025-12-12T07:48:50.7604965Z [36;1mecho "Checking installation locations..."[0m
cursor-agent	Install Cursor CLI	2025-12-12T07:48:50.7605512Z [36;1mls -la "$HOME/.cursor/" || echo "No .cursor directory"[0m
cursor-agent	Install Cursor CLI	2025-12-12T07:48:50.7605939Z [36;1mls -la "$HOME/.cursor/bin/" || echo "No .cursor/bin directory"[0m
cursor-agent	Install Cursor CLI	2025-12-12T07:48:50.7606375Z [36;1mls -la "$HOME/.local/bin/" || echo "No .local/bin directory"[0m
cursor-agent	Install Cursor CLI	2025-12-12T07:48:50.7606693Z [36;1m[0m
cursor-agent	Install Cursor CLI	2025-12-12T07:48:50.7606937Z [36;1m# Cursor CLI installs to ~/.local/bin, not ~/.cursor/bin[0m
cursor-agent	Install Cursor CLI	2025-12-12T07:48:50.7607264Z [36;1mecho "$HOME/.local/bin" >> $GITHUB_PATH[0m
cursor-agent	Install Cursor CLI	2025-12-12T07:48:50.7607515Z [36;1m[0m
cursor-agent	Install Cursor CLI	2025-12-12T07:48:50.7607693Z [36;1m# Test installation[0m
cursor-agent	Install Cursor CLI	2025-12-12T07:48:50.7607957Z [36;1mexport PATH="$HOME/.local/bin:$PATH"[0m
cursor-agent	Install Cursor CLI	2025-12-12T07:48:50.7608285Z [36;1mif command -v cursor-agent; then[0m
cursor-agent	Install Cursor CLI	2025-12-12T07:48:50.7608628Z [36;1m  echo "‚úÖ cursor-agent found at: $(command -v cursor-agent)"[0m
cursor-agent	Install Cursor CLI	2025-12-12T07:48:50.7609022Z [36;1m  cursor-agent --version 2>&1 || echo "Version check failed"[0m
cursor-agent	Install Cursor CLI	2025-12-12T07:48:50.7609362Z [36;1melse[0m
cursor-agent	Install Cursor CLI	2025-12-12T07:48:50.7609605Z [36;1m  echo "‚ùå cursor-agent not found after installation"[0m
cursor-agent	Install Cursor CLI	2025-12-12T07:48:50.7609925Z [36;1m  echo "Available files in .local/bin:"[0m
cursor-agent	Install Cursor CLI	2025-12-12T07:48:50.7610496Z [36;1m  ls -la "$HOME/.local/bin/" 2>/dev/null || echo "Directory does not exist"[0m
cursor-agent	Install Cursor CLI	2025-12-12T07:48:50.7610828Z [36;1mfi[0m
cursor-agent	Install Cursor CLI	2025-12-12T07:48:50.7646076Z shell: /usr/bin/bash -e {0}
cursor-agent	Install Cursor CLI	2025-12-12T07:48:50.7646329Z env:
cursor-agent	Install Cursor CLI	2025-12-12T07:48:50.7646637Z   JAVA_HOME: /opt/hostedtoolcache/Java_Temurin-Hotspot_jdk/23.0.2-7/x64
cursor-agent	Install Cursor CLI	2025-12-12T07:48:50.7647121Z   JAVA_HOME_23_X64: /opt/hostedtoolcache/Java_Temurin-Hotspot_jdk/23.0.2-7/x64
cursor-agent	Install Cursor CLI	2025-12-12T07:48:50.7647480Z ##[endgroup]
cursor-agent	Install Cursor CLI	2025-12-12T07:48:50.7701729Z Installing Cursor CLI...
cursor-agent	Install Cursor CLI	2025-12-12T07:48:51.0549925Z 
cursor-agent	Install Cursor CLI	2025-12-12T07:48:51.0551031Z [1mCursor Agent Installer[0m
cursor-agent	Install Cursor CLI	2025-12-12T07:48:51.0551572Z 
cursor-agent	Install Cursor CLI	2025-12-12T07:48:51.0554927Z [0;34m‚ñ∏[0m Detecting system architecture...
cursor-agent	Install Cursor CLI	2025-12-12T07:48:51.0588138Z [1A[2K[0;32m‚úì[0m Detected linux/x64
cursor-agent	Install Cursor CLI	2025-12-12T07:48:51.0588790Z [0;34m‚ñ∏[0m Creating installation directory...
cursor-agent	Install Cursor CLI	2025-12-12T07:48:51.0617315Z [1A[2K[0;32m‚úì[0m Directory created
cursor-agent	Install Cursor CLI	2025-12-12T07:48:51.0618005Z [0;34m‚ñ∏[0m Downloading Cursor Agent package...
cursor-agent	Install Cursor CLI	2025-12-12T07:48:51.0619094Z [2m  Download URL: https://downloads.cursor.com/lab/2025.11.25-d5b3271/linux/x64/agent-cli-package.tar.gz[0m
cursor-agent	Install Cursor CLI	2025-12-12T07:48:51.4758655Z #=#=#                                                                          
cursor-agent	Install Cursor CLI	2025-12-12T07:48:51.4759501Z 
cursor-agent	Install Cursor CLI	2025-12-12T07:48:51.6816657Z ##############                                                            19.5%
cursor-agent	Install Cursor CLI	2025-12-12T07:48:51.8876566Z ##########################                                                37.3%
cursor-agent	Install Cursor CLI	2025-12-12T07:48:52.0902471Z #######################################                                   55.2%
cursor-agent	Install Cursor CLI	2025-12-12T07:48:52.3595853Z ####################################################                      73.1%
cursor-agent	Install Cursor CLI	2025-12-12T07:48:52.4898675Z #################################################################         91.0%
cursor-agent	Install Cursor CLI	2025-12-12T07:48:52.4900313Z ######################################################################## 100.0%
cursor-agent	Install Cursor CLI	2025-12-12T07:48:52.4951869Z [1A[2K[1A[2K[1A[2K[1A[2K[0;32m‚úì[0m Package downloaded and extracted
cursor-agent	Install Cursor CLI	2025-12-12T07:48:52.4952603Z [0;34m‚ñ∏[0m Finalizing installation...
cursor-agent	Install Cursor CLI	2025-12-12T07:48:52.4981032Z [1A[2K[0;32m‚úì[0m Package installed successfully
cursor-agent	Install Cursor CLI	2025-12-12T07:48:52.4981758Z [0;34m‚ñ∏[0m Creating bin directory...
cursor-agent	Install Cursor CLI	2025-12-12T07:48:52.4995756Z [1A[2K[0;32m‚úì[0m Bin directory ready
cursor-agent	Install Cursor CLI	2025-12-12T07:48:52.4996432Z [0;34m‚ñ∏[0m Creating symlink to cursor-agent executable...
cursor-agent	Install Cursor CLI	2025-12-12T07:48:52.5018267Z [1A[2K[0;32m‚úì[0m Symlink created
cursor-agent	Install Cursor CLI	2025-12-12T07:48:52.5018585Z 
cursor-agent	Install Cursor CLI	2025-12-12T07:48:52.5022381Z [1m[0;32m‚ú® Installation Complete! [0m
cursor-agent	Install Cursor CLI	2025-12-12T07:48:52.5023059Z 
cursor-agent	Install Cursor CLI	2025-12-12T07:48:52.5023069Z 
cursor-agent	Install Cursor CLI	2025-12-12T07:48:52.5036058Z [1mNext Steps[0m
cursor-agent	Install Cursor CLI	2025-12-12T07:48:52.5036371Z 
cursor-agent	Install Cursor CLI	2025-12-12T07:48:52.5036652Z [1m1.[0m Add ~/.local/bin to your PATH:
cursor-agent	Install Cursor CLI	2025-12-12T07:48:52.5037813Z    [2mFor bash:[0m
cursor-agent	Install Cursor CLI	2025-12-12T07:48:52.5038450Z    [1m[0;34mecho 'export PATH="$HOME/.local/bin:$PATH"' >> ~/.bashrc[0m
cursor-agent	Install Cursor CLI	2025-12-12T07:48:52.5039104Z    [1m[0;34msource ~/.bashrc[0m
cursor-agent	Install Cursor CLI	2025-12-12T07:48:52.5039412Z 
cursor-agent	Install Cursor CLI	2025-12-12T07:48:52.5043831Z [1m2.[0m Start using Cursor Agent:
cursor-agent	Install Cursor CLI	2025-12-12T07:48:52.5044339Z    [1mcursor-agent[0m
cursor-agent	Install Cursor CLI	2025-12-12T07:48:52.5045178Z 
cursor-agent	Install Cursor CLI	2025-12-12T07:48:52.5045203Z 
cursor-agent	Install Cursor CLI	2025-12-12T07:48:52.5045455Z [1m[0;36mHappy coding! üöÄ[0m
cursor-agent	Install Cursor CLI	2025-12-12T07:48:52.5045750Z 
cursor-agent	Install Cursor CLI	2025-12-12T07:48:52.5058148Z Checking installation locations...
cursor-agent	Install Cursor CLI	2025-12-12T07:48:52.5069045Z ls: cannot access '/home/runner/.cursor/': No such file or directory
cursor-agent	Install Cursor CLI	2025-12-12T07:48:52.5071042Z No .cursor directory
cursor-agent	Install Cursor CLI	2025-12-12T07:48:52.5081158Z ls: cannot access '/home/runner/.cursor/bin/': No such file or directory
cursor-agent	Install Cursor CLI	2025-12-12T07:48:52.5083276Z No .cursor/bin directory
cursor-agent	Install Cursor CLI	2025-12-12T07:48:52.5095555Z total 12
cursor-agent	Install Cursor CLI	2025-12-12T07:48:52.5095904Z drwxr-xr-x 2 runner runner 4096 Dec 12 07:48 .
cursor-agent	Install Cursor CLI	2025-12-12T07:48:52.5096481Z drwxr-xr-x 4 runner runner 4096 Dec 12 07:48 ..
cursor-agent	Install Cursor CLI	2025-12-12T07:48:52.5097516Z lrwxrwxrwx 1 runner runner   79 Dec 12 07:48 cursor-agent -> /home/runner/.local/share/cursor-agent/versions/2025.11.25-d5b3271/cursor-agent
cursor-agent	Install Cursor CLI	2025-12-12T07:48:52.5099440Z /home/runner/.local/bin/cursor-agent
cursor-agent	Install Cursor CLI	2025-12-12T07:48:52.5106237Z ‚úÖ cursor-agent found at: /home/runner/.local/bin/cursor-agent
cursor-agent	Install Cursor CLI	2025-12-12T07:48:52.8711354Z 2025.11.25-d5b3271
cursor-agent	Install DMTools CLI	Ôªø2025-12-12T07:48:52.8832528Z ##[group]Run curl -fsSL https://github.com/IstiN/dmtools/releases/latest/download/install.sh | bash
cursor-agent	Install DMTools CLI	2025-12-12T07:48:52.8833251Z [36;1mcurl -fsSL https://github.com/IstiN/dmtools/releases/latest/download/install.sh | bash[0m
cursor-agent	Install DMTools CLI	2025-12-12T07:48:52.8833723Z [36;1mecho "$HOME/.dmtools/bin" >> $GITHUB_PATH[0m
cursor-agent	Install DMTools CLI	2025-12-12T07:48:52.8868477Z shell: /usr/bin/bash -e {0}
cursor-agent	Install DMTools CLI	2025-12-12T07:48:52.8868712Z env:
cursor-agent	Install DMTools CLI	2025-12-12T07:48:52.8869003Z   JAVA_HOME: /opt/hostedtoolcache/Java_Temurin-Hotspot_jdk/23.0.2-7/x64
cursor-agent	Install DMTools CLI	2025-12-12T07:48:52.8869467Z   JAVA_HOME_23_X64: /opt/hostedtoolcache/Java_Temurin-Hotspot_jdk/23.0.2-7/x64
cursor-agent	Install DMTools CLI	2025-12-12T07:48:52.8869815Z ##[endgroup]
cursor-agent	Install DMTools CLI	2025-12-12T07:48:53.1779735Z [0;32müöÄ Installing DMTools CLI...[0m
cursor-agent	Install DMTools CLI	2025-12-12T07:48:53.1780235Z [0;34mChecking Java installation...[0m
cursor-agent	Install DMTools CLI	2025-12-12T07:48:53.2139265Z [0;32mJava version detected: 23.0.2[0m
cursor-agent	Install DMTools CLI	2025-12-12T07:48:53.2142671Z [0;34mFetching latest release information...[0m
cursor-agent	Install DMTools CLI	2025-12-12T07:48:53.3984329Z [0;32mLatest version: v1.7.100[0m
cursor-agent	Install DMTools CLI	2025-12-12T07:48:53.3985364Z [0;34mCreating installation directory...[0m
cursor-agent	Install DMTools CLI	2025-12-12T07:48:53.4010119Z [0;34mDownloading DMTools JAR...[0m
cursor-agent	Install DMTools CLI	2025-12-12T07:48:54.4683129Z [0;34mDownloading DMTools shell script...[0m
cursor-agent	Install DMTools CLI	2025-12-12T07:48:54.8606172Z [0;34mUpdating shell configuration...[0m
cursor-agent	Install DMTools CLI	2025-12-12T07:48:54.8661456Z [0;32mUpdated /home/runner/.bashrc[0m
cursor-agent	Install DMTools CLI	2025-12-12T07:48:54.8720913Z [0;32mUpdated /home/runner/.bash_profile[0m
cursor-agent	Install DMTools CLI	2025-12-12T07:48:54.8737808Z [0;32mUpdated /home/runner/.profile[0m
cursor-agent	Install DMTools CLI	2025-12-12T07:48:54.8738186Z [0;34mVerifying installation...[0m
cursor-agent	Install DMTools CLI	2025-12-12T07:48:55.7348544Z [0;32mDMTools CLI installed successfully![0m
cursor-agent	Install DMTools CLI	2025-12-12T07:48:55.7348976Z 
cursor-agent	Install DMTools CLI	2025-12-12T07:48:55.7349376Z [0;32müéâ DMTools CLI installation completed![0m
cursor-agent	Install DMTools CLI	2025-12-12T07:48:55.7349731Z 
cursor-agent	Install DMTools CLI	2025-12-12T07:48:55.7349910Z To get started:
cursor-agent	Install DMTools CLI	2025-12-12T07:48:55.7350301Z   1. Restart your shell or run: source ~/.zshrc (or ~/.bashrc)
cursor-agent	Install DMTools CLI	2025-12-12T07:48:55.7350778Z   2. Run: dmtools list
cursor-agent	Install DMTools CLI	2025-12-12T07:48:55.7351174Z   3. Set up your integrations with environment variables:
cursor-agent	Install DMTools CLI	2025-12-12T07:48:55.7351729Z      export DMTOOLS_INTEGRATIONS=jira,confluence,figma
cursor-agent	Install DMTools CLI	2025-12-12T07:48:55.7352224Z      export JIRA_EMAIL=your-email@domain.com
cursor-agent	Install DMTools CLI	2025-12-12T07:48:55.7352721Z      export JIRA_API_TOKEN=your-jira-api-token
cursor-agent	Install DMTools CLI	2025-12-12T07:48:55.7353432Z      export JIRA_BASE_PATH=https://your-domain.atlassian.net
cursor-agent	Install DMTools CLI	2025-12-12T07:48:55.7353884Z 
cursor-agent	Install DMTools CLI	2025-12-12T07:48:55.7354056Z System Requirements:
cursor-agent	Install DMTools CLI	2025-12-12T07:48:55.7650966Z   ‚úì Java 23.0.2 detected
cursor-agent	Install DMTools CLI	2025-12-12T07:48:55.7651299Z 
cursor-agent	Install DMTools CLI	2025-12-12T07:48:55.7651591Z For more information, visit: https://github.com/IstiN/dmtools
cursor-agent	Verify DMTools and Cursor Installation	Ôªø2025-12-12T07:48:55.7682100Z ##[group]Run echo "Verifying installations..."
cursor-agent	Verify DMTools and Cursor Installation	2025-12-12T07:48:55.7682506Z [36;1mecho "Verifying installations..."[0m
cursor-agent	Verify DMTools and Cursor Installation	2025-12-12T07:48:55.7682868Z [36;1mexport PATH="$HOME/.local/bin:$HOME/.dmtools/bin:$PATH"[0m
cursor-agent	Verify DMTools and Cursor Installation	2025-12-12T07:48:55.7683181Z [36;1m[0m
cursor-agent	Verify DMTools and Cursor Installation	2025-12-12T07:48:55.7683361Z [36;1mecho "DMTools version:"[0m
cursor-agent	Verify DMTools and Cursor Installation	2025-12-12T07:48:55.7683656Z [36;1mdmtools --version || echo "‚ö†Ô∏è dmtools not found"[0m
cursor-agent	Verify DMTools and Cursor Installation	2025-12-12T07:48:55.7683952Z [36;1m[0m
cursor-agent	Verify DMTools and Cursor Installation	2025-12-12T07:48:55.7684139Z [36;1mecho "Cursor Agent version:"[0m
cursor-agent	Verify DMTools and Cursor Installation	2025-12-12T07:48:55.7684460Z [36;1mcursor-agent --version || echo "‚ö†Ô∏è cursor-agent not found"[0m
cursor-agent	Verify DMTools and Cursor Installation	2025-12-12T07:48:55.7685148Z [36;1m[0m
cursor-agent	Verify DMTools and Cursor Installation	2025-12-12T07:48:55.7685331Z [36;1mecho "PATH: $PATH"[0m
cursor-agent	Verify DMTools and Cursor Installation	2025-12-12T07:48:55.7718439Z shell: /usr/bin/bash -e {0}
cursor-agent	Verify DMTools and Cursor Installation	2025-12-12T07:48:55.7718682Z env:
cursor-agent	Verify DMTools and Cursor Installation	2025-12-12T07:48:55.7718971Z   JAVA_HOME: /opt/hostedtoolcache/Java_Temurin-Hotspot_jdk/23.0.2-7/x64
cursor-agent	Verify DMTools and Cursor Installation	2025-12-12T07:48:55.7719457Z   JAVA_HOME_23_X64: /opt/hostedtoolcache/Java_Temurin-Hotspot_jdk/23.0.2-7/x64
cursor-agent	Verify DMTools and Cursor Installation	2025-12-12T07:48:55.7719852Z ##[endgroup]
cursor-agent	Verify DMTools and Cursor Installation	2025-12-12T07:48:55.7773037Z Verifying installations...
cursor-agent	Verify DMTools and Cursor Installation	2025-12-12T07:48:55.7773545Z DMTools version:
cursor-agent	Verify DMTools and Cursor Installation	2025-12-12T07:48:56.3342411Z DMTools 1.7.100
cursor-agent	Verify DMTools and Cursor Installation	2025-12-12T07:48:56.3342960Z A comprehensive development management toolkit
cursor-agent	Verify DMTools and Cursor Installation	2025-12-12T07:48:56.3425763Z Cursor Agent version:
cursor-agent	Verify DMTools and Cursor Installation	2025-12-12T07:48:56.7162214Z 2025.11.25-d5b3271
cursor-agent	Verify DMTools and Cursor Installation	2025-12-12T07:48:56.7266011Z PATH: /home/runner/.local/bin:/home/runner/.dmtools/bin:/home/runner/.dmtools/bin:/home/runner/.local/bin:/opt/hostedtoolcache/Java_Temurin-Hotspot_jdk/23.0.2-7/x64/bin:/snap/bin:/home/runner/.local/bin:/opt/pipx_bin:/home/runner/.cargo/bin:/home/runner/.config/composer/vendor/bin:/usr/local/.ghcup/bin:/home/runner/.dotnet/tools:/usr/local/sbin:/usr/local/bin:/usr/sbin:/usr/bin:/sbin:/bin:/usr/games:/usr/local/games:/snap/bin
cursor-agent	Prepare Environment Variables	Ôªø2025-12-12T07:48:56.7293286Z ##[group]Run CONFIG_FILE="agents/test_agent.json"
cursor-agent	Prepare Environment Variables	2025-12-12T07:48:56.7293674Z [36;1mCONFIG_FILE="agents/test_agent.json"[0m
cursor-agent	Prepare Environment Variables	2025-12-12T07:48:56.7293933Z [36;1m[0m
cursor-agent	Prepare Environment Variables	2025-12-12T07:48:56.7294118Z [36;1m# Check if this is test_agent[0m
cursor-agent	Prepare Environment Variables	2025-12-12T07:48:56.7294418Z [36;1mif [[ "${CONFIG_FILE}" == *"test_agent.json"* ]]; then[0m
cursor-agent	Prepare Environment Variables	2025-12-12T07:48:56.7295191Z [36;1m  echo "is_test_agent=true" >> $GITHUB_OUTPUT[0m
cursor-agent	Prepare Environment Variables	2025-12-12T07:48:56.7295544Z [36;1m  echo "dmtools_integrations=cli,file" >> $GITHUB_OUTPUT[0m
cursor-agent	Prepare Environment Variables	2025-12-12T07:48:56.7295966Z [36;1m  echo "Test agent detected - will disable Jira/Confluence integrations"[0m
cursor-agent	Prepare Environment Variables	2025-12-12T07:48:56.7296314Z [36;1melse[0m
cursor-agent	Prepare Environment Variables	2025-12-12T07:48:56.7296535Z [36;1m  echo "is_test_agent=false" >> $GITHUB_OUTPUT[0m
cursor-agent	Prepare Environment Variables	2025-12-12T07:48:56.7296953Z [36;1m  echo "dmtools_integrations=jira,confluence,figma,ai,cli,file" >> $GITHUB_OUTPUT[0m
cursor-agent	Prepare Environment Variables	2025-12-12T07:48:56.7297328Z [36;1mfi[0m
cursor-agent	Prepare Environment Variables	2025-12-12T07:48:56.7329466Z shell: /usr/bin/bash -e {0}
cursor-agent	Prepare Environment Variables	2025-12-12T07:48:56.7329713Z env:
cursor-agent	Prepare Environment Variables	2025-12-12T07:48:56.7330050Z   JAVA_HOME: /opt/hostedtoolcache/Java_Temurin-Hotspot_jdk/23.0.2-7/x64
cursor-agent	Prepare Environment Variables	2025-12-12T07:48:56.7330500Z   JAVA_HOME_23_X64: /opt/hostedtoolcache/Java_Temurin-Hotspot_jdk/23.0.2-7/x64
cursor-agent	Prepare Environment Variables	2025-12-12T07:48:56.7330842Z ##[endgroup]
cursor-agent	Prepare Environment Variables	2025-12-12T07:48:56.7385025Z Test agent detected - will disable Jira/Confluence integrations
cursor-agent	Run AI Teammate	Ôªø2025-12-12T07:48:56.7456493Z ##[group]Run CONFIG_FILE="agents/test_agent.json"
cursor-agent	Run AI Teammate	2025-12-12T07:48:56.7457370Z [36;1mCONFIG_FILE="agents/test_agent.json"[0m
cursor-agent	Run AI Teammate	2025-12-12T07:48:56.7457647Z [36;1mENCODED_CONFIG=""[0m
cursor-agent	Run AI Teammate	2025-12-12T07:48:56.7457873Z [36;1m[0m
cursor-agent	Run AI Teammate	2025-12-12T07:48:56.7458149Z [36;1m# ‚úÖ CRITICAL: Export PATH to ensure dmtools is available[0m
cursor-agent	Run AI Teammate	2025-12-12T07:48:56.7458544Z [36;1mexport PATH="$HOME/.local/bin:$HOME/.dmtools/bin:$PATH"[0m
cursor-agent	Run AI Teammate	2025-12-12T07:48:56.7458841Z [36;1m[0m
cursor-agent	Run AI Teammate	2025-12-12T07:48:56.7459183Z [36;1m# ‚úÖ CRITICAL: Explicitly export DMTOOLS_INTEGRATIONS to ensure it's available to dmtools[0m
cursor-agent	Run AI Teammate	2025-12-12T07:48:56.7459630Z [36;1mexport DMTOOLS_INTEGRATIONS="cli,file"[0m
cursor-agent	Run AI Teammate	2025-12-12T07:48:56.7459889Z [36;1m[0m
cursor-agent	Run AI Teammate	2025-12-12T07:48:56.7460088Z [36;1mecho "Using configuration: ${CONFIG_FILE}"[0m
cursor-agent	Run AI Teammate	2025-12-12T07:48:56.7460349Z [36;1m[0m
cursor-agent	Run AI Teammate	2025-12-12T07:48:56.7460565Z [36;1m# ‚úÖ Verify dmtools is available before proceeding[0m
cursor-agent	Run AI Teammate	2025-12-12T07:48:56.7460891Z [36;1mecho "=== Verifying dmtools installation ==="[0m
cursor-agent	Run AI Teammate	2025-12-12T07:48:56.7461252Z [36;1mif ! command -v dmtools >/dev/null 2>&1; then[0m
cursor-agent	Run AI Teammate	2025-12-12T07:48:56.7461553Z [36;1m  echo "‚ùå dmtools command not found in PATH"[0m
cursor-agent	Run AI Teammate	2025-12-12T07:48:56.7461842Z [36;1m  echo "Current PATH: $PATH"[0m
cursor-agent	Run AI Teammate	2025-12-12T07:48:56.7462117Z [36;1m  echo "Checking installation locations:"[0m
cursor-agent	Run AI Teammate	2025-12-12T07:48:56.7462515Z [36;1m  ls -la "$HOME/.dmtools/bin/" 2>/dev/null || echo "  $HOME/.dmtools/bin/ does not exist"[0m
cursor-agent	Run AI Teammate	2025-12-12T07:48:56.7463003Z [36;1m  ls -la "$HOME/.local/bin/" 2>/dev/null || echo "  $HOME/.local/bin/ does not exist"[0m
cursor-agent	Run AI Teammate	2025-12-12T07:48:56.7463370Z [36;1m  echo "Trying to find dmtools:"[0m
cursor-agent	Run AI Teammate	2025-12-12T07:48:56.7463773Z [36;1m  find "$HOME" -name "dmtools" -type f 2>/dev/null | head -5 || echo "  dmtools not found in $HOME"[0m
cursor-agent	Run AI Teammate	2025-12-12T07:48:56.7464156Z [36;1m  exit 1[0m
cursor-agent	Run AI Teammate	2025-12-12T07:48:56.7464326Z [36;1mfi[0m
cursor-agent	Run AI Teammate	2025-12-12T07:48:56.7464759Z [36;1mecho "‚úÖ dmtools found at: $(command -v dmtools)"[0m
cursor-agent	Run AI Teammate	2025-12-12T07:48:56.7465364Z [36;1mdmtools --version || echo "‚ö†Ô∏è Version check failed, but continuing..."[0m
cursor-agent	Run AI Teammate	2025-12-12T07:48:56.7465745Z [36;1mecho "======================================"[0m
cursor-agent	Run AI Teammate	2025-12-12T07:48:56.7466003Z [36;1mecho ""[0m
cursor-agent	Run AI Teammate	2025-12-12T07:48:56.7466178Z [36;1m[0m
cursor-agent	Run AI Teammate	2025-12-12T07:48:56.7466354Z [36;1m# ‚úÖ Check config file exists[0m
cursor-agent	Run AI Teammate	2025-12-12T07:48:56.7466614Z [36;1mif [ ! -f "${CONFIG_FILE}" ]; then[0m
cursor-agent	Run AI Teammate	2025-12-12T07:48:56.7466902Z [36;1m  echo "‚ùå Config file not found: ${CONFIG_FILE}"[0m
cursor-agent	Run AI Teammate	2025-12-12T07:48:56.7467203Z [36;1m  echo "Available files in agents/:"[0m
cursor-agent	Run AI Teammate	2025-12-12T07:48:56.7467515Z [36;1m  ls -la agents/ || echo "agents/ directory not found"[0m
cursor-agent	Run AI Teammate	2025-12-12T07:48:56.7467800Z [36;1m  exit 1[0m
cursor-agent	Run AI Teammate	2025-12-12T07:48:56.7467979Z [36;1mfi[0m
cursor-agent	Run AI Teammate	2025-12-12T07:48:56.7468141Z [36;1m[0m
cursor-agent	Run AI Teammate	2025-12-12T07:48:56.7468381Z [36;1m# ‚úÖ Ensure config file is writable (fix permission issues)[0m
cursor-agent	Run AI Teammate	2025-12-12T07:48:56.7468864Z [36;1mchmod 644 "${CONFIG_FILE}" || echo "‚ö†Ô∏è Could not change config file permissions (may be read-only)"[0m
cursor-agent	Run AI Teammate	2025-12-12T07:48:56.7469278Z [36;1m[0m
cursor-agent	Run AI Teammate	2025-12-12T07:48:56.7469578Z [36;1m# For test_agent, unset Jira/Confluence env vars to prevent initialization[0m
cursor-agent	Run AI Teammate	2025-12-12T07:48:56.7469956Z [36;1mif [[ "true" == "true" ]]; then[0m
cursor-agent	Run AI Teammate	2025-12-12T07:48:56.7470282Z [36;1m  echo "Test agent detected - unsetting Jira/Confluence env vars"[0m
cursor-agent	Run AI Teammate	2025-12-12T07:48:56.7470691Z [36;1m  # Unset Jira/Confluence env vars to prevent initialization[0m
cursor-agent	Run AI Teammate	2025-12-12T07:48:56.7471120Z [36;1m  unset JIRA_EMAIL JIRA_API_TOKEN JIRA_BASE_PATH JIRA_AUTH_TYPE[0m
cursor-agent	Run AI Teammate	2025-12-12T07:48:56.7471546Z [36;1m  unset JIRA_CLEAR_CACHE JIRA_EXTRA_FIELDS JIRA_EXTRA_FIELDS_PROJECT[0m
cursor-agent	Run AI Teammate	2025-12-12T07:48:56.7471937Z [36;1m  unset JIRA_LOGGING_ENABLED JIRA_WAIT_BEFORE_PERFORM[0m
cursor-agent	Run AI Teammate	2025-12-12T07:48:56.7472330Z [36;1m  unset CONFLUENCE_EMAIL CONFLUENCE_API_TOKEN CONFLUENCE_BASE_PATH[0m
cursor-agent	Run AI Teammate	2025-12-12T07:48:56.7472738Z [36;1m  unset CONFLUENCE_DEFAULT_SPACE CONFLUENCE_GRAPHQL_PATH[0m
cursor-agent	Run AI Teammate	2025-12-12T07:48:56.7473112Z [36;1m  echo "DMTOOLS_INTEGRATIONS: ${DMTOOLS_INTEGRATIONS}"[0m
cursor-agent	Run AI Teammate	2025-12-12T07:48:56.7473629Z [36;1m  echo "Jira/Confluence env vars unset"[0m
cursor-agent	Run AI Teammate	2025-12-12T07:48:56.7473888Z [36;1mfi[0m
cursor-agent	Run AI Teammate	2025-12-12T07:48:56.7474060Z [36;1m[0m
cursor-agent	Run AI Teammate	2025-12-12T07:48:56.7474366Z [36;1m# ‚úÖ Ensure outputs directory exists and is writable with proper permissions[0m
cursor-agent	Run AI Teammate	2025-12-12T07:48:56.7475042Z [36;1mmkdir -p outputs inputs[0m
cursor-agent	Run AI Teammate	2025-12-12T07:48:56.7475300Z [36;1mchmod 755 outputs inputs || true[0m
cursor-agent	Run AI Teammate	2025-12-12T07:48:56.7475574Z [36;1m# Ensure current directory is writable[0m
cursor-agent	Run AI Teammate	2025-12-12T07:48:56.7475830Z [36;1mchmod 755 . || true[0m
cursor-agent	Run AI Teammate	2025-12-12T07:48:56.7476103Z [36;1mecho "Created outputs and inputs directories"[0m
cursor-agent	Run AI Teammate	2025-12-12T07:48:56.7476408Z [36;1mecho "Directory permissions:"[0m
cursor-agent	Run AI Teammate	2025-12-12T07:48:56.7476675Z [36;1mls -ld outputs inputs . || true[0m
cursor-agent	Run AI Teammate	2025-12-12T07:48:56.7476912Z [36;1m[0m
cursor-agent	Run AI Teammate	2025-12-12T07:48:56.7477160Z [36;1m# For test_agent, remove inputJql field to prevent Jira queries[0m
cursor-agent	Run AI Teammate	2025-12-12T07:48:56.7477481Z [36;1mif [[ "true" == "true" ]]; then[0m
cursor-agent	Run AI Teammate	2025-12-12T07:48:56.7477861Z [36;1m  echo "Removing inputJql from test agent config to prevent Jira initialization"[0m
cursor-agent	Run AI Teammate	2025-12-12T07:48:56.7478321Z [36;1m  # Try to modify in place first, fall back to temp file if needed[0m
cursor-agent	Run AI Teammate	2025-12-12T07:48:56.7478661Z [36;1m  TEMP_CONFIG="${CONFIG_FILE}.tmp"[0m
cursor-agent	Run AI Teammate	2025-12-12T07:48:56.7479037Z [36;1m  if jq 'del(.params.inputJql)' "${CONFIG_FILE}" > "${TEMP_CONFIG}" 2>/dev/null; then[0m
cursor-agent	Run AI Teammate	2025-12-12T07:48:56.7479416Z [36;1m    # Try to replace original file[0m
cursor-agent	Run AI Teammate	2025-12-12T07:48:56.7479717Z [36;1m    if mv "${TEMP_CONFIG}" "${CONFIG_FILE}" 2>/dev/null; then[0m
cursor-agent	Run AI Teammate	2025-12-12T07:48:56.7480028Z [36;1m      chmod 644 "${CONFIG_FILE}" || true[0m
cursor-agent	Run AI Teammate	2025-12-12T07:48:56.7480348Z [36;1m      echo "‚úÖ Removed inputJql from config (modified in place)"[0m
cursor-agent	Run AI Teammate	2025-12-12T07:48:56.7480653Z [36;1m    else[0m
cursor-agent	Run AI Teammate	2025-12-12T07:48:56.7480922Z [36;1m      # If mv fails, use temp file and update CONFIG_FILE to absolute path[0m
cursor-agent	Run AI Teammate	2025-12-12T07:48:56.7481317Z [36;1m      echo "‚ö†Ô∏è Could not replace original file, using temp file"[0m
cursor-agent	Run AI Teammate	2025-12-12T07:48:56.7481914Z [36;1m      CONFIG_FILE="$(realpath "${TEMP_CONFIG}" 2>/dev/null || echo "${TEMP_CONFIG}")"[0m
cursor-agent	Run AI Teammate	2025-12-12T07:48:56.7482293Z [36;1m      chmod 644 "${CONFIG_FILE}" || true[0m
cursor-agent	Run AI Teammate	2025-12-12T07:48:56.7482583Z [36;1m      echo "Using config file: ${CONFIG_FILE}"[0m
cursor-agent	Run AI Teammate	2025-12-12T07:48:56.7482839Z [36;1m    fi[0m
cursor-agent	Run AI Teammate	2025-12-12T07:48:56.7483031Z [36;1m    echo "Updated config:"[0m
cursor-agent	Run AI Teammate	2025-12-12T07:48:56.7483316Z [36;1m    cat "${CONFIG_FILE}" | jq '.' || cat "${CONFIG_FILE}"[0m
cursor-agent	Run AI Teammate	2025-12-12T07:48:56.7483605Z [36;1m  else[0m
cursor-agent	Run AI Teammate	2025-12-12T07:48:56.7483873Z [36;1m    echo "‚ö†Ô∏è Failed to remove inputJql (may not exist or jq error)"[0m
cursor-agent	Run AI Teammate	2025-12-12T07:48:56.7484207Z [36;1m    rm -f "${TEMP_CONFIG}"[0m
cursor-agent	Run AI Teammate	2025-12-12T07:48:56.7484430Z [36;1m  fi[0m
cursor-agent	Run AI Teammate	2025-12-12T07:48:56.7484774Z [36;1m  [0m
cursor-agent	Run AI Teammate	2025-12-12T07:48:56.7485104Z [36;1m  # Ensure GEMINI_API_KEY is set (even if empty) for test agent to prevent validation errors[0m
cursor-agent	Run AI Teammate	2025-12-12T07:48:56.7485589Z [36;1m  # Some dmtools components may require this env var to be present[0m
cursor-agent	Run AI Teammate	2025-12-12T07:48:56.7485968Z [36;1m  export GEMINI_API_KEY="${GEMINI_API_KEY:-}"[0m
cursor-agent	Run AI Teammate	2025-12-12T07:48:56.7486313Z [36;1m  echo "GEMINI_API_KEY is set (may be empty for test agent)"[0m
cursor-agent	Run AI Teammate	2025-12-12T07:48:56.7486607Z [36;1mfi[0m
cursor-agent	Run AI Teammate	2025-12-12T07:48:56.7486761Z [36;1m[0m
cursor-agent	Run AI Teammate	2025-12-12T07:48:56.7486980Z [36;1m# ‚úÖ Ensure CONFIG_FILE is absolute path for dmtools[0m
cursor-agent	Run AI Teammate	2025-12-12T07:48:56.7487392Z [36;1mCONFIG_FILE="$(realpath "${CONFIG_FILE}" 2>/dev/null || echo "${CONFIG_FILE}")"[0m
cursor-agent	Run AI Teammate	2025-12-12T07:48:56.7487794Z [36;1mecho "Final config file path: ${CONFIG_FILE}"[0m
cursor-agent	Run AI Teammate	2025-12-12T07:48:56.7488057Z [36;1m[0m
cursor-agent	Run AI Teammate	2025-12-12T07:48:56.7488326Z [36;1m# ‚úÖ Final permission and accessibility checks before running dmtools[0m
cursor-agent	Run AI Teammate	2025-12-12T07:48:56.7488658Z [36;1mecho ""[0m
cursor-agent	Run AI Teammate	2025-12-12T07:48:56.7488854Z [36;1mecho "=== Pre-flight checks ==="[0m
cursor-agent	Run AI Teammate	2025-12-12T07:48:56.7489119Z [36;1mif [ ! -f "${CONFIG_FILE}" ]; then[0m
cursor-agent	Run AI Teammate	2025-12-12T07:48:56.7489423Z [36;1m  echo "‚ùå Config file does not exist: ${CONFIG_FILE}"[0m
cursor-agent	Run AI Teammate	2025-12-12T07:48:56.7489845Z [36;1m  exit 1[0m
cursor-agent	Run AI Teammate	2025-12-12T07:48:56.7490017Z [36;1mfi[0m
cursor-agent	Run AI Teammate	2025-12-12T07:48:56.7490201Z [36;1mif [ ! -r "${CONFIG_FILE}" ]; then[0m
cursor-agent	Run AI Teammate	2025-12-12T07:48:56.7490493Z [36;1m  echo "‚ùå Config file is not readable: ${CONFIG_FILE}"[0m
cursor-agent	Run AI Teammate	2025-12-12T07:48:56.7490776Z [36;1m  exit 1[0m
cursor-agent	Run AI Teammate	2025-12-12T07:48:56.7490953Z [36;1mfi[0m
cursor-agent	Run AI Teammate	2025-12-12T07:48:56.7491160Z [36;1mecho "‚úÖ Config file exists and is readable"[0m
cursor-agent	Run AI Teammate	2025-12-12T07:48:56.7491417Z [36;1m[0m
cursor-agent	Run AI Teammate	2025-12-12T07:48:56.7491661Z [36;1mif [ ! -d "outputs" ]; then[0m
cursor-agent	Run AI Teammate	2025-12-12T07:48:56.7491964Z [36;1m  echo "‚ùå Outputs directory does not exist"[0m
cursor-agent	Run AI Teammate	2025-12-12T07:48:56.7492226Z [36;1m  exit 1[0m
cursor-agent	Run AI Teammate	2025-12-12T07:48:56.7492397Z [36;1mfi[0m
cursor-agent	Run AI Teammate	2025-12-12T07:48:56.7492578Z [36;1mif [ ! -w "outputs" ]; then[0m
cursor-agent	Run AI Teammate	2025-12-12T07:48:56.7492845Z [36;1m  echo "‚ùå Outputs directory is not writable"[0m
cursor-agent	Run AI Teammate	2025-12-12T07:48:56.7493123Z [36;1m  chmod 755 outputs || exit 1[0m
cursor-agent	Run AI Teammate	2025-12-12T07:48:56.7493357Z [36;1mfi[0m
cursor-agent	Run AI Teammate	2025-12-12T07:48:56.7493593Z [36;1mecho "‚úÖ Outputs directory exists and is writable"[0m
cursor-agent	Run AI Teammate	2025-12-12T07:48:56.7493895Z [36;1mecho "=========================="[0m
cursor-agent	Run AI Teammate	2025-12-12T07:48:56.7494130Z [36;1mecho ""[0m
cursor-agent	Run AI Teammate	2025-12-12T07:48:56.7494299Z [36;1m[0m
cursor-agent	Run AI Teammate	2025-12-12T07:48:56.7494689Z [36;1m# Validate config file JSON syntax before running[0m
cursor-agent	Run AI Teammate	2025-12-12T07:48:56.7495089Z [36;1mecho "Validating config file JSON syntax..."[0m
cursor-agent	Run AI Teammate	2025-12-12T07:48:56.7495406Z [36;1mif ! jq empty "${CONFIG_FILE}" 2>/dev/null; then[0m
cursor-agent	Run AI Teammate	2025-12-12T07:48:56.7495741Z [36;1m  echo "‚ùå Config file has invalid JSON syntax"[0m
cursor-agent	Run AI Teammate	2025-12-12T07:48:56.7496055Z [36;1m  echo "Config file content:"[0m
cursor-agent	Run AI Teammate	2025-12-12T07:48:56.7496308Z [36;1m  cat "${CONFIG_FILE}"[0m
cursor-agent	Run AI Teammate	2025-12-12T07:48:56.7496520Z [36;1m  exit 1[0m
cursor-agent	Run AI Teammate	2025-12-12T07:48:56.7496696Z [36;1mfi[0m
cursor-agent	Run AI Teammate	2025-12-12T07:48:56.7496895Z [36;1mecho "‚úÖ Config file JSON is valid"[0m
cursor-agent	Run AI Teammate	2025-12-12T07:48:56.7497141Z [36;1m[0m
cursor-agent	Run AI Teammate	2025-12-12T07:48:56.7497348Z [36;1m# Debug: Show environment before running[0m
cursor-agent	Run AI Teammate	2025-12-12T07:48:56.7497789Z [36;1mecho "=== Environment Debug ==="[0m
cursor-agent	Run AI Teammate	2025-12-12T07:48:56.7498106Z [36;1mecho "DMTOOLS_INTEGRATIONS: ${DMTOOLS_INTEGRATIONS}"[0m
cursor-agent	Run AI Teammate	2025-12-12T07:48:56.7498437Z [36;1mecho "JIRA_EMAIL: ${JIRA_EMAIL:-<not set>}"[0m
cursor-agent	Run AI Teammate	2025-12-12T07:48:56.7498767Z [36;1mecho "JIRA_BASE_PATH: ${JIRA_BASE_PATH:-<not set>}"[0m
cursor-agent	Run AI Teammate	2025-12-12T07:48:56.7499069Z [36;1mecho "PATH: $PATH"[0m
cursor-agent	Run AI Teammate	2025-12-12T07:48:56.7499294Z [36;1mecho "========================="[0m
cursor-agent	Run AI Teammate	2025-12-12T07:48:56.7499525Z [36;1m[0m
cursor-agent	Run AI Teammate	2025-12-12T07:48:56.7499729Z [36;1m# Run dmtools with improved error handling[0m
cursor-agent	Run AI Teammate	2025-12-12T07:48:56.7499988Z [36;1mecho ""[0m
cursor-agent	Run AI Teammate	2025-12-12T07:48:56.7500186Z [36;1mecho "=== Running dmtools ==="[0m
cursor-agent	Run AI Teammate	2025-12-12T07:48:56.7500447Z [36;1mecho "Config file: ${CONFIG_FILE}"[0m
cursor-agent	Run AI Teammate	2025-12-12T07:48:56.7500758Z [36;1mecho "DMTOOLS_INTEGRATIONS: ${DMTOOLS_INTEGRATIONS}"[0m
cursor-agent	Run AI Teammate	2025-12-12T07:48:56.7501158Z [36;1mecho "GEMINI_API_KEY: ${GEMINI_API_KEY:+<set>}${GEMINI_API_KEY:-<not set>}"[0m
cursor-agent	Run AI Teammate	2025-12-12T07:48:56.7501529Z [36;1mecho "Working directory: $(pwd)"[0m
cursor-agent	Run AI Teammate	2025-12-12T07:48:56.7501794Z [36;1mecho "Directory permissions:"[0m
cursor-agent	Run AI Teammate	2025-12-12T07:48:56.7502070Z [36;1mls -ld . outputs inputs 2>/dev/null || true[0m
cursor-agent	Run AI Teammate	2025-12-12T07:48:56.7502331Z [36;1m[0m
cursor-agent	Run AI Teammate	2025-12-12T07:48:56.7502575Z [36;1m# ‚úÖ Ensure we have write permissions in current directory[0m
cursor-agent	Run AI Teammate	2025-12-12T07:48:56.7503185Z [36;1mtouch .write-test 2>/dev/null && rm -f .write-test && echo "‚úÖ Current directory is writable" || echo "‚ö†Ô∏è Current directory may not be writable"[0m
cursor-agent	Run AI Teammate	2025-12-12T07:48:56.7503698Z [36;1m[0m
cursor-agent	Run AI Teammate	2025-12-12T07:48:56.7503973Z [36;1m# Run with explicit environment variables to ensure dmtools sees them[0m
cursor-agent	Run AI Teammate	2025-12-12T07:48:56.7504393Z [36;1m# Capture both stdout and stderr, and also save exit code[0m
cursor-agent	Run AI Teammate	2025-12-12T07:48:56.7505061Z [36;1m# Use a reliable method: run command, capture output to file, then display it[0m
cursor-agent	Run AI Teammate	2025-12-12T07:48:56.7505487Z [36;1mset +e  # Don't exit on error, we'll handle it manually[0m
cursor-agent	Run AI Teammate	2025-12-12T07:48:56.7505781Z [36;1m[0m
cursor-agent	Run AI Teammate	2025-12-12T07:48:56.7506214Z [36;1m# Add Java debugging if needed (but don't suppress errors for test agents)[0m
cursor-agent	Run AI Teammate	2025-12-12T07:48:56.7506577Z [36;1mif [[ "true" != "true" ]]; then[0m
cursor-agent	Run AI Teammate	2025-12-12T07:48:56.7506932Z [36;1m  export JAVA_OPTS="${JAVA_OPTS} -Djava.util.logging.config.file=/dev/null"[0m
cursor-agent	Run AI Teammate	2025-12-12T07:48:56.7507278Z [36;1melse[0m
cursor-agent	Run AI Teammate	2025-12-12T07:48:56.7507520Z [36;1m  # For test agents, enable verbose logging to debug issues[0m
cursor-agent	Run AI Teammate	2025-12-12T07:48:56.7507956Z [36;1m  export JAVA_OPTS="${JAVA_OPTS} -Djava.util.logging.ConsoleHandler.level=ALL"[0m
cursor-agent	Run AI Teammate	2025-12-12T07:48:56.7508312Z [36;1mfi[0m
cursor-agent	Run AI Teammate	2025-12-12T07:48:56.7508478Z [36;1m[0m
cursor-agent	Run AI Teammate	2025-12-12T07:48:56.7508669Z [36;1mif [ -n "${ENCODED_CONFIG}" ]; then[0m
cursor-agent	Run AI Teammate	2025-12-12T07:48:56.7508940Z [36;1m  echo "Encoded config provided"[0m
cursor-agent	Run AI Teammate	2025-12-12T07:48:56.7509212Z [36;1m  # Run dmtools and capture all output[0m
cursor-agent	Run AI Teammate	2025-12-12T07:48:56.7509525Z [36;1m  env DMTOOLS_INTEGRATIONS="${DMTOOLS_INTEGRATIONS}" \[0m
cursor-agent	Run AI Teammate	2025-12-12T07:48:56.7509858Z [36;1m      GEMINI_API_KEY="${GEMINI_API_KEY:-}" \[0m
cursor-agent	Run AI Teammate	2025-12-12T07:48:56.7510132Z [36;1m      JAVA_OPTS="${JAVA_OPTS}" \[0m
cursor-agent	Run AI Teammate	2025-12-12T07:48:56.7510496Z [36;1m    dmtools run "${CONFIG_FILE}" "${ENCODED_CONFIG}" > /tmp/dmtools-output.log 2>&1[0m
cursor-agent	Run AI Teammate	2025-12-12T07:48:56.7510860Z [36;1m  EXIT_CODE=$?[0m
cursor-agent	Run AI Teammate	2025-12-12T07:48:56.7511056Z [36;1melse[0m
cursor-agent	Run AI Teammate	2025-12-12T07:48:56.7511248Z [36;1m  echo "No encoded config"[0m
cursor-agent	Run AI Teammate	2025-12-12T07:48:56.7511499Z [36;1m  # Run dmtools and capture all output[0m
cursor-agent	Run AI Teammate	2025-12-12T07:48:56.7511815Z [36;1m  env DMTOOLS_INTEGRATIONS="${DMTOOLS_INTEGRATIONS}" \[0m
cursor-agent	Run AI Teammate	2025-12-12T07:48:56.7512146Z [36;1m      GEMINI_API_KEY="${GEMINI_API_KEY:-}" \[0m
cursor-agent	Run AI Teammate	2025-12-12T07:48:56.7512421Z [36;1m      JAVA_OPTS="${JAVA_OPTS}" \[0m
cursor-agent	Run AI Teammate	2025-12-12T07:48:56.7512740Z [36;1m    dmtools run "${CONFIG_FILE}" > /tmp/dmtools-output.log 2>&1[0m
cursor-agent	Run AI Teammate	2025-12-12T07:48:56.7513062Z [36;1m  EXIT_CODE=$?[0m
cursor-agent	Run AI Teammate	2025-12-12T07:48:56.7513254Z [36;1mfi[0m
cursor-agent	Run AI Teammate	2025-12-12T07:48:56.7513418Z [36;1m[0m
cursor-agent	Run AI Teammate	2025-12-12T07:48:56.7513715Z [36;1m# Display the output[0m
cursor-agent	Run AI Teammate	2025-12-12T07:48:56.7513953Z [36;1mcat /tmp/dmtools-output.log[0m
cursor-agent	Run AI Teammate	2025-12-12T07:48:56.7514183Z [36;1m[0m
cursor-agent	Run AI Teammate	2025-12-12T07:48:56.7514397Z [36;1m# Check for common error patterns in the output[0m
cursor-agent	Run AI Teammate	2025-12-12T07:48:56.7514842Z [36;1mif [ $EXIT_CODE -ne 0 ]; then[0m
cursor-agent	Run AI Teammate	2025-12-12T07:48:56.7515079Z [36;1m  echo ""[0m
cursor-agent	Run AI Teammate	2025-12-12T07:48:56.7515318Z [36;1m  echo "=== Analyzing dmtools output for errors ==="[0m
cursor-agent	Run AI Teammate	2025-12-12T07:48:56.7515781Z [36;1m  if grep -i "exception\|error\|failed\|cannot\|unable" /tmp/dmtools-output.log 2>/dev/null; then[0m
cursor-agent	Run AI Teammate	2025-12-12T07:48:56.7516249Z [36;1m    echo "Found error patterns in output (see above)"[0m
cursor-agent	Run AI Teammate	2025-12-12T07:48:56.7516529Z [36;1m  else[0m
cursor-agent	Run AI Teammate	2025-12-12T07:48:56.7516810Z [36;1m    echo "No obvious error patterns found, but exit code is $EXIT_CODE"[0m
cursor-agent	Run AI Teammate	2025-12-12T07:48:56.7517164Z [36;1m    echo "Last 20 lines of output:"[0m
cursor-agent	Run AI Teammate	2025-12-12T07:48:56.7517557Z [36;1m    tail -20 /tmp/dmtools-output.log 2>/dev/null || echo "Could not read output log"[0m
cursor-agent	Run AI Teammate	2025-12-12T07:48:56.7517940Z [36;1m  fi[0m
cursor-agent	Run AI Teammate	2025-12-12T07:48:56.7518151Z [36;1m  echo "=========================================="[0m
cursor-agent	Run AI Teammate	2025-12-12T07:48:56.7518408Z [36;1mfi[0m
cursor-agent	Run AI Teammate	2025-12-12T07:48:56.7518570Z [36;1m[0m
cursor-agent	Run AI Teammate	2025-12-12T07:48:56.7518757Z [36;1mset -e  # Re-enable exit on error[0m
cursor-agent	Run AI Teammate	2025-12-12T07:48:56.7518986Z [36;1m[0m
cursor-agent	Run AI Teammate	2025-12-12T07:48:56.7519146Z [36;1mecho ""[0m
cursor-agent	Run AI Teammate	2025-12-12T07:48:56.7519406Z [36;1mecho "=== dmtools finished with exit code: $EXIT_CODE ==="[0m
cursor-agent	Run AI Teammate	2025-12-12T07:48:56.7519707Z [36;1m[0m
cursor-agent	Run AI Teammate	2025-12-12T07:48:56.7519939Z [36;1m# Check exit code and provide helpful error message[0m
cursor-agent	Run AI Teammate	2025-12-12T07:48:56.7520241Z [36;1mif [ $EXIT_CODE -ne 0 ]; then[0m
cursor-agent	Run AI Teammate	2025-12-12T07:48:56.7520470Z [36;1m  echo ""[0m
cursor-agent	Run AI Teammate	2025-12-12T07:48:56.7520704Z [36;1m  echo "‚ùå dmtools exited with code: $EXIT_CODE"[0m
cursor-agent	Run AI Teammate	2025-12-12T07:48:56.7520975Z [36;1m  echo ""[0m
cursor-agent	Run AI Teammate	2025-12-12T07:48:56.7521187Z [36;1m  echo "=== Full dmtools output ==="[0m
cursor-agent	Run AI Teammate	2025-12-12T07:48:56.7521571Z [36;1m  cat /tmp/dmtools-output.log 2>/dev/null || echo "Could not read output log"[0m
cursor-agent	Run AI Teammate	2025-12-12T07:48:56.7522093Z [36;1m  echo "=========================="[0m
cursor-agent	Run AI Teammate	2025-12-12T07:48:56.7522331Z [36;1m  echo ""[0m
cursor-agent	Run AI Teammate	2025-12-12T07:48:56.7522545Z [36;1m  echo "=== Permission Checks ==="[0m
cursor-agent	Run AI Teammate	2025-12-12T07:48:56.7522813Z [36;1m  echo "Current directory: $(pwd)"[0m
cursor-agent	Run AI Teammate	2025-12-12T07:48:56.7523089Z [36;1m  echo "Current directory permissions:"[0m
cursor-agent	Run AI Teammate	2025-12-12T07:48:56.7523429Z [36;1m  ls -ld . 2>/dev/null || echo "Could not check current directory"[0m
cursor-agent	Run AI Teammate	2025-12-12T07:48:56.7523737Z [36;1m  echo ""[0m
cursor-agent	Run AI Teammate	2025-12-12T07:48:56.7523944Z [36;1m  echo "Config file permissions:"[0m
cursor-agent	Run AI Teammate	2025-12-12T07:48:56.7524277Z [36;1m  ls -l "${CONFIG_FILE}" 2>/dev/null || echo "Could not check config file"[0m
cursor-agent	Run AI Teammate	2025-12-12T07:48:56.7524712Z [36;1m  echo ""[0m
cursor-agent	Run AI Teammate	2025-12-12T07:48:56.7524936Z [36;1m  echo "Outputs directory permissions:"[0m
cursor-agent	Run AI Teammate	2025-12-12T07:48:56.7525288Z [36;1m  ls -ld outputs 2>/dev/null || echo "Outputs directory does not exist"[0m
cursor-agent	Run AI Teammate	2025-12-12T07:48:56.7525624Z [36;1m  echo ""[0m
cursor-agent	Run AI Teammate	2025-12-12T07:48:56.7525836Z [36;1m  echo "Testing write permissions:"[0m
cursor-agent	Run AI Teammate	2025-12-12T07:48:56.7526370Z [36;1m  touch outputs/.write-test 2>/dev/null && rm -f outputs/.write-test && echo "‚úÖ outputs/ is writable" || echo "‚ùå outputs/ is NOT writable"[0m
cursor-agent	Run AI Teammate	2025-12-12T07:48:56.7527184Z [36;1m  touch .write-test 2>/dev/null && rm -f .write-test && echo "‚úÖ Current directory is writable" || echo "‚ùå Current directory is NOT writable"[0m
cursor-agent	Run AI Teammate	2025-12-12T07:48:56.7527692Z [36;1m  echo "=========================="[0m
cursor-agent	Run AI Teammate	2025-12-12T07:48:56.7527932Z [36;1m  echo ""[0m
cursor-agent	Run AI Teammate	2025-12-12T07:48:56.7528145Z [36;1m  echo "=== Additional Debug Info ==="[0m
cursor-agent	Run AI Teammate	2025-12-12T07:48:56.7528491Z [36;1m  echo "DMTOOLS_INTEGRATIONS value: '${DMTOOLS_INTEGRATIONS}'"[0m
cursor-agent	Run AI Teammate	2025-12-12T07:48:56.7528922Z [36;1m  echo "GEMINI_API_KEY: ${GEMINI_API_KEY:+<set>}${GEMINI_API_KEY:-<not set>}"[0m
cursor-agent	Run AI Teammate	2025-12-12T07:48:56.7529302Z [36;1m  echo "Config file path: ${CONFIG_FILE}"[0m
cursor-agent	Run AI Teammate	2025-12-12T07:48:56.7529674Z [36;1m  echo "Config file exists: $([ -f "${CONFIG_FILE}" ] && echo 'yes' || echo 'no')"[0m
cursor-agent	Run AI Teammate	2025-12-12T07:48:56.7530285Z [36;1m  echo "Config file readable: $([ -r "${CONFIG_FILE}" ] && echo 'yes' || echo 'no')"[0m
cursor-agent	Run AI Teammate	2025-12-12T07:48:56.7530745Z [36;1m  echo "Config file writable: $([ -w "${CONFIG_FILE}" ] && echo 'yes' || echo 'no')"[0m
cursor-agent	Run AI Teammate	2025-12-12T07:48:56.7531086Z [36;1m  echo ""[0m
cursor-agent	Run AI Teammate	2025-12-12T07:48:56.7531305Z [36;1m  echo "Checking for output files..."[0m
cursor-agent	Run AI Teammate	2025-12-12T07:48:56.7531646Z [36;1m  ls -la outputs/ 2>/dev/null || echo "No outputs/ directory"[0m
cursor-agent	Run AI Teammate	2025-12-12T07:48:56.7532018Z [36;1m  ls -la inputs/ 2>/dev/null || echo "No inputs/ directory"[0m
cursor-agent	Run AI Teammate	2025-12-12T07:48:56.7532308Z [36;1m  echo ""[0m
cursor-agent	Run AI Teammate	2025-12-12T07:48:56.7532547Z [36;1m  echo "Checking if cliCommands were executed..."[0m
cursor-agent	Run AI Teammate	2025-12-12T07:48:56.7532848Z [36;1m  if [ -f "outputs/response.md" ]; then[0m
cursor-agent	Run AI Teammate	2025-12-12T07:48:56.7533134Z [36;1m    echo "‚úÖ outputs/response.md exists:"[0m
cursor-agent	Run AI Teammate	2025-12-12T07:48:56.7533499Z [36;1m    cat outputs/response.md || echo "Could not read response.md"[0m
cursor-agent	Run AI Teammate	2025-12-12T07:48:56.7533832Z [36;1m  else[0m
cursor-agent	Run AI Teammate	2025-12-12T07:48:56.7534153Z [36;1m    echo "‚ùå outputs/response.md does not exist - cliCommands may not have executed"[0m
cursor-agent	Run AI Teammate	2025-12-12T07:48:56.7534706Z [36;1m  fi[0m
cursor-agent	Run AI Teammate	2025-12-12T07:48:56.7534966Z [36;1m  echo ""[0m
cursor-agent	Run AI Teammate	2025-12-12T07:48:56.7535164Z [36;1m  echo "Config file content:"[0m
cursor-agent	Run AI Teammate	2025-12-12T07:48:56.7535470Z [36;1m  cat "${CONFIG_FILE}" || echo "Could not read config file"[0m
cursor-agent	Run AI Teammate	2025-12-12T07:48:56.7535774Z [36;1m  echo "======================"[0m
cursor-agent	Run AI Teammate	2025-12-12T07:48:56.7535995Z [36;1m  [0m
cursor-agent	Run AI Teammate	2025-12-12T07:48:56.7536221Z [36;1m  # Check for permission-related errors in output[0m
cursor-agent	Run AI Teammate	2025-12-12T07:48:56.7536502Z [36;1m  echo ""[0m
cursor-agent	Run AI Teammate	2025-12-12T07:48:56.7536724Z [36;1m  echo "=== Checking for permission errors ==="[0m
cursor-agent	Run AI Teammate	2025-12-12T07:48:56.7537254Z [36;1m  if grep -i "permission\|denied\|access\|read-only\|cannot write\|cannot create" /tmp/dmtools-output.log 2>/dev/null; then[0m
cursor-agent	Run AI Teammate	2025-12-12T07:48:56.7537843Z [36;1m    echo "‚ö†Ô∏è Permission-related errors detected in dmtools output"[0m
cursor-agent	Run AI Teammate	2025-12-12T07:48:56.7538325Z [36;1m  else[0m
cursor-agent	Run AI Teammate	2025-12-12T07:48:56.7538571Z [36;1m    echo "No obvious permission errors found in output"[0m
cursor-agent	Run AI Teammate	2025-12-12T07:48:56.7538859Z [36;1m  fi[0m
cursor-agent	Run AI Teammate	2025-12-12T07:48:56.7539059Z [36;1m  echo "===================================="[0m
cursor-agent	Run AI Teammate	2025-12-12T07:48:56.7539301Z [36;1m  [0m
cursor-agent	Run AI Teammate	2025-12-12T07:48:56.7539516Z [36;1m  # Try to get more verbose output if available[0m
cursor-agent	Run AI Teammate	2025-12-12T07:48:56.7539783Z [36;1m  echo ""[0m
cursor-agent	Run AI Teammate	2025-12-12T07:48:56.7540033Z [36;1m  echo "=== Checking dmtools help/version for clues ==="[0m
cursor-agent	Run AI Teammate	2025-12-12T07:48:56.7540347Z [36;1m  dmtools --version 2>&1 || true[0m
cursor-agent	Run AI Teammate	2025-12-12T07:48:56.7540624Z [36;1m  echo "=============================================="[0m
cursor-agent	Run AI Teammate	2025-12-12T07:48:56.7540875Z [36;1m  [0m
cursor-agent	Run AI Teammate	2025-12-12T07:48:56.7541050Z [36;1m  exit $EXIT_CODE[0m
cursor-agent	Run AI Teammate	2025-12-12T07:48:56.7541250Z [36;1melse[0m
cursor-agent	Run AI Teammate	2025-12-12T07:48:56.7541458Z [36;1m  echo "‚úÖ dmtools completed successfully"[0m
cursor-agent	Run AI Teammate	2025-12-12T07:48:56.7541737Z [36;1m  echo "Output files:"[0m
cursor-agent	Run AI Teammate	2025-12-12T07:48:56.7542031Z [36;1m  ls -la outputs/ 2>/dev/null || echo "No outputs created"[0m
cursor-agent	Run AI Teammate	2025-12-12T07:48:56.7542333Z [36;1mfi[0m
cursor-agent	Run AI Teammate	2025-12-12T07:48:56.7574698Z shell: /usr/bin/bash -e {0}
cursor-agent	Run AI Teammate	2025-12-12T07:48:56.7574938Z env:
cursor-agent	Run AI Teammate	2025-12-12T07:48:56.7575232Z   JAVA_HOME: /opt/hostedtoolcache/Java_Temurin-Hotspot_jdk/23.0.2-7/x64
cursor-agent	Run AI Teammate	2025-12-12T07:48:56.7575682Z   JAVA_HOME_23_X64: /opt/hostedtoolcache/Java_Temurin-Hotspot_jdk/23.0.2-7/x64
cursor-agent	Run AI Teammate	2025-12-12T07:48:56.7576653Z   CURSOR_API_KEY: ***
cursor-agent	Run AI Teammate	2025-12-12T07:48:56.7576884Z   MODEL: sonnet-4
cursor-agent	Run AI Teammate	2025-12-12T07:48:56.7577077Z   AGENT_DISABLE_WATCHDOG: 1
cursor-agent	Run AI Teammate	2025-12-12T07:48:56.7577416Z   PATH: /home/runner/.local/bin:/home/runner/.dmtools/bin:/bin:/usr/bin:$PATH
cursor-agent	Run AI Teammate	2025-12-12T07:48:56.7577806Z   JIRA_EMAIL: ***
cursor-agent	Run AI Teammate	2025-12-12T07:48:56.7578809Z   JIRA_API_TOKEN: ***
cursor-agent	Run AI Teammate	2025-12-12T07:48:56.7579080Z   JIRA_BASE_PATH: https://kidblendapp.atlassian.net/jira
cursor-agent	Run AI Teammate	2025-12-12T07:48:56.7579380Z   JIRA_AUTH_TYPE: Basic
cursor-agent	Run AI Teammate	2025-12-12T07:48:56.7579779Z   JIRA_CLEAR_CACHE: 
cursor-agent	Run AI Teammate	2025-12-12T07:48:56.7580102Z   JIRA_EXTRA_FIELDS: Diagrams, "Story point estimate","Target start", "Target end"
cursor-agent	Run AI Teammate	2025-12-12T07:48:56.7580488Z   JIRA_EXTRA_FIELDS_PROJECT: AP
cursor-agent	Run AI Teammate	2025-12-12T07:48:56.7580717Z   JIRA_LOGGING_ENABLED: 
cursor-agent	Run AI Teammate	2025-12-12T07:48:56.7580930Z   JIRA_WAIT_BEFORE_PERFORM: 
cursor-agent	Run AI Teammate	2025-12-12T07:48:56.7581225Z   CONFLUENCE_EMAIL: ***
cursor-agent	Run AI Teammate	2025-12-12T07:48:56.7582109Z   CONFLUENCE_API_TOKEN: ***
cursor-agent	Run AI Teammate	2025-12-12T07:48:56.7582413Z   CONFLUENCE_BASE_PATH: https://kidblendapp.atlassian.net/wiki
cursor-agent	Run AI Teammate	2025-12-12T07:48:56.7582744Z   CONFLUENCE_DEFAULT_SPACE: AC
cursor-agent	Run AI Teammate	2025-12-12T07:48:56.7582973Z   CONFLUENCE_GRAPHQL_PATH: 
cursor-agent	Run AI Teammate	2025-12-12T07:48:56.7583190Z   DMTOOLS_INTEGRATIONS: cli,file
cursor-agent	Run AI Teammate	2025-12-12T07:48:56.7583411Z   GEMINI_API_KEY: 
cursor-agent	Run AI Teammate	2025-12-12T07:48:56.7583607Z   GEMINI_DEFAULT_MODEL: 
cursor-agent	Run AI Teammate	2025-12-12T07:48:56.7583817Z   PROMPT_CHUNK_TOKEN_LIMIT: 
cursor-agent	Run AI Teammate	2025-12-12T07:48:56.7584025Z   FIGMA_TOKEN: 
cursor-agent	Run AI Teammate	2025-12-12T07:48:56.7584200Z   FIGMA_BASE_PATH: 
cursor-agent	Run AI Teammate	2025-12-12T07:48:56.7584852Z   PAT_TOKEN: ***
cursor-agent	Run AI Teammate	2025-12-12T07:48:56.7585326Z   GH_TOKEN: ***
cursor-agent	Run AI Teammate	2025-12-12T07:48:56.7585524Z ##[endgroup]
cursor-agent	Run AI Teammate	2025-12-12T07:48:56.7641389Z Using configuration: agents/test_agent.json
cursor-agent	Run AI Teammate	2025-12-12T07:48:56.7641831Z === Verifying dmtools installation ===
cursor-agent	Run AI Teammate	2025-12-12T07:48:56.7648412Z ‚úÖ dmtools found at: /home/runner/.dmtools/bin/dmtools
cursor-agent	Run AI Teammate	2025-12-12T07:48:57.3382194Z DMTools 1.7.100
cursor-agent	Run AI Teammate	2025-12-12T07:48:57.3382715Z A comprehensive development management toolkit
cursor-agent	Run AI Teammate	2025-12-12T07:48:57.3463816Z ======================================
cursor-agent	Run AI Teammate	2025-12-12T07:48:57.3464111Z 
cursor-agent	Run AI Teammate	2025-12-12T07:48:57.3477039Z Test agent detected - unsetting Jira/Confluence env vars
cursor-agent	Run AI Teammate	2025-12-12T07:48:57.3477595Z DMTOOLS_INTEGRATIONS: cli,file
cursor-agent	Run AI Teammate	2025-12-12T07:48:57.3477996Z Jira/Confluence env vars unset
cursor-agent	Run AI Teammate	2025-12-12T07:48:57.3511462Z Created outputs and inputs directories
cursor-agent	Run AI Teammate	2025-12-12T07:48:57.3511846Z Directory permissions:
cursor-agent	Run AI Teammate	2025-12-12T07:48:57.3524203Z drwxr-xr-x 14 runner runner 4096 Dec 12 07:48 .
cursor-agent	Run AI Teammate	2025-12-12T07:48:57.3524958Z drwxr-xr-x  2 runner runner 4096 Dec 12 07:48 inputs
cursor-agent	Run AI Teammate	2025-12-12T07:48:57.3525518Z drwxr-xr-x  2 runner runner 4096 Dec 12 07:48 outputs
cursor-agent	Run AI Teammate	2025-12-12T07:48:57.3527181Z Removing inputJql from test agent config to prevent Jira initialization
cursor-agent	Run AI Teammate	2025-12-12T07:48:57.3579101Z ‚úÖ Removed inputJql from config (modified in place)
cursor-agent	Run AI Teammate	2025-12-12T07:48:57.3579590Z Updated config:
cursor-agent	Run AI Teammate	2025-12-12T07:48:57.3603274Z {
cursor-agent	Run AI Teammate	2025-12-12T07:48:57.3603569Z   "name": "Teammate",
cursor-agent	Run AI Teammate	2025-12-12T07:48:57.3603908Z   "params": {
cursor-agent	Run AI Teammate	2025-12-12T07:48:57.3604205Z     "agentParams": {
cursor-agent	Run AI Teammate	2025-12-12T07:48:57.3604475Z       "aiRole": "Test Assistant",
cursor-agent	Run AI Teammate	2025-12-12T07:48:57.3605426Z       "instructions": [
cursor-agent	Run AI Teammate	2025-12-12T07:48:57.3605635Z         "This is a test agent",
cursor-agent	Run AI Teammate	2025-12-12T07:48:57.3605881Z         "Just print hello world"
cursor-agent	Run AI Teammate	2025-12-12T07:48:57.3606225Z       ],
cursor-agent	Run AI Teammate	2025-12-12T07:48:57.3606483Z       "formattingRules": "Use markdown"
cursor-agent	Run AI Teammate	2025-12-12T07:48:57.3606747Z     },
cursor-agent	Run AI Teammate	2025-12-12T07:48:57.3606921Z     "cliCommands": [
cursor-agent	Run AI Teammate	2025-12-12T07:48:57.3607128Z       "echo 'Hello from AI Teammate!'",
cursor-agent	Run AI Teammate	2025-12-12T07:48:57.3607386Z       "mkdir -p outputs",
cursor-agent	Run AI Teammate	2025-12-12T07:48:57.3607652Z       "echo '# Test Result' > outputs/response.md",
cursor-agent	Run AI Teammate	2025-12-12T07:48:57.3608013Z       "echo 'Agent executed successfully' >> outputs/response.md"
cursor-agent	Run AI Teammate	2025-12-12T07:48:57.3608302Z     ],
cursor-agent	Run AI Teammate	2025-12-12T07:48:57.3608473Z     "outputType": "none",
cursor-agent	Run AI Teammate	2025-12-12T07:48:57.3608681Z     "skipAIProcessing": true
cursor-agent	Run AI Teammate	2025-12-12T07:48:57.3608893Z   }
cursor-agent	Run AI Teammate	2025-12-12T07:48:57.3609046Z }
cursor-agent	Run AI Teammate	2025-12-12T07:48:57.3609259Z GEMINI_API_KEY is set (may be empty for test agent)
cursor-agent	Run AI Teammate	2025-12-12T07:48:57.3622617Z Final config file path: /home/runner/work/autocoding/autocoding/agents/test_agent.json
cursor-agent	Run AI Teammate	2025-12-12T07:48:57.3623192Z 
cursor-agent	Run AI Teammate	2025-12-12T07:48:57.3623343Z === Pre-flight checks ===
cursor-agent	Run AI Teammate	2025-12-12T07:48:57.3623967Z ‚úÖ Config file exists and is readable
cursor-agent	Run AI Teammate	2025-12-12T07:48:57.3624737Z ‚úÖ Outputs directory exists and is writable
cursor-agent	Run AI Teammate	2025-12-12T07:48:57.3625179Z ==========================
cursor-agent	Run AI Teammate	2025-12-12T07:48:57.3625399Z 
cursor-agent	Run AI Teammate	2025-12-12T07:48:57.3625555Z Validating config file JSON syntax...
cursor-agent	Run AI Teammate	2025-12-12T07:48:57.3650325Z ‚úÖ Config file JSON is valid
cursor-agent	Run AI Teammate	2025-12-12T07:48:57.3651039Z === Environment Debug ===
cursor-agent	Run AI Teammate	2025-12-12T07:48:57.3651429Z DMTOOLS_INTEGRATIONS: cli,file
cursor-agent	Run AI Teammate	2025-12-12T07:48:57.3651798Z JIRA_EMAIL: <not set>
cursor-agent	Run AI Teammate	2025-12-12T07:48:57.3652133Z JIRA_BASE_PATH: <not set>
cursor-agent	Run AI Teammate	2025-12-12T07:48:57.3653100Z PATH: /home/runner/.local/bin:/home/runner/.dmtools/bin:/home/runner/.dmtools/bin:/home/runner/.local/bin:/opt/hostedtoolcache/Java_Temurin-Hotspot_jdk/23.0.2-7/x64/bin:/home/runner/.local/bin:/home/runner/.dmtools/bin:/bin:/usr/bin:$PATH
cursor-agent	Run AI Teammate	2025-12-12T07:48:57.3654088Z =========================
cursor-agent	Run AI Teammate	2025-12-12T07:48:57.3654227Z 
cursor-agent	Run AI Teammate	2025-12-12T07:48:57.3654318Z === Running dmtools ===
cursor-agent	Run AI Teammate	2025-12-12T07:48:57.3654877Z Config file: /home/runner/work/autocoding/autocoding/agents/test_agent.json
cursor-agent	Run AI Teammate	2025-12-12T07:48:57.3655310Z DMTOOLS_INTEGRATIONS: cli,file
cursor-agent	Run AI Teammate	2025-12-12T07:48:57.3655570Z GEMINI_API_KEY: <not set>
cursor-agent	Run AI Teammate	2025-12-12T07:48:57.3656260Z Working directory: /home/runner/work/autocoding/autocoding
cursor-agent	Run AI Teammate	2025-12-12T07:48:57.3656791Z Directory permissions:
cursor-agent	Run AI Teammate	2025-12-12T07:48:57.3669641Z drwxr-xr-x 14 runner runner 4096 Dec 12 07:48 .
cursor-agent	Run AI Teammate	2025-12-12T07:48:57.3670121Z drwxr-xr-x  2 runner runner 4096 Dec 12 07:48 inputs
cursor-agent	Run AI Teammate	2025-12-12T07:48:57.3670453Z drwxr-xr-x  2 runner runner 4096 Dec 12 07:48 outputs
cursor-agent	Run AI Teammate	2025-12-12T07:48:57.3692993Z ‚úÖ Current directory is writable
cursor-agent	Run AI Teammate	2025-12-12T07:48:57.3693476Z No encoded config
cursor-agent	Run AI Teammate	2025-12-12T07:48:58.0127432Z [0;32mInfo: Executing job with file: /home/runner/work/autocoding/autocoding/agents/test_agent.json[0m
cursor-agent	Run AI Teammate	2025-12-12T07:48:58.0129167Z 07:48:57.931 [main] INFO  com.github.istin.dmtools.job.RunCommandProcessor - Processing run command: file=/home/runner/work/autocoding/autocoding/agents/test_agent.json, hasEncodedConfig=false
cursor-agent	Run AI Teammate	2025-12-12T07:48:58.0131237Z 07:48:57.936 [main] INFO  com.github.istin.dmtools.job.RunCommandProcessor - Successfully loaded JSON configuration from file: /home/runner/work/autocoding/autocoding/agents/test_agent.json
cursor-agent	Run AI Teammate	2025-12-12T07:48:58.0132295Z 07:48:57.937 [main] INFO  com.github.istin.dmtools.job.RunCommandProcessor - Using file configuration only
cursor-agent	Run AI Teammate	2025-12-12T07:48:58.0133086Z 07:48:57.941 [main] INFO  com.github.istin.dmtools.job.RunCommandProcessor - JobParams created successfully for job: Teammate
cursor-agent	Run AI Teammate	2025-12-12T07:48:58.0134146Z 07:48:57.942 [main] INFO  com.github.istin.dmtools.job.JobRunner - Executing job: Teammate in mode: STANDALONE with 0 integrations
cursor-agent	Run AI Teammate	2025-12-12T07:48:58.0135114Z 07:48:57.942 [main] INFO  com.github.istin.dmtools.job.JobRunner - Created fresh job instance: Teammate
cursor-agent	Run AI Teammate	2025-12-12T07:48:58.0135800Z 07:48:57.982 [main] INFO  com.github.istin.dmtools.job.JobRunner - Calling initializeForMode with mode: STANDALONE
cursor-agent	Run AI Teammate	2025-12-12T07:48:58.0136667Z 07:48:57.982 [main] INFO  com.github.istin.dmtools.teammate.Teammate - Initializing Teammate in STANDALONE mode using TeammateComponent with BasicGeminiAI
cursor-agent	Run AI Teammate	2025-12-12T07:48:58.0137562Z 07:48:57.982 [main] INFO  com.github.istin.dmtools.teammate.Teammate - Creating new DaggerTeammateComponent for standalone mode
cursor-agent	Run AI Teammate	2025-12-12T07:48:58.0138332Z 07:48:57.990 [main] INFO  com.github.istin.dmtools.teammate.Teammate - Injecting dependencies using TeammateComponent
cursor-agent	Run AI Teammate	2025-12-12T07:48:58.0139316Z 07:48:57.990 [main] DEBUG com.github.istin.dmtools.common.utils.PropertyReader - No Gradle project markers found, using user.dir as project root: /home/runner/work/autocoding/autocoding
cursor-agent	Run AI Teammate	2025-12-12T07:48:58.0140659Z 07:48:57.991 [main] DEBUG com.github.istin.dmtools.common.utils.PropertyReader - dmtools.env not found in project root (/home/runner/work/autocoding/autocoding) or working directory (/home/runner/work/autocoding/autocoding)
cursor-agent	Run AI Teammate	2025-12-12T07:48:58.0141735Z 07:48:57.991 [main] INFO  com.github.istin.dmtools.di.TrackerModule - DEFAULT_TRACKER value from config: 'null'
cursor-agent	Run AI Teammate	2025-12-12T07:48:58.0142441Z 07:48:57.991 [main] INFO  com.github.istin.dmtools.di.TrackerModule - Auto-detecting available tracker configuration...
cursor-agent	Run AI Teammate	2025-12-12T07:48:58.0143163Z 07:48:57.991 [main] DEBUG com.github.istin.dmtools.di.TrackerModule - Attempting to auto-detect BasicJiraClient...
cursor-agent	Run AI Teammate	2025-12-12T07:48:58.0144156Z 07:48:57.999 [main] DEBUG com.github.istin.dmtools.di.TrackerModule - Attempting to auto-detect BasicAzureDevOpsClient...
cursor-agent	Run AI Teammate	2025-12-12T07:48:58.0145654Z 07:48:58.001 [main] DEBUG com.github.istin.dmtools.microsoft.ado.BasicAzureDevOpsClient - ADO configuration not found. Set ADO_ORGANIZATION, ADO_PROJECT, and ADO_PAT_TOKEN.
cursor-agent	Run AI Teammate	2025-12-12T07:48:58.0146560Z 07:48:58.001 [main] DEBUG com.github.istin.dmtools.di.TrackerModule - Attempting to auto-detect BasicRallyClient...
cursor-agent	Run AI Teammate	2025-12-12T07:48:58.0147331Z 07:48:58.002 [main] DEBUG com.github.istin.dmtools.broadcom.rally.BasicRallyClient - Rally configuration not found. Set RALLY_PATH and RALLY_TOKEN.
cursor-agent	Run AI Teammate	2025-12-12T07:48:58.0148153Z 07:48:58.002 [main] DEBUG com.github.istin.dmtools.di.TrackerModule - Detected CI environment (CI=true), allowing null TrackerClient
cursor-agent	Run AI Teammate	2025-12-12T07:48:58.0149203Z 07:48:58.002 [main] WARN  com.github.istin.dmtools.di.TrackerModule - No tracker configuration found in test environment. Returning null TrackerClient. Tests that require TrackerClient should mock it or provide test configuration.
cursor-agent	Run AI Teammate	2025-12-12T07:48:58.0149960Z 
cursor-agent	Run AI Teammate	2025-12-12T07:48:58.0150060Z === Analyzing dmtools output for errors ===
cursor-agent	Run AI Teammate	2025-12-12T07:48:58.0150369Z No obvious error patterns found, but exit code is 1
cursor-agent	Run AI Teammate	2025-12-12T07:48:58.0150648Z Last 20 lines of output:
cursor-agent	Run AI Teammate	2025-12-12T07:48:58.0154107Z 07:48:57.936 [main] INFO  com.github.istin.dmtools.job.RunCommandProcessor - Successfully loaded JSON configuration from file: /home/runner/work/autocoding/autocoding/agents/test_agent.json
cursor-agent	Run AI Teammate	2025-12-12T07:48:58.0156036Z 07:48:57.937 [main] INFO  com.github.istin.dmtools.job.RunCommandProcessor - Using file configuration only
cursor-agent	Run AI Teammate	2025-12-12T07:48:58.0157250Z 07:48:57.941 [main] INFO  com.github.istin.dmtools.job.RunCommandProcessor - JobParams created successfully for job: Teammate
cursor-agent	Run AI Teammate	2025-12-12T07:48:58.0158558Z 07:48:57.942 [main] INFO  com.github.istin.dmtools.job.JobRunner - Executing job: Teammate in mode: STANDALONE with 0 integrations
cursor-agent	Run AI Teammate	2025-12-12T07:48:58.0159711Z 07:48:57.942 [main] INFO  com.github.istin.dmtools.job.JobRunner - Created fresh job instance: Teammate
cursor-agent	Run AI Teammate	2025-12-12T07:48:58.0160698Z 07:48:57.982 [main] INFO  com.github.istin.dmtools.job.JobRunner - Calling initializeForMode with mode: STANDALONE
cursor-agent	Run AI Teammate	2025-12-12T07:48:58.0161680Z 07:48:57.982 [main] INFO  com.github.istin.dmtools.teammate.Teammate - Initializing Teammate in STANDALONE mode using TeammateComponent with BasicGeminiAI
cursor-agent	Run AI Teammate	2025-12-12T07:48:58.0162511Z 07:48:57.982 [main] INFO  com.github.istin.dmtools.teammate.Teammate - Creating new DaggerTeammateComponent for standalone mode
cursor-agent	Run AI Teammate	2025-12-12T07:48:58.0163217Z 07:48:57.990 [main] INFO  com.github.istin.dmtools.teammate.Teammate - Injecting dependencies using TeammateComponent
cursor-agent	Run AI Teammate	2025-12-12T07:48:58.0164098Z 07:48:57.990 [main] DEBUG com.github.istin.dmtools.common.utils.PropertyReader - No Gradle project markers found, using user.dir as project root: /home/runner/work/autocoding/autocoding
cursor-agent	Run AI Teammate	2025-12-12T07:48:58.0165620Z 07:48:57.991 [main] DEBUG com.github.istin.dmtools.common.utils.PropertyReader - dmtools.env not found in project root (/home/runner/work/autocoding/autocoding) or working directory (/home/runner/work/autocoding/autocoding)
cursor-agent	Run AI Teammate	2025-12-12T07:48:58.0166629Z 07:48:57.991 [main] INFO  com.github.istin.dmtools.di.TrackerModule - DEFAULT_TRACKER value from config: 'null'
cursor-agent	Run AI Teammate	2025-12-12T07:48:58.0167295Z 07:48:57.991 [main] INFO  com.github.istin.dmtools.di.TrackerModule - Auto-detecting available tracker configuration...
cursor-agent	Run AI Teammate	2025-12-12T07:48:58.0168157Z 07:48:57.991 [main] DEBUG com.github.istin.dmtools.di.TrackerModule - Attempting to auto-detect BasicJiraClient...
cursor-agent	Run AI Teammate	2025-12-12T07:48:58.0168979Z 07:48:57.999 [main] DEBUG com.github.istin.dmtools.di.TrackerModule - Attempting to auto-detect BasicAzureDevOpsClient...
cursor-agent	Run AI Teammate	2025-12-12T07:48:58.0170407Z 07:48:58.001 [main] DEBUG com.github.istin.dmtools.microsoft.ado.BasicAzureDevOpsClient - ADO configuration not found. Set ADO_ORGANIZATION, ADO_PROJECT, and ADO_PAT_TOKEN.
cursor-agent	Run AI Teammate	2025-12-12T07:48:58.0171822Z 07:48:58.001 [main] DEBUG com.github.istin.dmtools.di.TrackerModule - Attempting to auto-detect BasicRallyClient...
cursor-agent	Run AI Teammate	2025-12-12T07:48:58.0172931Z 07:48:58.002 [main] DEBUG com.github.istin.dmtools.broadcom.rally.BasicRallyClient - Rally configuration not found. Set RALLY_PATH and RALLY_TOKEN.
cursor-agent	Run AI Teammate	2025-12-12T07:48:58.0173835Z 07:48:58.002 [main] DEBUG com.github.istin.dmtools.di.TrackerModule - Detected CI environment (CI=true), allowing null TrackerClient
cursor-agent	Run AI Teammate	2025-12-12T07:48:58.0176111Z 07:48:58.002 [main] WARN  com.github.istin.dmtools.di.TrackerModule - No tracker configuration found in test environment. Returning null TrackerClient. Tests that require TrackerClient should mock it or provide test configuration.
cursor-agent	Run AI Teammate	2025-12-12T07:48:58.0177151Z ==========================================
cursor-agent	Run AI Teammate	2025-12-12T07:48:58.0177324Z 
cursor-agent	Run AI Teammate	2025-12-12T07:48:58.0177421Z === dmtools finished with exit code: 1 ===
cursor-agent	Run AI Teammate	2025-12-12T07:48:58.0177599Z 
cursor-agent	Run AI Teammate	2025-12-12T07:48:58.0177840Z ‚ùå dmtools exited with code: 1
cursor-agent	Run AI Teammate	2025-12-12T07:48:58.0177996Z 
cursor-agent	Run AI Teammate	2025-12-12T07:48:58.0178081Z === Full dmtools output ===
cursor-agent	Run AI Teammate	2025-12-12T07:48:58.0178582Z [0;32mInfo: Executing job with file: /home/runner/work/autocoding/autocoding/agents/test_agent.json[0m
cursor-agent	Run AI Teammate	2025-12-12T07:48:58.0179521Z 07:48:57.931 [main] INFO  com.github.istin.dmtools.job.RunCommandProcessor - Processing run command: file=/home/runner/work/autocoding/autocoding/agents/test_agent.json, hasEncodedConfig=false
cursor-agent	Run AI Teammate	2025-12-12T07:48:58.0180686Z 07:48:57.936 [main] INFO  com.github.istin.dmtools.job.RunCommandProcessor - Successfully loaded JSON configuration from file: /home/runner/work/autocoding/autocoding/agents/test_agent.json
cursor-agent	Run AI Teammate	2025-12-12T07:48:58.0181559Z 07:48:57.937 [main] INFO  com.github.istin.dmtools.job.RunCommandProcessor - Using file configuration only
cursor-agent	Run AI Teammate	2025-12-12T07:48:58.0182227Z 07:48:57.941 [main] INFO  com.github.istin.dmtools.job.RunCommandProcessor - JobParams created successfully for job: Teammate
cursor-agent	Run AI Teammate	2025-12-12T07:48:58.0182959Z 07:48:57.942 [main] INFO  com.github.istin.dmtools.job.JobRunner - Executing job: Teammate in mode: STANDALONE with 0 integrations
cursor-agent	Run AI Teammate	2025-12-12T07:48:58.0183610Z 07:48:57.942 [main] INFO  com.github.istin.dmtools.job.JobRunner - Created fresh job instance: Teammate
cursor-agent	Run AI Teammate	2025-12-12T07:48:58.0184415Z 07:48:57.982 [main] INFO  com.github.istin.dmtools.job.JobRunner - Calling initializeForMode with mode: STANDALONE
cursor-agent	Run AI Teammate	2025-12-12T07:48:58.0185614Z 07:48:57.982 [main] INFO  com.github.istin.dmtools.teammate.Teammate - Initializing Teammate in STANDALONE mode using TeammateComponent with BasicGeminiAI
cursor-agent	Run AI Teammate	2025-12-12T07:48:58.0186455Z 07:48:57.982 [main] INFO  com.github.istin.dmtools.teammate.Teammate - Creating new DaggerTeammateComponent for standalone mode
cursor-agent	Run AI Teammate	2025-12-12T07:48:58.0187169Z 07:48:57.990 [main] INFO  com.github.istin.dmtools.teammate.Teammate - Injecting dependencies using TeammateComponent
cursor-agent	Run AI Teammate	2025-12-12T07:48:58.0188079Z 07:48:57.990 [main] DEBUG com.github.istin.dmtools.common.utils.PropertyReader - No Gradle project markers found, using user.dir as project root: /home/runner/work/autocoding/autocoding
cursor-agent	Run AI Teammate	2025-12-12T07:48:58.0189869Z 07:48:57.991 [main] DEBUG com.github.istin.dmtools.common.utils.PropertyReader - dmtools.env not found in project root (/home/runner/work/autocoding/autocoding) or working directory (/home/runner/work/autocoding/autocoding)
cursor-agent	Run AI Teammate	2025-12-12T07:48:58.0191686Z 07:48:57.991 [main] INFO  com.github.istin.dmtools.di.TrackerModule - DEFAULT_TRACKER value from config: 'null'
cursor-agent	Run AI Teammate	2025-12-12T07:48:58.0192643Z 07:48:57.991 [main] INFO  com.github.istin.dmtools.di.TrackerModule - Auto-detecting available tracker configuration...
cursor-agent	Run AI Teammate	2025-12-12T07:48:58.0193316Z 07:48:57.991 [main] DEBUG com.github.istin.dmtools.di.TrackerModule - Attempting to auto-detect BasicJiraClient...
cursor-agent	Run AI Teammate	2025-12-12T07:48:58.0193997Z 07:48:57.999 [main] DEBUG com.github.istin.dmtools.di.TrackerModule - Attempting to auto-detect BasicAzureDevOpsClient...
cursor-agent	Run AI Teammate	2025-12-12T07:48:58.0195098Z 07:48:58.001 [main] DEBUG com.github.istin.dmtools.microsoft.ado.BasicAzureDevOpsClient - ADO configuration not found. Set ADO_ORGANIZATION, ADO_PROJECT, and ADO_PAT_TOKEN.
cursor-agent	Run AI Teammate	2025-12-12T07:48:58.0195971Z 07:48:58.001 [main] DEBUG com.github.istin.dmtools.di.TrackerModule - Attempting to auto-detect BasicRallyClient...
cursor-agent	Run AI Teammate	2025-12-12T07:48:58.0196932Z 07:48:58.002 [main] DEBUG com.github.istin.dmtools.broadcom.rally.BasicRallyClient - Rally configuration not found. Set RALLY_PATH and RALLY_TOKEN.
cursor-agent	Run AI Teammate	2025-12-12T07:48:58.0197774Z 07:48:58.002 [main] DEBUG com.github.istin.dmtools.di.TrackerModule - Detected CI environment (CI=true), allowing null TrackerClient
cursor-agent	Run AI Teammate	2025-12-12T07:48:58.0198840Z 07:48:58.002 [main] WARN  com.github.istin.dmtools.di.TrackerModule - No tracker configuration found in test environment. Returning null TrackerClient. Tests that require TrackerClient should mock it or provide test configuration.
cursor-agent	Run AI Teammate	2025-12-12T07:48:58.0199639Z ==========================
cursor-agent	Run AI Teammate	2025-12-12T07:48:58.0199781Z 
cursor-agent	Run AI Teammate	2025-12-12T07:48:58.0199864Z === Permission Checks ===
cursor-agent	Run AI Teammate	2025-12-12T07:48:58.0200131Z Current directory: /home/runner/work/autocoding/autocoding
cursor-agent	Run AI Teammate	2025-12-12T07:48:58.0200449Z Current directory permissions:
cursor-agent	Run AI Teammate	2025-12-12T07:48:58.0200707Z drwxr-xr-x 14 runner runner 4096 Dec 12 07:48 .
cursor-agent	Run AI Teammate	2025-12-12T07:48:58.0200897Z 
cursor-agent	Run AI Teammate	2025-12-12T07:48:58.0200981Z Config file permissions:
cursor-agent	Run AI Teammate	2025-12-12T07:48:58.0203344Z -rw-r--r-- 1 runner runner 511 Dec 12 07:48 /home/runner/work/autocoding/autocoding/agents/test_agent.json
cursor-agent	Run AI Teammate	2025-12-12T07:48:58.0205471Z 
cursor-agent	Run AI Teammate	2025-12-12T07:48:58.0205751Z Outputs directory permissions:
cursor-agent	Run AI Teammate	2025-12-12T07:48:58.0217399Z drwxr-xr-x 2 runner runner 4096 Dec 12 07:48 outputs
cursor-agent	Run AI Teammate	2025-12-12T07:48:58.0219239Z 
cursor-agent	Run AI Teammate	2025-12-12T07:48:58.0219440Z Testing write permissions:
cursor-agent	Run AI Teammate	2025-12-12T07:48:58.0240761Z ‚úÖ outputs/ is writable
cursor-agent	Run AI Teammate	2025-12-12T07:48:58.0261009Z ‚úÖ Current directory is writable
cursor-agent	Run AI Teammate	2025-12-12T07:48:58.0261433Z ==========================
cursor-agent	Run AI Teammate	2025-12-12T07:48:58.0261658Z 
cursor-agent	Run AI Teammate	2025-12-12T07:48:58.0261805Z === Additional Debug Info ===
cursor-agent	Run AI Teammate	2025-12-12T07:48:58.0262117Z DMTOOLS_INTEGRATIONS value: 'cli,file'
cursor-agent	Run AI Teammate	2025-12-12T07:48:58.0262383Z GEMINI_API_KEY: <not set>
cursor-agent	Run AI Teammate	2025-12-12T07:48:58.0262753Z Config file path: /home/runner/work/autocoding/autocoding/agents/test_agent.json
cursor-agent	Run AI Teammate	2025-12-12T07:48:58.0266432Z Config file exists: yes
cursor-agent	Run AI Teammate	2025-12-12T07:48:58.0271216Z Config file readable: yes
cursor-agent	Run AI Teammate	2025-12-12T07:48:58.0276144Z Config file writable: yes
cursor-agent	Run AI Teammate	2025-12-12T07:48:58.0276400Z 
cursor-agent	Run AI Teammate	2025-12-12T07:48:58.0276554Z Checking for output files...
cursor-agent	Run AI Teammate	2025-12-12T07:48:58.0288606Z total 8
cursor-agent	Run AI Teammate	2025-12-12T07:48:58.0288861Z drwxr-xr-x  2 runner runner 4096 Dec 12 07:48 .
cursor-agent	Run AI Teammate	2025-12-12T07:48:58.0289177Z drwxr-xr-x 14 runner runner 4096 Dec 12 07:48 ..
cursor-agent	Run AI Teammate	2025-12-12T07:48:58.0302711Z total 8
cursor-agent	Run AI Teammate	2025-12-12T07:48:58.0303102Z drwxr-xr-x  2 runner runner 4096 Dec 12 07:48 .
cursor-agent	Run AI Teammate	2025-12-12T07:48:58.0303618Z drwxr-xr-x 14 runner runner 4096 Dec 12 07:48 ..
cursor-agent	Run AI Teammate	2025-12-12T07:48:58.0304447Z 
cursor-agent	Run AI Teammate	2025-12-12T07:48:58.0304866Z Checking if cliCommands were executed...
cursor-agent	Run AI Teammate	2025-12-12T07:48:58.0305707Z ‚ùå outputs/response.md does not exist - cliCommands may not have executed
cursor-agent	Run AI Teammate	2025-12-12T07:48:58.0306211Z 
cursor-agent	Run AI Teammate	2025-12-12T07:48:58.0314040Z Config file content:
cursor-agent	Run AI Teammate	2025-12-12T07:48:58.0314380Z {
cursor-agent	Run AI Teammate	2025-12-12T07:48:58.0314809Z   "name": "Teammate",
cursor-agent	Run AI Teammate	2025-12-12T07:48:58.0315109Z   "params": {
cursor-agent	Run AI Teammate	2025-12-12T07:48:58.0315303Z     "agentParams": {
cursor-agent	Run AI Teammate	2025-12-12T07:48:58.0315529Z       "aiRole": "Test Assistant",
cursor-agent	Run AI Teammate	2025-12-12T07:48:58.0315806Z       "instructions": [
cursor-agent	Run AI Teammate	2025-12-12T07:48:58.0316155Z         "This is a test agent",
cursor-agent	Run AI Teammate	2025-12-12T07:48:58.0316525Z         "Just print hello world"
cursor-agent	Run AI Teammate	2025-12-12T07:48:58.0316810Z       ],
cursor-agent	Run AI Teammate	2025-12-12T07:48:58.0317001Z       "formattingRules": "Use markdown"
cursor-agent	Run AI Teammate	2025-12-12T07:48:58.0317238Z     },
cursor-agent	Run AI Teammate	2025-12-12T07:48:58.0317397Z     "cliCommands": [
cursor-agent	Run AI Teammate	2025-12-12T07:48:58.0317603Z       "echo 'Hello from AI Teammate!'",
cursor-agent	Run AI Teammate	2025-12-12T07:48:58.0317853Z       "mkdir -p outputs",
cursor-agent	Run AI Teammate	2025-12-12T07:48:58.0318094Z       "echo '# Test Result' > outputs/response.md",
cursor-agent	Run AI Teammate	2025-12-12T07:48:58.0318420Z       "echo 'Agent executed successfully' >> outputs/response.md"
cursor-agent	Run AI Teammate	2025-12-12T07:48:58.0318705Z     ],
cursor-agent	Run AI Teammate	2025-12-12T07:48:58.0318903Z     "outputType": "none",
cursor-agent	Run AI Teammate	2025-12-12T07:48:58.0319116Z     "skipAIProcessing": true
cursor-agent	Run AI Teammate	2025-12-12T07:48:58.0319331Z   }
cursor-agent	Run AI Teammate	2025-12-12T07:48:58.0319483Z }
cursor-agent	Run AI Teammate	2025-12-12T07:48:58.0319633Z ======================
cursor-agent	Run AI Teammate	2025-12-12T07:48:58.0319744Z 
cursor-agent	Run AI Teammate	2025-12-12T07:48:58.0320037Z === Checking for permission errors ===
cursor-agent	Run AI Teammate	2025-12-12T07:48:58.0331166Z No obvious permission errors found in output
cursor-agent	Run AI Teammate	2025-12-12T07:48:58.0331619Z ====================================
cursor-agent	Run AI Teammate	2025-12-12T07:48:58.0331882Z 
cursor-agent	Run AI Teammate	2025-12-12T07:48:58.0332006Z === Checking dmtools help/version for clues ===
cursor-agent	Run AI Teammate	2025-12-12T07:48:58.5543330Z DMTools 1.7.100
cursor-agent	Run AI Teammate	2025-12-12T07:48:58.5543918Z A comprehensive development management toolkit
cursor-agent	Run AI Teammate	2025-12-12T07:48:58.5626224Z ==============================================
cursor-agent	Run AI Teammate	2025-12-12T07:48:58.5640069Z ##[error]Process completed with exit code 1.
cursor-agent	Upload artifacts	Ôªø2025-12-12T07:48:58.5708155Z ##[group]Run actions/upload-artifact@v4
cursor-agent	Upload artifacts	2025-12-12T07:48:58.5708433Z with:
cursor-agent	Upload artifacts	2025-12-12T07:48:58.5708622Z   name: ai-teammate-results-23
cursor-agent	Upload artifacts	2025-12-12T07:48:58.5708860Z   path: outputs/
cursor-agent	Upload artifacts	inputs/
cursor-agent	Upload artifacts	
cursor-agent	Upload artifacts	2025-12-12T07:48:58.5709079Z   retention-days: 30
cursor-agent	Upload artifacts	2025-12-12T07:48:58.5709280Z   if-no-files-found: warn
cursor-agent	Upload artifacts	2025-12-12T07:48:58.5709487Z   compression-level: 6
cursor-agent	Upload artifacts	2025-12-12T07:48:58.5709675Z   overwrite: false
cursor-agent	Upload artifacts	2025-12-12T07:48:58.5709872Z   include-hidden-files: false
cursor-agent	Upload artifacts	2025-12-12T07:48:58.5710101Z env:
cursor-agent	Upload artifacts	2025-12-12T07:48:58.5710374Z   JAVA_HOME: /opt/hostedtoolcache/Java_Temurin-Hotspot_jdk/23.0.2-7/x64
cursor-agent	Upload artifacts	2025-12-12T07:48:58.5710840Z   JAVA_HOME_23_X64: /opt/hostedtoolcache/Java_Temurin-Hotspot_jdk/23.0.2-7/x64
cursor-agent	Upload artifacts	2025-12-12T07:48:58.5711193Z ##[endgroup]
cursor-agent	Upload artifacts	2025-12-12T07:48:58.7937324Z Multiple search paths detected. Calculating the least common ancestor of all paths
cursor-agent	Upload artifacts	2025-12-12T07:48:58.7940802Z The least common ancestor is /home/runner/work/autocoding/autocoding. This will be the root directory of the artifact
cursor-agent	Upload artifacts	2025-12-12T07:48:58.7952466Z ##[warning]No files were found with the provided path: outputs/
cursor-agent	Upload artifacts	inputs/. No artifacts will be uploaded.
cursor-agent	Post Setup Java Environment	Ôªø2025-12-12T07:48:58.8060875Z Post job cleanup.
cursor-agent	Post Checkout repository	Ôªø2025-12-12T07:48:58.9807938Z Post job cleanup.
cursor-agent	Post Checkout repository	2025-12-12T07:48:59.0770462Z [command]/usr/bin/git version
cursor-agent	Post Checkout repository	2025-12-12T07:48:59.0811766Z git version 2.52.0
cursor-agent	Post Checkout repository	2025-12-12T07:48:59.0858378Z Temporarily overriding HOME='/home/runner/work/_temp/e578d516-3633-4347-9bf6-3312d4c92494' before making global git config changes
cursor-agent	Post Checkout repository	2025-12-12T07:48:59.0859722Z Adding repository directory to the temporary git global config as a safe directory
cursor-agent	Post Checkout repository	2025-12-12T07:48:59.0873130Z [command]/usr/bin/git config --global --add safe.directory /home/runner/work/autocoding/autocoding
cursor-agent	Post Checkout repository	2025-12-12T07:48:59.0915548Z [command]/usr/bin/git config --local --name-only --get-regexp core\.sshCommand
cursor-agent	Post Checkout repository	2025-12-12T07:48:59.0955275Z [command]/usr/bin/git submodule foreach --recursive sh -c "git config --local --name-only --get-regexp 'core\.sshCommand' && git config --local --unset-all 'core.sshCommand' || :"
cursor-agent	Post Checkout repository	2025-12-12T07:48:59.1210741Z [command]/usr/bin/git config --local --name-only --get-regexp http\.https\:\/\/github\.com\/\.extraheader
cursor-agent	Post Checkout repository	2025-12-12T07:48:59.1237744Z http.https://github.com/.extraheader
cursor-agent	Post Checkout repository	2025-12-12T07:48:59.1251459Z [command]/usr/bin/git config --local --unset-all http.https://github.com/.extraheader
cursor-agent	Post Checkout repository	2025-12-12T07:48:59.1287282Z [command]/usr/bin/git submodule foreach --recursive sh -c "git config --local --name-only --get-regexp 'http\.https\:\/\/github\.com\/\.extraheader' && git config --local --unset-all 'http.https://github.com/.extraheader' || :"
cursor-agent	Post Checkout repository	2025-12-12T07:48:59.1543328Z [command]/usr/bin/git config --local --name-only --get-regexp ^includeIf\.gitdir:
cursor-agent	Post Checkout repository	2025-12-12T07:48:59.1577880Z [command]/usr/bin/git submodule foreach --recursive git config --local --show-origin --name-only --get-regexp remote.origin.url
cursor-agent	Complete job	Ôªø2025-12-12T07:48:59.1913736Z Cleaning up orphan processes
