cursor-agent	Set up job	ï»¿2025-12-12T08:02:00.3500373Z Current runner version: '2.329.0'
cursor-agent	Set up job	2025-12-12T08:02:00.3529280Z ##[group]Runner Image Provisioner
cursor-agent	Set up job	2025-12-12T08:02:00.3530279Z Hosted Compute Agent
cursor-agent	Set up job	2025-12-12T08:02:00.3530869Z Version: 20251202.455
cursor-agent	Set up job	2025-12-12T08:02:00.3531471Z Commit: 6c10caca4910e198df60de23adf20ad317c474e3
cursor-agent	Set up job	2025-12-12T08:02:00.3532209Z Build Date: 2025-12-02T15:56:59Z
cursor-agent	Set up job	2025-12-12T08:02:00.3532871Z Worker ID: {33db95b3-632f-4144-97ea-f2b2cd1dafa9}
cursor-agent	Set up job	2025-12-12T08:02:00.3533563Z ##[endgroup]
cursor-agent	Set up job	2025-12-12T08:02:00.3534161Z ##[group]Operating System
cursor-agent	Set up job	2025-12-12T08:02:00.3534727Z Ubuntu
cursor-agent	Set up job	2025-12-12T08:02:00.3535462Z 24.04.3
cursor-agent	Set up job	2025-12-12T08:02:00.3535938Z LTS
cursor-agent	Set up job	2025-12-12T08:02:00.3536875Z ##[endgroup]
cursor-agent	Set up job	2025-12-12T08:02:00.3537455Z ##[group]Runner Image
cursor-agent	Set up job	2025-12-12T08:02:00.3537998Z Image: ubuntu-24.04
cursor-agent	Set up job	2025-12-12T08:02:00.3538578Z Version: 20251208.163.1
cursor-agent	Set up job	2025-12-12T08:02:00.3539627Z Included Software: https://github.com/actions/runner-images/blob/ubuntu24/20251208.163/images/ubuntu/Ubuntu2404-Readme.md
cursor-agent	Set up job	2025-12-12T08:02:00.3541045Z Image Release: https://github.com/actions/runner-images/releases/tag/ubuntu24%2F20251208.163
cursor-agent	Set up job	2025-12-12T08:02:00.3542356Z ##[endgroup]
cursor-agent	Set up job	2025-12-12T08:02:00.3543675Z ##[group]GITHUB_TOKEN Permissions
cursor-agent	Set up job	2025-12-12T08:02:00.3546076Z Actions: read
cursor-agent	Set up job	2025-12-12T08:02:00.3546659Z Contents: write
cursor-agent	Set up job	2025-12-12T08:02:00.3547304Z Metadata: read
cursor-agent	Set up job	2025-12-12T08:02:00.3547810Z PullRequests: write
cursor-agent	Set up job	2025-12-12T08:02:00.3548338Z ##[endgroup]
cursor-agent	Set up job	2025-12-12T08:02:00.3551038Z Secret source: Actions
cursor-agent	Set up job	2025-12-12T08:02:00.3552103Z Prepare workflow directory
cursor-agent	Set up job	2025-12-12T08:02:00.3886902Z Prepare all required actions
cursor-agent	Set up job	2025-12-12T08:02:00.3924906Z Getting action download info
cursor-agent	Set up job	2025-12-12T08:02:00.8663515Z Download action repository 'actions/checkout@v4' (SHA:34e114876b0b11c390a56381ad16ebd13914f8d5)
cursor-agent	Set up job	2025-12-12T08:02:00.9889015Z Download action repository 'actions/setup-java@v4' (SHA:c1e323688fd81a25caa38c78aa6df2d33d3e20d9)
cursor-agent	Set up job	2025-12-12T08:02:01.6271711Z Download action repository 'actions/upload-artifact@v4' (SHA:ea165f8d65b6e75b540449e92b4886f43607fa02)
cursor-agent	Set up job	2025-12-12T08:02:01.8434351Z Complete job name: cursor-agent
cursor-agent	Checkout repository	ï»¿2025-12-12T08:02:01.9295760Z ##[group]Run actions/checkout@v4
cursor-agent	Checkout repository	2025-12-12T08:02:01.9297190Z with:
cursor-agent	Checkout repository	2025-12-12T08:02:01.9297958Z   repository: kidblendapp/autocoding
cursor-agent	Checkout repository	2025-12-12T08:02:01.9299289Z   token: ***
cursor-agent	Checkout repository	2025-12-12T08:02:01.9300009Z   ssh-strict: true
cursor-agent	Checkout repository	2025-12-12T08:02:01.9300755Z   ssh-user: git
cursor-agent	Checkout repository	2025-12-12T08:02:01.9301520Z   persist-credentials: true
cursor-agent	Checkout repository	2025-12-12T08:02:01.9302354Z   clean: true
cursor-agent	Checkout repository	2025-12-12T08:02:01.9303122Z   sparse-checkout-cone-mode: true
cursor-agent	Checkout repository	2025-12-12T08:02:01.9304060Z   fetch-depth: 1
cursor-agent	Checkout repository	2025-12-12T08:02:01.9304792Z   fetch-tags: false
cursor-agent	Checkout repository	2025-12-12T08:02:01.9305736Z   show-progress: true
cursor-agent	Checkout repository	2025-12-12T08:02:01.9306498Z   lfs: false
cursor-agent	Checkout repository	2025-12-12T08:02:01.9307190Z   submodules: false
cursor-agent	Checkout repository	2025-12-12T08:02:01.9307958Z   set-safe-directory: true
cursor-agent	Checkout repository	2025-12-12T08:02:01.9309500Z ##[endgroup]
cursor-agent	Checkout repository	2025-12-12T08:02:02.0460532Z Syncing repository: kidblendapp/autocoding
cursor-agent	Checkout repository	2025-12-12T08:02:02.0463344Z ##[group]Getting Git version info
cursor-agent	Checkout repository	2025-12-12T08:02:02.0464620Z Working directory is '/home/runner/work/autocoding/autocoding'
cursor-agent	Checkout repository	2025-12-12T08:02:02.0466802Z [command]/usr/bin/git version
cursor-agent	Checkout repository	2025-12-12T08:02:02.0541660Z git version 2.52.0
cursor-agent	Checkout repository	2025-12-12T08:02:02.0570403Z ##[endgroup]
cursor-agent	Checkout repository	2025-12-12T08:02:02.0588267Z Temporarily overriding HOME='/home/runner/work/_temp/c88add03-6d28-49cf-967b-1e290ce0d743' before making global git config changes
cursor-agent	Checkout repository	2025-12-12T08:02:02.0591262Z Adding repository directory to the temporary git global config as a safe directory
cursor-agent	Checkout repository	2025-12-12T08:02:02.0603061Z [command]/usr/bin/git config --global --add safe.directory /home/runner/work/autocoding/autocoding
cursor-agent	Checkout repository	2025-12-12T08:02:02.0650653Z Deleting the contents of '/home/runner/work/autocoding/autocoding'
cursor-agent	Checkout repository	2025-12-12T08:02:02.0655273Z ##[group]Initializing the repository
cursor-agent	Checkout repository	2025-12-12T08:02:02.0660956Z [command]/usr/bin/git init /home/runner/work/autocoding/autocoding
cursor-agent	Checkout repository	2025-12-12T08:02:02.0770321Z hint: Using 'master' as the name for the initial branch. This default branch name
cursor-agent	Checkout repository	2025-12-12T08:02:02.0772736Z hint: will change to "main" in Git 3.0. To configure the initial branch name
cursor-agent	Checkout repository	2025-12-12T08:02:02.0776341Z hint: to use in all of your new repositories, which will suppress this warning,
cursor-agent	Checkout repository	2025-12-12T08:02:02.0778661Z hint: call:
cursor-agent	Checkout repository	2025-12-12T08:02:02.0779812Z hint:
cursor-agent	Checkout repository	2025-12-12T08:02:02.0781241Z hint: 	git config --global init.defaultBranch <name>
cursor-agent	Checkout repository	2025-12-12T08:02:02.0782993Z hint:
cursor-agent	Checkout repository	2025-12-12T08:02:02.0784597Z hint: Names commonly chosen instead of 'master' are 'main', 'trunk' and
cursor-agent	Checkout repository	2025-12-12T08:02:02.0787858Z hint: 'development'. The just-created branch can be renamed via this command:
cursor-agent	Checkout repository	2025-12-12T08:02:02.0790204Z hint:
cursor-agent	Checkout repository	2025-12-12T08:02:02.0791345Z hint: 	git branch -m <name>
cursor-agent	Checkout repository	2025-12-12T08:02:02.0792612Z hint:
cursor-agent	Checkout repository	2025-12-12T08:02:02.0794324Z hint: Disable this message with "git config set advice.defaultBranchName false"
cursor-agent	Checkout repository	2025-12-12T08:02:02.0797396Z Initialized empty Git repository in /home/runner/work/autocoding/autocoding/.git/
cursor-agent	Checkout repository	2025-12-12T08:02:02.0800612Z [command]/usr/bin/git remote add origin https://github.com/kidblendapp/autocoding
cursor-agent	Checkout repository	2025-12-12T08:02:02.0831074Z ##[endgroup]
cursor-agent	Checkout repository	2025-12-12T08:02:02.0833517Z ##[group]Disabling automatic garbage collection
cursor-agent	Checkout repository	2025-12-12T08:02:02.0836339Z [command]/usr/bin/git config --local gc.auto 0
cursor-agent	Checkout repository	2025-12-12T08:02:02.0874103Z ##[endgroup]
cursor-agent	Checkout repository	2025-12-12T08:02:02.0876465Z ##[group]Setting up auth
cursor-agent	Checkout repository	2025-12-12T08:02:02.0883129Z [command]/usr/bin/git config --local --name-only --get-regexp core\.sshCommand
cursor-agent	Checkout repository	2025-12-12T08:02:02.0921817Z [command]/usr/bin/git submodule foreach --recursive sh -c "git config --local --name-only --get-regexp 'core\.sshCommand' && git config --local --unset-all 'core.sshCommand' || :"
cursor-agent	Checkout repository	2025-12-12T08:02:02.1270324Z [command]/usr/bin/git config --local --name-only --get-regexp http\.https\:\/\/github\.com\/\.extraheader
cursor-agent	Checkout repository	2025-12-12T08:02:02.1306144Z [command]/usr/bin/git submodule foreach --recursive sh -c "git config --local --name-only --get-regexp 'http\.https\:\/\/github\.com\/\.extraheader' && git config --local --unset-all 'http.https://github.com/.extraheader' || :"
cursor-agent	Checkout repository	2025-12-12T08:02:02.1542952Z [command]/usr/bin/git config --local --name-only --get-regexp ^includeIf\.gitdir:
cursor-agent	Checkout repository	2025-12-12T08:02:02.1576876Z [command]/usr/bin/git submodule foreach --recursive git config --local --show-origin --name-only --get-regexp remote.origin.url
cursor-agent	Checkout repository	2025-12-12T08:02:02.1824665Z [command]/usr/bin/git config --local http.https://github.com/.extraheader AUTHORIZATION: basic ***
cursor-agent	Checkout repository	2025-12-12T08:02:02.1862983Z ##[endgroup]
cursor-agent	Checkout repository	2025-12-12T08:02:02.1865652Z ##[group]Fetching the repository
cursor-agent	Checkout repository	2025-12-12T08:02:02.1874933Z [command]/usr/bin/git -c protocol.version=2 fetch --no-tags --prune --no-recurse-submodules --depth=1 origin +709fd6f805611d53b423a4dd567c27d6f285ba9f:refs/remotes/origin/main
cursor-agent	Checkout repository	2025-12-12T08:02:02.6311357Z From https://github.com/kidblendapp/autocoding
cursor-agent	Checkout repository	2025-12-12T08:02:02.6314225Z  * [new ref]         709fd6f805611d53b423a4dd567c27d6f285ba9f -> origin/main
cursor-agent	Checkout repository	2025-12-12T08:02:02.6348918Z ##[endgroup]
cursor-agent	Checkout repository	2025-12-12T08:02:02.6352811Z ##[group]Determining the checkout info
cursor-agent	Checkout repository	2025-12-12T08:02:02.6354699Z ##[endgroup]
cursor-agent	Checkout repository	2025-12-12T08:02:02.6356618Z [command]/usr/bin/git sparse-checkout disable
cursor-agent	Checkout repository	2025-12-12T08:02:02.6400732Z [command]/usr/bin/git config --local --unset-all extensions.worktreeConfig
cursor-agent	Checkout repository	2025-12-12T08:02:02.6429102Z ##[group]Checking out the ref
cursor-agent	Checkout repository	2025-12-12T08:02:02.6432441Z [command]/usr/bin/git checkout --progress --force -B main refs/remotes/origin/main
cursor-agent	Checkout repository	2025-12-12T08:02:02.6554258Z Switched to a new branch 'main'
cursor-agent	Checkout repository	2025-12-12T08:02:02.6556149Z branch 'main' set up to track 'origin/main'.
cursor-agent	Checkout repository	2025-12-12T08:02:02.6590408Z ##[endgroup]
cursor-agent	Checkout repository	2025-12-12T08:02:02.6611268Z [command]/usr/bin/git log -1 --format=%H
cursor-agent	Checkout repository	2025-12-12T08:02:02.6638509Z 709fd6f805611d53b423a4dd567c27d6f285ba9f
cursor-agent	Map Event Type to Config	ï»¿2025-12-12T08:02:02.6890271Z ##[group]Run EVENT_TYPE=""
cursor-agent	Map Event Type to Config	2025-12-12T08:02:02.6891527Z [36;1mEVENT_TYPE=""[0m
cursor-agent	Map Event Type to Config	2025-12-12T08:02:02.6892448Z [36;1m[0m
cursor-agent	Map Event Type to Config	2025-12-12T08:02:02.6893283Z [36;1mcase "$EVENT_TYPE" in[0m
cursor-agent	Map Event Type to Config	2025-12-12T08:02:02.6894328Z [36;1m  "story-clarification")[0m
cursor-agent	Map Event Type to Config	2025-12-12T08:02:02.6895676Z [36;1m    CONFIG="agents/story_questions.json"[0m
cursor-agent	Map Event Type to Config	2025-12-12T08:02:02.6897065Z [36;1m    ;;[0m
cursor-agent	Map Event Type to Config	2025-12-12T08:02:02.6897928Z [36;1m  "story-development")[0m
cursor-agent	Map Event Type to Config	2025-12-12T08:02:02.6899060Z [36;1m    CONFIG="agents/story_development.json"[0m
cursor-agent	Map Event Type to Config	2025-12-12T08:02:02.6900276Z [36;1m    ;;[0m
cursor-agent	Map Event Type to Config	2025-12-12T08:02:02.6901147Z [36;1m  "story-description")[0m
cursor-agent	Map Event Type to Config	2025-12-12T08:02:02.6902254Z [36;1m    CONFIG="agents/story_description.json"[0m
cursor-agent	Map Event Type to Config	2025-12-12T08:02:02.6903503Z [36;1m    ;;[0m
cursor-agent	Map Event Type to Config	2025-12-12T08:02:02.6904287Z [36;1m  "solution-design")[0m
cursor-agent	Map Event Type to Config	2025-12-12T08:02:02.6905504Z [36;1m    CONFIG="agents/story_solution_design.json"[0m
cursor-agent	Map Event Type to Config	2025-12-12T08:02:02.6906796Z [36;1m    ;;[0m
cursor-agent	Map Event Type to Config	2025-12-12T08:02:02.6907624Z [36;1m  "sd-core-description")[0m
cursor-agent	Map Event Type to Config	2025-12-12T08:02:02.6908957Z [36;1m    CONFIG="agents/sd_core_description.json"[0m
cursor-agent	Map Event Type to Config	2025-12-12T08:02:02.6910073Z [36;1m    ;;[0m
cursor-agent	Map Event Type to Config	2025-12-12T08:02:02.6910886Z [36;1m  "sd-api-description")[0m
cursor-agent	Map Event Type to Config	2025-12-12T08:02:02.6912120Z [36;1m    CONFIG="agents/sd_api_description.json"[0m
cursor-agent	Map Event Type to Config	2025-12-12T08:02:02.6913275Z [36;1m    ;;[0m
cursor-agent	Map Event Type to Config	2025-12-12T08:02:02.6914131Z [36;1m  "api-development")[0m
cursor-agent	Map Event Type to Config	2025-12-12T08:02:02.6915338Z [36;1m    CONFIG="agents/api_development.json"[0m
cursor-agent	Map Event Type to Config	2025-12-12T08:02:02.6916436Z [36;1m    ;;[0m
cursor-agent	Map Event Type to Config	2025-12-12T08:02:02.6917303Z [36;1m  "core-description")[0m
cursor-agent	Map Event Type to Config	2025-12-12T08:02:02.6918440Z [36;1m    CONFIG="agents/core_description.json"[0m
cursor-agent	Map Event Type to Config	2025-12-12T08:02:02.6919583Z [36;1m    ;;[0m
cursor-agent	Map Event Type to Config	2025-12-12T08:02:02.6920439Z [36;1m  "code-review")[0m
cursor-agent	Map Event Type to Config	2025-12-12T08:02:02.6921413Z [36;1m    CONFIG="agents/code_review.json"[0m
cursor-agent	Map Event Type to Config	2025-12-12T08:02:02.6922474Z [36;1m    ;;[0m
cursor-agent	Map Event Type to Config	2025-12-12T08:02:02.6923338Z [36;1m  "test-generation")[0m
cursor-agent	Map Event Type to Config	2025-12-12T08:02:02.6924424Z [36;1m    CONFIG="agents/test_cases_generator.json"[0m
cursor-agent	Map Event Type to Config	2025-12-12T08:02:02.6925753Z [36;1m    ;;[0m
cursor-agent	Map Event Type to Config	2025-12-12T08:02:02.6926612Z [36;1m  *)[0m
cursor-agent	Map Event Type to Config	2025-12-12T08:02:02.6927385Z [36;1m    CONFIG=""[0m
cursor-agent	Map Event Type to Config	2025-12-12T08:02:02.6928278Z [36;1m    ;;[0m
cursor-agent	Map Event Type to Config	2025-12-12T08:02:02.6929062Z [36;1mesac[0m
cursor-agent	Map Event Type to Config	2025-12-12T08:02:02.6929823Z [36;1m[0m
cursor-agent	Map Event Type to Config	2025-12-12T08:02:02.6930759Z [36;1mecho "config_file=${CONFIG}" >> $GITHUB_OUTPUT[0m
cursor-agent	Map Event Type to Config	2025-12-12T08:02:02.6932325Z [36;1mecho "Mapped event type '${EVENT_TYPE}' to config: ${CONFIG}"[0m
cursor-agent	Map Event Type to Config	2025-12-12T08:02:02.6971904Z shell: /usr/bin/bash -e {0}
cursor-agent	Map Event Type to Config	2025-12-12T08:02:02.6972916Z ##[endgroup]
cursor-agent	Map Event Type to Config	2025-12-12T08:02:02.7060319Z Mapped event type '' to config: 
cursor-agent	Prepare Configuration	ï»¿2025-12-12T08:02:02.7146335Z ##[group]Run # Determine config file from either webhook or manual input
cursor-agent	Prepare Configuration	2025-12-12T08:02:02.7148266Z [36;1m# Determine config file from either webhook or manual input[0m
cursor-agent	Prepare Configuration	2025-12-12T08:02:02.7149875Z [36;1mif [ "workflow_dispatch" = "repository_dispatch" ]; then[0m
cursor-agent	Prepare Configuration	2025-12-12T08:02:02.7151483Z [36;1m  # Use mapped config if available, otherwise use client_payload[0m
cursor-agent	Prepare Configuration	2025-12-12T08:02:02.7220395Z [36;1m  CONFIG_FILE=""[0m
cursor-agent	Prepare Configuration	2025-12-12T08:02:02.7221925Z [36;1m  ENCODED_CONFIG=""[0m
cursor-agent	Prepare Configuration	2025-12-12T08:02:02.7223280Z [36;1m  TICKET_KEY=""[0m
cursor-agent	Prepare Configuration	2025-12-12T08:02:02.7224137Z [36;1m  JQL_QUERY=""[0m
cursor-agent	Prepare Configuration	2025-12-12T08:02:02.7224891Z [36;1melse[0m
cursor-agent	Prepare Configuration	2025-12-12T08:02:02.7226237Z [36;1m  # Use provided config_file or default to agents/test_agent.json[0m
cursor-agent	Prepare Configuration	2025-12-12T08:02:02.7227692Z [36;1m  CONFIG_FILE="agents/test_agent.json"[0m
cursor-agent	Prepare Configuration	2025-12-12T08:02:02.7228768Z [36;1m  if [ -z "${CONFIG_FILE}" ]; then[0m
cursor-agent	Prepare Configuration	2025-12-12T08:02:02.7229825Z [36;1m    CONFIG_FILE="agents/test_agent.json"[0m
cursor-agent	Prepare Configuration	2025-12-12T08:02:02.7230820Z [36;1m  fi[0m
cursor-agent	Prepare Configuration	2025-12-12T08:02:02.7231578Z [36;1m  ENCODED_CONFIG=""[0m
cursor-agent	Prepare Configuration	2025-12-12T08:02:02.7232405Z [36;1m  TICKET_KEY=""[0m
cursor-agent	Prepare Configuration	2025-12-12T08:02:02.7233195Z [36;1m  JQL_QUERY=""[0m
cursor-agent	Prepare Configuration	2025-12-12T08:02:02.7233947Z [36;1mfi[0m
cursor-agent	Prepare Configuration	2025-12-12T08:02:02.7234592Z [36;1m[0m
cursor-agent	Prepare Configuration	2025-12-12T08:02:02.7235643Z [36;1mecho "config_file=${CONFIG_FILE}" >> $GITHUB_OUTPUT[0m
cursor-agent	Prepare Configuration	2025-12-12T08:02:02.7237070Z [36;1mecho "encoded_config=${ENCODED_CONFIG}" >> $GITHUB_OUTPUT[0m
cursor-agent	Prepare Configuration	2025-12-12T08:02:02.7238476Z [36;1mecho "ticket_key=${TICKET_KEY}" >> $GITHUB_OUTPUT[0m
cursor-agent	Prepare Configuration	2025-12-12T08:02:02.7239767Z [36;1mecho "jql_query=${JQL_QUERY}" >> $GITHUB_OUTPUT[0m
cursor-agent	Prepare Configuration	2025-12-12T08:02:02.7240836Z [36;1m[0m
cursor-agent	Prepare Configuration	2025-12-12T08:02:02.7241559Z [36;1mecho "Configuration: ${CONFIG_FILE}"[0m
cursor-agent	Prepare Configuration	2025-12-12T08:02:02.7242946Z [36;1mecho "Ticket: ${TICKET_KEY}"[0m
cursor-agent	Prepare Configuration	2025-12-12T08:02:02.7243879Z [36;1mecho "JQL: ${JQL_QUERY}"[0m
cursor-agent	Prepare Configuration	2025-12-12T08:02:02.7278530Z shell: /usr/bin/bash -e {0}
cursor-agent	Prepare Configuration	2025-12-12T08:02:02.7279366Z ##[endgroup]
cursor-agent	Prepare Configuration	2025-12-12T08:02:02.7344154Z Configuration: agents/test_agent.json
cursor-agent	Prepare Configuration	2025-12-12T08:02:02.7345908Z Ticket: 
cursor-agent	Prepare Configuration	2025-12-12T08:02:02.7346920Z JQL: 
cursor-agent	Setup Java Environment	ï»¿2025-12-12T08:02:02.7613110Z ##[group]Run actions/setup-java@v4
cursor-agent	Setup Java Environment	2025-12-12T08:02:02.7614771Z with:
cursor-agent	Setup Java Environment	2025-12-12T08:02:02.7616061Z   distribution: temurin
cursor-agent	Setup Java Environment	2025-12-12T08:02:02.7617204Z   java-version: 23
cursor-agent	Setup Java Environment	2025-12-12T08:02:02.7618256Z   java-package: jdk
cursor-agent	Setup Java Environment	2025-12-12T08:02:02.7619676Z   check-latest: false
cursor-agent	Setup Java Environment	2025-12-12T08:02:02.7621072Z   server-id: github
cursor-agent	Setup Java Environment	2025-12-12T08:02:02.7622397Z   server-username: GITHUB_ACTOR
cursor-agent	Setup Java Environment	2025-12-12T08:02:02.7623968Z   server-password: GITHUB_TOKEN
cursor-agent	Setup Java Environment	2025-12-12T08:02:02.7625802Z   overwrite-settings: true
cursor-agent	Setup Java Environment	2025-12-12T08:02:02.7627280Z   job-status: success
cursor-agent	Setup Java Environment	2025-12-12T08:02:02.7629008Z   token: ***
cursor-agent	Setup Java Environment	2025-12-12T08:02:02.7630225Z ##[endgroup]
cursor-agent	Setup Java Environment	2025-12-12T08:02:02.9893301Z ##[group]Installed distributions
cursor-agent	Setup Java Environment	2025-12-12T08:02:02.9954420Z Trying to resolve the latest version from remote
cursor-agent	Setup Java Environment	2025-12-12T08:02:03.2972764Z Resolved latest version as 23.0.2+7
cursor-agent	Setup Java Environment	2025-12-12T08:02:03.2974870Z Trying to download...
cursor-agent	Setup Java Environment	2025-12-12T08:02:03.2979795Z Downloading Java 23.0.2+7 (Temurin-Hotspot) from https://github.com/adoptium/temurin23-binaries/releases/download/jdk-23.0.2%2B7/OpenJDK23U-jdk_x64_linux_hotspot_23.0.2_7.tar.gz ...
cursor-agent	Setup Java Environment	2025-12-12T08:02:04.8594701Z Extracting Java archive...
cursor-agent	Setup Java Environment	2025-12-12T08:02:04.8714118Z [command]/usr/bin/tar xz --warning=no-unknown-keyword --overwrite -C /home/runner/work/_temp/1a237386-cd96-40de-b9cc-52a8440cafd8 -f /home/runner/work/_temp/8867cf07-34fb-4d19-a4c6-35f1fe1e45d9
cursor-agent	Setup Java Environment	2025-12-12T08:02:07.8621966Z Java 23.0.2+7 was downloaded
cursor-agent	Setup Java Environment	2025-12-12T08:02:07.8623781Z Setting Java 23.0.2+7 as the default
cursor-agent	Setup Java Environment	2025-12-12T08:02:07.8632474Z Creating toolchains.xml for JDK version 23 from temurin
cursor-agent	Setup Java Environment	2025-12-12T08:02:07.8723841Z Writing to /home/runner/.m2/toolchains.xml
cursor-agent	Setup Java Environment	2025-12-12T08:02:07.8724518Z 
cursor-agent	Setup Java Environment	2025-12-12T08:02:07.8724783Z Java configuration:
cursor-agent	Setup Java Environment	2025-12-12T08:02:07.8725403Z   Distribution: temurin
cursor-agent	Setup Java Environment	2025-12-12T08:02:07.8725824Z   Version: 23.0.2+7
cursor-agent	Setup Java Environment	2025-12-12T08:02:07.8726416Z   Path: /opt/hostedtoolcache/Java_Temurin-Hotspot_jdk/23.0.2-7/x64
cursor-agent	Setup Java Environment	2025-12-12T08:02:07.8726907Z 
cursor-agent	Setup Java Environment	2025-12-12T08:02:07.8727669Z ##[endgroup]
cursor-agent	Setup Java Environment	2025-12-12T08:02:07.8753152Z Creating settings.xml with server-id: github
cursor-agent	Setup Java Environment	2025-12-12T08:02:07.8753771Z Writing to /home/runner/.m2/settings.xml
cursor-agent	Install Cursor CLI	ï»¿2025-12-12T08:02:07.8893852Z ##[group]Run echo "Installing Cursor CLI..."
cursor-agent	Install Cursor CLI	2025-12-12T08:02:07.8894295Z [36;1mecho "Installing Cursor CLI..."[0m
cursor-agent	Install Cursor CLI	2025-12-12T08:02:07.8894676Z [36;1mcurl https://cursor.com/install -fsS | bash[0m
cursor-agent	Install Cursor CLI	2025-12-12T08:02:07.8895683Z [36;1m[0m
cursor-agent	Install Cursor CLI	2025-12-12T08:02:07.8895962Z [36;1mecho "Checking installation locations..."[0m
cursor-agent	Install Cursor CLI	2025-12-12T08:02:07.8896330Z [36;1mls -la "$HOME/.cursor/" || echo "No .cursor directory"[0m
cursor-agent	Install Cursor CLI	2025-12-12T08:02:07.8896750Z [36;1mls -la "$HOME/.cursor/bin/" || echo "No .cursor/bin directory"[0m
cursor-agent	Install Cursor CLI	2025-12-12T08:02:07.8897194Z [36;1mls -la "$HOME/.local/bin/" || echo "No .local/bin directory"[0m
cursor-agent	Install Cursor CLI	2025-12-12T08:02:07.8897531Z [36;1m[0m
cursor-agent	Install Cursor CLI	2025-12-12T08:02:07.8897794Z [36;1m# Cursor CLI installs to ~/.local/bin, not ~/.cursor/bin[0m
cursor-agent	Install Cursor CLI	2025-12-12T08:02:07.8898133Z [36;1mecho "$HOME/.local/bin" >> $GITHUB_PATH[0m
cursor-agent	Install Cursor CLI	2025-12-12T08:02:07.8898409Z [36;1m[0m
cursor-agent	Install Cursor CLI	2025-12-12T08:02:07.8898606Z [36;1m# Test installation[0m
cursor-agent	Install Cursor CLI	2025-12-12T08:02:07.8898886Z [36;1mexport PATH="$HOME/.local/bin:$PATH"[0m
cursor-agent	Install Cursor CLI	2025-12-12T08:02:07.8899272Z [36;1mif command -v cursor-agent; then[0m
cursor-agent	Install Cursor CLI	2025-12-12T08:02:07.8899639Z [36;1m  echo "âœ… cursor-agent found at: $(command -v cursor-agent)"[0m
cursor-agent	Install Cursor CLI	2025-12-12T08:02:07.8900052Z [36;1m  cursor-agent --version 2>&1 || echo "Version check failed"[0m
cursor-agent	Install Cursor CLI	2025-12-12T08:02:07.8900403Z [36;1melse[0m
cursor-agent	Install Cursor CLI	2025-12-12T08:02:07.8900659Z [36;1m  echo "âŒ cursor-agent not found after installation"[0m
cursor-agent	Install Cursor CLI	2025-12-12T08:02:07.8900995Z [36;1m  echo "Available files in .local/bin:"[0m
cursor-agent	Install Cursor CLI	2025-12-12T08:02:07.8901610Z [36;1m  ls -la "$HOME/.local/bin/" 2>/dev/null || echo "Directory does not exist"[0m
cursor-agent	Install Cursor CLI	2025-12-12T08:02:07.8901955Z [36;1mfi[0m
cursor-agent	Install Cursor CLI	2025-12-12T08:02:07.8938523Z shell: /usr/bin/bash -e {0}
cursor-agent	Install Cursor CLI	2025-12-12T08:02:07.8938800Z env:
cursor-agent	Install Cursor CLI	2025-12-12T08:02:07.8939119Z   JAVA_HOME: /opt/hostedtoolcache/Java_Temurin-Hotspot_jdk/23.0.2-7/x64
cursor-agent	Install Cursor CLI	2025-12-12T08:02:07.8939609Z   JAVA_HOME_23_X64: /opt/hostedtoolcache/Java_Temurin-Hotspot_jdk/23.0.2-7/x64
cursor-agent	Install Cursor CLI	2025-12-12T08:02:07.8939969Z ##[endgroup]
cursor-agent	Install Cursor CLI	2025-12-12T08:02:07.9000560Z Installing Cursor CLI...
cursor-agent	Install Cursor CLI	2025-12-12T08:02:08.0706308Z 
cursor-agent	Install Cursor CLI	2025-12-12T08:02:08.0707732Z [1mCursor Agent Installer[0m
cursor-agent	Install Cursor CLI	2025-12-12T08:02:08.0708642Z 
cursor-agent	Install Cursor CLI	2025-12-12T08:02:08.0709951Z [0;34mâ–¸[0m Detecting system architecture...
cursor-agent	Install Cursor CLI	2025-12-12T08:02:08.0745567Z [1A[2K[0;32mâœ“[0m Detected linux/x64
cursor-agent	Install Cursor CLI	2025-12-12T08:02:08.0747413Z [0;34mâ–¸[0m Creating installation directory...
cursor-agent	Install Cursor CLI	2025-12-12T08:02:08.0776860Z [1A[2K[0;32mâœ“[0m Directory created
cursor-agent	Install Cursor CLI	2025-12-12T08:02:08.0777845Z [0;34mâ–¸[0m Downloading Cursor Agent package...
cursor-agent	Install Cursor CLI	2025-12-12T08:02:08.0778932Z [2m  Download URL: https://downloads.cursor.com/lab/2025.11.25-d5b3271/linux/x64/agent-cli-package.tar.gz[0m
cursor-agent	Install Cursor CLI	2025-12-12T08:02:08.4281285Z #=#=#                                                                          
cursor-agent	Install Cursor CLI	2025-12-12T08:02:08.4281844Z 
cursor-agent	Install Cursor CLI	2025-12-12T08:02:08.6327944Z #############                                                             18.5%
cursor-agent	Install Cursor CLI	2025-12-12T08:02:08.8559112Z ##########################                                                36.5%
cursor-agent	Install Cursor CLI	2025-12-12T08:02:09.0716403Z #######################################                                   54.5%
cursor-agent	Install Cursor CLI	2025-12-12T08:02:09.3354479Z ####################################################                      72.5%
cursor-agent	Install Cursor CLI	2025-12-12T08:02:09.4693766Z #################################################################         90.5%
cursor-agent	Install Cursor CLI	2025-12-12T08:02:09.4704103Z ######################################################################## 100.0%
cursor-agent	Install Cursor CLI	2025-12-12T08:02:09.4756952Z [1A[2K[1A[2K[1A[2K[1A[2K[0;32mâœ“[0m Package downloaded and extracted
cursor-agent	Install Cursor CLI	2025-12-12T08:02:09.4757716Z [0;34mâ–¸[0m Finalizing installation...
cursor-agent	Install Cursor CLI	2025-12-12T08:02:09.4788084Z [1A[2K[0;32mâœ“[0m Package installed successfully
cursor-agent	Install Cursor CLI	2025-12-12T08:02:09.4788745Z [0;34mâ–¸[0m Creating bin directory...
cursor-agent	Install Cursor CLI	2025-12-12T08:02:09.4802553Z [1A[2K[0;32mâœ“[0m Bin directory ready
cursor-agent	Install Cursor CLI	2025-12-12T08:02:09.4803279Z [0;34mâ–¸[0m Creating symlink to cursor-agent executable...
cursor-agent	Install Cursor CLI	2025-12-12T08:02:09.4827237Z [1A[2K[0;32mâœ“[0m Symlink created
cursor-agent	Install Cursor CLI	2025-12-12T08:02:09.4827573Z 
cursor-agent	Install Cursor CLI	2025-12-12T08:02:09.4827848Z [1m[0;32mâœ¨ Installation Complete! [0m
cursor-agent	Install Cursor CLI	2025-12-12T08:02:09.4829767Z 
cursor-agent	Install Cursor CLI	2025-12-12T08:02:09.4829781Z 
cursor-agent	Install Cursor CLI	2025-12-12T08:02:09.4846777Z [1mNext Steps[0m
cursor-agent	Install Cursor CLI	2025-12-12T08:02:09.4847020Z 
cursor-agent	Install Cursor CLI	2025-12-12T08:02:09.4848890Z [1m1.[0m Add ~/.local/bin to your PATH:
cursor-agent	Install Cursor CLI	2025-12-12T08:02:09.4849392Z    [2mFor bash:[0m
cursor-agent	Install Cursor CLI	2025-12-12T08:02:09.4849984Z    [1m[0;34mecho 'export PATH="$HOME/.local/bin:$PATH"' >> ~/.bashrc[0m
cursor-agent	Install Cursor CLI	2025-12-12T08:02:09.4850408Z    [1m[0;34msource ~/.bashrc[0m
cursor-agent	Install Cursor CLI	2025-12-12T08:02:09.4850601Z 
cursor-agent	Install Cursor CLI	2025-12-12T08:02:09.4856021Z [1m2.[0m Start using Cursor Agent:
cursor-agent	Install Cursor CLI	2025-12-12T08:02:09.4856587Z    [1mcursor-agent[0m
cursor-agent	Install Cursor CLI	2025-12-12T08:02:09.4856831Z 
cursor-agent	Install Cursor CLI	2025-12-12T08:02:09.4856840Z 
cursor-agent	Install Cursor CLI	2025-12-12T08:02:09.4857079Z [1m[0;36mHappy coding! ðŸš€[0m
cursor-agent	Install Cursor CLI	2025-12-12T08:02:09.4857372Z 
cursor-agent	Install Cursor CLI	2025-12-12T08:02:09.4871704Z Checking installation locations...
cursor-agent	Install Cursor CLI	2025-12-12T08:02:09.4883903Z ls: cannot access '/home/runner/.cursor/': No such file or directory
cursor-agent	Install Cursor CLI	2025-12-12T08:02:09.4886414Z No .cursor directory
cursor-agent	Install Cursor CLI	2025-12-12T08:02:09.4898185Z ls: cannot access '/home/runner/.cursor/bin/': No such file or directory
cursor-agent	Install Cursor CLI	2025-12-12T08:02:09.4899905Z No .cursor/bin directory
cursor-agent	Install Cursor CLI	2025-12-12T08:02:09.4912747Z total 12
cursor-agent	Install Cursor CLI	2025-12-12T08:02:09.4913182Z drwxr-xr-x 2 runner runner 4096 Dec 12 08:02 .
cursor-agent	Install Cursor CLI	2025-12-12T08:02:09.4913763Z drwxr-xr-x 4 runner runner 4096 Dec 12 08:02 ..
cursor-agent	Install Cursor CLI	2025-12-12T08:02:09.4914777Z lrwxrwxrwx 1 runner runner   79 Dec 12 08:02 cursor-agent -> /home/runner/.local/share/cursor-agent/versions/2025.11.25-d5b3271/cursor-agent
cursor-agent	Install Cursor CLI	2025-12-12T08:02:09.4916629Z /home/runner/.local/bin/cursor-agent
cursor-agent	Install Cursor CLI	2025-12-12T08:02:09.4922684Z âœ… cursor-agent found at: /home/runner/.local/bin/cursor-agent
cursor-agent	Install Cursor CLI	2025-12-12T08:02:09.8651837Z 2025.11.25-d5b3271
cursor-agent	Install DMTools CLI	ï»¿2025-12-12T08:02:09.8778107Z ##[group]Run curl -fsSL https://github.com/IstiN/dmtools/releases/latest/download/install.sh | bash
cursor-agent	Install DMTools CLI	2025-12-12T08:02:09.8778853Z [36;1mcurl -fsSL https://github.com/IstiN/dmtools/releases/latest/download/install.sh | bash[0m
cursor-agent	Install DMTools CLI	2025-12-12T08:02:09.8779324Z [36;1mecho "$HOME/.dmtools/bin" >> $GITHUB_PATH[0m
cursor-agent	Install DMTools CLI	2025-12-12T08:02:09.8813357Z shell: /usr/bin/bash -e {0}
cursor-agent	Install DMTools CLI	2025-12-12T08:02:09.8813634Z env:
cursor-agent	Install DMTools CLI	2025-12-12T08:02:09.8813945Z   JAVA_HOME: /opt/hostedtoolcache/Java_Temurin-Hotspot_jdk/23.0.2-7/x64
cursor-agent	Install DMTools CLI	2025-12-12T08:02:09.8814427Z   JAVA_HOME_23_X64: /opt/hostedtoolcache/Java_Temurin-Hotspot_jdk/23.0.2-7/x64
cursor-agent	Install DMTools CLI	2025-12-12T08:02:09.8814787Z ##[endgroup]
cursor-agent	Install DMTools CLI	2025-12-12T08:02:10.3347927Z [0;32mðŸš€ Installing DMTools CLI...[0m
cursor-agent	Install DMTools CLI	2025-12-12T08:02:10.3348616Z [0;34mChecking Java installation...[0m
cursor-agent	Install DMTools CLI	2025-12-12T08:02:10.3680905Z [0;32mJava version detected: 23.0.2[0m
cursor-agent	Install DMTools CLI	2025-12-12T08:02:10.3684001Z [0;34mFetching latest release information...[0m
cursor-agent	Install DMTools CLI	2025-12-12T08:02:10.6184199Z [0;32mLatest version: v1.7.100[0m
cursor-agent	Install DMTools CLI	2025-12-12T08:02:10.6184952Z [0;34mCreating installation directory...[0m
cursor-agent	Install DMTools CLI	2025-12-12T08:02:10.6213838Z [0;34mDownloading DMTools JAR...[0m
cursor-agent	Install DMTools CLI	2025-12-12T08:02:11.9717495Z [0;34mDownloading DMTools shell script...[0m
cursor-agent	Install DMTools CLI	2025-12-12T08:02:12.4773704Z [0;34mUpdating shell configuration...[0m
cursor-agent	Install DMTools CLI	2025-12-12T08:02:12.4791738Z [0;32mUpdated /home/runner/.bashrc[0m
cursor-agent	Install DMTools CLI	2025-12-12T08:02:12.4853714Z [0;32mUpdated /home/runner/.bash_profile[0m
cursor-agent	Install DMTools CLI	2025-12-12T08:02:12.4871979Z [0;32mUpdated /home/runner/.profile[0m
cursor-agent	Install DMTools CLI	2025-12-12T08:02:13.3620635Z [0;34mVerifying installation...[0m
cursor-agent	Install DMTools CLI	2025-12-12T08:02:13.3621346Z [0;32mDMTools CLI installed successfully![0m
cursor-agent	Install DMTools CLI	2025-12-12T08:02:13.3621703Z 
cursor-agent	Install DMTools CLI	2025-12-12T08:02:13.3621991Z [0;32mðŸŽ‰ DMTools CLI installation completed![0m
cursor-agent	Install DMTools CLI	2025-12-12T08:02:13.3622217Z 
cursor-agent	Install DMTools CLI	2025-12-12T08:02:13.3622407Z To get started:
cursor-agent	Install DMTools CLI	2025-12-12T08:02:13.3622872Z   1. Restart your shell or run: source ~/.zshrc (or ~/.bashrc)
cursor-agent	Install DMTools CLI	2025-12-12T08:02:13.3623402Z   2. Run: dmtools list
cursor-agent	Install DMTools CLI	2025-12-12T08:02:13.3623854Z   3. Set up your integrations with environment variables:
cursor-agent	Install DMTools CLI	2025-12-12T08:02:13.3624536Z      export DMTOOLS_INTEGRATIONS=jira,confluence,figma
cursor-agent	Install DMTools CLI	2025-12-12T08:02:13.3625489Z      export JIRA_EMAIL=your-email@domain.com
cursor-agent	Install DMTools CLI	2025-12-12T08:02:13.3626012Z      export JIRA_API_TOKEN=your-jira-api-token
cursor-agent	Install DMTools CLI	2025-12-12T08:02:13.3626635Z      export JIRA_BASE_PATH=https://your-domain.atlassian.net
cursor-agent	Install DMTools CLI	2025-12-12T08:02:13.3627060Z 
cursor-agent	Install DMTools CLI	2025-12-12T08:02:13.3627218Z System Requirements:
cursor-agent	Install DMTools CLI	2025-12-12T08:02:13.3940742Z   âœ“ Java 23.0.2 detected
cursor-agent	Install DMTools CLI	2025-12-12T08:02:13.3941111Z 
cursor-agent	Install DMTools CLI	2025-12-12T08:02:13.3941418Z For more information, visit: https://github.com/IstiN/dmtools
cursor-agent	Verify DMTools and Cursor Installation	ï»¿2025-12-12T08:02:13.3970876Z ##[group]Run echo "Verifying installations..."
cursor-agent	Verify DMTools and Cursor Installation	2025-12-12T08:02:13.3971287Z [36;1mecho "Verifying installations..."[0m
cursor-agent	Verify DMTools and Cursor Installation	2025-12-12T08:02:13.3971678Z [36;1mexport PATH="$HOME/.local/bin:$HOME/.dmtools/bin:$PATH"[0m
cursor-agent	Verify DMTools and Cursor Installation	2025-12-12T08:02:13.3972016Z [36;1m[0m
cursor-agent	Verify DMTools and Cursor Installation	2025-12-12T08:02:13.3972211Z [36;1mecho "DMTools version:"[0m
cursor-agent	Verify DMTools and Cursor Installation	2025-12-12T08:02:13.3972520Z [36;1mdmtools --version || echo "âš ï¸ dmtools not found"[0m
cursor-agent	Verify DMTools and Cursor Installation	2025-12-12T08:02:13.3972819Z [36;1m[0m
cursor-agent	Verify DMTools and Cursor Installation	2025-12-12T08:02:13.3973010Z [36;1mecho "Cursor Agent version:"[0m
cursor-agent	Verify DMTools and Cursor Installation	2025-12-12T08:02:13.3973344Z [36;1mcursor-agent --version || echo "âš ï¸ cursor-agent not found"[0m
cursor-agent	Verify DMTools and Cursor Installation	2025-12-12T08:02:13.3973666Z [36;1m[0m
cursor-agent	Verify DMTools and Cursor Installation	2025-12-12T08:02:13.3973852Z [36;1mecho "PATH: $PATH"[0m
cursor-agent	Verify DMTools and Cursor Installation	2025-12-12T08:02:13.4007083Z shell: /usr/bin/bash -e {0}
cursor-agent	Verify DMTools and Cursor Installation	2025-12-12T08:02:13.4007337Z env:
cursor-agent	Verify DMTools and Cursor Installation	2025-12-12T08:02:13.4007630Z   JAVA_HOME: /opt/hostedtoolcache/Java_Temurin-Hotspot_jdk/23.0.2-7/x64
cursor-agent	Verify DMTools and Cursor Installation	2025-12-12T08:02:13.4008104Z   JAVA_HOME_23_X64: /opt/hostedtoolcache/Java_Temurin-Hotspot_jdk/23.0.2-7/x64
cursor-agent	Verify DMTools and Cursor Installation	2025-12-12T08:02:13.4008511Z ##[endgroup]
cursor-agent	Verify DMTools and Cursor Installation	2025-12-12T08:02:13.4060980Z Verifying installations...
cursor-agent	Verify DMTools and Cursor Installation	2025-12-12T08:02:13.4061261Z DMTools version:
cursor-agent	Verify DMTools and Cursor Installation	2025-12-12T08:02:13.9662907Z DMTools 1.7.100
cursor-agent	Verify DMTools and Cursor Installation	2025-12-12T08:02:13.9663436Z A comprehensive development management toolkit
cursor-agent	Verify DMTools and Cursor Installation	2025-12-12T08:02:13.9744190Z Cursor Agent version:
cursor-agent	Verify DMTools and Cursor Installation	2025-12-12T08:02:14.3497170Z 2025.11.25-d5b3271
cursor-agent	Verify DMTools and Cursor Installation	2025-12-12T08:02:14.3594454Z PATH: /home/runner/.local/bin:/home/runner/.dmtools/bin:/home/runner/.dmtools/bin:/home/runner/.local/bin:/opt/hostedtoolcache/Java_Temurin-Hotspot_jdk/23.0.2-7/x64/bin:/snap/bin:/home/runner/.local/bin:/opt/pipx_bin:/home/runner/.cargo/bin:/home/runner/.config/composer/vendor/bin:/usr/local/.ghcup/bin:/home/runner/.dotnet/tools:/usr/local/sbin:/usr/local/bin:/usr/sbin:/usr/bin:/sbin:/bin:/usr/games:/usr/local/games:/snap/bin
cursor-agent	Prepare Environment Variables	ï»¿2025-12-12T08:02:14.3623001Z ##[group]Run CONFIG_FILE="agents/test_agent.json"
cursor-agent	Prepare Environment Variables	2025-12-12T08:02:14.3623404Z [36;1mCONFIG_FILE="agents/test_agent.json"[0m
cursor-agent	Prepare Environment Variables	2025-12-12T08:02:14.3623676Z [36;1m[0m
cursor-agent	Prepare Environment Variables	2025-12-12T08:02:14.3623878Z [36;1m# Check if this is test_agent[0m
cursor-agent	Prepare Environment Variables	2025-12-12T08:02:14.3624193Z [36;1mif [[ "${CONFIG_FILE}" == *"test_agent.json"* ]]; then[0m
cursor-agent	Prepare Environment Variables	2025-12-12T08:02:14.3624566Z [36;1m  echo "is_test_agent=true" >> $GITHUB_OUTPUT[0m
cursor-agent	Prepare Environment Variables	2025-12-12T08:02:14.3624927Z [36;1m  echo "dmtools_integrations=cli,file" >> $GITHUB_OUTPUT[0m
cursor-agent	Prepare Environment Variables	2025-12-12T08:02:14.3625560Z [36;1m  echo "Test agent detected - will disable Jira/Confluence integrations"[0m
cursor-agent	Prepare Environment Variables	2025-12-12T08:02:14.3625923Z [36;1melse[0m
cursor-agent	Prepare Environment Variables	2025-12-12T08:02:14.3626159Z [36;1m  echo "is_test_agent=false" >> $GITHUB_OUTPUT[0m
cursor-agent	Prepare Environment Variables	2025-12-12T08:02:14.3626626Z [36;1m  echo "dmtools_integrations=jira,confluence,figma,ai,cli,file" >> $GITHUB_OUTPUT[0m
cursor-agent	Prepare Environment Variables	2025-12-12T08:02:14.3627019Z [36;1mfi[0m
cursor-agent	Prepare Environment Variables	2025-12-12T08:02:14.3661012Z shell: /usr/bin/bash -e {0}
cursor-agent	Prepare Environment Variables	2025-12-12T08:02:14.3661262Z env:
cursor-agent	Prepare Environment Variables	2025-12-12T08:02:14.3661600Z   JAVA_HOME: /opt/hostedtoolcache/Java_Temurin-Hotspot_jdk/23.0.2-7/x64
cursor-agent	Prepare Environment Variables	2025-12-12T08:02:14.3662083Z   JAVA_HOME_23_X64: /opt/hostedtoolcache/Java_Temurin-Hotspot_jdk/23.0.2-7/x64
cursor-agent	Prepare Environment Variables	2025-12-12T08:02:14.3662456Z ##[endgroup]
cursor-agent	Prepare Environment Variables	2025-12-12T08:02:14.3717491Z Test agent detected - will disable Jira/Confluence integrations
cursor-agent	Run AI Teammate	ï»¿2025-12-12T08:02:14.3796847Z ##[group]Run CONFIG_FILE="agents/test_agent.json"
cursor-agent	Run AI Teammate	2025-12-12T08:02:14.3797803Z [36;1mCONFIG_FILE="agents/test_agent.json"[0m
cursor-agent	Run AI Teammate	2025-12-12T08:02:14.3798106Z [36;1mENCODED_CONFIG=""[0m
cursor-agent	Run AI Teammate	2025-12-12T08:02:14.3798335Z [36;1m[0m
cursor-agent	Run AI Teammate	2025-12-12T08:02:14.3798611Z [36;1m# âœ… CRITICAL: Export PATH to ensure dmtools is available[0m
cursor-agent	Run AI Teammate	2025-12-12T08:02:14.3799030Z [36;1mexport PATH="$HOME/.local/bin:$HOME/.dmtools/bin:$PATH"[0m
cursor-agent	Run AI Teammate	2025-12-12T08:02:14.3799362Z [36;1m[0m
cursor-agent	Run AI Teammate	2025-12-12T08:02:14.3799722Z [36;1m# âœ… CRITICAL: Explicitly export DMTOOLS_INTEGRATIONS to ensure it's available to dmtools[0m
cursor-agent	Run AI Teammate	2025-12-12T08:02:14.3800173Z [36;1mexport DMTOOLS_INTEGRATIONS="cli,file"[0m
cursor-agent	Run AI Teammate	2025-12-12T08:02:14.3800446Z [36;1m[0m
cursor-agent	Run AI Teammate	2025-12-12T08:02:14.3800666Z [36;1mecho "Using configuration: ${CONFIG_FILE}"[0m
cursor-agent	Run AI Teammate	2025-12-12T08:02:14.3800943Z [36;1m[0m
cursor-agent	Run AI Teammate	2025-12-12T08:02:14.3801173Z [36;1m# âœ… Verify dmtools is available before proceeding[0m
cursor-agent	Run AI Teammate	2025-12-12T08:02:14.3801517Z [36;1mecho "=== Verifying dmtools installation ==="[0m
cursor-agent	Run AI Teammate	2025-12-12T08:02:14.3801906Z [36;1mif ! command -v dmtools >/dev/null 2>&1; then[0m
cursor-agent	Run AI Teammate	2025-12-12T08:02:14.3802230Z [36;1m  echo "âŒ dmtools command not found in PATH"[0m
cursor-agent	Run AI Teammate	2025-12-12T08:02:14.3802527Z [36;1m  echo "Current PATH: $PATH"[0m
cursor-agent	Run AI Teammate	2025-12-12T08:02:14.3802821Z [36;1m  echo "Checking installation locations:"[0m
cursor-agent	Run AI Teammate	2025-12-12T08:02:14.3803243Z [36;1m  ls -la "$HOME/.dmtools/bin/" 2>/dev/null || echo "  $HOME/.dmtools/bin/ does not exist"[0m
cursor-agent	Run AI Teammate	2025-12-12T08:02:14.3803739Z [36;1m  ls -la "$HOME/.local/bin/" 2>/dev/null || echo "  $HOME/.local/bin/ does not exist"[0m
cursor-agent	Run AI Teammate	2025-12-12T08:02:14.3804114Z [36;1m  echo "Trying to find dmtools:"[0m
cursor-agent	Run AI Teammate	2025-12-12T08:02:14.3804537Z [36;1m  find "$HOME" -name "dmtools" -type f 2>/dev/null | head -5 || echo "  dmtools not found in $HOME"[0m
cursor-agent	Run AI Teammate	2025-12-12T08:02:14.3804934Z [36;1m  exit 1[0m
cursor-agent	Run AI Teammate	2025-12-12T08:02:14.3805330Z [36;1mfi[0m
cursor-agent	Run AI Teammate	2025-12-12T08:02:14.3805580Z [36;1mecho "âœ… dmtools found at: $(command -v dmtools)"[0m
cursor-agent	Run AI Teammate	2025-12-12T08:02:14.3806185Z [36;1mdmtools --version || echo "âš ï¸ Version check failed, but continuing..."[0m
cursor-agent	Run AI Teammate	2025-12-12T08:02:14.3806597Z [36;1mecho "======================================"[0m
cursor-agent	Run AI Teammate	2025-12-12T08:02:14.3806871Z [36;1mecho ""[0m
cursor-agent	Run AI Teammate	2025-12-12T08:02:14.3807064Z [36;1m[0m
cursor-agent	Run AI Teammate	2025-12-12T08:02:14.3807258Z [36;1m# âœ… Check config file exists[0m
cursor-agent	Run AI Teammate	2025-12-12T08:02:14.3807532Z [36;1mif [ ! -f "${CONFIG_FILE}" ]; then[0m
cursor-agent	Run AI Teammate	2025-12-12T08:02:14.3807836Z [36;1m  echo "âŒ Config file not found: ${CONFIG_FILE}"[0m
cursor-agent	Run AI Teammate	2025-12-12T08:02:14.3808154Z [36;1m  echo "Available files in agents/:"[0m
cursor-agent	Run AI Teammate	2025-12-12T08:02:14.3808472Z [36;1m  ls -la agents/ || echo "agents/ directory not found"[0m
cursor-agent	Run AI Teammate	2025-12-12T08:02:14.3808767Z [36;1m  exit 1[0m
cursor-agent	Run AI Teammate	2025-12-12T08:02:14.3808954Z [36;1mfi[0m
cursor-agent	Run AI Teammate	2025-12-12T08:02:14.3809130Z [36;1m[0m
cursor-agent	Run AI Teammate	2025-12-12T08:02:14.3809388Z [36;1m# âœ… Ensure config file is writable (fix permission issues)[0m
cursor-agent	Run AI Teammate	2025-12-12T08:02:14.3809887Z [36;1mchmod 644 "${CONFIG_FILE}" || echo "âš ï¸ Could not change config file permissions (may be read-only)"[0m
cursor-agent	Run AI Teammate	2025-12-12T08:02:14.3810316Z [36;1m[0m
cursor-agent	Run AI Teammate	2025-12-12T08:02:14.3810615Z [36;1m# For test_agent, unset Jira/Confluence env vars to prevent initialization[0m
cursor-agent	Run AI Teammate	2025-12-12T08:02:14.3811000Z [36;1mif [[ "true" == "true" ]]; then[0m
cursor-agent	Run AI Teammate	2025-12-12T08:02:14.3811346Z [36;1m  echo "Test agent detected - unsetting Jira/Confluence env vars"[0m
cursor-agent	Run AI Teammate	2025-12-12T08:02:14.3811775Z [36;1m  # Unset Jira/Confluence env vars to prevent initialization[0m
cursor-agent	Run AI Teammate	2025-12-12T08:02:14.3812190Z [36;1m  unset JIRA_EMAIL JIRA_API_TOKEN JIRA_BASE_PATH JIRA_AUTH_TYPE[0m
cursor-agent	Run AI Teammate	2025-12-12T08:02:14.3812689Z [36;1m  unset JIRA_CLEAR_CACHE JIRA_EXTRA_FIELDS JIRA_EXTRA_FIELDS_PROJECT[0m
cursor-agent	Run AI Teammate	2025-12-12T08:02:14.3813117Z [36;1m  unset JIRA_LOGGING_ENABLED JIRA_WAIT_BEFORE_PERFORM[0m
cursor-agent	Run AI Teammate	2025-12-12T08:02:14.3813530Z [36;1m  unset CONFLUENCE_EMAIL CONFLUENCE_API_TOKEN CONFLUENCE_BASE_PATH[0m
cursor-agent	Run AI Teammate	2025-12-12T08:02:14.3813951Z [36;1m  unset CONFLUENCE_DEFAULT_SPACE CONFLUENCE_GRAPHQL_PATH[0m
cursor-agent	Run AI Teammate	2025-12-12T08:02:14.3814332Z [36;1m  echo "DMTOOLS_INTEGRATIONS: ${DMTOOLS_INTEGRATIONS}"[0m
cursor-agent	Run AI Teammate	2025-12-12T08:02:14.3814866Z [36;1m  echo "Jira/Confluence env vars unset"[0m
cursor-agent	Run AI Teammate	2025-12-12T08:02:14.3815423Z [36;1mfi[0m
cursor-agent	Run AI Teammate	2025-12-12T08:02:14.3815604Z [36;1m[0m
cursor-agent	Run AI Teammate	2025-12-12T08:02:14.3815917Z [36;1m# âœ… Ensure outputs directory exists and is writable with proper permissions[0m
cursor-agent	Run AI Teammate	2025-12-12T08:02:14.3816319Z [36;1mmkdir -p outputs inputs[0m
cursor-agent	Run AI Teammate	2025-12-12T08:02:14.3816580Z [36;1mchmod 755 outputs inputs || true[0m
cursor-agent	Run AI Teammate	2025-12-12T08:02:14.3816862Z [36;1m# Ensure current directory is writable[0m
cursor-agent	Run AI Teammate	2025-12-12T08:02:14.3817138Z [36;1mchmod 755 . || true[0m
cursor-agent	Run AI Teammate	2025-12-12T08:02:14.3817413Z [36;1mecho "Created outputs and inputs directories"[0m
cursor-agent	Run AI Teammate	2025-12-12T08:02:14.3817719Z [36;1mecho "Directory permissions:"[0m
cursor-agent	Run AI Teammate	2025-12-12T08:02:14.3818009Z [36;1mls -ld outputs inputs . || true[0m
cursor-agent	Run AI Teammate	2025-12-12T08:02:14.3818255Z [36;1m[0m
cursor-agent	Run AI Teammate	2025-12-12T08:02:14.3818576Z [36;1m# For test_agent, remove inputJql to prevent dmtools from trying to process tickets[0m
cursor-agent	Run AI Teammate	2025-12-12T08:02:14.3819112Z [36;1m# when integrations are disabled. This allows dmtools to skip ticket processing[0m
cursor-agent	Run AI Teammate	2025-12-12T08:02:14.3819578Z [36;1m# and proceed directly to executing cliCommands.[0m
cursor-agent	Run AI Teammate	2025-12-12T08:02:14.3819879Z [36;1mif [[ "true" == "true" ]]; then[0m
cursor-agent	Run AI Teammate	2025-12-12T08:02:14.3820250Z [36;1m  echo "Test agent detected - removing inputJql to skip ticket processing"[0m
cursor-agent	Run AI Teammate	2025-12-12T08:02:14.3820639Z [36;1m  TEMP_CONFIG="${CONFIG_FILE}.tmp"[0m
cursor-agent	Run AI Teammate	2025-12-12T08:02:14.3820895Z [36;1m  [0m
cursor-agent	Run AI Teammate	2025-12-12T08:02:14.3821174Z [36;1m  # Remove inputJql to prevent dmtools from trying to query tickets[0m
cursor-agent	Run AI Teammate	2025-12-12T08:02:14.3821638Z [36;1m  if jq 'del(.params.inputJql)' "${CONFIG_FILE}" > "${TEMP_CONFIG}" 2>/dev/null; then[0m
cursor-agent	Run AI Teammate	2025-12-12T08:02:14.3822071Z [36;1m    if mv "${TEMP_CONFIG}" "${CONFIG_FILE}" 2>/dev/null; then[0m
cursor-agent	Run AI Teammate	2025-12-12T08:02:14.3822398Z [36;1m      chmod 644 "${CONFIG_FILE}" || true[0m
cursor-agent	Run AI Teammate	2025-12-12T08:02:14.3822757Z [36;1m      echo "âœ… Removed inputJql from config to skip ticket processing"[0m
cursor-agent	Run AI Teammate	2025-12-12T08:02:14.3823245Z [36;1m    else[0m
cursor-agent	Run AI Teammate	2025-12-12T08:02:14.3823566Z [36;1m      CONFIG_FILE="$(realpath "${TEMP_CONFIG}" 2>/dev/null || echo "${TEMP_CONFIG}")"[0m
cursor-agent	Run AI Teammate	2025-12-12T08:02:14.3823957Z [36;1m      chmod 644 "${CONFIG_FILE}" || true[0m
cursor-agent	Run AI Teammate	2025-12-12T08:02:14.3824254Z [36;1m      echo "Using temp config file: ${CONFIG_FILE}"[0m
cursor-agent	Run AI Teammate	2025-12-12T08:02:14.3824535Z [36;1m    fi[0m
cursor-agent	Run AI Teammate	2025-12-12T08:02:14.3824722Z [36;1m  else[0m
cursor-agent	Run AI Teammate	2025-12-12T08:02:14.3825199Z [36;1m    echo "âš ï¸ Failed to remove inputJql (may not exist or jq error)"[0m
cursor-agent	Run AI Teammate	2025-12-12T08:02:14.3825550Z [36;1m    rm -f "${TEMP_CONFIG}"[0m
cursor-agent	Run AI Teammate	2025-12-12T08:02:14.3825787Z [36;1m  fi[0m
cursor-agent	Run AI Teammate	2025-12-12T08:02:14.3825964Z [36;1m  [0m
cursor-agent	Run AI Teammate	2025-12-12T08:02:14.3826243Z [36;1m  # Ensure ticketContextDepth is set (default to 0 for test agents)[0m
cursor-agent	Run AI Teammate	2025-12-12T08:02:14.3826718Z [36;1m  if ! jq -e '.params.ticketContextDepth' "${CONFIG_FILE}" > /dev/null 2>&1; then[0m
cursor-agent	Run AI Teammate	2025-12-12T08:02:14.3827181Z [36;1m    echo "Adding ticketContextDepth to test agent config"[0m
cursor-agent	Run AI Teammate	2025-12-12T08:02:14.3827528Z [36;1m    TEMP_CONFIG="${CONFIG_FILE}.tmp"[0m
cursor-agent	Run AI Teammate	2025-12-12T08:02:14.3827965Z [36;1m    if jq '.params.ticketContextDepth = 0' "${CONFIG_FILE}" > "${TEMP_CONFIG}" 2>/dev/null; then[0m
cursor-agent	Run AI Teammate	2025-12-12T08:02:14.3828428Z [36;1m      if mv "${TEMP_CONFIG}" "${CONFIG_FILE}" 2>/dev/null; then[0m
cursor-agent	Run AI Teammate	2025-12-12T08:02:14.3828755Z [36;1m        chmod 644 "${CONFIG_FILE}" || true[0m
cursor-agent	Run AI Teammate	2025-12-12T08:02:14.3829064Z [36;1m        echo "âœ… Added ticketContextDepth to config"[0m
cursor-agent	Run AI Teammate	2025-12-12T08:02:14.3829351Z [36;1m      else[0m
cursor-agent	Run AI Teammate	2025-12-12T08:02:14.3829676Z [36;1m        CONFIG_FILE="$(realpath "${TEMP_CONFIG}" 2>/dev/null || echo "${TEMP_CONFIG}")"[0m
cursor-agent	Run AI Teammate	2025-12-12T08:02:14.3830066Z [36;1m        chmod 644 "${CONFIG_FILE}" || true[0m
cursor-agent	Run AI Teammate	2025-12-12T08:02:14.3830320Z [36;1m      fi[0m
cursor-agent	Run AI Teammate	2025-12-12T08:02:14.3830505Z [36;1m    else[0m
cursor-agent	Run AI Teammate	2025-12-12T08:02:14.3830705Z [36;1m      rm -f "${TEMP_CONFIG}"[0m
cursor-agent	Run AI Teammate	2025-12-12T08:02:14.3830941Z [36;1m    fi[0m
cursor-agent	Run AI Teammate	2025-12-12T08:02:14.3831140Z [36;1m  fi[0m
cursor-agent	Run AI Teammate	2025-12-12T08:02:14.3831323Z [36;1m  [0m
cursor-agent	Run AI Teammate	2025-12-12T08:02:14.3831780Z [36;1m  # For test agents with disabled integrations, create empty inputs directory[0m
cursor-agent	Run AI Teammate	2025-12-12T08:02:14.3832223Z [36;1m  # to prevent dmtools from trying to process tickets[0m
cursor-agent	Run AI Teammate	2025-12-12T08:02:14.3832538Z [36;1m  mkdir -p inputs[0m
cursor-agent	Run AI Teammate	2025-12-12T08:02:14.3832787Z [36;1m  touch inputs/.gitkeep || true[0m
cursor-agent	Run AI Teammate	2025-12-12T08:02:14.3833114Z [36;1m  echo "Created empty inputs directory for test agent"[0m
cursor-agent	Run AI Teammate	2025-12-12T08:02:14.3833416Z [36;1m  [0m
cursor-agent	Run AI Teammate	2025-12-12T08:02:14.3833621Z [36;1m  echo "Final test agent config:"[0m
cursor-agent	Run AI Teammate	2025-12-12T08:02:14.3833933Z [36;1m  cat "${CONFIG_FILE}" | jq '.' || cat "${CONFIG_FILE}"[0m
cursor-agent	Run AI Teammate	2025-12-12T08:02:14.3834221Z [36;1m  [0m
cursor-agent	Run AI Teammate	2025-12-12T08:02:14.3834558Z [36;1m  # Ensure GEMINI_API_KEY is set (even if empty) for test agent to prevent validation errors[0m
cursor-agent	Run AI Teammate	2025-12-12T08:02:14.3835203Z [36;1m  export GEMINI_API_KEY="${GEMINI_API_KEY:-}"[0m
cursor-agent	Run AI Teammate	2025-12-12T08:02:14.3835575Z [36;1m  echo "GEMINI_API_KEY is set (may be empty for test agent)"[0m
cursor-agent	Run AI Teammate	2025-12-12T08:02:14.3835892Z [36;1mfi[0m
cursor-agent	Run AI Teammate	2025-12-12T08:02:14.3836065Z [36;1m[0m
cursor-agent	Run AI Teammate	2025-12-12T08:02:14.3836300Z [36;1m# âœ… Ensure CONFIG_FILE is absolute path for dmtools[0m
cursor-agent	Run AI Teammate	2025-12-12T08:02:14.3836731Z [36;1mCONFIG_FILE="$(realpath "${CONFIG_FILE}" 2>/dev/null || echo "${CONFIG_FILE}")"[0m
cursor-agent	Run AI Teammate	2025-12-12T08:02:14.3837149Z [36;1mecho "Final config file path: ${CONFIG_FILE}"[0m
cursor-agent	Run AI Teammate	2025-12-12T08:02:14.3837423Z [36;1m[0m
cursor-agent	Run AI Teammate	2025-12-12T08:02:14.3837708Z [36;1m# âœ… Final permission and accessibility checks before running dmtools[0m
cursor-agent	Run AI Teammate	2025-12-12T08:02:14.3838059Z [36;1mecho ""[0m
cursor-agent	Run AI Teammate	2025-12-12T08:02:14.3838270Z [36;1mecho "=== Pre-flight checks ==="[0m
cursor-agent	Run AI Teammate	2025-12-12T08:02:14.3838551Z [36;1mif [ ! -f "${CONFIG_FILE}" ]; then[0m
cursor-agent	Run AI Teammate	2025-12-12T08:02:14.3838900Z [36;1m  echo "âŒ Config file does not exist: ${CONFIG_FILE}"[0m
cursor-agent	Run AI Teammate	2025-12-12T08:02:14.3839200Z [36;1m  exit 1[0m
cursor-agent	Run AI Teammate	2025-12-12T08:02:14.3839385Z [36;1mfi[0m
cursor-agent	Run AI Teammate	2025-12-12T08:02:14.3839578Z [36;1mif [ ! -r "${CONFIG_FILE}" ]; then[0m
cursor-agent	Run AI Teammate	2025-12-12T08:02:14.3840034Z [36;1m  echo "âŒ Config file is not readable: ${CONFIG_FILE}"[0m
cursor-agent	Run AI Teammate	2025-12-12T08:02:14.3840338Z [36;1m  exit 1[0m
cursor-agent	Run AI Teammate	2025-12-12T08:02:14.3840520Z [36;1mfi[0m
cursor-agent	Run AI Teammate	2025-12-12T08:02:14.3840739Z [36;1mecho "âœ… Config file exists and is readable"[0m
cursor-agent	Run AI Teammate	2025-12-12T08:02:14.3841010Z [36;1m[0m
cursor-agent	Run AI Teammate	2025-12-12T08:02:14.3841195Z [36;1mif [ ! -d "outputs" ]; then[0m
cursor-agent	Run AI Teammate	2025-12-12T08:02:14.3841480Z [36;1m  echo "âŒ Outputs directory does not exist"[0m
cursor-agent	Run AI Teammate	2025-12-12T08:02:14.3841746Z [36;1m  exit 1[0m
cursor-agent	Run AI Teammate	2025-12-12T08:02:14.3841928Z [36;1mfi[0m
cursor-agent	Run AI Teammate	2025-12-12T08:02:14.3842116Z [36;1mif [ ! -w "outputs" ]; then[0m
cursor-agent	Run AI Teammate	2025-12-12T08:02:14.3842402Z [36;1m  echo "âŒ Outputs directory is not writable"[0m
cursor-agent	Run AI Teammate	2025-12-12T08:02:14.3842696Z [36;1m  chmod 755 outputs || exit 1[0m
cursor-agent	Run AI Teammate	2025-12-12T08:02:14.3842935Z [36;1mfi[0m
cursor-agent	Run AI Teammate	2025-12-12T08:02:14.3843168Z [36;1mecho "âœ… Outputs directory exists and is writable"[0m
cursor-agent	Run AI Teammate	2025-12-12T08:02:14.3843476Z [36;1mecho "=========================="[0m
cursor-agent	Run AI Teammate	2025-12-12T08:02:14.3843723Z [36;1mecho ""[0m
cursor-agent	Run AI Teammate	2025-12-12T08:02:14.3843916Z [36;1m[0m
cursor-agent	Run AI Teammate	2025-12-12T08:02:14.3844150Z [36;1m# Validate config file JSON syntax before running[0m
cursor-agent	Run AI Teammate	2025-12-12T08:02:14.3844491Z [36;1mecho "Validating config file JSON syntax..."[0m
cursor-agent	Run AI Teammate	2025-12-12T08:02:14.3844816Z [36;1mif ! jq empty "${CONFIG_FILE}" 2>/dev/null; then[0m
cursor-agent	Run AI Teammate	2025-12-12T08:02:14.3845336Z [36;1m  echo "âŒ Config file has invalid JSON syntax"[0m
cursor-agent	Run AI Teammate	2025-12-12T08:02:14.3845645Z [36;1m  echo "Config file content:"[0m
cursor-agent	Run AI Teammate	2025-12-12T08:02:14.3845907Z [36;1m  cat "${CONFIG_FILE}"[0m
cursor-agent	Run AI Teammate	2025-12-12T08:02:14.3846135Z [36;1m  exit 1[0m
cursor-agent	Run AI Teammate	2025-12-12T08:02:14.3846327Z [36;1mfi[0m
cursor-agent	Run AI Teammate	2025-12-12T08:02:14.3846520Z [36;1mecho "âœ… Config file JSON is valid"[0m
cursor-agent	Run AI Teammate	2025-12-12T08:02:14.3846773Z [36;1m[0m
cursor-agent	Run AI Teammate	2025-12-12T08:02:14.3846981Z [36;1m# Debug: Show environment before running[0m
cursor-agent	Run AI Teammate	2025-12-12T08:02:14.3847276Z [36;1mecho "=== Environment Debug ==="[0m
cursor-agent	Run AI Teammate	2025-12-12T08:02:14.3847595Z [36;1mecho "DMTOOLS_INTEGRATIONS: ${DMTOOLS_INTEGRATIONS}"[0m
cursor-agent	Run AI Teammate	2025-12-12T08:02:14.3847940Z [36;1mecho "JIRA_EMAIL: ${JIRA_EMAIL:-<not set>}"[0m
cursor-agent	Run AI Teammate	2025-12-12T08:02:14.3848425Z [36;1mecho "JIRA_BASE_PATH: ${JIRA_BASE_PATH:-<not set>}"[0m
cursor-agent	Run AI Teammate	2025-12-12T08:02:14.3848727Z [36;1mecho "PATH: $PATH"[0m
cursor-agent	Run AI Teammate	2025-12-12T08:02:14.3848960Z [36;1mecho "========================="[0m
cursor-agent	Run AI Teammate	2025-12-12T08:02:14.3849199Z [36;1m[0m
cursor-agent	Run AI Teammate	2025-12-12T08:02:14.3849411Z [36;1m# Run dmtools with improved error handling[0m
cursor-agent	Run AI Teammate	2025-12-12T08:02:14.3849683Z [36;1mecho ""[0m
cursor-agent	Run AI Teammate	2025-12-12T08:02:14.3849891Z [36;1mecho "=== Running dmtools ==="[0m
cursor-agent	Run AI Teammate	2025-12-12T08:02:14.3850157Z [36;1mecho "Config file: ${CONFIG_FILE}"[0m
cursor-agent	Run AI Teammate	2025-12-12T08:02:14.3850487Z [36;1mecho "DMTOOLS_INTEGRATIONS: ${DMTOOLS_INTEGRATIONS}"[0m
cursor-agent	Run AI Teammate	2025-12-12T08:02:14.3850904Z [36;1mecho "GEMINI_API_KEY: ${GEMINI_API_KEY:+<set>}${GEMINI_API_KEY:-<not set>}"[0m
cursor-agent	Run AI Teammate	2025-12-12T08:02:14.3851287Z [36;1mecho "Working directory: $(pwd)"[0m
cursor-agent	Run AI Teammate	2025-12-12T08:02:14.3851559Z [36;1mecho "Directory permissions:"[0m
cursor-agent	Run AI Teammate	2025-12-12T08:02:14.3851848Z [36;1mls -ld . outputs inputs 2>/dev/null || true[0m
cursor-agent	Run AI Teammate	2025-12-12T08:02:14.3852118Z [36;1m[0m
cursor-agent	Run AI Teammate	2025-12-12T08:02:14.3852366Z [36;1m# âœ… Ensure we have write permissions in current directory[0m
cursor-agent	Run AI Teammate	2025-12-12T08:02:14.3853013Z [36;1mtouch .write-test 2>/dev/null && rm -f .write-test && echo "âœ… Current directory is writable" || echo "âš ï¸ Current directory may not be writable"[0m
cursor-agent	Run AI Teammate	2025-12-12T08:02:14.3853541Z [36;1m[0m
cursor-agent	Run AI Teammate	2025-12-12T08:02:14.3853829Z [36;1m# Run with explicit environment variables to ensure dmtools sees them[0m
cursor-agent	Run AI Teammate	2025-12-12T08:02:14.3854257Z [36;1m# Capture both stdout and stderr, and also save exit code[0m
cursor-agent	Run AI Teammate	2025-12-12T08:02:14.3854697Z [36;1m# Use a reliable method: run command, capture output to file, then display it[0m
cursor-agent	Run AI Teammate	2025-12-12T08:02:14.3855354Z [36;1mset +e  # Don't exit on error, we'll handle it manually[0m
cursor-agent	Run AI Teammate	2025-12-12T08:02:14.3855655Z [36;1m[0m
cursor-agent	Run AI Teammate	2025-12-12T08:02:14.3855949Z [36;1m# Add Java debugging - enable verbose logging for better error visibility[0m
cursor-agent	Run AI Teammate	2025-12-12T08:02:14.3856359Z [36;1m# This helps diagnose dmtools execution issues[0m
cursor-agent	Run AI Teammate	2025-12-12T08:02:14.3856932Z [36;1mexport JAVA_OPTS="${JAVA_OPTS:-} -Djava.util.logging.ConsoleHandler.level=INFO"[0m
cursor-agent	Run AI Teammate	2025-12-12T08:02:14.3857321Z [36;1m[0m
cursor-agent	Run AI Teammate	2025-12-12T08:02:14.3857545Z [36;1m# For test agents, enable even more verbose logging[0m
cursor-agent	Run AI Teammate	2025-12-12T08:02:14.3857853Z [36;1mif [[ "true" == "true" ]]; then[0m
cursor-agent	Run AI Teammate	2025-12-12T08:02:14.3858239Z [36;1m  export JAVA_OPTS="${JAVA_OPTS} -Djava.util.logging.ConsoleHandler.level=FINE"[0m
cursor-agent	Run AI Teammate	2025-12-12T08:02:14.3858666Z [36;1m  echo "Verbose logging enabled for test agent"[0m
cursor-agent	Run AI Teammate	2025-12-12T08:02:14.3858943Z [36;1mfi[0m
cursor-agent	Run AI Teammate	2025-12-12T08:02:14.3859120Z [36;1m[0m
cursor-agent	Run AI Teammate	2025-12-12T08:02:14.3859439Z [36;1m# For test agents, ensure CI environment is properly set to allow null TrackerClient[0m
cursor-agent	Run AI Teammate	2025-12-12T08:02:14.3859856Z [36;1mif [[ "true" == "true" ]]; then[0m
cursor-agent	Run AI Teammate	2025-12-12T08:02:14.3860111Z [36;1m  export CI=true[0m
cursor-agent	Run AI Teammate	2025-12-12T08:02:14.3860408Z [36;1m  echo "Set CI=true for test agent to allow null TrackerClient"[0m
cursor-agent	Run AI Teammate	2025-12-12T08:02:14.3860728Z [36;1mfi[0m
cursor-agent	Run AI Teammate	2025-12-12T08:02:14.3860908Z [36;1m[0m
cursor-agent	Run AI Teammate	2025-12-12T08:02:14.3861108Z [36;1mif [ -n "${ENCODED_CONFIG}" ]; then[0m
cursor-agent	Run AI Teammate	2025-12-12T08:02:14.3861388Z [36;1m  echo "Encoded config provided"[0m
cursor-agent	Run AI Teammate	2025-12-12T08:02:14.3861678Z [36;1m  # Run dmtools and capture all output[0m
cursor-agent	Run AI Teammate	2025-12-12T08:02:14.3862054Z [36;1m  # Use explicit environment to ensure dmtools sees all required vars[0m
cursor-agent	Run AI Teammate	2025-12-12T08:02:14.3862475Z [36;1m  env DMTOOLS_INTEGRATIONS="${DMTOOLS_INTEGRATIONS}" \[0m
cursor-agent	Run AI Teammate	2025-12-12T08:02:14.3862818Z [36;1m      GEMINI_API_KEY="${GEMINI_API_KEY:-}" \[0m
cursor-agent	Run AI Teammate	2025-12-12T08:02:14.3863113Z [36;1m      JAVA_OPTS="${JAVA_OPTS}" \[0m
cursor-agent	Run AI Teammate	2025-12-12T08:02:14.3863372Z [36;1m      CI="${CI:-false}" \[0m
cursor-agent	Run AI Teammate	2025-12-12T08:02:14.3863730Z [36;1m    dmtools run "${CONFIG_FILE}" "${ENCODED_CONFIG}" > /tmp/dmtools-output.log 2>&1[0m
cursor-agent	Run AI Teammate	2025-12-12T08:02:14.3864105Z [36;1m  EXIT_CODE=$?[0m
cursor-agent	Run AI Teammate	2025-12-12T08:02:14.3864313Z [36;1melse[0m
cursor-agent	Run AI Teammate	2025-12-12T08:02:14.3864510Z [36;1m  echo "No encoded config"[0m
cursor-agent	Run AI Teammate	2025-12-12T08:02:14.3864781Z [36;1m  # Run dmtools and capture all output[0m
cursor-agent	Run AI Teammate	2025-12-12T08:02:14.3865522Z [36;1m  # Use explicit environment to ensure dmtools sees all required vars[0m
cursor-agent	Run AI Teammate	2025-12-12T08:02:14.3865945Z [36;1m  env DMTOOLS_INTEGRATIONS="${DMTOOLS_INTEGRATIONS}" \[0m
cursor-agent	Run AI Teammate	2025-12-12T08:02:14.3866293Z [36;1m      GEMINI_API_KEY="${GEMINI_API_KEY:-}" \[0m
cursor-agent	Run AI Teammate	2025-12-12T08:02:14.3866584Z [36;1m      JAVA_OPTS="${JAVA_OPTS}" \[0m
cursor-agent	Run AI Teammate	2025-12-12T08:02:14.3866847Z [36;1m      CI="${CI:-false}" \[0m
cursor-agent	Run AI Teammate	2025-12-12T08:02:14.3867172Z [36;1m    dmtools run "${CONFIG_FILE}" > /tmp/dmtools-output.log 2>&1[0m
cursor-agent	Run AI Teammate	2025-12-12T08:02:14.3867501Z [36;1m  EXIT_CODE=$?[0m
cursor-agent	Run AI Teammate	2025-12-12T08:02:14.3867712Z [36;1mfi[0m
cursor-agent	Run AI Teammate	2025-12-12T08:02:14.3867880Z [36;1m[0m
cursor-agent	Run AI Teammate	2025-12-12T08:02:14.3868065Z [36;1m# Display the output[0m
cursor-agent	Run AI Teammate	2025-12-12T08:02:14.3868318Z [36;1mcat /tmp/dmtools-output.log[0m
cursor-agent	Run AI Teammate	2025-12-12T08:02:14.3868559Z [36;1m[0m
cursor-agent	Run AI Teammate	2025-12-12T08:02:14.3868792Z [36;1m# Check for common error patterns in the output[0m
cursor-agent	Run AI Teammate	2025-12-12T08:02:14.3869101Z [36;1mif [ $EXIT_CODE -ne 0 ]; then[0m
cursor-agent	Run AI Teammate	2025-12-12T08:02:14.3869349Z [36;1m  echo ""[0m
cursor-agent	Run AI Teammate	2025-12-12T08:02:14.3869613Z [36;1m  echo "=== Analyzing dmtools output for errors ==="[0m
cursor-agent	Run AI Teammate	2025-12-12T08:02:14.3869904Z [36;1m  [0m
cursor-agent	Run AI Teammate	2025-12-12T08:02:14.3870118Z [36;1m  # Check for specific error patterns[0m
cursor-agent	Run AI Teammate	2025-12-12T08:02:14.3870568Z [36;1m  if grep -i "exception\|error\|failed\|cannot\|unable" /tmp/dmtools-output.log 2>/dev/null; then[0m
cursor-agent	Run AI Teammate	2025-12-12T08:02:14.3871058Z [36;1m    echo "Found error patterns in output (see above)"[0m
cursor-agent	Run AI Teammate	2025-12-12T08:02:14.3871354Z [36;1m  else[0m
cursor-agent	Run AI Teammate	2025-12-12T08:02:14.3871643Z [36;1m    echo "No obvious error patterns found, but exit code is $EXIT_CODE"[0m
cursor-agent	Run AI Teammate	2025-12-12T08:02:14.3871986Z [36;1m  fi[0m
cursor-agent	Run AI Teammate	2025-12-12T08:02:14.3872166Z [36;1m  [0m
cursor-agent	Run AI Teammate	2025-12-12T08:02:14.3872375Z [36;1m  # Show last 50 lines for better context[0m
cursor-agent	Run AI Teammate	2025-12-12T08:02:14.3872646Z [36;1m  echo ""[0m
cursor-agent	Run AI Teammate	2025-12-12T08:02:14.3872871Z [36;1m  echo "Last 50 lines of dmtools output:"[0m
cursor-agent	Run AI Teammate	2025-12-12T08:02:14.3873285Z [36;1m  tail -50 /tmp/dmtools-output.log 2>/dev/null || echo "Could not read output log"[0m
cursor-agent	Run AI Teammate	2025-12-12T08:02:14.3873813Z [36;1m  [0m
cursor-agent	Run AI Teammate	2025-12-12T08:02:14.3874092Z [36;1m  # Check if cliCommands were executed by looking for their output[0m
cursor-agent	Run AI Teammate	2025-12-12T08:02:14.3874432Z [36;1m  echo ""[0m
cursor-agent	Run AI Teammate	2025-12-12T08:02:14.3874673Z [36;1m  echo "=== Checking if cliCommands executed ==="[0m
cursor-agent	Run AI Teammate	2025-12-12T08:02:14.3875420Z [36;1m  if grep -i "Hello from AI Teammate\|Test Result\|Agent executed successfully" /tmp/dmtools-output.log 2>/dev/null; then[0m
cursor-agent	Run AI Teammate	2025-12-12T08:02:14.3876043Z [36;1m    echo "âœ… cliCommands appear to have executed (found expected output)"[0m
cursor-agent	Run AI Teammate	2025-12-12T08:02:14.3876394Z [36;1m  else[0m
cursor-agent	Run AI Teammate	2025-12-12T08:02:14.3876696Z [36;1m    echo "âŒ cliCommands may not have executed (expected output not found)"[0m
cursor-agent	Run AI Teammate	2025-12-12T08:02:14.3877052Z [36;1m  fi[0m
cursor-agent	Run AI Teammate	2025-12-12T08:02:14.3877229Z [36;1m  [0m
cursor-agent	Run AI Teammate	2025-12-12T08:02:14.3877435Z [36;1m  # Check for ticket processing issues[0m
cursor-agent	Run AI Teammate	2025-12-12T08:02:14.3877878Z [36;1m  if grep -i "no tickets\|ticket not found\|empty result" /tmp/dmtools-output.log 2>/dev/null; then[0m
cursor-agent	Run AI Teammate	2025-12-12T08:02:14.3878463Z [36;1m    echo "âš ï¸ Ticket processing issue detected (this may be expected for test agents)"[0m
cursor-agent	Run AI Teammate	2025-12-12T08:02:14.3878843Z [36;1m  fi[0m
cursor-agent	Run AI Teammate	2025-12-12T08:02:14.3879018Z [36;1m  [0m
cursor-agent	Run AI Teammate	2025-12-12T08:02:14.3879226Z [36;1m  echo "=========================================="[0m
cursor-agent	Run AI Teammate	2025-12-12T08:02:14.3879499Z [36;1mfi[0m
cursor-agent	Run AI Teammate	2025-12-12T08:02:14.3879673Z [36;1m[0m
cursor-agent	Run AI Teammate	2025-12-12T08:02:14.3879872Z [36;1mset -e  # Re-enable exit on error[0m
cursor-agent	Run AI Teammate	2025-12-12T08:02:14.3880115Z [36;1m[0m
cursor-agent	Run AI Teammate	2025-12-12T08:02:14.3880284Z [36;1mecho ""[0m
cursor-agent	Run AI Teammate	2025-12-12T08:02:14.3880555Z [36;1mecho "=== dmtools finished with exit code: $EXIT_CODE ==="[0m
cursor-agent	Run AI Teammate	2025-12-12T08:02:14.3880866Z [36;1m[0m
cursor-agent	Run AI Teammate	2025-12-12T08:02:14.3881103Z [36;1m# Check exit code and provide helpful error message[0m
cursor-agent	Run AI Teammate	2025-12-12T08:02:14.3881417Z [36;1mif [ $EXIT_CODE -ne 0 ]; then[0m
cursor-agent	Run AI Teammate	2025-12-12T08:02:14.3881659Z [36;1m  echo ""[0m
cursor-agent	Run AI Teammate	2025-12-12T08:02:14.3881899Z [36;1m  echo "âŒ dmtools exited with code: $EXIT_CODE"[0m
cursor-agent	Run AI Teammate	2025-12-12T08:02:14.3882323Z [36;1m  echo ""[0m
cursor-agent	Run AI Teammate	2025-12-12T08:02:14.3882513Z [36;1m  [0m
cursor-agent	Run AI Teammate	2025-12-12T08:02:14.3882803Z [36;1m  # For test agents, check if cliCommands were executed despite the error[0m
cursor-agent	Run AI Teammate	2025-12-12T08:02:14.3883280Z [36;1m  # Sometimes dmtools exits with error code even when cliCommands succeed[0m
cursor-agent	Run AI Teammate	2025-12-12T08:02:14.3883651Z [36;1m  if [[ "true" == "true" ]]; then[0m
cursor-agent	Run AI Teammate	2025-12-12T08:02:14.3883974Z [36;1m    echo "=== Checking if cliCommands executed despite error ==="[0m
cursor-agent	Run AI Teammate	2025-12-12T08:02:14.3884328Z [36;1m    if [ -f "outputs/response.md" ]; then[0m
cursor-agent	Run AI Teammate	2025-12-12T08:02:14.3884725Z [36;1m      echo "âœ… outputs/response.md exists - cliCommands appear to have executed"[0m
cursor-agent	Run AI Teammate	2025-12-12T08:02:14.3885301Z [36;1m      echo "Content of outputs/response.md:"[0m
cursor-agent	Run AI Teammate	2025-12-12T08:02:14.3885669Z [36;1m      cat outputs/response.md || echo "Could not read response.md"[0m
cursor-agent	Run AI Teammate	2025-12-12T08:02:14.3885999Z [36;1m      echo ""[0m
cursor-agent	Run AI Teammate	2025-12-12T08:02:14.3886324Z [36;1m      echo "âš ï¸ dmtools exited with error but cliCommands executed successfully"[0m
cursor-agent	Run AI Teammate	2025-12-12T08:02:14.3886796Z [36;1m      echo "This may be expected for test agents - treating as success"[0m
cursor-agent	Run AI Teammate	2025-12-12T08:02:14.3887131Z [36;1m      EXIT_CODE=0[0m
cursor-agent	Run AI Teammate	2025-12-12T08:02:14.3887355Z [36;1m    else[0m
cursor-agent	Run AI Teammate	2025-12-12T08:02:14.3887675Z [36;1m      echo "âŒ outputs/response.md does not exist - cliCommands did not execute"[0m
cursor-agent	Run AI Teammate	2025-12-12T08:02:14.3888038Z [36;1m    fi[0m
cursor-agent	Run AI Teammate	2025-12-12T08:02:14.3888264Z [36;1m    echo "====================================================="[0m
cursor-agent	Run AI Teammate	2025-12-12T08:02:14.3888547Z [36;1m    echo ""[0m
cursor-agent	Run AI Teammate	2025-12-12T08:02:14.3888740Z [36;1m  fi[0m
cursor-agent	Run AI Teammate	2025-12-12T08:02:14.3888918Z [36;1m  [0m
cursor-agent	Run AI Teammate	2025-12-12T08:02:14.3889167Z [36;1m  # Only show detailed error info if we're still failing[0m
cursor-agent	Run AI Teammate	2025-12-12T08:02:14.3889488Z [36;1m  if [ $EXIT_CODE -ne 0 ]; then[0m
cursor-agent	Run AI Teammate	2025-12-12T08:02:14.3889761Z [36;1m    echo "=== Full dmtools output ==="[0m
cursor-agent	Run AI Teammate	2025-12-12T08:02:14.3890161Z [36;1m    cat /tmp/dmtools-output.log 2>/dev/null || echo "Could not read output log"[0m
cursor-agent	Run AI Teammate	2025-12-12T08:02:14.3890692Z [36;1m    echo "=========================="[0m
cursor-agent	Run AI Teammate	2025-12-12T08:02:14.3890936Z [36;1m    echo ""[0m
cursor-agent	Run AI Teammate	2025-12-12T08:02:14.3891158Z [36;1m    echo "=== Permission Checks ==="[0m
cursor-agent	Run AI Teammate	2025-12-12T08:02:14.3891442Z [36;1m    echo "Current directory: $(pwd)"[0m
cursor-agent	Run AI Teammate	2025-12-12T08:02:14.3891734Z [36;1m    echo "Current directory permissions:"[0m
cursor-agent	Run AI Teammate	2025-12-12T08:02:14.3892088Z [36;1m    ls -ld . 2>/dev/null || echo "Could not check current directory"[0m
cursor-agent	Run AI Teammate	2025-12-12T08:02:14.3892411Z [36;1m    echo ""[0m
cursor-agent	Run AI Teammate	2025-12-12T08:02:14.3892635Z [36;1m    echo "Config file permissions:"[0m
cursor-agent	Run AI Teammate	2025-12-12T08:02:14.3892983Z [36;1m    ls -l "${CONFIG_FILE}" 2>/dev/null || echo "Could not check config file"[0m
cursor-agent	Run AI Teammate	2025-12-12T08:02:14.3893318Z [36;1m    echo ""[0m
cursor-agent	Run AI Teammate	2025-12-12T08:02:14.3893547Z [36;1m    echo "Outputs directory permissions:"[0m
cursor-agent	Run AI Teammate	2025-12-12T08:02:14.3893917Z [36;1m    ls -ld outputs 2>/dev/null || echo "Outputs directory does not exist"[0m
cursor-agent	Run AI Teammate	2025-12-12T08:02:14.3894266Z [36;1m    echo ""[0m
cursor-agent	Run AI Teammate	2025-12-12T08:02:14.3894491Z [36;1m    echo "Testing write permissions:"[0m
cursor-agent	Run AI Teammate	2025-12-12T08:02:14.3895256Z [36;1m    touch outputs/.write-test 2>/dev/null && rm -f outputs/.write-test && echo "âœ… outputs/ is writable" || echo "âŒ outputs/ is NOT writable"[0m
cursor-agent	Run AI Teammate	2025-12-12T08:02:14.3896061Z [36;1m    touch .write-test 2>/dev/null && rm -f .write-test && echo "âœ… Current directory is writable" || echo "âŒ Current directory is NOT writable"[0m
cursor-agent	Run AI Teammate	2025-12-12T08:02:14.3896591Z [36;1m    echo "=========================="[0m
cursor-agent	Run AI Teammate	2025-12-12T08:02:14.3896840Z [36;1m    echo ""[0m
cursor-agent	Run AI Teammate	2025-12-12T08:02:14.3897065Z [36;1m    echo "=== Additional Debug Info ==="[0m
cursor-agent	Run AI Teammate	2025-12-12T08:02:14.3897424Z [36;1m    echo "DMTOOLS_INTEGRATIONS value: '${DMTOOLS_INTEGRATIONS}'"[0m
cursor-agent	Run AI Teammate	2025-12-12T08:02:14.3897867Z [36;1m    echo "GEMINI_API_KEY: ${GEMINI_API_KEY:+<set>}${GEMINI_API_KEY:-<not set>}"[0m
cursor-agent	Run AI Teammate	2025-12-12T08:02:14.3898255Z [36;1m    echo "Config file path: ${CONFIG_FILE}"[0m
cursor-agent	Run AI Teammate	2025-12-12T08:02:14.3898658Z [36;1m    echo "Config file exists: $([ -f "${CONFIG_FILE}" ] && echo 'yes' || echo 'no')"[0m
cursor-agent	Run AI Teammate	2025-12-12T08:02:14.3899285Z [36;1m    echo "Config file readable: $([ -r "${CONFIG_FILE}" ] && echo 'yes' || echo 'no')"[0m
cursor-agent	Run AI Teammate	2025-12-12T08:02:14.3899773Z [36;1m    echo "Config file writable: $([ -w "${CONFIG_FILE}" ] && echo 'yes' || echo 'no')"[0m
cursor-agent	Run AI Teammate	2025-12-12T08:02:14.3900133Z [36;1m    echo ""[0m
cursor-agent	Run AI Teammate	2025-12-12T08:02:14.3900364Z [36;1m    echo "Checking for output files..."[0m
cursor-agent	Run AI Teammate	2025-12-12T08:02:14.3900715Z [36;1m    ls -la outputs/ 2>/dev/null || echo "No outputs/ directory"[0m
cursor-agent	Run AI Teammate	2025-12-12T08:02:14.3901104Z [36;1m    ls -la inputs/ 2>/dev/null || echo "No inputs/ directory"[0m
cursor-agent	Run AI Teammate	2025-12-12T08:02:14.3901409Z [36;1m    echo ""[0m
cursor-agent	Run AI Teammate	2025-12-12T08:02:14.3901655Z [36;1m    echo "Checking if cliCommands were executed..."[0m
cursor-agent	Run AI Teammate	2025-12-12T08:02:14.3901976Z [36;1m    if [ -f "outputs/response.md" ]; then[0m
cursor-agent	Run AI Teammate	2025-12-12T08:02:14.3902279Z [36;1m      echo "âœ… outputs/response.md exists:"[0m
cursor-agent	Run AI Teammate	2025-12-12T08:02:14.3902645Z [36;1m      cat outputs/response.md || echo "Could not read response.md"[0m
cursor-agent	Run AI Teammate	2025-12-12T08:02:14.3902980Z [36;1m    else[0m
cursor-agent	Run AI Teammate	2025-12-12T08:02:14.3903312Z [36;1m      echo "âŒ outputs/response.md does not exist - cliCommands may not have executed"[0m
cursor-agent	Run AI Teammate	2025-12-12T08:02:14.3903694Z [36;1m    fi[0m
cursor-agent	Run AI Teammate	2025-12-12T08:02:14.3903874Z [36;1m    echo ""[0m
cursor-agent	Run AI Teammate	2025-12-12T08:02:14.3904095Z [36;1m    echo "Config file content:"[0m
cursor-agent	Run AI Teammate	2025-12-12T08:02:14.3904419Z [36;1m    cat "${CONFIG_FILE}" || echo "Could not read config file"[0m
cursor-agent	Run AI Teammate	2025-12-12T08:02:14.3904740Z [36;1m    echo "======================"[0m
cursor-agent	Run AI Teammate	2025-12-12T08:02:14.3905172Z [36;1m    [0m
cursor-agent	Run AI Teammate	2025-12-12T08:02:14.3905433Z [36;1m    # Check for permission-related errors in output[0m
cursor-agent	Run AI Teammate	2025-12-12T08:02:14.3905727Z [36;1m    echo ""[0m
cursor-agent	Run AI Teammate	2025-12-12T08:02:14.3905967Z [36;1m    echo "=== Checking for permission errors ==="[0m
cursor-agent	Run AI Teammate	2025-12-12T08:02:14.3906515Z [36;1m    if grep -i "permission\|denied\|access\|read-only\|cannot write\|cannot create" /tmp/dmtools-output.log 2>/dev/null; then[0m
cursor-agent	Run AI Teammate	2025-12-12T08:02:14.3907265Z [36;1m      echo "âš ï¸ Permission-related errors detected in dmtools output"[0m
cursor-agent	Run AI Teammate	2025-12-12T08:02:14.3907604Z [36;1m    else[0m
cursor-agent	Run AI Teammate	2025-12-12T08:02:14.3907861Z [36;1m      echo "No obvious permission errors found in output"[0m
cursor-agent	Run AI Teammate	2025-12-12T08:02:14.3908157Z [36;1m    fi[0m
cursor-agent	Run AI Teammate	2025-12-12T08:02:14.3908370Z [36;1m    echo "===================================="[0m
cursor-agent	Run AI Teammate	2025-12-12T08:02:14.3908625Z [36;1m    [0m
cursor-agent	Run AI Teammate	2025-12-12T08:02:14.3908856Z [36;1m    # Try to get more verbose output if available[0m
cursor-agent	Run AI Teammate	2025-12-12T08:02:14.3909139Z [36;1m    echo ""[0m
cursor-agent	Run AI Teammate	2025-12-12T08:02:14.3909399Z [36;1m    echo "=== Checking dmtools help/version for clues ==="[0m
cursor-agent	Run AI Teammate	2025-12-12T08:02:14.3909725Z [36;1m    dmtools --version 2>&1 || true[0m
cursor-agent	Run AI Teammate	2025-12-12T08:02:14.3910013Z [36;1m    echo "=============================================="[0m
cursor-agent	Run AI Teammate	2025-12-12T08:02:14.3910281Z [36;1m    [0m
cursor-agent	Run AI Teammate	2025-12-12T08:02:14.3910464Z [36;1m    exit $EXIT_CODE[0m
cursor-agent	Run AI Teammate	2025-12-12T08:02:14.3910678Z [36;1m  fi[0m
cursor-agent	Run AI Teammate	2025-12-12T08:02:14.3910867Z [36;1melse[0m
cursor-agent	Run AI Teammate	2025-12-12T08:02:14.3911096Z [36;1m  echo "âœ… dmtools completed successfully"[0m
cursor-agent	Run AI Teammate	2025-12-12T08:02:14.3911384Z [36;1m  echo "Output files:"[0m
cursor-agent	Run AI Teammate	2025-12-12T08:02:14.3911688Z [36;1m  ls -la outputs/ 2>/dev/null || echo "No outputs created"[0m
cursor-agent	Run AI Teammate	2025-12-12T08:02:14.3911984Z [36;1mfi[0m
cursor-agent	Run AI Teammate	2025-12-12T08:02:14.3944915Z shell: /usr/bin/bash -e {0}
cursor-agent	Run AI Teammate	2025-12-12T08:02:14.3945431Z env:
cursor-agent	Run AI Teammate	2025-12-12T08:02:14.3945756Z   JAVA_HOME: /opt/hostedtoolcache/Java_Temurin-Hotspot_jdk/23.0.2-7/x64
cursor-agent	Run AI Teammate	2025-12-12T08:02:14.3946228Z   JAVA_HOME_23_X64: /opt/hostedtoolcache/Java_Temurin-Hotspot_jdk/23.0.2-7/x64
cursor-agent	Run AI Teammate	2025-12-12T08:02:14.3947221Z   CURSOR_API_KEY: ***
cursor-agent	Run AI Teammate	2025-12-12T08:02:14.3947446Z   MODEL: sonnet-4
cursor-agent	Run AI Teammate	2025-12-12T08:02:14.3947655Z   AGENT_DISABLE_WATCHDOG: 1
cursor-agent	Run AI Teammate	2025-12-12T08:02:14.3948004Z   PATH: /home/runner/.local/bin:/home/runner/.dmtools/bin:/bin:/usr/bin:$PATH
cursor-agent	Run AI Teammate	2025-12-12T08:02:14.3948404Z   JIRA_EMAIL: ***
cursor-agent	Run AI Teammate	2025-12-12T08:02:14.3949288Z   JIRA_API_TOKEN: ***
cursor-agent	Run AI Teammate	2025-12-12T08:02:14.3949605Z   JIRA_BASE_PATH: https://kidblendapp.atlassian.net/jira
cursor-agent	Run AI Teammate	2025-12-12T08:02:14.3950107Z   JIRA_AUTH_TYPE: Basic
cursor-agent	Run AI Teammate	2025-12-12T08:02:14.3950322Z   JIRA_CLEAR_CACHE: 
cursor-agent	Run AI Teammate	2025-12-12T08:02:14.3950645Z   JIRA_EXTRA_FIELDS: Diagrams, "Story point estimate","Target start", "Target end"
cursor-agent	Run AI Teammate	2025-12-12T08:02:14.3951029Z   JIRA_EXTRA_FIELDS_PROJECT: AP
cursor-agent	Run AI Teammate	2025-12-12T08:02:14.3951271Z   JIRA_LOGGING_ENABLED: 
cursor-agent	Run AI Teammate	2025-12-12T08:02:14.3951492Z   JIRA_WAIT_BEFORE_PERFORM: 
cursor-agent	Run AI Teammate	2025-12-12T08:02:14.3951808Z   CONFLUENCE_EMAIL: ***
cursor-agent	Run AI Teammate	2025-12-12T08:02:14.3952722Z   CONFLUENCE_API_TOKEN: ***
cursor-agent	Run AI Teammate	2025-12-12T08:02:14.3953039Z   CONFLUENCE_BASE_PATH: https://kidblendapp.atlassian.net/wiki
cursor-agent	Run AI Teammate	2025-12-12T08:02:14.3953386Z   CONFLUENCE_DEFAULT_SPACE: AC
cursor-agent	Run AI Teammate	2025-12-12T08:02:14.3953622Z   CONFLUENCE_GRAPHQL_PATH: 
cursor-agent	Run AI Teammate	2025-12-12T08:02:14.3953858Z   DMTOOLS_INTEGRATIONS: cli,file
cursor-agent	Run AI Teammate	2025-12-12T08:02:14.3954090Z   GEMINI_API_KEY: 
cursor-agent	Run AI Teammate	2025-12-12T08:02:14.3954292Z   GEMINI_DEFAULT_MODEL: 
cursor-agent	Run AI Teammate	2025-12-12T08:02:14.3954513Z   PROMPT_CHUNK_TOKEN_LIMIT: 
cursor-agent	Run AI Teammate	2025-12-12T08:02:14.3954746Z   FIGMA_TOKEN: 
cursor-agent	Run AI Teammate	2025-12-12T08:02:14.3954940Z   FIGMA_BASE_PATH: 
cursor-agent	Run AI Teammate	2025-12-12T08:02:14.3955641Z   PAT_TOKEN: ***
cursor-agent	Run AI Teammate	2025-12-12T08:02:14.3956108Z   GH_TOKEN: ***
cursor-agent	Run AI Teammate	2025-12-12T08:02:14.3956302Z ##[endgroup]
cursor-agent	Run AI Teammate	2025-12-12T08:02:14.4012167Z Using configuration: agents/test_agent.json
cursor-agent	Run AI Teammate	2025-12-12T08:02:14.4012698Z === Verifying dmtools installation ===
cursor-agent	Run AI Teammate	2025-12-12T08:02:14.4018798Z âœ… dmtools found at: /home/runner/.dmtools/bin/dmtools
cursor-agent	Run AI Teammate	2025-12-12T08:02:14.9940272Z DMTools 1.7.100
cursor-agent	Run AI Teammate	2025-12-12T08:02:14.9940834Z A comprehensive development management toolkit
cursor-agent	Run AI Teammate	2025-12-12T08:02:15.0026822Z ======================================
cursor-agent	Run AI Teammate	2025-12-12T08:02:15.0027225Z 
cursor-agent	Run AI Teammate	2025-12-12T08:02:15.0040479Z Test agent detected - unsetting Jira/Confluence env vars
cursor-agent	Run AI Teammate	2025-12-12T08:02:15.0041056Z DMTOOLS_INTEGRATIONS: cli,file
cursor-agent	Run AI Teammate	2025-12-12T08:02:15.0041493Z Jira/Confluence env vars unset
cursor-agent	Run AI Teammate	2025-12-12T08:02:15.0075698Z Created outputs and inputs directories
cursor-agent	Run AI Teammate	2025-12-12T08:02:15.0076196Z Directory permissions:
cursor-agent	Run AI Teammate	2025-12-12T08:02:15.0088411Z drwxr-xr-x 14 runner runner 4096 Dec 12 08:02 .
cursor-agent	Run AI Teammate	2025-12-12T08:02:15.0089459Z drwxr-xr-x  2 runner runner 4096 Dec 12 08:02 inputs
cursor-agent	Run AI Teammate	2025-12-12T08:02:15.0089828Z drwxr-xr-x  2 runner runner 4096 Dec 12 08:02 outputs
cursor-agent	Run AI Teammate	2025-12-12T08:02:15.0091661Z Test agent detected - removing inputJql to skip ticket processing
cursor-agent	Run AI Teammate	2025-12-12T08:02:15.0146528Z âœ… Removed inputJql from config to skip ticket processing
cursor-agent	Run AI Teammate	2025-12-12T08:02:15.0194382Z Created empty inputs directory for test agent
cursor-agent	Run AI Teammate	2025-12-12T08:02:15.0195590Z Final test agent config:
cursor-agent	Run AI Teammate	2025-12-12T08:02:15.0219751Z {
cursor-agent	Run AI Teammate	2025-12-12T08:02:15.0220107Z   "name": "Teammate",
cursor-agent	Run AI Teammate	2025-12-12T08:02:15.0220461Z   "params": {
cursor-agent	Run AI Teammate	2025-12-12T08:02:15.0220784Z     "agentParams": {
cursor-agent	Run AI Teammate	2025-12-12T08:02:15.0221046Z       "aiRole": "Test Assistant",
cursor-agent	Run AI Teammate	2025-12-12T08:02:15.0221311Z       "instructions": [
cursor-agent	Run AI Teammate	2025-12-12T08:02:15.0221615Z         "This is a test agent",
cursor-agent	Run AI Teammate	2025-12-12T08:02:15.0222176Z         "Just print hello world"
cursor-agent	Run AI Teammate	2025-12-12T08:02:15.0222565Z       ],
cursor-agent	Run AI Teammate	2025-12-12T08:02:15.0222937Z       "formattingRules": "Use markdown"
cursor-agent	Run AI Teammate	2025-12-12T08:02:15.0223398Z     },
cursor-agent	Run AI Teammate	2025-12-12T08:02:15.0223724Z     "cliCommands": [
cursor-agent	Run AI Teammate	2025-12-12T08:02:15.0224108Z       "echo 'Hello from AI Teammate!'",
cursor-agent	Run AI Teammate	2025-12-12T08:02:15.0224557Z       "mkdir -p outputs",
cursor-agent	Run AI Teammate	2025-12-12T08:02:15.0225142Z       "echo '# Test Result' > outputs/response.md",
cursor-agent	Run AI Teammate	2025-12-12T08:02:15.0225745Z       "echo 'Agent executed successfully' >> outputs/response.md"
cursor-agent	Run AI Teammate	2025-12-12T08:02:15.0226278Z     ],
cursor-agent	Run AI Teammate	2025-12-12T08:02:15.0226586Z     "outputType": "none",
cursor-agent	Run AI Teammate	2025-12-12T08:02:15.0226974Z     "skipAIProcessing": true,
cursor-agent	Run AI Teammate	2025-12-12T08:02:15.0227383Z     "ticketContextDepth": 0
cursor-agent	Run AI Teammate	2025-12-12T08:02:15.0227750Z   }
cursor-agent	Run AI Teammate	2025-12-12T08:02:15.0228019Z }
cursor-agent	Run AI Teammate	2025-12-12T08:02:15.0228379Z GEMINI_API_KEY is set (may be empty for test agent)
cursor-agent	Run AI Teammate	2025-12-12T08:02:15.0242024Z Final config file path: /home/runner/work/autocoding/autocoding/agents/test_agent.json
cursor-agent	Run AI Teammate	2025-12-12T08:02:15.0242653Z 
cursor-agent	Run AI Teammate	2025-12-12T08:02:15.0242860Z === Pre-flight checks ===
cursor-agent	Run AI Teammate	2025-12-12T08:02:15.0243768Z âœ… Config file exists and is readable
cursor-agent	Run AI Teammate	2025-12-12T08:02:15.0244411Z âœ… Outputs directory exists and is writable
cursor-agent	Run AI Teammate	2025-12-12T08:02:15.0245223Z ==========================
cursor-agent	Run AI Teammate	2025-12-12T08:02:15.0245423Z 
cursor-agent	Run AI Teammate	2025-12-12T08:02:15.0269767Z Validating config file JSON syntax...
cursor-agent	Run AI Teammate	2025-12-12T08:02:15.0270436Z âœ… Config file JSON is valid
cursor-agent	Run AI Teammate	2025-12-12T08:02:15.0270925Z === Environment Debug ===
cursor-agent	Run AI Teammate	2025-12-12T08:02:15.0271385Z DMTOOLS_INTEGRATIONS: cli,file
cursor-agent	Run AI Teammate	2025-12-12T08:02:15.0271828Z JIRA_EMAIL: <not set>
cursor-agent	Run AI Teammate	2025-12-12T08:02:15.0272233Z JIRA_BASE_PATH: <not set>
cursor-agent	Run AI Teammate	2025-12-12T08:02:15.0273173Z PATH: /home/runner/.local/bin:/home/runner/.dmtools/bin:/home/runner/.dmtools/bin:/home/runner/.local/bin:/opt/hostedtoolcache/Java_Temurin-Hotspot_jdk/23.0.2-7/x64/bin:/home/runner/.local/bin:/home/runner/.dmtools/bin:/bin:/usr/bin:$PATH
cursor-agent	Run AI Teammate	2025-12-12T08:02:15.0274223Z =========================
cursor-agent	Run AI Teammate	2025-12-12T08:02:15.0274409Z 
cursor-agent	Run AI Teammate	2025-12-12T08:02:15.0274537Z === Running dmtools ===
cursor-agent	Run AI Teammate	2025-12-12T08:02:15.0275314Z Config file: /home/runner/work/autocoding/autocoding/agents/test_agent.json
cursor-agent	Run AI Teammate	2025-12-12T08:02:15.0276084Z DMTOOLS_INTEGRATIONS: cli,file
cursor-agent	Run AI Teammate	2025-12-12T08:02:15.0276584Z GEMINI_API_KEY: <not set>
cursor-agent	Run AI Teammate	2025-12-12T08:02:15.0277135Z Working directory: /home/runner/work/autocoding/autocoding
cursor-agent	Run AI Teammate	2025-12-12T08:02:15.0277677Z Directory permissions:
cursor-agent	Run AI Teammate	2025-12-12T08:02:15.0289687Z drwxr-xr-x 14 runner runner 4096 Dec 12 08:02 .
cursor-agent	Run AI Teammate	2025-12-12T08:02:15.0290193Z drwxr-xr-x  2 runner runner 4096 Dec 12 08:02 inputs
cursor-agent	Run AI Teammate	2025-12-12T08:02:15.0290605Z drwxr-xr-x  2 runner runner 4096 Dec 12 08:02 outputs
cursor-agent	Run AI Teammate	2025-12-12T08:02:15.0313087Z âœ… Current directory is writable
cursor-agent	Run AI Teammate	2025-12-12T08:02:15.0313627Z Verbose logging enabled for test agent
cursor-agent	Run AI Teammate	2025-12-12T08:02:15.0314534Z Set CI=true for test agent to allow null TrackerClient
cursor-agent	Run AI Teammate	2025-12-12T08:02:15.0315248Z No encoded config
cursor-agent	Run AI Teammate	2025-12-12T08:02:15.7026552Z [0;32mInfo: Executing job with file: /home/runner/work/autocoding/autocoding/agents/test_agent.json[0m
cursor-agent	Run AI Teammate	2025-12-12T08:02:15.7029579Z 08:02:15.613 [main] INFO  com.github.istin.dmtools.job.RunCommandProcessor - Processing run command: file=/home/runner/work/autocoding/autocoding/agents/test_agent.json, hasEncodedConfig=false
cursor-agent	Run AI Teammate	2025-12-12T08:02:15.7031648Z 08:02:15.619 [main] INFO  com.github.istin.dmtools.job.RunCommandProcessor - Successfully loaded JSON configuration from file: /home/runner/work/autocoding/autocoding/agents/test_agent.json
cursor-agent	Run AI Teammate	2025-12-12T08:02:15.7032646Z 08:02:15.619 [main] INFO  com.github.istin.dmtools.job.RunCommandProcessor - Using file configuration only
cursor-agent	Run AI Teammate	2025-12-12T08:02:15.7033426Z 08:02:15.624 [main] INFO  com.github.istin.dmtools.job.RunCommandProcessor - JobParams created successfully for job: Teammate
cursor-agent	Run AI Teammate	2025-12-12T08:02:15.7034291Z 08:02:15.624 [main] INFO  com.github.istin.dmtools.job.JobRunner - Executing job: Teammate in mode: STANDALONE with 0 integrations
cursor-agent	Run AI Teammate	2025-12-12T08:02:15.7035250Z 08:02:15.625 [main] INFO  com.github.istin.dmtools.job.JobRunner - Created fresh job instance: Teammate
cursor-agent	Run AI Teammate	2025-12-12T08:02:15.7035943Z 08:02:15.669 [main] INFO  com.github.istin.dmtools.job.JobRunner - Calling initializeForMode with mode: STANDALONE
cursor-agent	Run AI Teammate	2025-12-12T08:02:15.7036808Z 08:02:15.669 [main] INFO  com.github.istin.dmtools.teammate.Teammate - Initializing Teammate in STANDALONE mode using TeammateComponent with BasicGeminiAI
cursor-agent	Run AI Teammate	2025-12-12T08:02:15.7037723Z 08:02:15.669 [main] INFO  com.github.istin.dmtools.teammate.Teammate - Creating new DaggerTeammateComponent for standalone mode
cursor-agent	Run AI Teammate	2025-12-12T08:02:15.7038544Z 08:02:15.678 [main] INFO  com.github.istin.dmtools.teammate.Teammate - Injecting dependencies using TeammateComponent
cursor-agent	Run AI Teammate	2025-12-12T08:02:15.7039546Z 08:02:15.678 [main] DEBUG com.github.istin.dmtools.common.utils.PropertyReader - No Gradle project markers found, using user.dir as project root: /home/runner/work/autocoding/autocoding
cursor-agent	Run AI Teammate	2025-12-12T08:02:15.7040878Z 08:02:15.679 [main] DEBUG com.github.istin.dmtools.common.utils.PropertyReader - dmtools.env not found in project root (/home/runner/work/autocoding/autocoding) or working directory (/home/runner/work/autocoding/autocoding)
cursor-agent	Run AI Teammate	2025-12-12T08:02:15.7041966Z 08:02:15.679 [main] INFO  com.github.istin.dmtools.di.TrackerModule - DEFAULT_TRACKER value from config: 'null'
cursor-agent	Run AI Teammate	2025-12-12T08:02:15.7043095Z 08:02:15.679 [main] INFO  com.github.istin.dmtools.di.TrackerModule - Auto-detecting available tracker configuration...
cursor-agent	Run AI Teammate	2025-12-12T08:02:15.7044372Z 08:02:15.679 [main] DEBUG com.github.istin.dmtools.di.TrackerModule - Attempting to auto-detect BasicJiraClient...
cursor-agent	Run AI Teammate	2025-12-12T08:02:15.7045830Z 08:02:15.688 [main] DEBUG com.github.istin.dmtools.di.TrackerModule - Attempting to auto-detect BasicAzureDevOpsClient...
cursor-agent	Run AI Teammate	2025-12-12T08:02:15.7046833Z 08:02:15.690 [main] DEBUG com.github.istin.dmtools.microsoft.ado.BasicAzureDevOpsClient - ADO configuration not found. Set ADO_ORGANIZATION, ADO_PROJECT, and ADO_PAT_TOKEN.
cursor-agent	Run AI Teammate	2025-12-12T08:02:15.7047784Z 08:02:15.690 [main] DEBUG com.github.istin.dmtools.di.TrackerModule - Attempting to auto-detect BasicRallyClient...
cursor-agent	Run AI Teammate	2025-12-12T08:02:15.7048659Z 08:02:15.691 [main] DEBUG com.github.istin.dmtools.broadcom.rally.BasicRallyClient - Rally configuration not found. Set RALLY_PATH and RALLY_TOKEN.
cursor-agent	Run AI Teammate	2025-12-12T08:02:15.7049581Z 08:02:15.691 [main] DEBUG com.github.istin.dmtools.di.TrackerModule - Detected CI environment (CI=true), allowing null TrackerClient
cursor-agent	Run AI Teammate	2025-12-12T08:02:15.7050736Z 08:02:15.691 [main] WARN  com.github.istin.dmtools.di.TrackerModule - No tracker configuration found in test environment. Returning null TrackerClient. Tests that require TrackerClient should mock it or provide test configuration.
cursor-agent	Run AI Teammate	2025-12-12T08:02:15.7051538Z 
cursor-agent	Run AI Teammate	2025-12-12T08:02:15.7051691Z === Analyzing dmtools output for errors ===
cursor-agent	Run AI Teammate	2025-12-12T08:02:15.7052093Z No obvious error patterns found, but exit code is 1
cursor-agent	Run AI Teammate	2025-12-12T08:02:15.7052348Z 
cursor-agent	Run AI Teammate	2025-12-12T08:02:15.7052495Z Last 50 lines of dmtools output:
cursor-agent	Run AI Teammate	2025-12-12T08:02:15.7054501Z [0;32mInfo: Executing job with file: /home/runner/work/autocoding/autocoding/agents/test_agent.json[0m
cursor-agent	Run AI Teammate	2025-12-12T08:02:15.7057153Z 08:02:15.613 [main] INFO  com.github.istin.dmtools.job.RunCommandProcessor - Processing run command: file=/home/runner/work/autocoding/autocoding/agents/test_agent.json, hasEncodedConfig=false
cursor-agent	Run AI Teammate	2025-12-12T08:02:15.7059185Z 08:02:15.619 [main] INFO  com.github.istin.dmtools.job.RunCommandProcessor - Successfully loaded JSON configuration from file: /home/runner/work/autocoding/autocoding/agents/test_agent.json
cursor-agent	Run AI Teammate	2025-12-12T08:02:15.7060170Z 08:02:15.619 [main] INFO  com.github.istin.dmtools.job.RunCommandProcessor - Using file configuration only
cursor-agent	Run AI Teammate	2025-12-12T08:02:15.7060943Z 08:02:15.624 [main] INFO  com.github.istin.dmtools.job.RunCommandProcessor - JobParams created successfully for job: Teammate
cursor-agent	Run AI Teammate	2025-12-12T08:02:15.7061772Z 08:02:15.624 [main] INFO  com.github.istin.dmtools.job.JobRunner - Executing job: Teammate in mode: STANDALONE with 0 integrations
cursor-agent	Run AI Teammate	2025-12-12T08:02:15.7062530Z 08:02:15.625 [main] INFO  com.github.istin.dmtools.job.JobRunner - Created fresh job instance: Teammate
cursor-agent	Run AI Teammate	2025-12-12T08:02:15.7063239Z 08:02:15.669 [main] INFO  com.github.istin.dmtools.job.JobRunner - Calling initializeForMode with mode: STANDALONE
cursor-agent	Run AI Teammate	2025-12-12T08:02:15.7064115Z 08:02:15.669 [main] INFO  com.github.istin.dmtools.teammate.Teammate - Initializing Teammate in STANDALONE mode using TeammateComponent with BasicGeminiAI
cursor-agent	Run AI Teammate	2025-12-12T08:02:15.7065245Z 08:02:15.669 [main] INFO  com.github.istin.dmtools.teammate.Teammate - Creating new DaggerTeammateComponent for standalone mode
cursor-agent	Run AI Teammate	2025-12-12T08:02:15.7066043Z 08:02:15.678 [main] INFO  com.github.istin.dmtools.teammate.Teammate - Injecting dependencies using TeammateComponent
cursor-agent	Run AI Teammate	2025-12-12T08:02:15.7067000Z 08:02:15.678 [main] DEBUG com.github.istin.dmtools.common.utils.PropertyReader - No Gradle project markers found, using user.dir as project root: /home/runner/work/autocoding/autocoding
cursor-agent	Run AI Teammate	2025-12-12T08:02:15.7068317Z 08:02:15.679 [main] DEBUG com.github.istin.dmtools.common.utils.PropertyReader - dmtools.env not found in project root (/home/runner/work/autocoding/autocoding) or working directory (/home/runner/work/autocoding/autocoding)
cursor-agent	Run AI Teammate	2025-12-12T08:02:15.7069393Z 08:02:15.679 [main] INFO  com.github.istin.dmtools.di.TrackerModule - DEFAULT_TRACKER value from config: 'null'
cursor-agent	Run AI Teammate	2025-12-12T08:02:15.7070290Z 08:02:15.679 [main] INFO  com.github.istin.dmtools.di.TrackerModule - Auto-detecting available tracker configuration...
cursor-agent	Run AI Teammate	2025-12-12T08:02:15.7071199Z 08:02:15.679 [main] DEBUG com.github.istin.dmtools.di.TrackerModule - Attempting to auto-detect BasicJiraClient...
cursor-agent	Run AI Teammate	2025-12-12T08:02:15.7072476Z 08:02:15.688 [main] DEBUG com.github.istin.dmtools.di.TrackerModule - Attempting to auto-detect BasicAzureDevOpsClient...
cursor-agent	Run AI Teammate	2025-12-12T08:02:15.7073760Z 08:02:15.690 [main] DEBUG com.github.istin.dmtools.microsoft.ado.BasicAzureDevOpsClient - ADO configuration not found. Set ADO_ORGANIZATION, ADO_PROJECT, and ADO_PAT_TOKEN.
cursor-agent	Run AI Teammate	2025-12-12T08:02:15.7074717Z 08:02:15.690 [main] DEBUG com.github.istin.dmtools.di.TrackerModule - Attempting to auto-detect BasicRallyClient...
cursor-agent	Run AI Teammate	2025-12-12T08:02:15.7075823Z 08:02:15.691 [main] DEBUG com.github.istin.dmtools.broadcom.rally.BasicRallyClient - Rally configuration not found. Set RALLY_PATH and RALLY_TOKEN.
cursor-agent	Run AI Teammate	2025-12-12T08:02:15.7076742Z 08:02:15.691 [main] DEBUG com.github.istin.dmtools.di.TrackerModule - Detected CI environment (CI=true), allowing null TrackerClient
cursor-agent	Run AI Teammate	2025-12-12T08:02:15.7077886Z 08:02:15.691 [main] WARN  com.github.istin.dmtools.di.TrackerModule - No tracker configuration found in test environment. Returning null TrackerClient. Tests that require TrackerClient should mock it or provide test configuration.
cursor-agent	Run AI Teammate	2025-12-12T08:02:15.7078657Z 
cursor-agent	Run AI Teammate	2025-12-12T08:02:15.7078805Z === Checking if cliCommands executed ===
cursor-agent	Run AI Teammate	2025-12-12T08:02:15.7079372Z âŒ cliCommands may not have executed (expected output not found)
cursor-agent	Run AI Teammate	2025-12-12T08:02:15.7087298Z ==========================================
cursor-agent	Run AI Teammate	2025-12-12T08:02:15.7087647Z 
cursor-agent	Run AI Teammate	2025-12-12T08:02:15.7087868Z === dmtools finished with exit code: 1 ===
cursor-agent	Run AI Teammate	2025-12-12T08:02:15.7090299Z 
cursor-agent	Run AI Teammate	2025-12-12T08:02:15.7090719Z âŒ dmtools exited with code: 1
cursor-agent	Run AI Teammate	2025-12-12T08:02:15.7091036Z 
cursor-agent	Run AI Teammate	2025-12-12T08:02:15.7091382Z === Checking if cliCommands executed despite error ===
cursor-agent	Run AI Teammate	2025-12-12T08:02:15.7092233Z âŒ outputs/response.md does not exist - cliCommands did not execute
cursor-agent	Run AI Teammate	2025-12-12T08:02:15.7093187Z =====================================================
cursor-agent	Run AI Teammate	2025-12-12T08:02:15.7093510Z 
cursor-agent	Run AI Teammate	2025-12-12T08:02:15.7093688Z === Full dmtools output ===
cursor-agent	Run AI Teammate	2025-12-12T08:02:15.7101511Z [0;32mInfo: Executing job with file: /home/runner/work/autocoding/autocoding/agents/test_agent.json[0m
cursor-agent	Run AI Teammate	2025-12-12T08:02:15.7103181Z 08:02:15.613 [main] INFO  com.github.istin.dmtools.job.RunCommandProcessor - Processing run command: file=/home/runner/work/autocoding/autocoding/agents/test_agent.json, hasEncodedConfig=false
cursor-agent	Run AI Teammate	2025-12-12T08:02:15.7105544Z 08:02:15.619 [main] INFO  com.github.istin.dmtools.job.RunCommandProcessor - Successfully loaded JSON configuration from file: /home/runner/work/autocoding/autocoding/agents/test_agent.json
cursor-agent	Run AI Teammate	2025-12-12T08:02:15.7106564Z 08:02:15.619 [main] INFO  com.github.istin.dmtools.job.RunCommandProcessor - Using file configuration only
cursor-agent	Run AI Teammate	2025-12-12T08:02:15.7107389Z 08:02:15.624 [main] INFO  com.github.istin.dmtools.job.RunCommandProcessor - JobParams created successfully for job: Teammate
cursor-agent	Run AI Teammate	2025-12-12T08:02:15.7108767Z 08:02:15.624 [main] INFO  com.github.istin.dmtools.job.JobRunner - Executing job: Teammate in mode: STANDALONE with 0 integrations
cursor-agent	Run AI Teammate	2025-12-12T08:02:15.7109996Z 08:02:15.625 [main] INFO  com.github.istin.dmtools.job.JobRunner - Created fresh job instance: Teammate
cursor-agent	Run AI Teammate	2025-12-12T08:02:15.7111081Z 08:02:15.669 [main] INFO  com.github.istin.dmtools.job.JobRunner - Calling initializeForMode with mode: STANDALONE
cursor-agent	Run AI Teammate	2025-12-12T08:02:15.7112345Z 08:02:15.669 [main] INFO  com.github.istin.dmtools.teammate.Teammate - Initializing Teammate in STANDALONE mode using TeammateComponent with BasicGeminiAI
cursor-agent	Run AI Teammate	2025-12-12T08:02:15.7113850Z 08:02:15.669 [main] INFO  com.github.istin.dmtools.teammate.Teammate - Creating new DaggerTeammateComponent for standalone mode
cursor-agent	Run AI Teammate	2025-12-12T08:02:15.7115273Z 08:02:15.678 [main] INFO  com.github.istin.dmtools.teammate.Teammate - Injecting dependencies using TeammateComponent
cursor-agent	Run AI Teammate	2025-12-12T08:02:15.7116883Z 08:02:15.678 [main] DEBUG com.github.istin.dmtools.common.utils.PropertyReader - No Gradle project markers found, using user.dir as project root: /home/runner/work/autocoding/autocoding
cursor-agent	Run AI Teammate	2025-12-12T08:02:15.7118589Z 08:02:15.679 [main] DEBUG com.github.istin.dmtools.common.utils.PropertyReader - dmtools.env not found in project root (/home/runner/work/autocoding/autocoding) or working directory (/home/runner/work/autocoding/autocoding)
cursor-agent	Run AI Teammate	2025-12-12T08:02:15.7119674Z 08:02:15.679 [main] INFO  com.github.istin.dmtools.di.TrackerModule - DEFAULT_TRACKER value from config: 'null'
cursor-agent	Run AI Teammate	2025-12-12T08:02:15.7120425Z 08:02:15.679 [main] INFO  com.github.istin.dmtools.di.TrackerModule - Auto-detecting available tracker configuration...
cursor-agent	Run AI Teammate	2025-12-12T08:02:15.7121190Z 08:02:15.679 [main] DEBUG com.github.istin.dmtools.di.TrackerModule - Attempting to auto-detect BasicJiraClient...
cursor-agent	Run AI Teammate	2025-12-12T08:02:15.7121969Z 08:02:15.688 [main] DEBUG com.github.istin.dmtools.di.TrackerModule - Attempting to auto-detect BasicAzureDevOpsClient...
cursor-agent	Run AI Teammate	2025-12-12T08:02:15.7122947Z 08:02:15.690 [main] DEBUG com.github.istin.dmtools.microsoft.ado.BasicAzureDevOpsClient - ADO configuration not found. Set ADO_ORGANIZATION, ADO_PROJECT, and ADO_PAT_TOKEN.
cursor-agent	Run AI Teammate	2025-12-12T08:02:15.7123918Z 08:02:15.690 [main] DEBUG com.github.istin.dmtools.di.TrackerModule - Attempting to auto-detect BasicRallyClient...
cursor-agent	Run AI Teammate	2025-12-12T08:02:15.7124826Z 08:02:15.691 [main] DEBUG com.github.istin.dmtools.broadcom.rally.BasicRallyClient - Rally configuration not found. Set RALLY_PATH and RALLY_TOKEN.
cursor-agent	Run AI Teammate	2025-12-12T08:02:15.7126495Z 08:02:15.691 [main] DEBUG com.github.istin.dmtools.di.TrackerModule - Detected CI environment (CI=true), allowing null TrackerClient
cursor-agent	Run AI Teammate	2025-12-12T08:02:15.7128397Z 08:02:15.691 [main] WARN  com.github.istin.dmtools.di.TrackerModule - No tracker configuration found in test environment. Returning null TrackerClient. Tests that require TrackerClient should mock it or provide test configuration.
cursor-agent	Run AI Teammate	2025-12-12T08:02:15.7129862Z ==========================
cursor-agent	Run AI Teammate	2025-12-12T08:02:15.7130174Z 
cursor-agent	Run AI Teammate	2025-12-12T08:02:15.7130678Z === Permission Checks ===
cursor-agent	Run AI Teammate	2025-12-12T08:02:15.7131264Z Current directory: /home/runner/work/autocoding/autocoding
cursor-agent	Run AI Teammate	2025-12-12T08:02:15.7131860Z Current directory permissions:
cursor-agent	Run AI Teammate	2025-12-12T08:02:15.7132376Z drwxr-xr-x 14 runner runner 4096 Dec 12 08:02 .
cursor-agent	Run AI Teammate	2025-12-12T08:02:15.7132735Z 
cursor-agent	Run AI Teammate	2025-12-12T08:02:15.7132913Z Config file permissions:
cursor-agent	Run AI Teammate	2025-12-12T08:02:15.7143426Z -rw-r--r-- 1 runner runner 540 Dec 12 08:02 /home/runner/work/autocoding/autocoding/agents/test_agent.json
cursor-agent	Run AI Teammate	2025-12-12T08:02:15.7144782Z 
cursor-agent	Run AI Teammate	2025-12-12T08:02:15.7145194Z Outputs directory permissions:
cursor-agent	Run AI Teammate	2025-12-12T08:02:15.7159016Z drwxr-xr-x 2 runner runner 4096 Dec 12 08:02 outputs
cursor-agent	Run AI Teammate	2025-12-12T08:02:15.7160722Z 
cursor-agent	Run AI Teammate	2025-12-12T08:02:15.7160904Z Testing write permissions:
cursor-agent	Run AI Teammate	2025-12-12T08:02:15.7183156Z âœ… outputs/ is writable
cursor-agent	Run AI Teammate	2025-12-12T08:02:15.7203476Z âœ… Current directory is writable
cursor-agent	Run AI Teammate	2025-12-12T08:02:15.7203915Z ==========================
cursor-agent	Run AI Teammate	2025-12-12T08:02:15.7204156Z 
cursor-agent	Run AI Teammate	2025-12-12T08:02:15.7204323Z === Additional Debug Info ===
cursor-agent	Run AI Teammate	2025-12-12T08:02:15.7204601Z DMTOOLS_INTEGRATIONS value: 'cli,file'
cursor-agent	Run AI Teammate	2025-12-12T08:02:15.7204921Z GEMINI_API_KEY: <not set>
cursor-agent	Run AI Teammate	2025-12-12T08:02:15.7205525Z Config file path: /home/runner/work/autocoding/autocoding/agents/test_agent.json
cursor-agent	Run AI Teammate	2025-12-12T08:02:15.7208899Z Config file exists: yes
cursor-agent	Run AI Teammate	2025-12-12T08:02:15.7213614Z Config file readable: yes
cursor-agent	Run AI Teammate	2025-12-12T08:02:15.7218533Z Config file writable: yes
cursor-agent	Run AI Teammate	2025-12-12T08:02:15.7218798Z 
cursor-agent	Run AI Teammate	2025-12-12T08:02:15.7218962Z Checking for output files...
cursor-agent	Run AI Teammate	2025-12-12T08:02:15.7231595Z total 8
cursor-agent	Run AI Teammate	2025-12-12T08:02:15.7231953Z drwxr-xr-x  2 runner runner 4096 Dec 12 08:02 .
cursor-agent	Run AI Teammate	2025-12-12T08:02:15.7232464Z drwxr-xr-x 14 runner runner 4096 Dec 12 08:02 ..
cursor-agent	Run AI Teammate	2025-12-12T08:02:15.7246352Z total 8
cursor-agent	Run AI Teammate	2025-12-12T08:02:15.7246730Z drwxr-xr-x  2 runner runner 4096 Dec 12 08:02 .
cursor-agent	Run AI Teammate	2025-12-12T08:02:15.7247079Z drwxr-xr-x 14 runner runner 4096 Dec 12 08:02 ..
cursor-agent	Run AI Teammate	2025-12-12T08:02:15.7247408Z -rw-r--r--  1 runner runner    0 Dec 12 08:02 .gitkeep
cursor-agent	Run AI Teammate	2025-12-12T08:02:15.7248266Z 
cursor-agent	Run AI Teammate	2025-12-12T08:02:15.7248515Z Checking if cliCommands were executed...
cursor-agent	Run AI Teammate	2025-12-12T08:02:15.7249455Z âŒ outputs/response.md does not exist - cliCommands may not have executed
cursor-agent	Run AI Teammate	2025-12-12T08:02:15.7250277Z 
cursor-agent	Run AI Teammate	2025-12-12T08:02:15.7250429Z Config file content:
cursor-agent	Run AI Teammate	2025-12-12T08:02:15.7257991Z {
cursor-agent	Run AI Teammate	2025-12-12T08:02:15.7258300Z   "name": "Teammate",
cursor-agent	Run AI Teammate	2025-12-12T08:02:15.7258638Z   "params": {
cursor-agent	Run AI Teammate	2025-12-12T08:02:15.7258919Z     "agentParams": {
cursor-agent	Run AI Teammate	2025-12-12T08:02:15.7259256Z       "aiRole": "Test Assistant",
cursor-agent	Run AI Teammate	2025-12-12T08:02:15.7259640Z       "instructions": [
cursor-agent	Run AI Teammate	2025-12-12T08:02:15.7260014Z         "This is a test agent",
cursor-agent	Run AI Teammate	2025-12-12T08:02:15.7260555Z         "Just print hello world"
cursor-agent	Run AI Teammate	2025-12-12T08:02:15.7261035Z       ],
cursor-agent	Run AI Teammate	2025-12-12T08:02:15.7261560Z       "formattingRules": "Use markdown"
cursor-agent	Run AI Teammate	2025-12-12T08:02:15.7262140Z     },
cursor-agent	Run AI Teammate	2025-12-12T08:02:15.7262622Z     "cliCommands": [
cursor-agent	Run AI Teammate	2025-12-12T08:02:15.7263289Z       "echo 'Hello from AI Teammate!'",
cursor-agent	Run AI Teammate	2025-12-12T08:02:15.7264038Z       "mkdir -p outputs",
cursor-agent	Run AI Teammate	2025-12-12T08:02:15.7264672Z       "echo '# Test Result' > outputs/response.md",
cursor-agent	Run AI Teammate	2025-12-12T08:02:15.7276266Z       "echo 'Agent executed successfully' >> outputs/response.md"
cursor-agent	Run AI Teammate	2025-12-12T08:02:15.7277000Z     ],
cursor-agent	Run AI Teammate	2025-12-12T08:02:15.7277346Z     "outputType": "none",
cursor-agent	Run AI Teammate	2025-12-12T08:02:15.7277688Z     "skipAIProcessing": true,
cursor-agent	Run AI Teammate	2025-12-12T08:02:15.7278082Z     "ticketContextDepth": 0
cursor-agent	Run AI Teammate	2025-12-12T08:02:15.7278481Z   }
cursor-agent	Run AI Teammate	2025-12-12T08:02:15.7278785Z }
cursor-agent	Run AI Teammate	2025-12-12T08:02:15.7279148Z ======================
cursor-agent	Run AI Teammate	2025-12-12T08:02:15.7279379Z 
cursor-agent	Run AI Teammate	2025-12-12T08:02:15.7279551Z === Checking for permission errors ===
cursor-agent	Run AI Teammate	2025-12-12T08:02:15.7280053Z No obvious permission errors found in output
cursor-agent	Run AI Teammate	2025-12-12T08:02:15.7280485Z ====================================
cursor-agent	Run AI Teammate	2025-12-12T08:02:15.7280654Z 
cursor-agent	Run AI Teammate	2025-12-12T08:02:15.7280781Z === Checking dmtools help/version for clues ===
cursor-agent	Run AI Teammate	2025-12-12T08:02:16.2741738Z DMTools 1.7.100
cursor-agent	Run AI Teammate	2025-12-12T08:02:16.2743932Z A comprehensive development management toolkit
cursor-agent	Run AI Teammate	2025-12-12T08:02:16.2828132Z ==============================================
cursor-agent	Run AI Teammate	2025-12-12T08:02:16.2842419Z ##[error]Process completed with exit code 1.
cursor-agent	Upload artifacts	ï»¿2025-12-12T08:02:16.2913799Z ##[group]Run actions/upload-artifact@v4
cursor-agent	Upload artifacts	2025-12-12T08:02:16.2914113Z with:
cursor-agent	Upload artifacts	2025-12-12T08:02:16.2914320Z   name: ai-teammate-results-25
cursor-agent	Upload artifacts	2025-12-12T08:02:16.2914583Z   path: outputs/
cursor-agent	Upload artifacts	inputs/
cursor-agent	Upload artifacts	
cursor-agent	Upload artifacts	2025-12-12T08:02:16.2914826Z   retention-days: 30
cursor-agent	Upload artifacts	2025-12-12T08:02:16.2915271Z   if-no-files-found: warn
cursor-agent	Upload artifacts	2025-12-12T08:02:16.2915506Z   compression-level: 6
cursor-agent	Upload artifacts	2025-12-12T08:02:16.2915724Z   overwrite: false
cursor-agent	Upload artifacts	2025-12-12T08:02:16.2915931Z   include-hidden-files: false
cursor-agent	Upload artifacts	2025-12-12T08:02:16.2916161Z env:
cursor-agent	Upload artifacts	2025-12-12T08:02:16.2916452Z   JAVA_HOME: /opt/hostedtoolcache/Java_Temurin-Hotspot_jdk/23.0.2-7/x64
cursor-agent	Upload artifacts	2025-12-12T08:02:16.2916916Z   JAVA_HOME_23_X64: /opt/hostedtoolcache/Java_Temurin-Hotspot_jdk/23.0.2-7/x64
cursor-agent	Upload artifacts	2025-12-12T08:02:16.2917268Z ##[endgroup]
cursor-agent	Upload artifacts	2025-12-12T08:02:16.5200464Z Multiple search paths detected. Calculating the least common ancestor of all paths
cursor-agent	Upload artifacts	2025-12-12T08:02:16.5203964Z The least common ancestor is /home/runner/work/autocoding/autocoding. This will be the root directory of the artifact
cursor-agent	Upload artifacts	2025-12-12T08:02:16.5217597Z ##[warning]No files were found with the provided path: outputs/
cursor-agent	Upload artifacts	inputs/. No artifacts will be uploaded.
cursor-agent	Post Setup Java Environment	ï»¿2025-12-12T08:02:16.5318920Z Post job cleanup.
cursor-agent	Post Checkout repository	ï»¿2025-12-12T08:02:16.7142015Z Post job cleanup.
cursor-agent	Post Checkout repository	2025-12-12T08:02:16.8129000Z [command]/usr/bin/git version
cursor-agent	Post Checkout repository	2025-12-12T08:02:16.8168597Z git version 2.52.0
cursor-agent	Post Checkout repository	2025-12-12T08:02:16.8213352Z Temporarily overriding HOME='/home/runner/work/_temp/7b7ed4ea-0cb5-4d7c-9aa2-882773c62344' before making global git config changes
cursor-agent	Post Checkout repository	2025-12-12T08:02:16.8214614Z Adding repository directory to the temporary git global config as a safe directory
cursor-agent	Post Checkout repository	2025-12-12T08:02:16.8219709Z [command]/usr/bin/git config --global --add safe.directory /home/runner/work/autocoding/autocoding
cursor-agent	Post Checkout repository	2025-12-12T08:02:16.8257737Z [command]/usr/bin/git config --local --name-only --get-regexp core\.sshCommand
cursor-agent	Post Checkout repository	2025-12-12T08:02:16.8292003Z [command]/usr/bin/git submodule foreach --recursive sh -c "git config --local --name-only --get-regexp 'core\.sshCommand' && git config --local --unset-all 'core.sshCommand' || :"
cursor-agent	Post Checkout repository	2025-12-12T08:02:16.8528388Z [command]/usr/bin/git config --local --name-only --get-regexp http\.https\:\/\/github\.com\/\.extraheader
cursor-agent	Post Checkout repository	2025-12-12T08:02:16.8552133Z http.https://github.com/.extraheader
cursor-agent	Post Checkout repository	2025-12-12T08:02:16.8564960Z [command]/usr/bin/git config --local --unset-all http.https://github.com/.extraheader
cursor-agent	Post Checkout repository	2025-12-12T08:02:16.8597109Z [command]/usr/bin/git submodule foreach --recursive sh -c "git config --local --name-only --get-regexp 'http\.https\:\/\/github\.com\/\.extraheader' && git config --local --unset-all 'http.https://github.com/.extraheader' || :"
cursor-agent	Post Checkout repository	2025-12-12T08:02:16.8824394Z [command]/usr/bin/git config --local --name-only --get-regexp ^includeIf\.gitdir:
cursor-agent	Post Checkout repository	2025-12-12T08:02:16.8858127Z [command]/usr/bin/git submodule foreach --recursive git config --local --show-origin --name-only --get-regexp remote.origin.url
cursor-agent	Complete job	ï»¿2025-12-12T08:02:16.9192472Z Cleaning up orphan processes
